 ChartPatternAddIn

 Timestamp is 6411a6bb (Wed Mar 15 20:06:35 2023)

 Preferred load address is 10000000

 Start         Length     Name                   Class
 0001:00000000 00000048H .text$mn                CODE
 0002:00000000 00000060H .rdata                  DATA
 0002:00000060 00000128H .edata                  DATA
 0002:00000188 00000020H .rdata$voltmd           DATA
 0002:000001a8 00000124H .rdata$zzzdbg           DATA
 0003:00000000 00000008H .bss                    DATA
 0004:00000000 00000db0H .rsrc$01                DATA
 0004:00000db0 00006660H .rsrc$02                DATA

  Address         Publics by Value              Rva+Base       Lib:Object

 0000:00000000       ___hybrid_auxiliary_iat_copy 00000000     <absolute>
 0000:00000000       ___AbsoluteZero            00000000     <absolute>
 0000:00000000       ___enclave_config          00000000     <absolute>
 0000:00000000       ___dynamic_value_reloc_table 00000000     <absolute>
 0000:00000000       ___hybrid_auxiliary_iat    00000000     <absolute>
 0000:00000000       ___arm64x_redirection_metadata_count 00000000     <absolute>
 0000:00000000       ___arm64x_extra_rfe_table_size 00000000     <absolute>
 0000:00000000       ___hybrid_code_map         00000000     <absolute>
 0000:00000000       ___guard_check_icall_a64n_fptr 00000000     <absolute>
 0000:00000000       ___guard_longjmp_count     00000000     <absolute>
 0000:00000000       ___x64_code_ranges_to_entry_points 00000000     <absolute>
 0000:00000000       ___hybrid_code_map_count   00000000     <absolute>
 0000:00000000       ___safe_se_handler_count   00000000     <absolute>
 0000:00000000       ___guard_eh_cont_count     00000000     <absolute>
 0000:00000000       ___arm64x_redirection_metadata 00000000     <absolute>
 0000:00000000       ___arm64x_extra_rfe_table  00000000     <absolute>
 0000:00000000       ___guard_iat_table         00000000     <absolute>
 0000:00000000       ___guard_fids_table        00000000     <absolute>
 0000:00000000       ___guard_longjmp_table     00000000     <absolute>
 0000:00000000       ___x64_code_ranges_to_entry_points_count 00000000     <absolute>
 0000:00000000       ___arm64x_native_entrypoint 00000000     <absolute>
 0000:00000000       ___safe_se_handler_table   00000000     <absolute>
 0000:00000000       ___guard_fids_count        00000000     <absolute>
 0000:00000000       ___guard_eh_cont_table     00000000     <absolute>
 0000:00000000       ___guard_iat_count         00000000     <absolute>
 0000:00000100       ___guard_flags             00000100     <absolute>
 0001:00000000       ??0CChartPatternAddin_Eng@@QAE@XZ 10001000 f   ChartPatternAddin_Eng.obj
 0001:00000010       ??4CChartPatternAddin_Eng@@QAEAAV0@$$QAV0@@Z 10001010 f i ChartPatternAddin_Eng.obj
 0001:00000020       ??4CChartPatternAddin_Eng@@QAEAAV0@ABV0@@Z 10001020 f i ChartPatternAddin_Eng.obj
 0001:00000030       ?fnChartPatternAddin_Eng@@YAHXZ 10001030 f   ChartPatternAddin_Eng.obj
 0001:00000040       _DllMain@12                10001040 f   ChartPatternAddin_Eng.obj
 0002:00000188       ___volatile_metadata       10002188     <linker-defined>
 0003:00000000       ?nChartPatternAddin_Eng@@3HA 10003000     ChartPatternAddin_Eng.obj
 0003:00000004       ___@@_PchSym_@00@UtrgUhixUrypUrypPwiumUKxwwiumRxhUPlyqUxszigkzggvimzwwrmPvmtUhgwzucOlyq@4B2008FD98C1DD4 10003004     StdAfx.obj

 entry point at        0000:00000000

 Static symbols

 0000:ffff4000       .debug$S                   10000000     ChartPatternAddIn.exp
 0002:00000060       .edata                     10002060     ChartPatternAddIn.exp
 0002:00000088       rgpv                       10002088     ChartPatternAddIn.exp
 0002:0000009c       rgszName                   1000209c     ChartPatternAddIn.exp
 0002:000000b0       rgwOrd                     100020b0     ChartPatternAddIn.exp
 0002:000000ba       szName                     100020ba     ChartPatternAddIn.exp
 0002:000000d0       $N00001                    100020d0     ChartPatternAddIn.exp
 0002:000000f2       $N00002                    100020f2     ChartPatternAddIn.exp
 0002:0000011f       $N00003                    1000211f     ChartPatternAddIn.exp
 0002:0000014a       $N00004                    1000214a     ChartPatternAddIn.exp
 0002:0000016a       $N00005                    1000216a     ChartPatternAddIn.exp
 0004:00000db0       $R000000                   10004db0     ChartPatternAddin_Eng.res
 0004:00001098       $R0002E8                   10005098     ChartPatternAddin_Eng.res
 0004:00001388       $R0005D8                   10005388     ChartPatternAddin_Eng.res
 0004:000013a0       $R0005F0                   100053a0     ChartPatternAddin_Eng.res
 0004:00001690       $R0008E0                   10005690     ChartPatternAddin_Eng.res
 0004:000016a8       $R0008F8                   100056a8     ChartPatternAddin_Eng.res
 0004:000028a8       $R001AF8                   100068a8     ChartPatternAddin_Eng.res
 0004:00002ed8       $R002128                   10006ed8     ChartPatternAddin_Eng.res
 0004:00003150       $R0023A0                   10007150     ChartPatternAddin_Eng.res
 0004:00003230       $R002480                   10007230     ChartPatternAddin_Eng.res
 0004:000034c8       $R002718                   100074c8     ChartPatternAddin_Eng.res
 0004:000037c8       $R002A18                   100077c8     ChartPatternAddin_Eng.res
 0004:00003b00       $R002D50                   10007b00     ChartPatternAddin_Eng.res
 0004:00003c88       $R002ED8                   10007c88     ChartPatternAddin_Eng.res
 0004:00003d38       $R002F88                   10007d38     ChartPatternAddin_Eng.res
 0004:00003e70       $R0030C0                   10007e70     ChartPatternAddin_Eng.res
 0004:00003f28       $R003178                   10007f28     ChartPatternAddin_Eng.res
 0004:00003f50       $R0031A0                   10007f50     ChartPatternAddin_Eng.res
 0004:00004088       $R0032D8                   10008088     ChartPatternAddin_Eng.res
 0004:000040a0       $R0032F0                   100080a0     ChartPatternAddin_Eng.res
 0004:000041d8       $R003428                   100081d8     ChartPatternAddin_Eng.res
 0004:000041f0       $R003440                   100081f0     ChartPatternAddin_Eng.res
 0004:00004328       $R003578                   10008328     ChartPatternAddin_Eng.res
 0004:00004340       $R003590                   10008340     ChartPatternAddin_Eng.res
 0004:00004478       $R0036C8                   10008478     ChartPatternAddin_Eng.res
 0004:00004490       $R0036E0                   10008490     ChartPatternAddin_Eng.res
 0004:000045c8       $R003818                   100085c8     ChartPatternAddin_Eng.res
 0004:000045e0       $R003830                   100085e0     ChartPatternAddin_Eng.res
 0004:00004718       $R003968                   10008718     ChartPatternAddin_Eng.res
 0004:00004730       $R003980                   10008730     ChartPatternAddin_Eng.res
 0004:00004868       $R003AB8                   10008868     ChartPatternAddin_Eng.res
 0004:00004880       $R003AD0                   10008880     ChartPatternAddin_Eng.res
 0004:000049b8       $R003C08                   100089b8     ChartPatternAddin_Eng.res
 0004:000049d0       $R003C20                   100089d0     ChartPatternAddin_Eng.res
 0004:00004b08       $R003D58                   10008b08     ChartPatternAddin_Eng.res
 0004:00004b20       $R003D70                   10008b20     ChartPatternAddin_Eng.res
 0004:00004c58       $R003EA8                   10008c58     ChartPatternAddin_Eng.res
 0004:00004c70       $R003EC0                   10008c70     ChartPatternAddin_Eng.res
 0004:00004da8       $R003FF8                   10008da8     ChartPatternAddin_Eng.res
 0004:00004dc0       $R004010                   10008dc0     ChartPatternAddin_Eng.res
 0004:00004ef8       $R004148                   10008ef8     ChartPatternAddin_Eng.res
 0004:00004f10       $R004160                   10008f10     ChartPatternAddin_Eng.res
 0004:00005048       $R004298                   10009048     ChartPatternAddin_Eng.res
 0004:00005060       $R0042B0                   10009060     ChartPatternAddin_Eng.res
 0004:00005198       $R0043E8                   10009198     ChartPatternAddin_Eng.res
 0004:000051b0       $R004400                   100091b0     ChartPatternAddin_Eng.res
 0004:000052a8       $R0044F8                   100092a8     ChartPatternAddin_Eng.res
 0004:000052e0       $R004530                   100092e0     ChartPatternAddin_Eng.res
 0004:00005398       $R0045E8                   10009398     ChartPatternAddin_Eng.res
 0004:000054e0       $R004730                   100094e0     ChartPatternAddin_Eng.res
 0004:000056b8       $R004908                   100096b8     ChartPatternAddin_Eng.res
 0004:00005888       $R004AD8                   10009888     ChartPatternAddin_Eng.res
 0004:00005aa8       $R004CF8                   10009aa8     ChartPatternAddin_Eng.res
 0004:00005d10       $R004F60                   10009d10     ChartPatternAddin_Eng.res
 0004:00005f68       $R0051B8                   10009f68     ChartPatternAddin_Eng.res
 0004:000061b0       $R005400                   1000a1b0     ChartPatternAddin_Eng.res
 0004:00006218       $R005468                   1000a218     ChartPatternAddin_Eng.res
 0004:00006248       $R005498                   1000a248     ChartPatternAddin_Eng.res
 0004:00006330       $R005580                   1000a330     ChartPatternAddin_Eng.res
 0004:00006648       $R005898                   1000a648     ChartPatternAddin_Eng.res
 0004:000066b8       $R005908                   1000a6b8     ChartPatternAddin_Eng.res
 0004:00006890       $R005AE0                   1000a890     ChartPatternAddin_Eng.res
 0004:00006a38       $R005C88                   1000aa38     ChartPatternAddin_Eng.res
 0004:00006d40       $R005F90                   1000ad40     ChartPatternAddin_Eng.res
 0004:00006eb8       $R006108                   1000aeb8     ChartPatternAddin_Eng.res
 0004:00006f68       $R0061B8                   1000af68     ChartPatternAddin_Eng.res
 0004:00006f90       $R0061E0                   1000af90     ChartPatternAddin_Eng.res
 0004:00006ff8       $R006248                   1000aff8     ChartPatternAddin_Eng.res
 0004:00007290       $R0064E0                   1000b290     ChartPatternAddin_Eng.res

 Exports

  ordinal    name

        1    ??0CChartPatternAddin_Eng@@QAE@XZ (public: __thiscall CChartPatternAddin_Eng::CChartPatternAddin_Eng(void))
        2    ??4CChartPatternAddin_Eng@@QAEAAV0@$$QAV0@@Z (public: class CChartPatternAddin_Eng & __thiscall CChartPatternAddin_Eng::operator=(class CChartPatternAddin_Eng &&))
        3    ??4CChartPatternAddin_Eng@@QAEAAV0@ABV0@@Z (public: class CChartPatternAddin_Eng & __thiscall CChartPatternAddin_Eng::operator=(class CChartPatternAddin_Eng const &))
        4    ?fnChartPatternAddin_Eng@@YAHXZ (int __cdecl fnChartPatternAddin_Eng(void))
        5    ?nChartPatternAddin_Eng@@3HA (int nChartPatternAddin_Eng)
