 ChartUtil

 Timestamp is 641272d2 (Thu Mar 16 10:37:22 2023)

 Preferred load address is 10000000

 Start         Length     Name                   Class
 0001:00000000 00000780H .text$di                CODE
 0001:00000780 00014650H .text$mn                CODE
 0001:00014dd0 000013f0H .text$x                 CODE
 0001:000161c0 000004a9H .text$yd                CODE
 0002:00000000 00000720H .idata$5                DATA
 0002:00000720 00000008H .00cfg                  DATA
 0002:00000728 00000004H .CRT$XCA                DATA
 0002:0000072c 00000008H .CRT$XCL                DATA
 0002:00000734 00000064H .CRT$XCU                DATA
 0002:00000798 00000004H .CRT$XCZ                DATA
 0002:0000079c 00000004H .CRT$XIA                DATA
 0002:000007a0 00000004H .CRT$XIC                DATA
 0002:000007a4 00000004H .CRT$XIZ                DATA
 0002:000007a8 00000004H .CRT$XLA                DATA
 0002:000007ac 00000004H .CRT$XLZ                DATA
 0002:000007b0 00000004H .CRT$XPA                DATA
 0002:000007b4 00000004H .CRT$XPZ                DATA
 0002:000007b8 00000004H .CRT$XTA                DATA
 0002:000007bc 00000004H .CRT$XTZ                DATA
 0002:000007c0 00000000H .gfids$y                DATA
 0002:000007c0 00006d00H .rdata                  DATA
 0002:000074c0 00000004H .rdata$CastGuardVftablesA DATA
 0002:000074c4 00000004H .rdata$CastGuardVftablesC DATA
 0002:000074c8 00000018H .rdata$T                DATA
 0002:000074e0 00000e5cH .rdata$r                DATA
 0002:0000833c 00000160H .rdata$sxdata           DATA
 0002:0000849c 00000038H .rdata$voltmd           DATA
 0002:000084d4 00000430H .rdata$zzzdbg           DATA
 0002:00008904 00000004H .rtc$IAA                DATA
 0002:00008908 00000004H .rtc$IZZ                DATA
 0002:0000890c 00000004H .rtc$TAA                DATA
 0002:00008910 00000004H .rtc$TZZ                DATA
 0002:00008914 00000004H .tls                    DATA
 0002:00008918 00000004H .tls$                   DATA
 0002:0000891c 00000004H .tls$ZZZ                DATA
 0002:00008920 00001404H .xdata$x                DATA
 0002:00009d24 00000004H ATL$__a                 DATA
 0002:00009d28 00000008H ATL$__z                 DATA
 0002:00009d30 00000054H .edata                  DATA
 0002:00009d84 00000104H .idata$2                DATA
 0002:00009e88 00000014H .idata$3                DATA
 0002:00009e9c 00000720H .idata$4                DATA
 0002:0000a5bc 00000a38H .idata$6                DATA
 0003:00000000 00000568H .data                   DATA
 0003:00000568 0000009cH .data$r                 DATA
 0003:00000604 00000574H .data$rs                DATA
 0003:00000b78 000006a0H .bss                    DATA
 0004:00000000 000001e0H .rsrc$01                DATA
 0004:000001e0 00003030H .rsrc$02                DATA

  Address         Publics by Value              Rva+Base       Lib:Object

 0000:00000000       ___arm64x_native_entrypoint 00000000     <absolute>
 0000:00000000       ___guard_eh_cont_table     00000000     <absolute>
 0000:00000000       ___guard_longjmp_count     00000000     <absolute>
 0000:00000000       ___hybrid_code_map_count   00000000     <absolute>
 0000:00000000       ___guard_iat_count         00000000     <absolute>
 0000:00000000       ___dynamic_value_reloc_table 00000000     <absolute>
 0000:00000000       ___guard_eh_cont_count     00000000     <absolute>
 0000:00000000       ___arm64x_extra_rfe_table_size 00000000     <absolute>
 0000:00000000       ___AbsoluteZero            00000000     <absolute>
 0000:00000000       ___guard_check_icall_a64n_fptr 00000000     <absolute>
 0000:00000000       ___arm64x_redirection_metadata_count 00000000     <absolute>
 0000:00000000       ___guard_iat_table         00000000     <absolute>
 0000:00000000       ___x64_code_ranges_to_entry_points 00000000     <absolute>
 0000:00000000       ___hybrid_auxiliary_iat    00000000     <absolute>
 0000:00000000       ___hybrid_auxiliary_iat_copy 00000000     <absolute>
 0000:00000000       ___guard_fids_count        00000000     <absolute>
 0000:00000000       ___x64_code_ranges_to_entry_points_count 00000000     <absolute>
 0000:00000000       ___arm64x_redirection_metadata 00000000     <absolute>
 0000:00000000       ___arm64x_extra_rfe_table  00000000     <absolute>
 0000:00000000       ___guard_longjmp_table     00000000     <absolute>
 0000:00000000       ___hybrid_code_map         00000000     <absolute>
 0000:00000000       ___guard_fids_table        00000000     <absolute>
 0000:00000000       ___enclave_config          00000000     <absolute>
 0000:0000002c       __tls_array                0000002c     <absolute>
 0000:00000058       ___safe_se_handler_count   00000058     <absolute>
 0000:00000100       ___guard_flags             00000100     <absolute>
 0000:00000000       ___ImageBase               10000000     <linker-defined>
 0001:00000780       ??0CBitmapItemComboBox@@QAE@XZ 10001780 f   BitmapItemComboBox.obj
 0001:000007b0       ??1CBitmap@@UAE@XZ         100017b0 f i BitmapItemComboBox.obj
 0001:000007c0       ??1CBitmapItemComboBox@@UAE@XZ 100017c0 f   BitmapItemComboBox.obj
 0001:000007f0       ??1CBrush@@UAE@XZ          100017f0 f i BitmapItemComboBox.obj
 0001:00000800       ??1CGdiObject@@UAE@XZ      10001800 f i BitmapItemComboBox.obj
 0001:00000910       ??1CObject@@UAE@XZ         10001910 f i BitmapItemComboBox.obj
 0001:00000920       ??_ECBitmap@@UAEPAXI@Z     10001920 f i BitmapItemComboBox.obj
 0001:00000920       ??_GCBitmap@@UAEPAXI@Z     10001920 f i BitmapItemComboBox.obj
 0001:00000960       ??_ECBitmapItemComboBox@@UAEPAXI@Z 10001960 f i BitmapItemComboBox.obj
 0001:00000960       ??_GCBitmapItemComboBox@@UAEPAXI@Z 10001960 f i BitmapItemComboBox.obj
 0001:000009c0       ??_ECBrush@@UAEPAXI@Z      100019c0 f i BitmapItemComboBox.obj
 0001:000009c0       ??_GCBrush@@UAEPAXI@Z      100019c0 f i BitmapItemComboBox.obj
 0001:00000a00       ??_GCComboBox@@UAEPAXI@Z   10001a00 f i BitmapItemComboBox.obj
 0001:00000a00       ??_ECComboBox@@UAEPAXI@Z   10001a00 f i BitmapItemComboBox.obj
 0001:00000a40       ??_GCGdiObject@@UAEPAXI@Z  10001a40 f i BitmapItemComboBox.obj
 0001:00000a40       ??_ECGdiObject@@UAEPAXI@Z  10001a40 f i BitmapItemComboBox.obj
 0001:00000a80       ?AssertValid@CObject@@UBEXXZ 10001a80 f i BitmapItemComboBox.obj
 0001:00000a90       ?BeginModalState@CWnd@@UAEXXZ 10001a90 f i BitmapItemComboBox.obj
 0001:00000aa0       ?DoDataExchange@CWnd@@MAEXPAVCDataExchange@@@Z 10001aa0 f i BitmapItemComboBox.obj
 0001:00000ab0       ?DrawItem@CBitmapItemComboBox@@UAEXPAUtagDRAWITEMSTRUCT@@@Z 10001ab0 f   BitmapItemComboBox.obj
 0001:00000c90       ?Dump@CObject@@UBEXAAVCDumpContext@@@Z 10001c90 f i BitmapItemComboBox.obj
 0001:00000ca0       ?EndModalState@CWnd@@UAEXXZ 10001ca0 f i BitmapItemComboBox.obj
 0001:00000cb0       ?GetMessageMap@CBitmapItemComboBox@@MBEPBUAFX_MSGMAP@@XZ 10001cb0 f   BitmapItemComboBox.obj
 0001:00000cc0       ?GetThisMessageMap@CBitmapItemComboBox@@KGPBUAFX_MSGMAP@@XZ 10001cc0 f   BitmapItemComboBox.obj
 0001:00000cd0       ?MeasureItem@CBitmapItemComboBox@@UAEXPAUtagMEASUREITEMSTRUCT@@@Z 10001cd0 f   BitmapItemComboBox.obj
 0001:00000cf0       ?Serialize@CObject@@UAEXAAVCArchive@@@Z 10001cf0 f i BitmapItemComboBox.obj
 0001:00000d00       ?__empty_global_delete@@YAXPAX@Z 10001d00 f i BitmapItemComboBox.obj
 0001:00000d10       ?__empty_global_delete@@YAXPAXI@Z 10001d10 f i BitmapItemComboBox.obj
 0001:00000d10       ?__global_delete@@YAXPAXI@Z 10001d10 f i BitmapItemComboBox.obj
 0001:00000d20       ??$SerializeElements@PAVCCallPutIMonthData@@@@YGXAAVCArchive@@PAPAVCCallPutIMonthData@@H@Z 10001d20 f i ChartUtil.obj
 0001:00000dd0       ??$SerializeElements@PAVCCallPutItemData@@@@YGXAAVCArchive@@PAPAVCCallPutItemData@@H@Z 10001dd0 f i ChartUtil.obj
 0001:00000e80       ??$SerializeElements@PAVCDlgCompGroupData@@@@YGXAAVCArchive@@PAPAVCDlgCompGroupData@@H@Z 10001e80 f i ChartUtil.obj
 0001:00000f30       ??0CChartUtilApp@@QAE@XZ   10001f30 f   ChartUtil.obj
 0001:00000f50       ??1?$CList@PAVCCallPutIMonthData@@PAV1@@@UAE@XZ 10001f50 f i ChartUtil.obj
 0001:00000fc0       ??1?$CList@PAVCCallPutItemData@@PAV1@@@UAE@XZ 10001fc0 f i ChartUtil.obj
 0001:00001030       ??1?$CList@PAVCDlgCompGroupData@@PAV1@@@UAE@XZ 10002030 f i ChartUtil.obj
 0001:000010a0       ??1CDlgCompSetup@@UAE@XZ   100020a0 f i ChartUtil.obj
 0001:00001350       ??_E?$CList@PAVCCallPutIMonthData@@PAV1@@@UAEPAXI@Z 10002350 f i ChartUtil.obj
 0001:00001350       ??_G?$CList@PAVCCallPutIMonthData@@PAV1@@@UAEPAXI@Z 10002350 f i ChartUtil.obj
 0001:00001400       ??_E?$CList@PAVCCallPutItemData@@PAV1@@@UAEPAXI@Z 10002400 f i ChartUtil.obj
 0001:00001400       ??_G?$CList@PAVCCallPutItemData@@PAV1@@@UAEPAXI@Z 10002400 f i ChartUtil.obj
 0001:000014b0       ??_G?$CList@PAVCDlgCompGroupData@@PAV1@@@UAEPAXI@Z 100024b0 f i ChartUtil.obj
 0001:000014b0       ??_E?$CList@PAVCDlgCompGroupData@@PAV1@@@UAEPAXI@Z 100024b0 f i ChartUtil.obj
 0001:00001560       ??_ECChartUtilApp@@UAEPAXI@Z 10002560 f i ChartUtil.obj
 0001:00001560       ??_GCChartUtilApp@@UAEPAXI@Z 10002560 f i ChartUtil.obj
 0001:000015a0       ?AddTail@?$CList@PAVCCallPutIMonthData@@PAV1@@@QAEPAU__POSITION@@PAVCCallPutIMonthData@@@Z 100025a0 f i ChartUtil.obj
 0001:00001630       ?AddTail@?$CList@PAVCCallPutItemData@@PAV1@@@QAEPAU__POSITION@@PAVCCallPutItemData@@@Z 10002630 f i ChartUtil.obj
 0001:000016c0       ?AddTail@?$CList@PAVCDlgCompGroupData@@PAV1@@@QAEPAU__POSITION@@PAVCDlgCompGroupData@@@Z 100026c0 f i ChartUtil.obj
 0001:00001750       ?GetApplicationRecoveryParameter@CWinApp@@UAEPAXXZ 10002750 f i ChartUtil.obj
 0001:00001760       ?GetApplicationRecoveryPingInterval@CWinApp@@UAEKXZ 10002760 f i ChartUtil.obj
 0001:00001770       ?GetApplicationRestartFlags@CWinApp@@UAEKXZ 10002770 f i ChartUtil.obj
 0001:00001780       ?GetMessageMap@CChartUtilApp@@MBEPBUAFX_MSGMAP@@XZ 10002780 f   ChartUtil.obj
 0001:00001790       ?GetThisMessageMap@CChartUtilApp@@KGPBUAFX_MSGMAP@@XZ 10002790 f   ChartUtil.obj
 0001:000017a0       ?NewNode@?$CList@PAVCCallPutIMonthData@@PAV1@@@IAEPAUCNode@1@PAU21@0@Z 100027a0 f i ChartUtil.obj
 0001:00001810       ?NewNode@?$CList@PAVCCallPutItemData@@PAV1@@@IAEPAUCNode@1@PAU21@0@Z 10002810 f i ChartUtil.obj
 0001:00001880       ?NewNode@?$CList@PAVCDlgCompGroupData@@PAV1@@@IAEPAUCNode@1@PAU21@0@Z 10002880 f i ChartUtil.obj
 0001:000018f0       ?RemoveAll@?$CList@PAVCCallPutIMonthData@@PAV1@@@QAEXXZ 100028f0 f i ChartUtil.obj
 0001:00001920       ?RemoveAll@?$CList@PAVCCallPutItemData@@PAV1@@@QAEXXZ 10002920 f i ChartUtil.obj
 0001:00001950       ?RemoveAll@?$CList@PAVCDlgCompGroupData@@PAV1@@@QAEXXZ 10002950 f i ChartUtil.obj
 0001:00001980       ?ReopenPreviousFilesAtRestart@CWinApp@@UBEHXZ 10002980 f i ChartUtil.obj
 0001:00001990       ?RestoreAutosavedFilesAtRestart@CWinApp@@UBEHXZ 10002990 f i ChartUtil.obj
 0001:000019a0       ?Serialize@?$CList@PAVCCallPutIMonthData@@PAV1@@@UAEXAAVCArchive@@@Z 100029a0 f i ChartUtil.obj
 0001:00001b30       ?Serialize@?$CList@PAVCCallPutItemData@@PAV1@@@UAEXAAVCArchive@@@Z 10002b30 f i ChartUtil.obj
 0001:00001cc0       ?Serialize@?$CList@PAVCDlgCompGroupData@@PAV1@@@UAEXAAVCArchive@@@Z 10002cc0 f i ChartUtil.obj
 0001:00001ed0       ?SupportsApplicationRecovery@CWinApp@@UBEHXZ 10002ed0 f i ChartUtil.obj
 0001:00001ee0       ?SupportsAutosaveAtInterval@CWinApp@@UBEHXZ 10002ee0 f i ChartUtil.obj
 0001:00001ef0       ?SupportsAutosaveAtRestart@CWinApp@@UBEHXZ 10002ef0 f i ChartUtil.obj
 0001:00001f00       ?SupportsRestartManager@CWinApp@@UBEHXZ 10002f00 f i ChartUtil.obj
 0001:00001f10       ?UtilDlgCompSetup@@YGJPAVCWnd@@JJ@Z 10002f10 f   ChartUtil.obj
 0001:000020f0       ___local_stdio_scanf_options 100030f0 f i ChartUtil.obj
 0001:00002100       _sscanf                    10003100 f i ChartUtil.obj
 0001:00002130       ??$SerializeElements@PAVCDlgCompSubItem@@@@YGXAAVCArchive@@PAPAVCDlgCompSubItem@@H@Z 10003130 f i DlgCompSetup.obj
 0001:000021e0       ??$_Allocate_manually_vector_aligned@U_Default_allocate_traits@std@@@std@@YAPAXI@Z 100031e0 f i DlgCompSetup.obj
 0001:00002220       ??$_Copy_memmove@PAHPAH@std@@YAPAHPAH00@Z 10003220 f i DlgCompSetup.obj
 0001:00002250       ??$_Emplace_reallocate@ABH@?$vector@HV?$allocator@H@std@@@std@@QAEPAHQAHABH@Z 10003250 f i DlgCompSetup.obj
 0001:000023b0       ??0?$CList@PAVCCallPutIMonthData@@PAV1@@@QAE@H@Z 100033b0 f i DlgCompSetup.obj
 0001:000023f0       ??0?$CList@PAVCCallPutItemData@@PAV1@@@QAE@H@Z 100033f0 f i DlgCompSetup.obj
 0001:00002430       ??0?$CList@PAVCDlgCompGroupData@@PAV1@@@QAE@H@Z 10003430 f i DlgCompSetup.obj
 0001:00002470       ??0?$CList@PAVCDlgCompSubItem@@PAV1@@@QAE@H@Z 10003470 f i DlgCompSetup.obj
 0001:000024b0       ??0CCodeTypeA@@QAE@XZ      100034b0 f i DlgCompSetup.obj
 0001:000024e0       ??0CDlgCompGroupData@@QAE@XZ 100034e0 f i DlgCompSetup.obj
 0001:00002530       ??0CDlgCompSetup@@QAE@PAVCWnd@@@Z 10003530 f   DlgCompSetup.obj
 0001:000027b0       ??0CDlgCompSubItem@@QAE@XZ 100037b0 f i DlgCompSetup.obj
 0001:000027d0       ??0bad_alloc@std@@QAE@ABV01@@Z 100037d0 f i DlgCompSetup.obj
 0001:00002810       ??0bad_array_new_length@std@@QAE@ABV01@@Z 10003810 f i DlgCompSetup.obj
 0001:00002850       ??0bad_array_new_length@std@@QAE@XZ 10003850 f i DlgCompSetup.obj
 0001:00002870       ??0exception@std@@QAE@ABV01@@Z 10003870 f i DlgCompSetup.obj
 0001:000028a0       ??1?$CList@PAVCDlgCompSubItem@@PAV1@@@UAE@XZ 100038a0 f i DlgCompSetup.obj
 0001:00002910       ??1?$vector@HV?$allocator@H@std@@@std@@QAE@XZ 10003910 f i DlgCompSetup.obj
 0001:00002970       ??1CCodeTypeA@@QAE@XZ      10003970 f i DlgCompSetup.obj
 0001:00002990       ??1CDlgGroupName@@UAE@XZ   10003990 f i DlgCompSetup.obj
 0001:000029b0       ??1CInputCodeListEx@@QAE@XZ 100039b0 f i DlgCompSetup.obj
 0001:000029d0       ??1_GV_ITEM@@QAE@XZ        100039d0 f i DlgCompSetup.obj
 0001:000029e0       ??1bad_array_new_length@std@@UAE@XZ 100039e0 f i DlgCompSetup.obj
 0001:00002a00       ??1exception@std@@UAE@XZ   10003a00 f i DlgCompSetup.obj
 0001:00002a20       ??3CObject@@SGXPAX@Z       10003a20 f i DlgCompSetup.obj
 0001:00002a40       ??_E?$CList@PAVCDlgCompSubItem@@PAV1@@@UAEPAXI@Z 10003a40 f i DlgCompSetup.obj
 0001:00002a40       ??_G?$CList@PAVCDlgCompSubItem@@PAV1@@@UAEPAXI@Z 10003a40 f i DlgCompSetup.obj
 0001:00002af0       ??_ECDlgCompSetup@@UAEPAXI@Z 10003af0 f i DlgCompSetup.obj
 0001:00002af0       ??_GCDlgCompSetup@@UAEPAXI@Z 10003af0 f i DlgCompSetup.obj
 0001:00002c90       ??_ECListBox@@UAEPAXI@Z    10003c90 f i DlgCompSetup.obj
 0001:00002c90       ??_GCListBox@@UAEPAXI@Z    10003c90 f i DlgCompSetup.obj
 0001:00002cd0       ??_ECListCtrl@@UAEPAXI@Z   10003cd0 f i DlgCompSetup.obj
 0001:00002cd0       ??_GCListCtrl@@UAEPAXI@Z   10003cd0 f i DlgCompSetup.obj
 0001:00002d10       ??_GCTreeCtrl@@UAEPAXI@Z   10003d10 f i DlgCompSetup.obj
 0001:00002d10       ??_ECTreeCtrl@@UAEPAXI@Z   10003d10 f i DlgCompSetup.obj
 0001:00002d50       ??_Gbad_alloc@std@@UAEPAXI@Z 10003d50 f i DlgCompSetup.obj
 0001:00002d50       ??_Ebad_alloc@std@@UAEPAXI@Z 10003d50 f i DlgCompSetup.obj
 0001:00002d80       ??_Gbad_array_new_length@std@@UAEPAXI@Z 10003d80 f i DlgCompSetup.obj
 0001:00002d80       ??_Ebad_array_new_length@std@@UAEPAXI@Z 10003d80 f i DlgCompSetup.obj
 0001:00002db0       ??_Eexception@std@@UAEPAXI@Z 10003db0 f i DlgCompSetup.obj
 0001:00002db0       ??_Gexception@std@@UAEPAXI@Z 10003db0 f i DlgCompSetup.obj
 0001:00002de0       ?AddLineType@CDlgCompSetup@@IAEXPAVCComboBox@@H@Z 10003de0 f   DlgCompSetup.obj
 0001:00002ef0       ?AddTail@?$CList@PAVCDlgCompSubItem@@PAV1@@@QAEPAU__POSITION@@PAVCDlgCompSubItem@@@Z 10003ef0 f i DlgCompSetup.obj
 0001:00002f80       ?AfxCrtErrorCheck@@YAHH@Z  10003f80 f i DlgCompSetup.obj
 0001:000030e0       ?ChangeGridRowCol@CDlgCompSetup@@IAEXXZ 100040e0 f   DlgCompSetup.obj
 0001:00003170       ?ChangeListOrGridCtrl@CDlgCompSetup@@IAEXV?$CStringT@DV?$StrTraitMFC_DLL@DV?$ChTraitsCRT@D@ATL@@@@@ATL@@@Z 10004170 f   DlgCompSetup.obj
 0001:00003250       ?ClearList@CCallPutIHelper@@QAEXXZ 10004250 f i DlgCompSetup.obj
 0001:000033b0       ?Convert2@CCodeTypeA@@UAEXPAD@Z 100043b0 f i DlgCompSetup.obj
 0001:00003420       ?Convert2@CCodeTypeBase@@UAEXPAD@Z 10004420 f i DlgCompSetup.obj
 0001:00003430       ?Convert@CCodeTypeA@@UAEXPAD@Z 10004430 f i DlgCompSetup.obj
 0001:000034b0       ?Convert@CCodeTypeBase@@UAEXPAD@Z 100044b0 f i DlgCompSetup.obj
 0001:000034c0       ?ConvertOneClickData@CCodeTypeA@@UAEXPAD@Z 100044c0 f i DlgCompSetup.obj
 0001:000034d0       ?ConvertOneClickData@CCodeTypeBase@@UAEXPAD@Z 100044d0 f i DlgCompSetup.obj
 0001:00003580       ?Create@CDialog@@UAEHIPAVCWnd@@@Z 10004580 f i DlgCompSetup.obj
 0001:00003590       ?DoAddToItem@CDlgCompSetup@@IAEXH@Z 10004590 f   DlgCompSetup.obj
 0001:000037c0       ?DoCurItemChange@CDlgCompSetup@@IAEXXZ 100047c0 f   DlgCompSetup.obj
 0001:000037f0       ?DoDataExchange@CDlgCompSetup@@MAEXPAVCDataExchange@@@Z 100047f0 f   DlgCompSetup.obj
 0001:00003930       ?DoDeleteItem@CDlgCompSetup@@IAEXH@Z 10004930 f   DlgCompSetup.obj
 0001:000039c0       ?DoFindEdtCode@CDlgCompSetup@@IAEXXZ 100049c0 f   DlgCompSetup.obj
 0001:00003ae0       ?DoFindEdtName@CDlgCompSetup@@IAEXPBD@Z 10004ae0 f   DlgCompSetup.obj
 0001:00003c20       ?DoGridAddToItem@CDlgCompSetup@@IAEXPBD0@Z 10004c20 f   DlgCompSetup.obj
 0001:00003e10       ?DoSelectionClear@CDlgCompSetup@@IAEXXZ 10004e10 f   DlgCompSetup.obj
 0001:00003e80       ?FindGroupInfo@CDlgCompSetup@@IAEPAVCDlgCompGroupData@@HAAPAU__POSITION@@@Z 10004e80 f   DlgCompSetup.obj
 0001:00003ed0       ?FindIndex@?$CList@PAVCDlgCompGroupData@@PAV1@@@QBEPAU__POSITION@@H@Z 10004ed0 f i DlgCompSetup.obj
 0001:00003f00       ?FindIndex@?$CList@PAVCDlgCompSubItem@@PAV1@@@QBEPAU__POSITION@@H@Z 10004f00 f i DlgCompSetup.obj
 0001:00003f30       ?FreeNode@?$CList@PAVCDlgCompGroupData@@PAV1@@@IAEXPAUCNode@1@@Z 10004f30 f i DlgCompSetup.obj
 0001:00003f80       ?FreeNode@?$CList@PAVCDlgCompSubItem@@PAV1@@@IAEXPAUCNode@1@@Z 10004f80 f i DlgCompSetup.obj
 0001:00003fd0       ?GetCodeInfo@CDlgCompSetup@@IAEHHAAH0AAV?$CStringT@DV?$StrTraitMFC_DLL@DV?$ChTraitsCRT@D@ATL@@@@@ATL@@@Z 10004fd0 f   DlgCompSetup.obj
 0001:00004030       ?GetCurSubItemList@CDlgCompSetup@@QAEPAV?$CList@PAVCDlgCompSubItem@@PAV1@@@XZ 10005030 f   DlgCompSetup.obj
 0001:00004050       ?GetInsertGridDataText@CDlgCompSetup@@IAE?AV?$CStringT@DV?$StrTraitMFC_DLL@DV?$ChTraitsCRT@D@ATL@@@@@ATL@@HH@Z 10005050 f   DlgCompSetup.obj
 0001:000040c0       ?GetItemCount@CListCtrl@@QBEHXZ 100050c0 f i DlgCompSetup.obj
 0001:000040e0       ?GetMessageMap@CDlgCompSetup@@MBEPBUAFX_MSGMAP@@XZ 100050e0 f   DlgCompSetup.obj
 0001:000040f0       ?GetThisMessageMap@CDlgCompSetup@@KGPBUAFX_MSGMAP@@XZ 100050f0 f   DlgCompSetup.obj
 0001:00004100       ?InitFromLoadData@CDlgCompSetup@@IAEXXZ 10005100 f   DlgCompSetup.obj
 0001:00004160       ?InitGrid@CDlgCompSetup@@IAEXXZ 10005160 f   DlgCompSetup.obj
 0001:000044c0       ?InitGridRowCol@CDlgCompSetup@@IAEXH@Z 100054c0 f   DlgCompSetup.obj
 0001:00004560       ?Initial_DrawStyleComboBox@CDlgCompSetup@@IAEXHAAVCBitmapItemComboBox@@@Z 10005560 f   DlgCompSetup.obj
 0001:00004610       ?Initial_ThicknessComboBox@CDlgCompSetup@@IAEXHHAAVCBitmapItemComboBox@@@Z 10005610 f   DlgCompSetup.obj
 0001:000046c0       ?InsertGridData@CDlgCompSetup@@IAEXXZ 100056c0 f   DlgCompSetup.obj
 0001:00004830       ?LoadBitmapToDrawStyleCombo@CDlgCompSetup@@IAEXHAAVCBitmapItemComboBox@@@Z 10005830 f   DlgCompSetup.obj
 0001:00004890       ?NewNode@?$CList@PAVCDlgCompSubItem@@PAV1@@@IAEPAUCNode@1@PAU21@0@Z 10005890 f i DlgCompSetup.obj
 0001:00004900       ?OnArrow1@CDlgCompSetup@@IAEXXZ 10005900 f   DlgCompSetup.obj
 0001:00004910       ?OnArrow2@CDlgCompSetup@@IAEXXZ 10005910 f   DlgCompSetup.obj
 0001:00004920       ?OnArrow3@CDlgCompSetup@@IAEXXZ 10005920 f   DlgCompSetup.obj
 0001:00004930       ?OnArrow4@CDlgCompSetup@@IAEXXZ 10005930 f   DlgCompSetup.obj
 0001:00004940       ?OnBtngrpchange@CDlgCompSetup@@IAEXXZ 10005940 f   DlgCompSetup.obj
 0001:00004a80       ?OnBtngrpdel@CDlgCompSetup@@IAEXXZ 10005a80 f   DlgCompSetup.obj
 0001:00004cc0       ?OnBtngrpnew@CDlgCompSetup@@IAEXXZ 10005cc0 f   DlgCompSetup.obj
 0001:00004e90       ?OnBtnleft3@CDlgCompSetup@@IAEXXZ 10005e90 f   DlgCompSetup.obj
 0001:00004f10       ?OnBtnleft@CDlgCompSetup@@IAEXXZ 10005f10 f   DlgCompSetup.obj
 0001:00005070       ?OnBtnright@CDlgCompSetup@@IAEXXZ 10006070 f   DlgCompSetup.obj
 0001:00005290       ?OnClkListItem@CDlgCompSetup@@IAEXPAUtagNMHDR@@PAJ@Z 10006290 f   DlgCompSetup.obj
 0001:000052c0       ?OnClkListcodes@CDlgCompSetup@@IAEXPAUtagNMHDR@@PAJ@Z 100062c0 f   DlgCompSetup.obj
 0001:000052e0       ?OnColorSelChange@CDlgCompSetup@@IAEJIJ@Z 100062e0 f   DlgCompSetup.obj
 0001:00005360       ?OnDblclkListItem@CDlgCompSetup@@IAEXPAUtagNMHDR@@PAJ@Z 10006360 f   DlgCompSetup.obj
 0001:000053b0       ?OnDblclkListcodes@CDlgCompSetup@@IAEXPAUtagNMHDR@@PAJ@Z 100063b0 f   DlgCompSetup.obj
 0001:000053e0       ?OnDestroy@CDlgCompSetup@@IAEXXZ 100063e0 f   DlgCompSetup.obj
 0001:000054a0       ?OnInitDialog@CDlgCompSetup@@MAEHXZ 100064a0 f   DlgCompSetup.obj
 0001:000059d0       ?OnItemchangedListitem@CDlgCompSetup@@IAEXPAUtagNMHDR@@PAJ@Z 100069d0 f   DlgCompSetup.obj
 0001:00005a60       ?OnOk@CDlgCompSetup@@IAEXXZ 10006a60 f   DlgCompSetup.obj
 0001:00005b70       ?OnSelchangeCmbsel@CDlgCompSetup@@IAEXXZ 10006b70 f   DlgCompSetup.obj
 0001:00005c00       ?OnSelchangeDrawstyle@CDlgCompSetup@@IAEXXZ 10006c00 f   DlgCompSetup.obj
 0001:00005c70       ?OnSelchangeListgrp@CDlgCompSetup@@IAEXXZ 10006c70 f   DlgCompSetup.obj
 0001:00005d80       ?OnSelchangeThickness@CDlgCompSetup@@IAEXXZ 10006d80 f   DlgCompSetup.obj
 0001:00005df0       ?OnSelchangedTreesearch@CDlgCompSetup@@IAEXPAUtagNMHDR@@PAJ@Z 10006df0 f   DlgCompSetup.obj
 0001:00005e80       ?Parsing@CCallPutIHelper@@QAEXPAV?$CList@VCCodeTypeA@@V1@@@H@Z 10006e80 f i DlgCompSetup.obj
 0001:00006130       ?PreTranslateMessage@CDlgCompSetup@@MAEHPAUtagMSG@@@Z 10007130 f   DlgCompSetup.obj
 0001:00006310       ?RealLoadBitmap@CDlgCompSetup@@IAEXHHAAVCBitmapItemComboBox@@@Z 10007310 f   DlgCompSetup.obj
 0001:00006370       ?ReceiveData@CTLMCallback@CDlgCompSetup@@EAGXHDJHPAX@Z 10007370 f   DlgCompSetup.obj
 0001:00006500       ?RemoveAll@?$CList@PAVCDlgCompSubItem@@PAV1@@@QAEXXZ 10007500 f i DlgCompSetup.obj
 0001:00006530       ?RemoveAt@?$CList@PAVCDlgCompGroupData@@PAV1@@@QAEXPAU__POSITION@@@Z 10007530 f i DlgCompSetup.obj
 0001:000065a0       ?RemoveAt@?$CList@PAVCDlgCompSubItem@@PAV1@@@QAEXPAU__POSITION@@@Z 100075a0 f i DlgCompSetup.obj
 0001:00006610       ?Serialize@?$CList@PAVCDlgCompSubItem@@PAV1@@@UAEXAAVCArchive@@@Z 10007610 f i DlgCompSetup.obj
 0001:000067a0       ?SetAtGrow@?$CArray@PAU__MASTERCODE@@PAU1@@@QAEXHPAU__MASTERCODE@@@Z 100077a0 f i DlgCompSetup.obj
 0001:000067e0       ?SetInOutData@CDlgCompSetup@@QAEXJJ@Z 100077e0 f   DlgCompSetup.obj
 0001:00006810       ?SetMasterData@CDlgCompSetup@@IAEXPAV?$CList@VCCodeTypeA@@V1@@@@Z 10007810 f   DlgCompSetup.obj
 0001:00006b20       ?SetSize@?$CArray@PAU__MASTERCODE@@PAU1@@@QAEXHH@Z 10007b20 f i DlgCompSetup.obj
 0001:00006d00       ?WindowProc@CDlgCompSetup@@MAEJIIJ@Z 10007d00 f   DlgCompSetup.obj
 0001:00006f00       ?_AfxInitManaged@@YAHXZ    10007f00 f i DlgCompSetup.obj
 0001:00006f10       ?_Throw_bad_array_new_length@std@@YAXXZ 10007f10 f i DlgCompSetup.obj
 0001:00006f30       ?_Xlength@?$vector@HV?$allocator@H@std@@@std@@CAXXZ 10007f30 f i DlgCompSetup.obj
 0001:00006f40       ?_Xrange@?$vector@HV?$allocator@H@std@@@std@@CAXXZ 10007f40 f i DlgCompSetup.obj
 0001:00006f50       ?fnCheckCode@CDlgCompSetup@@IAEHPBD0@Z 10007f50 f   DlgCompSetup.obj
 0001:00007030       ?fnCheckNoGroup@CDlgCompSetup@@IAEXXZ 10008030 f   DlgCompSetup.obj
 0001:00007100       ?fnDataToList@CCallPutIMonthData@@QAEHPAUST_OPTION_ITEM_DATA@@@Z 10008100 f i DlgCompSetup.obj
 0001:00007220       ?fnInitList@CDlgCompSetup@@IAEXXZ 10008220 f   DlgCompSetup.obj
 0001:000072d0       ?fnInitSelctGroup@CDlgCompSetup@@IAEXPBD@Z 100082d0 f   DlgCompSetup.obj
 0001:00007440       ?fnSelectGroup@CDlgCompSetup@@IAEXH@Z 10008440 f   DlgCompSetup.obj
 0001:000074e0       ?fnSelectItem@CDlgCompSetup@@IAEXPAVCDlgCompGroupData@@H@Z 100084e0 f   DlgCompSetup.obj
 0001:000075b0       ?fnSelectItem@CDlgCompSetup@@IAEXPAVCDlgCompSubItem@@@Z 100085b0 f   DlgCompSetup.obj
 0001:00007620       ?fnTreeLoad@CDlgCompSetup@@IAEXXZ 10008620 f   DlgCompSetup.obj
 0001:00007710       ?fnUpdateToControl@CDlgCompSetup@@IAEXPAVCDlgCompSubItem@@@Z 10008710 f   DlgCompSetup.obj
 0001:00007770       ?fnUpdateToMemory@CDlgCompSetup@@IAEXPAVCDlgCompSubItem@@@Z 10008770 f   DlgCompSetup.obj
 0001:000077e0       ?what@exception@std@@UBEPBDXZ 100087e0 f i DlgCompSetup.obj
 0001:000077f0       ??0CDlgGroupName@@QAE@PAVCWnd@@@Z 100087f0 f   DlgGroupName.obj
 0001:00007870       ??_ECDlgGroupName@@UAEPAXI@Z 10008870 f i DlgGroupName.obj
 0001:00007870       ??_GCDlgGroupName@@UAEPAXI@Z 10008870 f i DlgGroupName.obj
 0001:000078c0       ?DoDataExchange@CDlgGroupName@@MAEXPAVCDataExchange@@@Z 100088c0 f   DlgGroupName.obj
 0001:000078f0       ?GetMessageMap@CDlgGroupName@@MBEPBUAFX_MSGMAP@@XZ 100088f0 f   DlgGroupName.obj
 0001:00007900       ?GetThisMessageMap@CDlgGroupName@@KGPBUAFX_MSGMAP@@XZ 10008900 f   DlgGroupName.obj
 0001:00007910       ?OnInitDialog@CDlgGroupName@@MAEHXZ 10008910 f   DlgGroupName.obj
 0001:00007930       ?Allocate@CAtlStringMgr@ATL@@UAEPAUCStringData@2@HH@Z 10008930 f i StdAfx.obj
 0001:000079a0       ?Free@CAtlStringMgr@ATL@@UAEXPAUCStringData@2@@Z 100089a0 f i StdAfx.obj
 0001:000079b0       ?Reallocate@CAtlStringMgr@ATL@@UAEPAUCStringData@2@PAU32@HH@Z 100089b0 f i StdAfx.obj
 0001:00007a10       ?GetNilString@CAtlStringMgr@ATL@@UAEPAUCStringData@2@XZ 10008a10 f i StdAfx.obj
 0001:00007a20       ?Clone@CAtlStringMgr@ATL@@UAEPAUIAtlStringMgr@2@XZ 10008a20 f i StdAfx.obj
 0001:00007a30       ??_GCAtlStringMgr@ATL@@UAEPAXI@Z 10008a30 f i StdAfx.obj
 0001:00007a30       ??_ECAtlStringMgr@ATL@@UAEPAXI@Z 10008a30 f i StdAfx.obj
 0001:00007a60       ?Allocate@CWin32Heap@ATL@@UAEPAXI@Z 10008a60 f i StdAfx.obj
 0001:00007a80       ?Free@CWin32Heap@ATL@@UAEXPAX@Z 10008a80 f i StdAfx.obj
 0001:00007aa0       ?Reallocate@CWin32Heap@ATL@@UAEPAXPAXI@Z 10008aa0 f i StdAfx.obj
 0001:00007ae0       ?GetSize@CWin32Heap@ATL@@UAEIPAX@Z 10008ae0 f i StdAfx.obj
 0001:00007b00       ??_GCWin32Heap@ATL@@UAEPAXI@Z 10008b00 f i StdAfx.obj
 0001:00007b00       ??_ECWin32Heap@ATL@@UAEPAXI@Z 10008b00 f i StdAfx.obj
 0001:00007b40       ??1CAtlStringMgr@ATL@@UAE@XZ 10008b40 f i StdAfx.obj
 0001:00007b50       ??1CWin32Heap@ATL@@UAE@XZ  10008b50 f i StdAfx.obj
 0001:00007b70       ??_H@YGXPAXIIP6EPAX0@Z@Z   10008b70 f i StdAfx.obj
 0001:00007ba0       ?EnsureLinked@CAtlStringMgrStaticInitializer@ATLImplementationDetails@ATL@@QAEPAXXZ 10008ba0 f i StdAfx.obj
 0001:00007bb0       ?_AtlInitializeCriticalSectionEx@ATL@@YAHPAU_RTL_CRITICAL_SECTION@@KK@Z 10008bb0 f i StdAfx.obj
 0001:00007bd0       ?_AtlRaiseException@ATL@@YAXKK@Z 10008bd0 f i StdAfx.obj
 0001:00007bf0       ??$SerializeElements@PAU__MASTERCODE@@@@YGXAAVCArchive@@PAPAU__MASTERCODE@@H@Z 10008bf0 f i VirtualListCtrl.obj
 0001:00007ca0       ??0?$CArray@PAU__MASTERCODE@@PAU1@@@QAE@XZ 10008ca0 f i VirtualListCtrl.obj
 0001:00007cd0       ??0CVirtualListCtrl@@QAE@XZ 10008cd0 f   VirtualListCtrl.obj
 0001:00007dc0       ??0__MASTERCODE@@QAE@XZ    10008dc0 f i VirtualListCtrl.obj
 0001:00007de0       ??1?$CArray@PAU__MASTERCODE@@PAU1@@@UAE@XZ 10008de0 f i VirtualListCtrl.obj
 0001:00007e00       ??1CVirtualListCtrl@@UAE@XZ 10008e00 f   VirtualListCtrl.obj
 0001:00007e60       ??1__MASTERCODE@@QAE@XZ    10008e60 f i VirtualListCtrl.obj
 0001:00007e80       ??_E__MASTERCODE@@QAEPAXI@Z 10008e80 f i VirtualListCtrl.obj
 0001:00007f40       ??_G?$CArray@PAU__MASTERCODE@@PAU1@@@UAEPAXI@Z 10008f40 f i VirtualListCtrl.obj
 0001:00007f40       ??_E?$CArray@PAU__MASTERCODE@@PAU1@@@UAEPAXI@Z 10008f40 f i VirtualListCtrl.obj
 0001:00007f90       ??_GCVirtualListCtrl@@UAEPAXI@Z 10008f90 f i VirtualListCtrl.obj
 0001:00007f90       ??_ECVirtualListCtrl@@UAEPAXI@Z 10008f90 f i VirtualListCtrl.obj
 0001:00008020       ?ChangeCode@CVirtualListCtrl@@QAEXV?$CStringT@DV?$StrTraitMFC_DLL@DV?$ChTraitsCRT@D@ATL@@@@@ATL@@@Z 10009020 f   VirtualListCtrl.obj
 0001:000083d0       ?Compare@@YAHPBX0@Z        100093d0 f   VirtualListCtrl.obj
 0001:000084f0       ?FindItemByString@CVirtualListCtrl@@QAEHHV?$CStringT@DV?$StrTraitMFC_DLL@DV?$ChTraitsCRT@D@ATL@@@@@ATL@@@Z 100094f0 f   VirtualListCtrl.obj
 0001:00008600       ?GetMessageMap@CVirtualListCtrl@@MBEPBUAFX_MSGMAP@@XZ 10009600 f   VirtualListCtrl.obj
 0001:00008610       ?GetThisMessageMap@CVirtualListCtrl@@KGPBUAFX_MSGMAP@@XZ 10009610 f   VirtualListCtrl.obj
 0001:00008620       ?LoadCodeList@CVirtualListCtrl@@QAEXH@Z 10009620 f   VirtualListCtrl.obj
 0001:000086f0       ?Load_GwanSim_CodeList@CVirtualListCtrl@@QAEXPAVCStringArray@@@Z 100096f0 f   VirtualListCtrl.obj
 0001:00008700       ?OnColumnclick@CVirtualListCtrl@@IAEXPAUtagNMHDR@@PAJ@Z 10009700 f   VirtualListCtrl.obj
 0001:00008760       ?OnDestroy@CVirtualListCtrl@@IAEXXZ 10009760 f   VirtualListCtrl.obj
 0001:00008810       ?OnGetdispinfo@CVirtualListCtrl@@IAEXPAUtagNMHDR@@PAJ@Z 10009810 f   VirtualListCtrl.obj
 0001:00008900       ?OnItemchanged@CVirtualListCtrl@@IAEXPAUtagNMHDR@@PAJ@Z 10009900 f   VirtualListCtrl.obj
 0001:00008a70       ?OnSize@CVirtualListCtrl@@IAEXIHH@Z 10009a70 f   VirtualListCtrl.obj
 0001:00008ae0       ?PreTranslateMessage@CVirtualListCtrl@@UAEHPAUtagMSG@@@Z 10009ae0 f   VirtualListCtrl.obj
 0001:00008af0       ?Serialize@?$CArray@PAU__MASTERCODE@@PAU1@@@UAEXAAVCArchive@@@Z 10009af0 f i VirtualListCtrl.obj
 0001:00008bd0       ?SetMasterArray@CVirtualListCtrl@@QAEXXZ 10009bd0 f   VirtualListCtrl.obj
 0001:00008be0       ?SetRowHeight@CVirtualListCtrl@@QAEXF@Z 10009be0 f   VirtualListCtrl.obj
 0001:00008c30       ?SetTopIndex@CVirtualListCtrl@@QAEXH@Z 10009c30 f   VirtualListCtrl.obj
 0001:00008d20       ?SortArray@@YAXAAV?$CArray@PAU__MASTERCODE@@PAU1@@@@Z 10009d20 f   VirtualListCtrl.obj
 0001:00008f80       ?fnUsingMemoryClear@CVirtualListCtrl@@QAEXXZ 10009f80 f   VirtualListCtrl.obj
 0001:00009020       ??0CXColourPicker@@QAE@XZ  1000a020 f   XColourPicker.obj
 0001:000090e0       ??1CXColourPicker@@UAE@XZ  1000a0e0 f   XColourPicker.obj
 0001:000090f0       ??_GCButton@@UAEPAXI@Z     1000a0f0 f i XColourPicker.obj
 0001:000090f0       ??_ECButton@@UAEPAXI@Z     1000a0f0 f i XColourPicker.obj
 0001:00009130       ??_GCXColourPicker@@UAEPAXI@Z 1000a130 f i XColourPicker.obj
 0001:00009130       ??_ECXColourPicker@@UAEPAXI@Z 1000a130 f i XColourPicker.obj
 0001:00009180       ?CreateObject@CXColourPicker@@SGPAVCObject@@XZ 1000a180 f   XColourPicker.obj
 0001:00009290       ?DDX_ColorPicker@@YGXPAVCDataExchange@@HAAK@Z 1000a290 f   XColourPicker.obj
 0001:000092f0       ?DDX_ColorPickerCustom@@YGXPAVCDataExchange@@HAAV?$CStringT@DV?$StrTraitMFC_DLL@DV?$ChTraitsCRT@D@ATL@@@@@ATL@@@Z 1000a2f0 f   XColourPicker.obj
 0001:000094c0       ?DrawItem@CXColourPicker@@UAEXPAUtagDRAWITEMSTRUCT@@@Z 1000a4c0 f   XColourPicker.obj
 0001:000096e0       ?GetArrowSize@CXColourPicker@@IAE?AVCSize@@XZ 1000a6e0 f   XColourPicker.obj
 0001:00009750       ?GetColor@CXColourPicker@@QAEKXZ 1000a750 f   XColourPicker.obj
 0001:00009760       ?GetCustomColors@CXColourPicker@@QAE?AV?$CStringT@DV?$StrTraitMFC_DLL@DV?$ChTraitsCRT@D@ATL@@@@@ATL@@XZ 1000a760 f   XColourPicker.obj
 0001:00009840       ?GetCustomColors@CXColourPicker@@QAEXPAK@Z 1000a840 f   XColourPicker.obj
 0001:00009870       ?GetMessageMap@CXColourPicker@@MBEPBUAFX_MSGMAP@@XZ 1000a870 f   XColourPicker.obj
 0001:00009880       ?GetRuntimeClass@CXColourPicker@@UBEPAUCRuntimeClass@@XZ 1000a880 f   XColourPicker.obj
 0001:00009890       ?GetThisClass@CXColourPicker@@SGPAUCRuntimeClass@@XZ 1000a890 f   XColourPicker.obj
 0001:000098a0       ?GetThisMessageMap@CXColourPicker@@KGPBUAFX_MSGMAP@@XZ 1000a8a0 f   XColourPicker.obj
 0001:000098b0       ?OnClicked@CXColourPicker@@IAEHXZ 1000a8b0 f   XColourPicker.obj
 0001:00009990       ?OnCreate@CXColourPicker@@IAEHPAUtagCREATESTRUCTA@@@Z 1000a990 f   XColourPicker.obj
 0001:000099a0       ?OnEnable@CXColourPicker@@IAEXH@Z 1000a9a0 f   XColourPicker.obj
 0001:000099f0       ?OnEraseBkgnd@CXColourPicker@@IAEHPAVCDC@@@Z 1000a9f0 f   XColourPicker.obj
 0001:00009a50       ?OnSelChange@CXColourPicker@@IAEJIJ@Z 1000aa50 f   XColourPicker.obj
 0001:00009a90       ?OnSelEndCancel@CXColourPicker@@IAEJIJ@Z 1000aa90 f   XColourPicker.obj
 0001:00009b10       ?OnSelEndOK@CXColourPicker@@IAEJIJ@Z 1000ab10 f   XColourPicker.obj
 0001:00009bc0       ?PreSubclassWindow@CXColourPicker@@MAEXXZ 1000abc0 f   XColourPicker.obj
 0001:00009be0       ?SetColor@CXColourPicker@@QAEXK@Z 1000abe0 f   XColourPicker.obj
 0001:00009c10       ?SetCustomColors@CXColourPicker@@QAEXPAK@Z 1000ac10 f   XColourPicker.obj
 0001:00009c40       ?SetCustomColors@CXColourPicker@@QAEXPBD@Z 1000ac40 f   XColourPicker.obj
 0001:00009d00       ?_GetBaseClass@CXColourPicker@@KGPAUCRuntimeClass@@XZ 1000ad00 f   XColourPicker.obj
 0001:00009d10       ??0CXColourPopup@@QAE@PAVCWnd@@VCPoint@@KPAKHHPBD@Z 1000ad10 f   XColourPopup.obj
 0001:00009f00       ??0CXColourPopup@@QAE@XZ   1000af00 f   XColourPopup.obj
 0001:0000a000       ??1CColorDialog@@UAE@XZ    1000b000 f i XColourPopup.obj
 0001:0000a010       ??1CCommonDialog@@UAE@XZ   1000b010 f i XColourPopup.obj
 0001:0000a020       ??1CFont@@UAE@XZ           1000b020 f i XColourPopup.obj
 0001:0000a030       ??1CPen@@UAE@XZ            1000b030 f i XColourPopup.obj
 0001:0000a040       ??1CXColourPopup@@UAE@XZ   1000b040 f   XColourPopup.obj
 0001:0000a0d0       ??_GCCommonDialog@@UAEPAXI@Z 1000b0d0 f i XColourPopup.obj
 0001:0000a0d0       ??_ECCommonDialog@@UAEPAXI@Z 1000b0d0 f i XColourPopup.obj
 0001:0000a120       ??_GCFont@@UAEPAXI@Z       1000b120 f i XColourPopup.obj
 0001:0000a120       ??_ECFont@@UAEPAXI@Z       1000b120 f i XColourPopup.obj
 0001:0000a160       ??_ECPen@@UAEPAXI@Z        1000b160 f i XColourPopup.obj
 0001:0000a160       ??_GCPen@@UAEPAXI@Z        1000b160 f i XColourPopup.obj
 0001:0000a1a0       ??_ECXColourPopup@@UAEPAXI@Z 1000b1a0 f i XColourPopup.obj
 0001:0000a1a0       ??_GCXColourPopup@@UAEPAXI@Z 1000b1a0 f i XColourPopup.obj
 0001:0000a260       ?ChangeSelection@CXColourPopup@@IAEXHH@Z 1000b260 f   XColourPopup.obj
 0001:0000a390       ?Create@CXColourPopup@@QAEHVCPoint@@KPAVCWnd@@PBD@Z 1000b390 f   XColourPopup.obj
 0001:0000a570       ?CreateToolTips@CXColourPopup@@IAEXXZ 1000b570 f   XColourPopup.obj
 0001:0000a6b0       ?DrawCell@CXColourPopup@@IAEXPAVCDC@@HH@Z 1000b6b0 f   XColourPopup.obj
 0001:0000a9a0       ?EndSelection@CXColourPopup@@IAEXH@Z 1000b9a0 f   XColourPopup.obj
 0001:0000acc0       ?GetCellRect@CXColourPopup@@IAEHHHABQAUtagRECT@@@Z 1000bcc0 f   XColourPopup.obj
 0001:0000ad50       ?GetMessageMap@CXColourPopup@@MBEPBUAFX_MSGMAP@@XZ 1000bd50 f   XColourPopup.obj
 0001:0000ad60       ?GetThisMessageMap@CXColourPopup@@KGPBUAFX_MSGMAP@@XZ 1000bd60 f   XColourPopup.obj
 0001:0000ad70       ?Init@CXColourPopup@@IAEXXZ 1000bd70 f   XColourPopup.obj
 0001:0000ae70       ?OnKeyDown@CXColourPopup@@IAEXIII@Z 1000be70 f   XColourPopup.obj
 0001:0000afa0       ?OnLButtonUp@CXColourPopup@@IAEXIVCPoint@@@Z 1000bfa0 f   XColourPopup.obj
 0001:0000afe0       ?OnMouseMove@CXColourPopup@@IAEXIVCPoint@@@Z 1000bfe0 f   XColourPopup.obj
 0001:0000b1d0       ?OnNcDestroy@CXColourPopup@@IAEXXZ 1000c1d0 f   XColourPopup.obj
 0001:0000b1f0       ?OnPaint@CXColourPopup@@IAEXXZ 1000c1f0 f   XColourPopup.obj
 0001:0000b2b0       ?PreTranslateMessage@CXColourPopup@@UAEHPAUtagMSG@@@Z 1000c2b0 f   XColourPopup.obj
 0001:0000b2e0       ?SetWindowSize@CXColourPopup@@IAEXXZ 1000c2e0 f   XColourPopup.obj
 0001:0000b550       ??0CXEditPrompt@@QAE@XZ    1000c550 f   XEditPrompt.obj
 0001:0000b5e0       ??1CXEditPrompt@@UAE@XZ    1000c5e0 f   XEditPrompt.obj
 0001:0000b660       ??_ECEdit@@UAEPAXI@Z       1000c660 f i XEditPrompt.obj
 0001:0000b660       ??_GCEdit@@UAEPAXI@Z       1000c660 f i XEditPrompt.obj
 0001:0000b6a0       ??_ECXEditPrompt@@UAEPAXI@Z 1000c6a0 f i XEditPrompt.obj
 0001:0000b6a0       ??_GCXEditPrompt@@UAEPAXI@Z 1000c6a0 f i XEditPrompt.obj
 0001:0000b750       ?CtlColor@CXEditPrompt@@IAEPAUHBRUSH__@@PAVCDC@@I@Z 1000c750 f   XEditPrompt.obj
 0001:0000b790       ?DefWindowProcA@CXEditPrompt@@MAEJIIJ@Z 1000c790 f   XEditPrompt.obj
 0001:0000b820       ?GetMessageMap@CXEditPrompt@@MBEPBUAFX_MSGMAP@@XZ 1000c820 f   XEditPrompt.obj
 0001:0000b830       ?GetThisMessageMap@CXEditPrompt@@KGPBUAFX_MSGMAP@@XZ 1000c830 f   XEditPrompt.obj
 0001:0000b840       ?GetWindowTextA@CXEditPrompt@@QBEHPADH@Z 1000c840 f   XEditPrompt.obj
 0001:0000b870       ?GetWindowTextA@CXEditPrompt@@QBEXAAV?$CStringT@DV?$StrTraitMFC_DLL@DV?$ChTraitsCRT@D@ATL@@@@@ATL@@@Z 1000c870 f   XEditPrompt.obj
 0001:0000b8a0       ?OnKeyDown@CXEditPrompt@@IAEXIII@Z 1000c8a0 f   XEditPrompt.obj
 0001:0000b8f0       ?OnLButtonDown@CXEditPrompt@@IAEXIVCPoint@@@Z 1000c8f0 f   XEditPrompt.obj
 0001:0000b940       ?OnMButtonDown@CXEditPrompt@@IAEXIVCPoint@@@Z 1000c940 f   XEditPrompt.obj
 0001:0000b990       ?OnRButtonDown@CXEditPrompt@@IAEXIVCPoint@@@Z 1000c990 f   XEditPrompt.obj
 0001:0000b9e0       ?OnSetFocus@CXEditPrompt@@IAEXPAVCWnd@@@Z 1000c9e0 f   XEditPrompt.obj
 0001:0000ba30       ?PreSubclassWindow@CXEditPrompt@@MAEXXZ 1000ca30 f   XEditPrompt.obj
 0001:0000bac0       ?Reset@CXEditPrompt@@QAEXXZ 1000cac0 f   XEditPrompt.obj
 0001:0000bb40       ?SetPromptColor@CXEditPrompt@@QAEXK@Z 1000cb40 f   XEditPrompt.obj
 0001:0000bb50       ?SetPromptText@CXEditPrompt@@QAEXPBD@Z 1000cb50 f   XEditPrompt.obj
 0001:0000bbc0       ?SetWindowTextA@CXEditPrompt@@QAEXPBD@Z 1000cbc0 f   XEditPrompt.obj
 0001:0000bc10       ??0CExGridCtrl@@QAE@HHHH@Z 1000cc10 f   ExGridLib:ExGridCtrl.obj
 0001:0000bdb0       ??0CLoaderGridCtrl@@QAE@PAXPBD@Z 1000cdb0 f i ExGridLib:ExGridCtrl.obj
 0001:0000cb80       ??1CExGridCtrl@@UAE@XZ     1000db80 f   ExGridLib:ExGridCtrl.obj
 0001:0000cc10       ??1CExLoadLib@@QAE@XZ      1000dc10 f i ExGridLib:ExGridCtrl.obj
 0001:0000cc30       ??1CLoaderGridCtrl@@UAE@XZ 1000dc30 f i ExGridLib:ExGridCtrl.obj
 0001:0000cca0       ??_9CExGridCtrl@@$BBIM@AE  1000dca0 f i ExGridLib:ExGridCtrl.obj
 0001:0000cca8       ??_9CExGridCtrl@@$BBJA@AE  1000dca8 f i ExGridLib:ExGridCtrl.obj
 0001:0000ccb0       ??_9CExGridCtrl@@$BBJE@AE  1000dcb0 f i ExGridLib:ExGridCtrl.obj
 0001:0000ccb8       ??_9CExGridCtrl@@$BBJI@AE  1000dcb8 f i ExGridLib:ExGridCtrl.obj
 0001:0000ccc0       ??_GCExGridCtrl@@UAEPAXI@Z 1000dcc0 f i ExGridLib:ExGridCtrl.obj
 0001:0000ccc0       ??_ECExGridCtrl@@UAEPAXI@Z 1000dcc0 f i ExGridLib:ExGridCtrl.obj
 0001:0000cd90       ??_GCLoaderGridCtrl@@UAEPAXI@Z 1000dd90 f i ExGridLib:ExGridCtrl.obj
 0001:0000cd90       ??_ECLoaderGridCtrl@@UAEPAXI@Z 1000dd90 f i ExGridLib:ExGridCtrl.obj
 0001:0000ce20       ?ActionControl@CExGridCtrl@@QAEJPAX@Z 1000de20 f   ExGridLib:ExGridCtrl.obj
 0001:0000ce50       ?AutoFill@CExGridCtrl@@QAEXXZ 1000de50 f   ExGridLib:ExGridCtrl.obj
 0001:0000ce70       ?AutoSize@CExGridCtrl@@QAEXI@Z 1000de70 f   ExGridLib:ExGridCtrl.obj
 0001:0000cea0       ?AutoSizeColumn@CExGridCtrl@@QAEHHIH@Z 1000dea0 f   ExGridLib:ExGridCtrl.obj
 0001:0000ced0       ?AutoSizeColumns@CExGridCtrl@@QAEXI@Z 1000ded0 f   ExGridLib:ExGridCtrl.obj
 0001:0000cf00       ?AutoSizeRow@CExGridCtrl@@QAEHHH@Z 1000df00 f   ExGridLib:ExGridCtrl.obj
 0001:0000cf30       ?AutoSizeRows@CExGridCtrl@@QAEXXZ 1000df30 f   ExGridLib:ExGridCtrl.obj
 0001:0000cf50       ?ClearCells@CExGridCtrl@@QAEXVCCellRange@@@Z 1000df50 f   ExGridLib:ExGridCtrl.obj
 0001:0000cf80       ?CopyTextFromGrid@CExGridCtrl@@UAEPAVCOleDataSource@@XZ 1000df80 f   ExGridLib:ExGridCtrl.obj
 0001:0000cfa0       ?Create@CExGridCtrl@@QAEHAAUtagRECT@@PAVCWnd@@IK@Z 1000dfa0 f   ExGridLib:ExGridCtrl.obj
 0001:0000d050       ?CreateCell@CExGridCtrl@@MAEPAVCGridCellBase@@HH@Z 1000e050 f   ExGridLib:ExGridCtrl.obj
 0001:0000d080       ?CreateDragImage@CExGridCtrl@@MAEPAVCImageList@@PAVCPoint@@@Z 1000e080 f   ExGridLib:ExGridCtrl.obj
 0001:0000d0b0       ?CreateObject@CExGridCtrl@@SGPAVCObject@@XZ 1000e0b0 f   ExGridLib:ExGridCtrl.obj
 0001:0000d270       ?CutSelectedText@CExGridCtrl@@UAEXXZ 1000e270 f   ExGridLib:ExGridCtrl.obj
 0001:0000d290       ?DeleteAllItems@CExGridCtrl@@QAEHXZ 1000e290 f   ExGridLib:ExGridCtrl.obj
 0001:0000d2b0       ?DeleteColumn@CExGridCtrl@@QAEHH@Z 1000e2b0 f   ExGridLib:ExGridCtrl.obj
 0001:0000d2e0       ?DeleteNonFixedRows@CExGridCtrl@@QAEHXZ 1000e2e0 f   ExGridLib:ExGridCtrl.obj
 0001:0000d300       ?DeleteRow@CExGridCtrl@@QAEHH@Z 1000e300 f   ExGridLib:ExGridCtrl.obj
 0001:0000d330       ?DestroyCell@CExGridCtrl@@MAEXHH@Z 1000e330 f   ExGridLib:ExGridCtrl.obj
 0001:0000d360       ?EnableColumnHide@CExGridCtrl@@QAEXH@Z 1000e360 f   ExGridLib:ExGridCtrl.obj
 0001:0000d390       ?EnableDragAndDrop@CExGridCtrl@@QAEXH@Z 1000e390 f   ExGridLib:ExGridCtrl.obj
 0001:0000d3c0       ?EnableHiddenColUnhide@CExGridCtrl@@QAEXH@Z 1000e3c0 f   ExGridLib:ExGridCtrl.obj
 0001:0000d3f0       ?EnableHiddenRowUnhide@CExGridCtrl@@QAEXH@Z 1000e3f0 f   ExGridLib:ExGridCtrl.obj
 0001:0000d420       ?EnableRowHide@CExGridCtrl@@QAEXH@Z 1000e420 f   ExGridLib:ExGridCtrl.obj
 0001:0000d450       ?EnableScrollBars@CExGridCtrl@@IAEXHH@Z 1000e450 f   ExGridLib:ExGridCtrl.obj
 0001:0000d480       ?EnableSelection@CExGridCtrl@@QAEXH@Z 1000e480 f   ExGridLib:ExGridCtrl.obj
 0001:0000d4b0       ?EnableTitleTips@CExGridCtrl@@QAEXH@Z 1000e4b0 f   ExGridLib:ExGridCtrl.obj
 0001:0000d4e0       ?EndEditing@CExGridCtrl@@MAEXXZ 1000e4e0 f   ExGridLib:ExGridCtrl.obj
 0001:0000d500       ?EnsureVisible@CExGridCtrl@@QAEXAAVCCellID@@@Z 1000e500 f   ExGridLib:ExGridCtrl.obj
 0001:0000d530       ?EnsureVisible@CExGridCtrl@@QAEXHH@Z 1000e530 f   ExGridLib:ExGridCtrl.obj
 0001:0000d560       ?EraseBkgnd@CExGridCtrl@@IAEXPAVCDC@@@Z 1000e560 f   ExGridLib:ExGridCtrl.obj
 0001:0000d590       ?ExpandColumnsToFit@CExGridCtrl@@QAEXH@Z 1000e590 f   ExGridLib:ExGridCtrl.obj
 0001:0000d5c0       ?ExpandLastColumn@CExGridCtrl@@QAEXXZ 1000e5c0 f   ExGridLib:ExGridCtrl.obj
 0001:0000d5e0       ?ExpandRowsToFit@CExGridCtrl@@QAEXH@Z 1000e5e0 f   ExGridLib:ExGridCtrl.obj
 0001:0000d610       ?ExpandToFit@CExGridCtrl@@QAEXH@Z 1000e610 f   ExGridLib:ExGridCtrl.obj
 0001:0000d640       ?GetAutoSizeStyle@CExGridCtrl@@QAEHXZ 1000e640 f   ExGridLib:ExGridCtrl.obj
 0001:0000d660       ?GetBkColor@CExGridCtrl@@QAEKXZ 1000e660 f   ExGridLib:ExGridCtrl.obj
 0001:0000d680       ?GetCallbackFunc@CExGridCtrl@@QAEP6GHPAUtagGV_DISPINFO@@J@ZXZ 1000e680 f   ExGridLib:ExGridCtrl.obj
 0001:0000d6a0       ?GetCell@CExGridCtrl@@QAEPAVCGridCellBase@@HH@Z 1000e6a0 f   ExGridLib:ExGridCtrl.obj
 0001:0000d6d0       ?GetCellFromPt@CExGridCtrl@@QAE?AVCCellID@@VCPoint@@H@Z 1000e6d0 f   ExGridLib:ExGridCtrl.obj
 0001:0000d730       ?GetCellOrigin@CExGridCtrl@@QAEHAAVCCellID@@PAUtagPOINT@@@Z 1000e730 f   ExGridLib:ExGridCtrl.obj
 0001:0000d760       ?GetCellOrigin@CExGridCtrl@@QAEHHHPAUtagPOINT@@@Z 1000e760 f   ExGridLib:ExGridCtrl.obj
 0001:0000d790       ?GetCellRange@CExGridCtrl@@QAE?AVCCellRange@@XZ 1000e790 f   ExGridLib:ExGridCtrl.obj
 0001:0000d7f0       ?GetCellRangeRect@CExGridCtrl@@IAEHAAVCCellRange@@PAUtagRECT@@@Z 1000e7f0 f   ExGridLib:ExGridCtrl.obj
 0001:0000d820       ?GetCellRect@CExGridCtrl@@QAEHAAVCCellID@@PAUtagRECT@@@Z 1000e820 f   ExGridLib:ExGridCtrl.obj
 0001:0000d850       ?GetCellRect@CExGridCtrl@@QAEHHHPAUtagRECT@@@Z 1000e850 f   ExGridLib:ExGridCtrl.obj
 0001:0000d880       ?GetColumnCount@CExGridCtrl@@QAEHXZ 1000e880 f   ExGridLib:ExGridCtrl.obj
 0001:0000d8a0       ?GetColumnHide@CExGridCtrl@@QAEHXZ 1000e8a0 f   ExGridLib:ExGridCtrl.obj
 0001:0000d8c0       ?GetColumnResize@CExGridCtrl@@QAEHXZ 1000e8c0 f   ExGridLib:ExGridCtrl.obj
 0001:0000d8e0       ?GetColumnWidth@CExGridCtrl@@QAEHH@Z 1000e8e0 f   ExGridLib:ExGridCtrl.obj
 0001:0000d910       ?GetDefCellHeight@CExGridCtrl@@QAEHXZ 1000e910 f   ExGridLib:ExGridCtrl.obj
 0001:0000d930       ?GetDefCellMargin@CExGridCtrl@@QAEHXZ 1000e930 f   ExGridLib:ExGridCtrl.obj
 0001:0000d950       ?GetDefCellWidth@CExGridCtrl@@QAEHXZ 1000e950 f   ExGridLib:ExGridCtrl.obj
 0001:0000d970       ?GetDefaultCell@CExGridCtrl@@QAEPAVCGridCellBase@@HH@Z 1000e970 f   ExGridLib:ExGridCtrl.obj
 0001:0000d9a0       ?GetDoubleBuffering@CExGridCtrl@@QAEHXZ 1000e9a0 f   ExGridLib:ExGridCtrl.obj
 0001:0000d9c0       ?GetDragAndDrop@CExGridCtrl@@QAEHXZ 1000e9c0 f   ExGridLib:ExGridCtrl.obj
 0001:0000d9e0       ?GetFixedBkColor@CExGridCtrl@@QAEKXZ 1000e9e0 f   ExGridLib:ExGridCtrl.obj
 0001:0000da00       ?GetFixedColumnCount@CExGridCtrl@@QAEHXZ 1000ea00 f   ExGridLib:ExGridCtrl.obj
 0001:0000da20       ?GetFixedColumnSelection@CExGridCtrl@@QAEHXZ 1000ea20 f   ExGridLib:ExGridCtrl.obj
 0001:0000da40       ?GetFixedColumnWidth@CExGridCtrl@@QAEHXZ 1000ea40 f   ExGridLib:ExGridCtrl.obj
 0001:0000da60       ?GetFixedGridLineColor_Dark@CExGridCtrl@@QAEKXZ 1000ea60 f   ExGridLib:ExGridCtrl.obj
 0001:0000da80       ?GetFixedGridLineColor_Light@CExGridCtrl@@QAEKXZ 1000ea80 f   ExGridLib:ExGridCtrl.obj
 0001:0000daa0       ?GetFixedRowCount@CExGridCtrl@@QAEHXZ 1000eaa0 f   ExGridLib:ExGridCtrl.obj
 0001:0000dac0       ?GetFixedRowHeight@CExGridCtrl@@QAEHXZ 1000eac0 f   ExGridLib:ExGridCtrl.obj
 0001:0000dae0       ?GetFixedRowSelection@CExGridCtrl@@QAEHXZ 1000eae0 f   ExGridLib:ExGridCtrl.obj
 0001:0000db00       ?GetFixedRowSelectionHighlight@CExGridCtrl@@QAEHXZ 1000eb00 f   ExGridLib:ExGridCtrl.obj
 0001:0000db20       ?GetFixedTextColor@CExGridCtrl@@QAEKXZ 1000eb20 f   ExGridLib:ExGridCtrl.obj
 0001:0000db40       ?GetFocusCell@CExGridCtrl@@QAE?AVCCellID@@XZ 1000eb40 f   ExGridLib:ExGridCtrl.obj
 0001:0000db90       ?GetFrameFocusCell@CExGridCtrl@@QAEHXZ 1000eb90 f   ExGridLib:ExGridCtrl.obj
 0001:0000dbb0       ?GetGridBkColor@CExGridCtrl@@QAEKXZ 1000ebb0 f   ExGridLib:ExGridCtrl.obj
 0001:0000dbd0       ?GetGridColor@CExGridCtrl@@QAEKXZ 1000ebd0 f   ExGridLib:ExGridCtrl.obj
 0001:0000dbf0       ?GetGridLineColor@CExGridCtrl@@QAEKXZ 1000ebf0 f   ExGridLib:ExGridCtrl.obj
 0001:0000dc10       ?GetGridLines@CExGridCtrl@@QAEHXZ 1000ec10 f   ExGridLib:ExGridCtrl.obj
 0001:0000dc30       ?GetHandleTabKey@CExGridCtrl@@QAEHXZ 1000ec30 f   ExGridLib:ExGridCtrl.obj
 0001:0000dc50       ?GetHeaderSort@CExGridCtrl@@QAEHXZ 1000ec50 f   ExGridLib:ExGridCtrl.obj
 0001:0000dc70       ?GetHiddenColUnhide@CExGridCtrl@@QAEHXZ 1000ec70 f   ExGridLib:ExGridCtrl.obj
 0001:0000dc90       ?GetHiddenRowUnhide@CExGridCtrl@@QAEHXZ 1000ec90 f   ExGridLib:ExGridCtrl.obj
 0001:0000dcb0       ?GetHighlightColor@CExGridCtrl@@QAEKXZ 1000ecb0 f   ExGridLib:ExGridCtrl.obj
 0001:0000dcd0       ?GetHighlightTextColor@CExGridCtrl@@QAEKXZ 1000ecd0 f   ExGridLib:ExGridCtrl.obj
 0001:0000dcf0       ?GetImageList@CExGridCtrl@@QAEPAVCImageList@@XZ 1000ecf0 f   ExGridLib:ExGridCtrl.obj
 0001:0000dd10       ?GetItem@CExGridCtrl@@QAEHPAU_GV_ITEM@@@Z 1000ed10 f   ExGridLib:ExGridCtrl.obj
 0001:0000dd40       ?GetItemBkColour@CExGridCtrl@@QAEKHH@Z 1000ed40 f   ExGridLib:ExGridCtrl.obj
 0001:0000dd70       ?GetItemData@CExGridCtrl@@QAEJHH@Z 1000ed70 f   ExGridLib:ExGridCtrl.obj
 0001:0000dda0       ?GetItemFgColour@CExGridCtrl@@QAEKHH@Z 1000eda0 f   ExGridLib:ExGridCtrl.obj
 0001:0000ddd0       ?GetItemFont@CExGridCtrl@@QAEPAUtagLOGFONTA@@HH@Z 1000edd0 f   ExGridLib:ExGridCtrl.obj
 0001:0000de00       ?GetItemFormat@CExGridCtrl@@QAEIHH@Z 1000ee00 f   ExGridLib:ExGridCtrl.obj
 0001:0000de30       ?GetItemImage@CExGridCtrl@@QAEHHH@Z 1000ee30 f   ExGridLib:ExGridCtrl.obj
 0001:0000de60       ?GetItemState@CExGridCtrl@@QAEIHH@Z 1000ee60 f   ExGridLib:ExGridCtrl.obj
 0001:0000de90       ?GetItemText@CExGridCtrl@@QAE?AV?$CStringT@DV?$StrTraitMFC_DLL@DV?$ChTraitsCRT@D@ATL@@@@@ATL@@HH@Z 1000ee90 f   ExGridLib:ExGridCtrl.obj
 0001:0000df20       ?GetListMode@CExGridCtrl@@QAEHXZ 1000ef20 f   ExGridLib:ExGridCtrl.obj
 0001:0000df40       ?GetMessageMap@CExGridCtrl@@MBEPBUAFX_MSGMAP@@XZ 1000ef40 f   ExGridLib:ExGridCtrl.obj
 0001:0000df50       ?GetModified@CExGridCtrl@@QAEHHH@Z 1000ef50 f   ExGridLib:ExGridCtrl.obj
 0001:0000df80       ?GetMouseMode@CExGridCtrl@@IAEHXZ 1000ef80 f   ExGridLib:ExGridCtrl.obj
 0001:0000dfa0       ?GetMouseScrollLines@CExGridCtrl@@QAEIXZ 1000efa0 f   ExGridLib:ExGridCtrl.obj
 0001:0000dfc0       ?GetNextItem@CExGridCtrl@@QAE?AVCCellID@@AAV2@H@Z 1000efc0 f   ExGridLib:ExGridCtrl.obj
 0001:0000e020       ?GetPointClicked@CExGridCtrl@@IAE?AVCPoint@@HHAAV2@@Z 1000f020 f   ExGridLib:ExGridCtrl.obj
 0001:0000e080       ?GetRowCount@CExGridCtrl@@QAEHXZ 1000f080 f   ExGridLib:ExGridCtrl.obj
 0001:0000e0a0       ?GetRowHeight@CExGridCtrl@@QAEHH@Z 1000f0a0 f   ExGridLib:ExGridCtrl.obj
 0001:0000e0d0       ?GetRowHide@CExGridCtrl@@QAEHXZ 1000f0d0 f   ExGridLib:ExGridCtrl.obj
 0001:0000e0f0       ?GetRowResize@CExGridCtrl@@QAEHXZ 1000f0f0 f   ExGridLib:ExGridCtrl.obj
 0001:0000e110       ?GetRuntimeClass@CExGridCtrl@@UBEPAUCRuntimeClass@@XZ 1000f110 f   ExGridLib:ExGridCtrl.obj
 0001:0000e120       ?GetScrollPos32@CExGridCtrl@@IAEHHH@Z 1000f120 f   ExGridLib:ExGridCtrl.obj
 0001:0000e150       ?GetSelectedCellRange@CExGridCtrl@@QAE?AVCCellRange@@XZ 1000f150 f   ExGridLib:ExGridCtrl.obj
 0001:0000e1b0       ?GetSelectedCount@CExGridCtrl@@QAEHXZ 1000f1b0 f   ExGridLib:ExGridCtrl.obj
 0001:0000e1d0       ?GetSingleColSelection@CExGridCtrl@@QAEHXZ 1000f1d0 f   ExGridLib:ExGridCtrl.obj
 0001:0000e200       ?GetSingleRowSelection@CExGridCtrl@@QAEHXZ 1000f200 f   ExGridLib:ExGridCtrl.obj
 0001:0000e230       ?GetSortAscending@CExGridCtrl@@QAEHXZ 1000f230 f   ExGridLib:ExGridCtrl.obj
 0001:0000e260       ?GetSortColumn@CExGridCtrl@@QAEHXZ 1000f260 f   ExGridLib:ExGridCtrl.obj
 0001:0000e280       ?GetTextBkColor@CExGridCtrl@@QAEKXZ 1000f280 f   ExGridLib:ExGridCtrl.obj
 0001:0000e2a0       ?GetTextColor@CExGridCtrl@@QAEKXZ 1000f2a0 f   ExGridLib:ExGridCtrl.obj
 0001:0000e2c0       ?GetTextExtent@CExGridCtrl@@QAE?AVCSize@@HHPBD@Z 1000f2c0 f   ExGridLib:ExGridCtrl.obj
 0001:0000e320       ?GetTextRect@CExGridCtrl@@QAEHAAVCCellID@@PAUtagRECT@@@Z 1000f320 f   ExGridLib:ExGridCtrl.obj
 0001:0000e350       ?GetTextRect@CExGridCtrl@@QAEHHHPAUtagRECT@@@Z 1000f350 f   ExGridLib:ExGridCtrl.obj
 0001:0000e380       ?GetThisClass@CExGridCtrl@@SGPAUCRuntimeClass@@XZ 1000f380 f   ExGridLib:ExGridCtrl.obj
 0001:0000e390       ?GetThisMessageMap@CExGridCtrl@@KGPBUAFX_MSGMAP@@XZ 1000f390 f   ExGridLib:ExGridCtrl.obj
 0001:0000e3a0       ?GetTitleTipBackClr@CExGridCtrl@@QAEKXZ 1000f3a0 f   ExGridLib:ExGridCtrl.obj
 0001:0000e3c0       ?GetTitleTipTextClr@CExGridCtrl@@QAEKXZ 1000f3c0 f   ExGridLib:ExGridCtrl.obj
 0001:0000e3e0       ?GetTitleTips@CExGridCtrl@@QAEHXZ 1000f3e0 f   ExGridLib:ExGridCtrl.obj
 0001:0000e400       ?GetTopleftNonFixedCell@CExGridCtrl@@IAE?AVCCellID@@H@Z 1000f400 f   ExGridLib:ExGridCtrl.obj
 0001:0000e450       ?GetTrackFocusCell@CExGridCtrl@@QAEHXZ 1000f450 f   ExGridLib:ExGridCtrl.obj
 0001:0000e470       ?GetUnobstructedNonFixedCellRange@CExGridCtrl@@IAE?AVCCellRange@@H@Z 1000f470 f   ExGridLib:ExGridCtrl.obj
 0001:0000e4d0       ?GetUseFocusRect@CExGridCtrl@@QAEHXZ 1000f4d0 f   ExGridLib:ExGridCtrl.obj
 0001:0000e4f0       ?GetUseHighlightText@CExGridCtrl@@QAEHXZ 1000f4f0 f   ExGridLib:ExGridCtrl.obj
 0001:0000e510       ?GetVirtualHeight@CExGridCtrl@@QAEJXZ 1000f510 f   ExGridLib:ExGridCtrl.obj
 0001:0000e530       ?GetVirtualMode@CExGridCtrl@@QAEHXZ 1000f530 f   ExGridLib:ExGridCtrl.obj
 0001:0000e550       ?GetVirtualWidth@CExGridCtrl@@QAEJXZ 1000f550 f   ExGridLib:ExGridCtrl.obj
 0001:0000e570       ?GetVisibleNonFixedCellRange@CExGridCtrl@@IAE?AVCCellRange@@PAUtagRECT@@H@Z 1000f570 f   ExGridLib:ExGridCtrl.obj
 0001:0000e5d0       ?Initialise@CExGridCtrl@@IAEHXZ 1000f5d0 f   ExGridLib:ExGridCtrl.obj
 0001:0000e5f0       ?InsertColumn@CExGridCtrl@@QAEHPBDIH@Z 1000f5f0 f   ExGridLib:ExGridCtrl.obj
 0001:0000e630       ?InsertRow@CExGridCtrl@@QAEHPBDH@Z 1000f630 f   ExGridLib:ExGridCtrl.obj
 0001:0000e660       ?InvalidateCellRect@CExGridCtrl@@IAEHAAVCCellID@@@Z 1000f660 f   ExGridLib:ExGridCtrl.obj
 0001:0000e690       ?InvalidateCellRect@CExGridCtrl@@IAEHAAVCCellRange@@@Z 1000f690 f   ExGridLib:ExGridCtrl.obj
 0001:0000e6c0       ?InvalidateCellRect@CExGridCtrl@@IAEHHH@Z 1000f6c0 f   ExGridLib:ExGridCtrl.obj
 0001:0000e6f0       ?IsCellEditable@CExGridCtrl@@QAEHAAVCCellID@@@Z 1000f6f0 f   ExGridLib:ExGridCtrl.obj
 0001:0000e720       ?IsCellEditable@CExGridCtrl@@QAEHHH@Z 1000f720 f   ExGridLib:ExGridCtrl.obj
 0001:0000e750       ?IsCellFixed@CExGridCtrl@@QAEHHH@Z 1000f750 f   ExGridLib:ExGridCtrl.obj
 0001:0000e780       ?IsCellSelected@CExGridCtrl@@QAEHAAVCCellID@@@Z 1000f780 f   ExGridLib:ExGridCtrl.obj
 0001:0000e7b0       ?IsCellSelected@CExGridCtrl@@QAEHHH@Z 1000f7b0 f   ExGridLib:ExGridCtrl.obj
 0001:0000e7e0       ?IsCellVisible@CExGridCtrl@@QAEHHH@Z 1000f7e0 f   ExGridLib:ExGridCtrl.obj
 0001:0000e810       ?IsCellVisible@CExGridCtrl@@QAEHVCCellID@@@Z 1000f810 f   ExGridLib:ExGridCtrl.obj
 0001:0000e840       ?IsDefaultReadOnly@CExGridCtrl@@QAEHXZ 1000f840 f   ExGridLib:ExGridCtrl.obj
 0001:0000e860       ?IsEditable@CExGridCtrl@@QAEHXZ 1000f860 f   ExGridLib:ExGridCtrl.obj
 0001:0000e880       ?IsItemEditing@CExGridCtrl@@QAEHHH@Z 1000f880 f   ExGridLib:ExGridCtrl.obj
 0001:0000e8b0       ?IsSelectable@CExGridCtrl@@QAEHXZ 1000f8b0 f   ExGridLib:ExGridCtrl.obj
 0001:0000e8d0       ?IsValid@CExGridCtrl@@QAEHAAVCCellID@@@Z 1000f8d0 f   ExGridLib:ExGridCtrl.obj
 0001:0000e900       ?IsValid@CExGridCtrl@@QAEHAAVCCellRange@@@Z 1000f900 f   ExGridLib:ExGridCtrl.obj
 0001:0000e930       ?IsValid@CExGridCtrl@@QAEHHH@Z 1000f930 f   ExGridLib:ExGridCtrl.obj
 0001:0000e960       ?IsVisibleHScroll@CExGridCtrl@@IAEHXZ 1000f960 f   ExGridLib:ExGridCtrl.obj
 0001:0000e980       ?IsVisibleVScroll@CExGridCtrl@@IAEHXZ 1000f980 f   ExGridLib:ExGridCtrl.obj
 0001:0000e9a0       ?Load@CExGridCtrl@@QAEHPBDD@Z 1000f9a0 f   ExGridLib:ExGridCtrl.obj
 0001:0000e9d0       ?LoadProcAddress@CExLoadLib@@UAEHXZ 1000f9d0 f i ExGridLib:ExGridCtrl.obj
 0001:0000e9e0       ?LoadProcAddress@CLoaderGridCtrl@@UAEHXZ 1000f9e0 f i ExGridLib:ExGridCtrl.obj
 0001:0000fc70       ?MouseOverColumnResizeArea@CExGridCtrl@@IAEHAAVCPoint@@@Z 10010c70 f   ExGridLib:ExGridCtrl.obj
 0001:0000fca0       ?MouseOverRowResizeArea@CExGridCtrl@@IAEHAAVCPoint@@@Z 10010ca0 f   ExGridLib:ExGridCtrl.obj
 0001:0000fcd0       ?OnBeginDrag@CExGridCtrl@@UAEXXZ 10010cd0 f   ExGridLib:ExGridCtrl.obj
 0001:0000fcf0       ?OnCaptureChanged@CExGridCtrl@@IAEXPAVCWnd@@@Z 10010cf0 f   ExGridLib:ExGridCtrl.obj
 0001:0000fd20       ?OnChar@CExGridCtrl@@IAEXIII@Z 10010d20 f   ExGridLib:ExGridCtrl.obj
 0001:0000fd50       ?OnContextMenu@CExGridCtrl@@IAEXPAVCWnd@@VCPoint@@@Z 10010d50 f   ExGridLib:ExGridCtrl.obj
 0001:0000fd80       ?OnDragEnter@CExGridCtrl@@UAEKPAVCOleDataObject@@KVCPoint@@@Z 10010d80 f   ExGridLib:ExGridCtrl.obj
 0001:0000fdc0       ?OnDragLeave@CExGridCtrl@@UAEXXZ 10010dc0 f   ExGridLib:ExGridCtrl.obj
 0001:0000fde0       ?OnDragOver@CExGridCtrl@@UAEKPAVCOleDataObject@@KVCPoint@@@Z 10010de0 f   ExGridLib:ExGridCtrl.obj
 0001:0000fe20       ?OnDraw@CExGridCtrl@@MAEXPAVCDC@@@Z 10010e20 f   ExGridLib:ExGridCtrl.obj
 0001:0000fe50       ?OnDrop@CExGridCtrl@@UAEHPAVCOleDataObject@@KVCPoint@@@Z 10010e50 f   ExGridLib:ExGridCtrl.obj
 0001:0000fe90       ?OnEditCell@CExGridCtrl@@MAEXHHVCPoint@@I@Z 10010e90 f   ExGridLib:ExGridCtrl.obj
 0001:0000fec0       ?OnEditCopy@CExGridCtrl@@UAEXXZ 10010ec0 f   ExGridLib:ExGridCtrl.obj
 0001:0000fee0       ?OnEditCut@CExGridCtrl@@UAEXXZ 10010ee0 f   ExGridLib:ExGridCtrl.obj
 0001:0000ff00       ?OnEditPaste@CExGridCtrl@@UAEXXZ 10010f00 f   ExGridLib:ExGridCtrl.obj
 0001:0000ff20       ?OnEditSelectAll@CExGridCtrl@@UAEXXZ 10010f20 f   ExGridLib:ExGridCtrl.obj
 0001:0000ff40       ?OnEndEditCell@CExGridCtrl@@MAEXHHV?$CStringT@DV?$StrTraitMFC_DLL@DV?$ChTraitsCRT@D@ATL@@@@@ATL@@@Z 10010f40 f   ExGridLib:ExGridCtrl.obj
 0001:0000ffe0       ?OnEndInPlaceEdit@CExGridCtrl@@IAEXPAUtagNMHDR@@PAJ@Z 10010fe0 f   ExGridLib:ExGridCtrl.obj
 0001:00010010       ?OnEraseBkgnd@CExGridCtrl@@IAEHPAVCDC@@@Z 10011010 f   ExGridLib:ExGridCtrl.obj
 0001:00010040       ?OnFixedColumnClick@CExGridCtrl@@MAEXAAVCCellID@@@Z 10011040 f   ExGridLib:ExGridCtrl.obj
 0001:00010070       ?OnFixedRowClick@CExGridCtrl@@MAEXAAVCCellID@@@Z 10011070 f   ExGridLib:ExGridCtrl.obj
 0001:000100a0       ?OnGetDlgCode@CExGridCtrl@@IAEIXZ 100110a0 f   ExGridLib:ExGridCtrl.obj
 0001:000100c0       ?OnGetFont@CExGridCtrl@@IAEJIJ@Z 100110c0 f   ExGridLib:ExGridCtrl.obj
 0001:000100f0       ?OnHScroll@CExGridCtrl@@IAEXIIPAVCScrollBar@@@Z 100110f0 f   ExGridLib:ExGridCtrl.obj
 0001:00010120       ?OnImeChar@CExGridCtrl@@IAEJIJ@Z 10011120 f   ExGridLib:ExGridCtrl.obj
 0001:00010150       ?OnKeyDown@CExGridCtrl@@IAEXIII@Z 10011150 f   ExGridLib:ExGridCtrl.obj
 0001:00010180       ?OnKeyUp@CExGridCtrl@@IAEXIII@Z 10011180 f   ExGridLib:ExGridCtrl.obj
 0001:000101b0       ?OnLButtonDblClk@CExGridCtrl@@IAEXIVCPoint@@@Z 100111b0 f   ExGridLib:ExGridCtrl.obj
 0001:000101e0       ?OnLButtonDown@CExGridCtrl@@IAEXIVCPoint@@@Z 100111e0 f   ExGridLib:ExGridCtrl.obj
 0001:00010210       ?OnLButtonUp@CExGridCtrl@@IAEXIVCPoint@@@Z 10011210 f   ExGridLib:ExGridCtrl.obj
 0001:00010240       ?OnMouseMove@CExGridCtrl@@IAEXIVCPoint@@@Z 10011240 f   ExGridLib:ExGridCtrl.obj
 0001:00010270       ?OnMouseWheel@CExGridCtrl@@IAEHIFVCPoint@@@Z 10011270 f   ExGridLib:ExGridCtrl.obj
 0001:000102b0       ?OnPaint@CExGridCtrl@@IAEXXZ 100112b0 f   ExGridLib:ExGridCtrl.obj
 0001:000102d0       ?OnRButtonDown@CExGridCtrl@@IAEXIVCPoint@@@Z 100112d0 f   ExGridLib:ExGridCtrl.obj
 0001:00010300       ?OnRButtonUp@CExGridCtrl@@IAEXIVCPoint@@@Z 10011300 f   ExGridLib:ExGridCtrl.obj
 0001:00010330       ?OnSelecting@CExGridCtrl@@IAEXAAVCCellID@@@Z 10011330 f   ExGridLib:ExGridCtrl.obj
 0001:00010360       ?OnSetCursor@CExGridCtrl@@IAEHPAVCWnd@@II@Z 10011360 f   ExGridLib:ExGridCtrl.obj
 0001:00010390       ?OnSetFont@CExGridCtrl@@IAEJIJ@Z 10011390 f   ExGridLib:ExGridCtrl.obj
 0001:000103c0       ?OnSettingChange@CExGridCtrl@@IAEXIPBD@Z 100113c0 f   ExGridLib:ExGridCtrl.obj
 0001:000103f0       ?OnSize@CExGridCtrl@@IAEXIHH@Z 100113f0 f   ExGridLib:ExGridCtrl.obj
 0001:00010420       ?OnSysColorChange@CExGridCtrl@@IAEXXZ 10011420 f   ExGridLib:ExGridCtrl.obj
 0001:00010440       ?OnSysKeyDown@CExGridCtrl@@IAEXIII@Z 10011440 f   ExGridLib:ExGridCtrl.obj
 0001:00010470       ?OnTimer@CExGridCtrl@@IAEXI@Z 10011470 f   ExGridLib:ExGridCtrl.obj
 0001:000104a0       ?OnUpdateEditCopy@CExGridCtrl@@IAEXPAVCCmdUI@@@Z 100114a0 f   ExGridLib:ExGridCtrl.obj
 0001:000104d0       ?OnUpdateEditCut@CExGridCtrl@@IAEXPAVCCmdUI@@@Z 100114d0 f   ExGridLib:ExGridCtrl.obj
 0001:00010500       ?OnUpdateEditPaste@CExGridCtrl@@IAEXPAVCCmdUI@@@Z 10011500 f   ExGridLib:ExGridCtrl.obj
 0001:00010530       ?OnUpdateEditSelectAll@CExGridCtrl@@IAEXPAVCCmdUI@@@Z 10011530 f   ExGridLib:ExGridCtrl.obj
 0001:00010560       ?OnVScroll@CExGridCtrl@@IAEXIIPAVCScrollBar@@@Z 10011560 f   ExGridLib:ExGridCtrl.obj
 0001:00010590       ?PasteTextToGrid@CExGridCtrl@@UAEHVCCellID@@PAVCOleDataObject@@H@Z 10011590 f   ExGridLib:ExGridCtrl.obj
 0001:000105d0       ?PreSubclassWindow@CExGridCtrl@@MAEXXZ 100115d0 f   ExGridLib:ExGridCtrl.obj
 0001:000105f0       ?RedrawCell@CExGridCtrl@@QAEHAAVCCellID@@PAVCDC@@@Z 100115f0 f   ExGridLib:ExGridCtrl.obj
 0001:00010620       ?RedrawCell@CExGridCtrl@@QAEHHHPAVCDC@@@Z 10011620 f   ExGridLib:ExGridCtrl.obj
 0001:00010650       ?RedrawColumn@CExGridCtrl@@QAEHH@Z 10011650 f   ExGridLib:ExGridCtrl.obj
 0001:00010680       ?RedrawRow@CExGridCtrl@@QAEHH@Z 10011680 f   ExGridLib:ExGridCtrl.obj
 0001:000106b0       ?Refresh@CExGridCtrl@@QAEXXZ 100116b0 f   ExGridLib:ExGridCtrl.obj
 0001:000106d0       ?RegisterWindowClass@CExGridCtrl@@IAEHXZ 100116d0 f   ExGridLib:ExGridCtrl.obj
 0001:000106f0       ?ResetScrollBars@CExGridCtrl@@IAEXXZ 100116f0 f   ExGridLib:ExGridCtrl.obj
 0001:00010710       ?ResetSelectedRange@CExGridCtrl@@IAEXXZ 10011710 f   ExGridLib:ExGridCtrl.obj
 0001:00010730       ?Save@CExGridCtrl@@QAEHPBDD@Z 10011730 f   ExGridLib:ExGridCtrl.obj
 0001:00010760       ?SelectAllCells@CExGridCtrl@@IAEXXZ 10011760 f   ExGridLib:ExGridCtrl.obj
 0001:00010780       ?SelectCells@CExGridCtrl@@IAEXVCCellID@@HH@Z 10011780 f   ExGridLib:ExGridCtrl.obj
 0001:000107b0       ?SelectColumns@CExGridCtrl@@IAEXVCCellID@@HH@Z 100117b0 f   ExGridLib:ExGridCtrl.obj
 0001:000107e0       ?SelectRows@CExGridCtrl@@IAEXVCCellID@@HH@Z 100117e0 f   ExGridLib:ExGridCtrl.obj
 0001:00010810       ?SendCacheHintToParent@CExGridCtrl@@IAEJAAVCCellRange@@@Z 10011810 f   ExGridLib:ExGridCtrl.obj
 0001:00010840       ?SendDisplayRequestToParent@CExGridCtrl@@IAEJPAUtagGV_DISPINFO@@@Z 10011840 f   ExGridLib:ExGridCtrl.obj
 0001:00010870       ?SendMessageToParent@CExGridCtrl@@IAEJHHH@Z 10011870 f   ExGridLib:ExGridCtrl.obj
 0001:000108a0       ?SetAutoSizeStyle@CExGridCtrl@@QAEXH@Z 100118a0 f   ExGridLib:ExGridCtrl.obj
 0001:000108d0       ?SetBkColor@CExGridCtrl@@QAEXK@Z 100118d0 f   ExGridLib:ExGridCtrl.obj
 0001:00010900       ?SetCallbackFunc@CExGridCtrl@@QAEXP6GHPAUtagGV_DISPINFO@@J@ZJ@Z 10011900 f   ExGridLib:ExGridCtrl.obj
 0001:00010930       ?SetCell@CExGridCtrl@@IAEHHHPAVCGridCellBase@@@Z 10011930 f   ExGridLib:ExGridCtrl.obj
 0001:00010960       ?SetCellType@CExGridCtrl@@QAEHHHPAUCRuntimeClass@@@Z 10011960 f   ExGridLib:ExGridCtrl.obj
 0001:00010990       ?SetColumnCount@CExGridCtrl@@QAEHH@Z 10011990 f   ExGridLib:ExGridCtrl.obj
 0001:000109c0       ?SetColumnResize@CExGridCtrl@@QAEXH@Z 100119c0 f   ExGridLib:ExGridCtrl.obj
 0001:000109f0       ?SetColumnWidth@CExGridCtrl@@QAEHHH@Z 100119f0 f   ExGridLib:ExGridCtrl.obj
 0001:00010a20       ?SetCompareFunction@CExGridCtrl@@QAEXP6GHJJJ@Z@Z 10011a20 f   ExGridLib:ExGridCtrl.obj
 0001:00010a50       ?SetDefCellHeight@CExGridCtrl@@QAEXH@Z 10011a50 f   ExGridLib:ExGridCtrl.obj
 0001:00010a80       ?SetDefCellMargin@CExGridCtrl@@QAEXH@Z 10011a80 f   ExGridLib:ExGridCtrl.obj
 0001:00010ab0       ?SetDefCellWidth@CExGridCtrl@@QAEXH@Z 10011ab0 f   ExGridLib:ExGridCtrl.obj
 0001:00010ae0       ?SetDefaultCellType@CExGridCtrl@@QAEHPAUCRuntimeClass@@@Z 10011ae0 f   ExGridLib:ExGridCtrl.obj
 0001:00010b10       ?SetDefaultReadOnly@CExGridCtrl@@QAEXH@Z 10011b10 f   ExGridLib:ExGridCtrl.obj
 0001:00010b40       ?SetDoubleBuffering@CExGridCtrl@@QAEXH@Z 10011b40 f   ExGridLib:ExGridCtrl.obj
 0001:00010b70       ?SetDrawFixedLine@CExGridCtrl@@QAEXH@Z 10011b70 f   ExGridLib:ExGridCtrl.obj
 0001:00010ba0       ?SetEditable@CExGridCtrl@@QAEXH@Z 10011ba0 f   ExGridLib:ExGridCtrl.obj
 0001:00010bd0       ?SetFixedBkColor@CExGridCtrl@@QAEXK@Z 10011bd0 f   ExGridLib:ExGridCtrl.obj
 0001:00010c00       ?SetFixedColumnCount@CExGridCtrl@@QAEHH@Z 10011c00 f   ExGridLib:ExGridCtrl.obj
 0001:00010c30       ?SetFixedColumnSelection@CExGridCtrl@@QAEXH@Z 10011c30 f   ExGridLib:ExGridCtrl.obj
 0001:00010c60       ?SetFixedGridLineColor_Dark@CExGridCtrl@@QAEXK@Z 10011c60 f   ExGridLib:ExGridCtrl.obj
 0001:00010c90       ?SetFixedGridLineColor_Light@CExGridCtrl@@QAEXK@Z 10011c90 f   ExGridLib:ExGridCtrl.obj
 0001:00010cc0       ?SetFixedRowCount@CExGridCtrl@@QAEHH@Z 10011cc0 f   ExGridLib:ExGridCtrl.obj
 0001:00010cf0       ?SetFixedRowSelection@CExGridCtrl@@QAEXH@Z 10011cf0 f   ExGridLib:ExGridCtrl.obj
 0001:00010d20       ?SetFixedRowSelectionHighlight@CExGridCtrl@@QAEXH@Z 10011d20 f   ExGridLib:ExGridCtrl.obj
 0001:00010d50       ?SetFixedTextColor@CExGridCtrl@@QAEXK@Z 10011d50 f   ExGridLib:ExGridCtrl.obj
 0001:00010d80       ?SetFocusCell@CExGridCtrl@@QAE?AVCCellID@@HH@Z 10011d80 f   ExGridLib:ExGridCtrl.obj
 0001:00010de0       ?SetFocusCell@CExGridCtrl@@QAE?AVCCellID@@V2@@Z 10011de0 f   ExGridLib:ExGridCtrl.obj
 0001:00010e40       ?SetFrameFocusCell@CExGridCtrl@@QAEXH@Z 10011e40 f   ExGridLib:ExGridCtrl.obj
 0001:00010e70       ?SetGridBkColor@CExGridCtrl@@QAEXK@Z 10011e70 f   ExGridLib:ExGridCtrl.obj
 0001:00010ea0       ?SetGridColor@CExGridCtrl@@QAEXK@Z 10011ea0 f   ExGridLib:ExGridCtrl.obj
 0001:00010ed0       ?SetGridLineColor@CExGridCtrl@@QAEXK@Z 10011ed0 f   ExGridLib:ExGridCtrl.obj
 0001:00010f00       ?SetGridLines@CExGridCtrl@@QAEXH@Z 10011f00 f   ExGridLib:ExGridCtrl.obj
 0001:00010f30       ?SetGridScrollBarVisible@CExGridCtrl@@QAEXHH@Z 10011f30 f   ExGridLib:ExGridCtrl.obj
 0001:00010f60       ?SetHandleTabKey@CExGridCtrl@@QAEXH@Z 10011f60 f   ExGridLib:ExGridCtrl.obj
 0001:00010f90       ?SetHeaderSort@CExGridCtrl@@QAEXH@Z 10011f90 f   ExGridLib:ExGridCtrl.obj
 0001:00010fc0       ?SetHighlightColor@CExGridCtrl@@QAEXK@Z 10011fc0 f   ExGridLib:ExGridCtrl.obj
 0001:00010ff0       ?SetHighlightTextColor@CExGridCtrl@@QAEXK@Z 10011ff0 f   ExGridLib:ExGridCtrl.obj
 0001:00011020       ?SetImageList@CExGridCtrl@@QAEXPAVCImageList@@@Z 10012020 f   ExGridLib:ExGridCtrl.obj
 0001:00011050       ?SetItem@CExGridCtrl@@QAEHPAU_GV_ITEM@@@Z 10012050 f   ExGridLib:ExGridCtrl.obj
 0001:00011080       ?SetItemBkColour@CExGridCtrl@@QAEHHHK@Z 10012080 f   ExGridLib:ExGridCtrl.obj
 0001:000110b0       ?SetItemData@CExGridCtrl@@QAEHHHJ@Z 100120b0 f   ExGridLib:ExGridCtrl.obj
 0001:000110e0       ?SetItemFgColour@CExGridCtrl@@QAEHHHK@Z 100120e0 f   ExGridLib:ExGridCtrl.obj
 0001:00011110       ?SetItemFont@CExGridCtrl@@QAEHHHPAUtagLOGFONTA@@@Z 10012110 f   ExGridLib:ExGridCtrl.obj
 0001:00011140       ?SetItemFormat@CExGridCtrl@@QAEHHHI@Z 10012140 f   ExGridLib:ExGridCtrl.obj
 0001:00011170       ?SetItemImage@CExGridCtrl@@QAEHHHH@Z 10012170 f   ExGridLib:ExGridCtrl.obj
 0001:000111a0       ?SetItemState@CExGridCtrl@@QAEHHHI@Z 100121a0 f   ExGridLib:ExGridCtrl.obj
 0001:000111d0       ?SetItemText@CExGridCtrl@@QAEHHHPBD@Z 100121d0 f   ExGridLib:ExGridCtrl.obj
 0001:00011200       ?SetItemTextFmt@CExGridCtrl@@QAAHHHPBDZZ 10012200 f   ExGridLib:ExGridCtrl.obj
 0001:00011210       ?SetItemTextFmtID@CExGridCtrl@@QAAHHHIZZ 10012210 f   ExGridLib:ExGridCtrl.obj
 0001:00011220       ?SetListMode@CExGridCtrl@@QAEXH@Z 10012220 f   ExGridLib:ExGridCtrl.obj
 0001:00011250       ?SetModified@CExGridCtrl@@QAEXHHH@Z 10012250 f   ExGridLib:ExGridCtrl.obj
 0001:00011280       ?SetMouseMode@CExGridCtrl@@IAEHH@Z 10012280 f   ExGridLib:ExGridCtrl.obj
 0001:000112b0       ?SetRedraw@CExGridCtrl@@QAEXHH@Z 100122b0 f   ExGridLib:ExGridCtrl.obj
 0001:000112e0       ?SetRowCount@CExGridCtrl@@QAEHH@Z 100122e0 f   ExGridLib:ExGridCtrl.obj
 0001:00011310       ?SetRowHeight@CExGridCtrl@@QAEHHH@Z 10012310 f   ExGridLib:ExGridCtrl.obj
 0001:00011340       ?SetRowResize@CExGridCtrl@@QAEXH@Z 10012340 f   ExGridLib:ExGridCtrl.obj
 0001:00011370       ?SetScrollPos32@CExGridCtrl@@IAEHHHH@Z 10012370 f   ExGridLib:ExGridCtrl.obj
 0001:000113a0       ?SetSelectedRange@CExGridCtrl@@QAEXAAVCCellRange@@HH@Z 100123a0 f   ExGridLib:ExGridCtrl.obj
 0001:000113d0       ?SetSelectedRange@CExGridCtrl@@QAEXHHHHHH@Z 100123d0 f   ExGridLib:ExGridCtrl.obj
 0001:00011410       ?SetSingleColSelection@CExGridCtrl@@QAEXH@Z 10012410 f   ExGridLib:ExGridCtrl.obj
 0001:00011440       ?SetSingleRowSelection@CExGridCtrl@@QAEXH@Z 10012440 f   ExGridLib:ExGridCtrl.obj
 0001:00011470       ?SetSortAscending@CExGridCtrl@@QAEXH@Z 10012470 f   ExGridLib:ExGridCtrl.obj
 0001:000114a0       ?SetSortColumn@CExGridCtrl@@QAEXH@Z 100124a0 f   ExGridLib:ExGridCtrl.obj
 0001:000114d0       ?SetTextBkColor@CExGridCtrl@@QAEXK@Z 100124d0 f   ExGridLib:ExGridCtrl.obj
 0001:00011500       ?SetTextColor@CExGridCtrl@@QAEXK@Z 10012500 f   ExGridLib:ExGridCtrl.obj
 0001:00011530       ?SetTitleTipBackClr@CExGridCtrl@@QAEXK@Z 10012530 f   ExGridLib:ExGridCtrl.obj
 0001:00011560       ?SetTitleTipTextClr@CExGridCtrl@@QAEXK@Z 10012560 f   ExGridLib:ExGridCtrl.obj
 0001:00011590       ?SetTrackFocusCell@CExGridCtrl@@QAEXH@Z 10012590 f   ExGridLib:ExGridCtrl.obj
 0001:000115c0       ?SetUseFocusRect@CExGridCtrl@@QAEXH@Z 100125c0 f   ExGridLib:ExGridCtrl.obj
 0001:000115f0       ?SetUseHighlightText@CExGridCtrl@@QAEXH@Z 100125f0 f   ExGridLib:ExGridCtrl.obj
 0001:00011620       ?SetVirtualMode@CExGridCtrl@@QAEXH@Z 10012620 f   ExGridLib:ExGridCtrl.obj
 0001:00011650       ?SetupDefaultCells@CExGridCtrl@@IAEXXZ 10012650 f   ExGridLib:ExGridCtrl.obj
 0001:00011670       ?SortItems@CExGridCtrl@@IAEHP6GHJJJ@ZHHJHH@Z 10012670 f   ExGridLib:ExGridCtrl.obj
 0001:000116b0       ?SortItems@CExGridCtrl@@QAEHHHJ@Z 100126b0 f   ExGridLib:ExGridCtrl.obj
 0001:000116e0       ?SortItems@CExGridCtrl@@QAEHP6GHJJJ@ZHHJ@Z 100126e0 f   ExGridLib:ExGridCtrl.obj
 0001:00011720       ?SortTextItems@CExGridCtrl@@IAEHHHHH@Z 10012720 f   ExGridLib:ExGridCtrl.obj
 0001:00011760       ?SortTextItems@CExGridCtrl@@QAEHHHJ@Z 10012760 f   ExGridLib:ExGridCtrl.obj
 0001:00011790       ?ValidateAndModifyCellContents@CExGridCtrl@@IAEXHHPBD@Z 10012790 f   ExGridLib:ExGridCtrl.obj
 0001:000117c0       ?ValidateEdit@CExGridCtrl@@MAEHHHPBD@Z 100127c0 f   ExGridLib:ExGridCtrl.obj
 0001:000117f0       ?WindowProc@CExGridCtrl@@MAEJIIJ@Z 100127f0 f   ExGridLib:ExGridCtrl.obj
 0001:00011820       ?_GetBaseClass@CExGridCtrl@@KGPAUCRuntimeClass@@XZ 10012820 f   ExGridLib:ExGridCtrl.obj
 0001:00011830       ___local_stdio_printf_options 10012830 f i ExGridLib:ExGridCtrl.obj
 0001:00011840       _sprintf                   10012840 f i ExGridLib:ExGridCtrl.obj
 0001:00011872       ??3@YAXPAX@Z               10012872 f   mfc140:mfc140.dll
 0001:00011878       ??A?$CSimpleStringT@D$00@ATL@@QBEDH@Z 10012878 f   mfc140:mfc140.dll
 0001:0001187e       ??0?$CStringT@DV?$StrTraitMFC_DLL@DV?$ChTraitsCRT@D@ATL@@@@@ATL@@QAE@XZ 1001287e f   mfc140:mfc140.dll
 0001:00011884       ??0?$CStringT@DV?$StrTraitMFC_DLL@DV?$ChTraitsCRT@D@ATL@@@@@ATL@@QAE@PBD@Z 10012884 f   mfc140:mfc140.dll
 0001:0001188a       ??1?$CStringT@DV?$StrTraitMFC_DLL@DV?$ChTraitsCRT@D@ATL@@@@@ATL@@QAE@XZ 1001288a f   mfc140:mfc140.dll
 0001:00011890       ?Format@?$CStringT@DV?$StrTraitMFC_DLL@DV?$ChTraitsCRT@D@ATL@@@@@ATL@@QAAXPBDZZ 10012890 f   mfc140:mfc140.dll
 0001:00011896       ?GetRuntimeClass@CGdiObject@@UBEPAUCRuntimeClass@@XZ 10012896 f   mfc140:mfc140.dll
 0001:0001189c       ?DeleteObject@CGdiObject@@QAEHXZ 1001289c f   mfc140:mfc140.dll
 0001:000118a2       ?GetRuntimeClass@CBrush@@UBEPAUCRuntimeClass@@XZ 100128a2 f   mfc140:mfc140.dll
 0001:000118a8       ??0CBrush@@QAE@K@Z         100128a8 f   mfc140:mfc140.dll
 0001:000118ae       ?GetRuntimeClass@CBitmap@@UBEPAUCRuntimeClass@@XZ 100128ae f   mfc140:mfc140.dll
 0001:000118b4       ?FromHandle@CDC@@SGPAV1@PAUHDC__@@@Z 100128b4 f   mfc140:mfc140.dll
 0001:000118ba       ?Attach@CDC@@QAEHPAUHDC__@@@Z 100128ba f   mfc140:mfc140.dll
 0001:000118c0       ??0CDC@@QAE@XZ             100128c0 f   mfc140:mfc140.dll
 0001:000118c6       ??1CDC@@UAE@XZ             100128c6 f   mfc140:mfc140.dll
 0001:000118cc       ?SelectGdiObject@CDC@@KGPAVCGdiObject@@PAUHDC__@@PAX@Z 100128cc f   mfc140:mfc140.dll
 0001:000118d2       ?OnCmdMsg@CCmdTarget@@UAEHIHPAXPAUAFX_CMDHANDLERINFO@@@Z 100128d2 f   mfc140:mfc140.dll
 0001:000118d8       ?IsInvokeAllowed@CCmdTarget@@UAEHJ@Z 100128d8 f   mfc140:mfc140.dll
 0001:000118de       ?GetDispatchIID@CCmdTarget@@UAEHPAU_GUID@@@Z 100128de f   mfc140:mfc140.dll
 0001:000118e4       ?GetTypeInfoCount@CCmdTarget@@UAEIXZ 100128e4 f   mfc140:mfc140.dll
 0001:000118ea       ?GetTypeLibCache@CCmdTarget@@UAEPAVCTypeLibCache@@XZ 100128ea f   mfc140:mfc140.dll
 0001:000118f0       ?GetTypeLib@CCmdTarget@@UAEJKPAPAUITypeLib@@@Z 100128f0 f   mfc140:mfc140.dll
 0001:000118f6       ?GetCommandMap@CCmdTarget@@MBEPBUAFX_OLECMDMAP@@XZ 100128f6 f   mfc140:mfc140.dll
 0001:000118fc       ?GetDispatchMap@CCmdTarget@@MBEPBUAFX_DISPMAP@@XZ 100128fc f   mfc140:mfc140.dll
 0001:00011902       ?GetConnectionMap@CCmdTarget@@MBEPBUAFX_CONNECTIONMAP@@XZ 10012902 f   mfc140:mfc140.dll
 0001:00011908       ?GetEventSinkMap@CCmdTarget@@MBEPBUAFX_EVENTSINKMAP@@XZ 10012908 f   mfc140:mfc140.dll
 0001:0001190e       ?OnCreateAggregates@CCmdTarget@@UAEHXZ 1001290e f   mfc140:mfc140.dll
 0001:00011914       ?GetInterfaceHook@CCmdTarget@@UAEPAUIUnknown@@PBX@Z 10012914 f   mfc140:mfc140.dll
 0001:0001191a       ?GetExtraConnectionPoints@CCmdTarget@@MAEHPAVCPtrArray@@@Z 1001291a f   mfc140:mfc140.dll
 0001:00011920       ?GetConnectionHook@CCmdTarget@@MAEPAUIConnectionPoint@@ABU_GUID@@@Z 10012920 f   mfc140:mfc140.dll
 0001:00011926       ??0CWnd@@QAE@XZ            10012926 f   mfc140:mfc140.dll
 0001:0001192c       ?PreSubclassWindow@CWnd@@UAEXXZ 1001292c f   mfc140:mfc140.dll
 0001:00011932       ?Create@CWnd@@UAEHPBD0KABUtagRECT@@PAV1@IPAUCCreateContext@@@Z 10012932 f   mfc140:mfc140.dll
 0001:00011938       ?CreateEx@CWnd@@UAEHKPBD0KHHHHPAUHWND__@@PAUHMENU__@@PAX@Z 10012938 f   mfc140:mfc140.dll
 0001:0001193e       ?CreateEx@CWnd@@UAEHKPBD0KABUtagRECT@@PAV1@IPAX@Z 1001293e f   mfc140:mfc140.dll
 0001:00011944       ?DestroyWindow@CWnd@@UAEHXZ 10012944 f   mfc140:mfc140.dll
 0001:0001194a       ?PreCreateWindow@CWnd@@UAEHAAUtagCREATESTRUCTA@@@Z 1001294a f   mfc140:mfc140.dll
 0001:00011950       ?CalcWindowRect@CWnd@@UAEXPAUtagRECT@@I@Z 10012950 f   mfc140:mfc140.dll
 0001:00011956       ?GetMenu@CWnd@@UBEPAVCMenu@@XZ 10012956 f   mfc140:mfc140.dll
 0001:0001195c       ?SetMenu@CWnd@@UAEHPAVCMenu@@@Z 1001295c f   mfc140:mfc140.dll
 0001:00011962       ?OnToolHitTest@CWnd@@UBEHVCPoint@@PAUtagTOOLINFOA@@@Z 10012962 f   mfc140:mfc140.dll
 0001:00011968       ?GetScrollBarCtrl@CWnd@@UBEPAVCScrollBar@@H@Z 10012968 f   mfc140:mfc140.dll
 0001:0001196e       ?WinHelpA@CWnd@@UAEXKI@Z   1001296e f   mfc140:mfc140.dll
 0001:00011974       ?HtmlHelpA@CWnd@@UAEXKI@Z  10012974 f   mfc140:mfc140.dll
 0001:0001197a       ?WinHelpInternal@CWnd@@UAEXKI@Z 1001297a f   mfc140:mfc140.dll
 0001:00011980       ?ContinueModal@CWnd@@UAEHXZ 10012980 f   mfc140:mfc140.dll
 0001:00011986       ?EndModalLoop@CWnd@@UAEXH@Z 10012986 f   mfc140:mfc140.dll
 0001:0001198c       ?OnDrawIconicThumbnailOrLivePreview@CWnd@@UAEXAAVCDC@@VCRect@@VCSize@@HAAH@Z 1001298c f   mfc140:mfc140.dll
 0001:00011992       ?GetInterfaceMap@CWnd@@MBEPBUAFX_INTERFACEMAP@@XZ 10012992 f   mfc140:mfc140.dll
 0001:00011998       ?EnsureStdObj@CWnd@@UAEJXZ 10012998 f   mfc140:mfc140.dll
 0001:0001199e       ?get_accParent@CWnd@@UAEJPAPAUIDispatch@@@Z 1001299e f   mfc140:mfc140.dll
 0001:000119a4       ?get_accChildCount@CWnd@@UAEJPAJ@Z 100129a4 f   mfc140:mfc140.dll
 0001:000119aa       ?get_accChild@CWnd@@UAEJUtagVARIANT@@PAPAUIDispatch@@@Z 100129aa f   mfc140:mfc140.dll
 0001:000119b0       ?get_accName@CWnd@@UAEJUtagVARIANT@@PAPA_W@Z 100129b0 f   mfc140:mfc140.dll
 0001:000119b6       ?get_accValue@CWnd@@UAEJUtagVARIANT@@PAPA_W@Z 100129b6 f   mfc140:mfc140.dll
 0001:000119bc       ?get_accDescription@CWnd@@UAEJUtagVARIANT@@PAPA_W@Z 100129bc f   mfc140:mfc140.dll
 0001:000119c2       ?get_accRole@CWnd@@UAEJUtagVARIANT@@PAU2@@Z 100129c2 f   mfc140:mfc140.dll
 0001:000119c8       ?get_accState@CWnd@@UAEJUtagVARIANT@@PAU2@@Z 100129c8 f   mfc140:mfc140.dll
 0001:000119ce       ?get_accHelp@CWnd@@UAEJUtagVARIANT@@PAPA_W@Z 100129ce f   mfc140:mfc140.dll
 0001:000119d4       ?get_accHelpTopic@CWnd@@UAEJPAPA_WUtagVARIANT@@PAJ@Z 100129d4 f   mfc140:mfc140.dll
 0001:000119da       ?get_accKeyboardShortcut@CWnd@@UAEJUtagVARIANT@@PAPA_W@Z 100129da f   mfc140:mfc140.dll
 0001:000119e0       ?get_accFocus@CWnd@@UAEJPAUtagVARIANT@@@Z 100129e0 f   mfc140:mfc140.dll
 0001:000119e6       ?get_accSelection@CWnd@@UAEJPAUtagVARIANT@@@Z 100129e6 f   mfc140:mfc140.dll
 0001:000119ec       ?get_accDefaultAction@CWnd@@UAEJUtagVARIANT@@PAPA_W@Z 100129ec f   mfc140:mfc140.dll
 0001:000119f2       ?accSelect@CWnd@@UAEJJUtagVARIANT@@@Z 100129f2 f   mfc140:mfc140.dll
 0001:000119f8       ?accLocation@CWnd@@UAEJPAJ000UtagVARIANT@@@Z 100129f8 f   mfc140:mfc140.dll
 0001:000119fe       ?accNavigate@CWnd@@UAEJJUtagVARIANT@@PAU2@@Z 100129fe f   mfc140:mfc140.dll
 0001:00011a04       ?accHitTest@CWnd@@UAEJJJPAUtagVARIANT@@@Z 10012a04 f   mfc140:mfc140.dll
 0001:00011a0a       ?accDoDefaultAction@CWnd@@UAEJUtagVARIANT@@@Z 10012a0a f   mfc140:mfc140.dll
 0001:00011a10       ?put_accName@CWnd@@UAEJUtagVARIANT@@PA_W@Z 10012a10 f   mfc140:mfc140.dll
 0001:00011a16       ?put_accValue@CWnd@@UAEJUtagVARIANT@@PA_W@Z 10012a16 f   mfc140:mfc140.dll
 0001:00011a1c       ?SetProxy@CWnd@@UAEJPAUIAccessibleProxy@@@Z 10012a1c f   mfc140:mfc140.dll
 0001:00011a22       ?CreateAccessibleProxy@CWnd@@UAEJIJPAJ@Z 10012a22 f   mfc140:mfc140.dll
 0001:00011a28       ?OnCommand@CWnd@@MAEHIJ@Z  10012a28 f   mfc140:mfc140.dll
 0001:00011a2e       ?OnNotify@CWnd@@MAEHIJPAJ@Z 10012a2e f   mfc140:mfc140.dll
 0001:00011a34       ?GetSuperWndProcAddr@CWnd@@MAEPAP6GJPAUHWND__@@IIJ@ZXZ 10012a34 f   mfc140:mfc140.dll
 0001:00011a3a       ?PreTranslateMessage@CWnd@@UAEHPAUtagMSG@@@Z 10012a3a f   mfc140:mfc140.dll
 0001:00011a40       ?OnAmbientProperty@CWnd@@UAEHPAVCOleControlSite@@JPAUtagVARIANT@@@Z 10012a40 f   mfc140:mfc140.dll
 0001:00011a46       ?WindowProc@CWnd@@MAEJIIJ@Z 10012a46 f   mfc140:mfc140.dll
 0001:00011a4c       ?OnWndMsg@CWnd@@MAEHIIJPAJ@Z 10012a4c f   mfc140:mfc140.dll
 0001:00011a52       ?DefWindowProcA@CWnd@@MAEJIIJ@Z 10012a52 f   mfc140:mfc140.dll
 0001:00011a58       ?PostNcDestroy@CWnd@@MAEXXZ 10012a58 f   mfc140:mfc140.dll
 0001:00011a5e       ?OnTouchInputs@CWnd@@MAEHIPAUtagTOUCHINPUT@@@Z 10012a5e f   mfc140:mfc140.dll
 0001:00011a64       ?OnTouchInput@CWnd@@MAEHVCPoint@@HHPAUtagTOUCHINPUT@@@Z 10012a64 f   mfc140:mfc140.dll
 0001:00011a6a       ?GetGestureStatus@CWnd@@MAEKVCPoint@@@Z 10012a6a f   mfc140:mfc140.dll
 0001:00011a70       ?OnGestureZoom@CWnd@@MAEHVCPoint@@J@Z 10012a70 f   mfc140:mfc140.dll
 0001:00011a76       ?OnGesturePan@CWnd@@MAEHVCPoint@@0@Z 10012a76 f   mfc140:mfc140.dll
 0001:00011a7c       ?OnGestureRotate@CWnd@@MAEHVCPoint@@N@Z 10012a7c f   mfc140:mfc140.dll
 0001:00011a82       ?OnGestureTwoFingerTap@CWnd@@MAEHVCPoint@@@Z 10012a82 f   mfc140:mfc140.dll
 0001:00011a88       ?OnGesturePressAndTap@CWnd@@MAEHVCPoint@@J@Z 10012a88 f   mfc140:mfc140.dll
 0001:00011a8e       ?ResizeDynamicLayout@CWnd@@MAEXXZ 10012a8e f   mfc140:mfc140.dll
 0001:00011a94       ?CheckAutoCenter@CWnd@@UAEHXZ 10012a94 f   mfc140:mfc140.dll
 0001:00011a9a       ?IsFrameWnd@CWnd@@UBEHXZ   10012a9a f   mfc140:mfc140.dll
 0001:00011aa0       ?OnFinalRelease@CWnd@@UAEXXZ 10012aa0 f   mfc140:mfc140.dll
 0001:00011aa6       ?CreateControlContainer@CWnd@@MAEHPAPAVCOleControlContainer@@@Z 10012aa6 f   mfc140:mfc140.dll
 0001:00011aac       ?CreateControlSite@CWnd@@MAEHPAVCOleControlContainer@@PAPAVCOleControlSite@@IABU_GUID@@@Z 10012aac f   mfc140:mfc140.dll
 0001:00011ab2       ?SetOccDialogInfo@CWnd@@MAEHPAU_AFX_OCC_DIALOG_INFO@@@Z 10012ab2 f   mfc140:mfc140.dll
 0001:00011ab8       ?GetOccDialogInfo@CWnd@@MAEPAU_AFX_OCC_DIALOG_INFO@@XZ 10012ab8 f   mfc140:mfc140.dll
 0001:00011abe       ?GetThisMessageMap@CWnd@@KGPBUAFX_MSGMAP@@XZ 10012abe f   mfc140:mfc140.dll
 0001:00011ac4       ?GetMessageMap@CWnd@@MBEPBUAFX_MSGMAP@@XZ 10012ac4 f   mfc140:mfc140.dll
 0001:00011aca       ?GetRuntimeClass@CComboBox@@UBEPAUCRuntimeClass@@XZ 10012aca f   mfc140:mfc140.dll
 0001:00011ad0       ?Create@CComboBox@@UAEHKABUtagRECT@@PAVCWnd@@I@Z 10012ad0 f   mfc140:mfc140.dll
 0001:00011ad6       ?DrawItem@CComboBox@@UAEXPAUtagDRAWITEMSTRUCT@@@Z 10012ad6 f   mfc140:mfc140.dll
 0001:00011adc       ?MeasureItem@CComboBox@@UAEXPAUtagMEASUREITEMSTRUCT@@@Z 10012adc f   mfc140:mfc140.dll
 0001:00011ae2       ?CompareItem@CComboBox@@UAEHPAUtagCOMPAREITEMSTRUCT@@@Z 10012ae2 f   mfc140:mfc140.dll
 0001:00011ae8       ?DeleteItem@CComboBox@@UAEXPAUtagDELETEITEMSTRUCT@@@Z 10012ae8 f   mfc140:mfc140.dll
 0001:00011aee       ??1CComboBox@@UAE@XZ       10012aee f   mfc140:mfc140.dll
[...]
 0002:00008e84       __ehfuncinfo$?OnBtnleft@CDlgCompSetup@@IAEXXZ 10020e84     DlgCompSetup.obj
 0002:00008ea8       __unwindtable$?OnBtnright@CDlgCompSetup@@IAEXXZ 10020ea8     DlgCompSetup.obj
 0002:00008eb0       __ehfuncinfo$?OnBtnright@CDlgCompSetup@@IAEXXZ 10020eb0     DlgCompSetup.obj
 0002:00008ed4       __unwindtable$?OnSelchangeCmbsel@CDlgCompSetup@@IAEXXZ 10020ed4     DlgCompSetup.obj
 0002:00008edc       __ehfuncinfo$?OnSelchangeCmbsel@CDlgCompSetup@@IAEXXZ 10020edc     DlgCompSetup.obj
 0002:00008f00       __unwindtable$?fnCheckNoGroup@CDlgCompSetup@@IAEXXZ 10020f00     DlgCompSetup.obj
 0002:00008f08       __ehfuncinfo$?fnCheckNoGroup@CDlgCompSetup@@IAEXXZ 10020f08     DlgCompSetup.obj
 0002:00008f2c       __unwindtable$?fnTreeLoad@CDlgCompSetup@@IAEXXZ 10020f2c     DlgCompSetup.obj
 0002:00008f44       __ehfuncinfo$?fnTreeLoad@CDlgCompSetup@@IAEXXZ 10020f44     DlgCompSetup.obj
 0002:00008f68       __ehfuncinfo$?DoAddToItem@CDlgCompSetup@@IAEXH@Z 10020f68     DlgCompSetup.obj
 0002:00008f8c       __unwindtable$?DoAddToItem@CDlgCompSetup@@IAEXH@Z 10020f8c     DlgCompSetup.obj
 0002:00008fb4       __unwindtable$?DoGridAddToItem@CDlgCompSetup@@IAEXPBD0@Z 10020fb4     DlgCompSetup.obj
 0002:00008fcc       __ehfuncinfo$?DoGridAddToItem@CDlgCompSetup@@IAEXPBD0@Z 10020fcc     DlgCompSetup.obj
 0002:00008ff0       __unwindtable$?fnInitSelctGroup@CDlgCompSetup@@IAEXPBD@Z 10020ff0     DlgCompSetup.obj
 0002:00008ff8       __ehfuncinfo$?fnInitSelctGroup@CDlgCompSetup@@IAEXPBD@Z 10020ff8     DlgCompSetup.obj
 0002:0000901c       __unwindtable$?ChangeListOrGridCtrl@CDlgCompSetup@@IAEXV?$CStringT@DV?$StrTraitMFC_DLL@DV?$ChTraitsCRT@D@ATL@@@@@ATL@@@Z 1002101c     DlgCompSetup.obj
 0002:00009024       __ehfuncinfo$?ChangeListOrGridCtrl@CDlgCompSetup@@IAEXV?$CStringT@DV?$StrTraitMFC_DLL@DV?$ChTraitsCRT@D@ATL@@@@@ATL@@@Z 10021024     DlgCompSetup.obj
 0002:00009048       __unwindtable$?SetMasterData@CDlgCompSetup@@IAEXPAV?$CList@VCCodeTypeA@@V1@@@@Z 10021048     DlgCompSetup.obj
 0002:00009068       __ehfuncinfo$?SetMasterData@CDlgCompSetup@@IAEXPAV?$CList@VCCodeTypeA@@V1@@@@Z 10021068     DlgCompSetup.obj
 0002:0000908c       __unwindtable$?InitGrid@CDlgCompSetup@@IAEXXZ 1002108c     DlgCompSetup.obj
 0002:000090ac       __ehfuncinfo$?InitGrid@CDlgCompSetup@@IAEXXZ 100210ac     DlgCompSetup.obj
 0002:000090d0       __catchsym$?InitGridRowCol@CDlgCompSetup@@IAEXH@Z$2 100210d0     DlgCompSetup.obj
 0002:000090e0       __unwindtable$?InitGridRowCol@CDlgCompSetup@@IAEXH@Z 100210e0     DlgCompSetup.obj
 0002:000090f0       __tryblocktable$?InitGridRowCol@CDlgCompSetup@@IAEXH@Z 100210f0     DlgCompSetup.obj
 0002:00009104       __ehfuncinfo$?InitGridRowCol@CDlgCompSetup@@IAEXH@Z 10021104     DlgCompSetup.obj
 0002:00009128       __unwindtable$?InsertGridData@CDlgCompSetup@@IAEXXZ 10021128     DlgCompSetup.obj
 0002:00009138       __ehfuncinfo$?InsertGridData@CDlgCompSetup@@IAEXXZ 10021138     DlgCompSetup.obj
 0002:0000915c       __unwindtable$?DoFindEdtCode@CDlgCompSetup@@IAEXXZ 1002115c     DlgCompSetup.obj
 0002:00009174       __ehfuncinfo$?DoFindEdtCode@CDlgCompSetup@@IAEXXZ 10021174     DlgCompSetup.obj
 0002:00009198       __unwindtable$?DoFindEdtName@CDlgCompSetup@@IAEXPBD@Z 10021198     DlgCompSetup.obj
 0002:000091b0       __ehfuncinfo$?DoFindEdtName@CDlgCompSetup@@IAEXPBD@Z 100211b0     DlgCompSetup.obj
 0002:000091d4       __unwindtable$??_GCDlgCompSetup@@UAEPAXI@Z 100211d4     DlgCompSetup.obj
 0002:000091ec       __ehfuncinfo$??_GCDlgCompSetup@@UAEPAXI@Z 100211ec     DlgCompSetup.obj
 0002:00009284       __unwindtable$??0CDlgGroupName@@QAE@PAVCWnd@@@Z 10021284     DlgGroupName.obj
 0002:00009294       __ehfuncinfo$??0CDlgGroupName@@QAE@PAVCWnd@@@Z 10021294     DlgGroupName.obj
 0002:000092b8       __unwindtable$??__F_AtlComModule@ATL@@YAXXZ 100212b8     StdAfx.obj
 0002:000092c0       __ehfuncinfo$??__F_AtlComModule@ATL@@YAXXZ 100212c0     StdAfx.obj
 0002:000092e4       __ehfuncinfo$??_E__MASTERCODE@@QAEPAXI@Z 100212e4     VirtualListCtrl.obj
 0002:00009308       __ehfuncinfo$??0CVirtualListCtrl@@QAE@XZ 10021308     VirtualListCtrl.obj
 0002:0000932c       __unwindtable$??0CVirtualListCtrl@@QAE@XZ 1002132c     VirtualListCtrl.obj
 0002:00009354       __ehfuncinfo$?ChangeCode@CVirtualListCtrl@@QAEXV?$CStringT@DV?$StrTraitMFC_DLL@DV?$ChTraitsCRT@D@ATL@@@@@ATL@@@Z 10021354     VirtualListCtrl.obj
 0002:00009378       __unwindtable$?ChangeCode@CVirtualListCtrl@@QAEXV?$CStringT@DV?$StrTraitMFC_DLL@DV?$ChTraitsCRT@D@ATL@@@@@ATL@@@Z 10021378     VirtualListCtrl.obj
 0002:000093d0       __unwindtable$?FindItemByString@CVirtualListCtrl@@QAEHHV?$CStringT@DV?$StrTraitMFC_DLL@DV?$ChTraitsCRT@D@ATL@@@@@ATL@@@Z 100213d0     VirtualListCtrl.obj
 0002:000093e8       __ehfuncinfo$?FindItemByString@CVirtualListCtrl@@QAEHHV?$CStringT@DV?$StrTraitMFC_DLL@DV?$ChTraitsCRT@D@ATL@@@@@ATL@@@Z 100213e8     VirtualListCtrl.obj
 0002:0000940c       __unwindtable$?OnGetdispinfo@CVirtualListCtrl@@IAEXPAUtagNMHDR@@PAJ@Z 1002140c     VirtualListCtrl.obj
 0002:00009414       __ehfuncinfo$?OnGetdispinfo@CVirtualListCtrl@@IAEXPAUtagNMHDR@@PAJ@Z 10021414     VirtualListCtrl.obj
 0002:00009438       __ehfuncinfo$?OnItemchanged@CVirtualListCtrl@@IAEXPAUtagNMHDR@@PAJ@Z 10021438     VirtualListCtrl.obj
 0002:0000945c       __unwindtable$?OnItemchanged@CVirtualListCtrl@@IAEXPAUtagNMHDR@@PAJ@Z 1002145c     VirtualListCtrl.obj
 0002:0000948c       __unwindtable$?Compare@@YAHPBX0@Z 1002148c     VirtualListCtrl.obj
 0002:0000949c       __ehfuncinfo$?Compare@@YAHPBX0@Z 1002149c     VirtualListCtrl.obj
 0002:000094c0       __unwindtable$?SortArray@@YAXAAV?$CArray@PAU__MASTERCODE@@PAU1@@@@Z 100214c0     VirtualListCtrl.obj
 0002:000094c8       __ehfuncinfo$?SortArray@@YAXAAV?$CArray@PAU__MASTERCODE@@PAU1@@@@Z 100214c8     VirtualListCtrl.obj
 0002:000094ec       __unwindtable$?DDX_ColorPickerCustom@@YGXPAVCDataExchange@@HAAV?$CStringT@DV?$StrTraitMFC_DLL@DV?$ChTraitsCRT@D@ATL@@@@@ATL@@@Z 100214ec     XColourPicker.obj
 0002:000094fc       __ehfuncinfo$?DDX_ColorPickerCustom@@YGXPAVCDataExchange@@HAAV?$CStringT@DV?$StrTraitMFC_DLL@DV?$ChTraitsCRT@D@ATL@@@@@ATL@@@Z 100214fc     XColourPicker.obj
 0002:00009520       __unwindtable$?CreateObject@CXColourPicker@@SGPAVCObject@@XZ 10021520     XColourPicker.obj
 0002:00009528       __ehfuncinfo$?CreateObject@CXColourPicker@@SGPAVCObject@@XZ 10021528     XColourPicker.obj
 0002:0000954c       __unwindtable$?GetCustomColors@CXColourPicker@@QAE?AV?$CStringT@DV?$StrTraitMFC_DLL@DV?$ChTraitsCRT@D@ATL@@@@@ATL@@XZ 1002154c     XColourPicker.obj
 0002:0000955c       __ehfuncinfo$?GetCustomColors@CXColourPicker@@QAE?AV?$CStringT@DV?$StrTraitMFC_DLL@DV?$ChTraitsCRT@D@ATL@@@@@ATL@@XZ 1002155c     XColourPicker.obj
 0002:00009580       __unwindtable$?OnClicked@CXColourPicker@@IAEHXZ 10021580     XColourPicker.obj
 0002:00009588       __ehfuncinfo$?OnClicked@CXColourPicker@@IAEHXZ 10021588     XColourPicker.obj
 0002:000095ac       __unwindtable$??0CXColourPopup@@QAE@XZ 100215ac     XColourPopup.obj
 0002:000095cc       __ehfuncinfo$??0CXColourPopup@@QAE@XZ 100215cc     XColourPopup.obj
 0002:000095f0       __unwindtable$??0CXColourPopup@@QAE@PAVCWnd@@VCPoint@@KPAKHHPBD@Z 100215f0     XColourPopup.obj
 0002:00009610       __ehfuncinfo$??0CXColourPopup@@QAE@PAVCWnd@@VCPoint@@KPAKHHPBD@Z 10021610     XColourPopup.obj
 0002:00009634       __ehfuncinfo$??1CXColourPopup@@UAE@XZ 10021634     XColourPopup.obj
 0002:00009658       __unwindtable$?Create@CXColourPopup@@QAEHVCPoint@@KPAVCWnd@@PBD@Z 10021658     XColourPopup.obj
 0002:00009660       __ehfuncinfo$?Create@CXColourPopup@@QAEHVCPoint@@KPAVCWnd@@PBD@Z 10021660     XColourPopup.obj
 0002:00009684       __unwindtable$?SetWindowSize@CXColourPopup@@IAEXXZ 10021684     XColourPopup.obj
 0002:0000968c       __ehfuncinfo$?SetWindowSize@CXColourPopup@@IAEXXZ 1002168c     XColourPopup.obj
 0002:000096b0       __unwindtable$?ChangeSelection@CXColourPopup@@IAEXHH@Z 100216b0     XColourPopup.obj
 0002:000096b8       __ehfuncinfo$?ChangeSelection@CXColourPopup@@IAEXHH@Z 100216b8     XColourPopup.obj
 0002:000096dc       __unwindtable$?EndSelection@CXColourPopup@@IAEXH@Z 100216dc     XColourPopup.obj
 0002:000096e4       __ehfuncinfo$?EndSelection@CXColourPopup@@IAEXH@Z 100216e4     XColourPopup.obj
 0002:00009708       __unwindtable$?DrawCell@CXColourPopup@@IAEXPAVCDC@@HH@Z 10021708     XColourPopup.obj
 0002:00009718       __ehfuncinfo$?DrawCell@CXColourPopup@@IAEXPAVCDC@@HH@Z 10021718     XColourPopup.obj
 0002:0000973c       __unwindtable$?OnPaint@CXColourPopup@@IAEXXZ 1002173c     XColourPopup.obj
 0002:00009744       __ehfuncinfo$?OnPaint@CXColourPopup@@IAEXXZ 10021744     XColourPopup.obj
 0002:00009768       __unwindtable$?OnMouseMove@CXColourPopup@@IAEXIVCPoint@@@Z 10021768     XColourPopup.obj
 0002:00009778       __ehfuncinfo$?OnMouseMove@CXColourPopup@@IAEXIVCPoint@@@Z 10021778     XColourPopup.obj
 0002:0000979c       __unwindtable$??_GCXColourPopup@@UAEPAXI@Z 1002179c     XColourPopup.obj
 0002:000097a4       __ehfuncinfo$??_GCXColourPopup@@UAEPAXI@Z 100217a4     XColourPopup.obj
 0002:000097c8       __unwindtable$??0CXEditPrompt@@QAE@XZ 100217c8     XEditPrompt.obj
 0002:000097d0       __ehfuncinfo$??0CXEditPrompt@@QAE@XZ 100217d0     XEditPrompt.obj
 0002:000097f4       __ehfuncinfo$??1CXEditPrompt@@UAE@XZ 100217f4     XEditPrompt.obj
 0002:00009818       __unwindtable$??_GCXEditPrompt@@UAEPAXI@Z 10021818     XEditPrompt.obj
 0002:00009820       __ehfuncinfo$??_GCXEditPrompt@@UAEPAXI@Z 10021820     XEditPrompt.obj
 0002:00009844       __unwindtable$?CreateObject@CExGridCtrl@@SGPAVCObject@@XZ 10021844     ExGridLib:ExGridCtrl.obj
 0002:0000985c       __ehfuncinfo$?CreateObject@CExGridCtrl@@SGPAVCObject@@XZ 1002185c     ExGridLib:ExGridCtrl.obj
 0002:00009880       __unwindtable$??0CExGridCtrl@@QAE@HHHH@Z 10021880     ExGridLib:ExGridCtrl.obj
 0002:00009890       __ehfuncinfo$??0CExGridCtrl@@QAE@HHHH@Z 10021890     ExGridLib:ExGridCtrl.obj
 0002:000098b4       __unwindtable$?Create@CExGridCtrl@@QAEHAAUtagRECT@@PAVCWnd@@IK@Z 100218b4     ExGridLib:ExGridCtrl.obj
 0002:000098bc       __ehfuncinfo$?Create@CExGridCtrl@@QAEHAAUtagRECT@@PAVCWnd@@IK@Z 100218bc     ExGridLib:ExGridCtrl.obj
 0002:000098e0       __unwindtable$?GetItemText@CExGridCtrl@@QAE?AV?$CStringT@DV?$StrTraitMFC_DLL@DV?$ChTraitsCRT@D@ATL@@@@@ATL@@HH@Z 100218e0     ExGridLib:ExGridCtrl.obj
 0002:000098e8       __ehfuncinfo$?GetItemText@CExGridCtrl@@QAE?AV?$CStringT@DV?$StrTraitMFC_DLL@DV?$ChTraitsCRT@D@ATL@@@@@ATL@@HH@Z 100218e8     ExGridLib:ExGridCtrl.obj
 0002:0000990c       __ehfuncinfo$??1CExGridCtrl@@UAE@XZ 1002190c     ExGridLib:ExGridCtrl.obj
 0002:00009930       __unwindtable$?OnEndEditCell@CExGridCtrl@@MAEXHHV?$CStringT@DV?$StrTraitMFC_DLL@DV?$ChTraitsCRT@D@ATL@@@@@ATL@@@Z 10021930     ExGridLib:ExGridCtrl.obj
 0002:00009940       __ehfuncinfo$?OnEndEditCell@CExGridCtrl@@MAEXHHV?$CStringT@DV?$StrTraitMFC_DLL@DV?$ChTraitsCRT@D@ATL@@@@@ATL@@@Z 10021940     ExGridLib:ExGridCtrl.obj
 0002:00009964       __unwindtable$??_GCExGridCtrl@@UAEPAXI@Z 10021964     ExGridLib:ExGridCtrl.obj
 0002:0000996c       __ehfuncinfo$??_GCExGridCtrl@@UAEPAXI@Z 1002196c     ExGridLib:ExGridCtrl.obj
 0002:00009990       __ehfuncinfo$??0CLoaderGridCtrl@@QAE@PAXPBD@Z 10021990     ExGridLib:ExGridCtrl.obj
 0002:000099b4       __unwindtable$??0CLoaderGridCtrl@@QAE@PAXPBD@Z 100219b4     ExGridLib:ExGridCtrl.obj
 0002:000099dc       __ehfuncinfo$??1CLoaderGridCtrl@@UAE@XZ 100219dc     ExGridLib:ExGridCtrl.obj
 0002:00009a00       __unwindtable$??_GCLoaderGridCtrl@@UAEPAXI@Z 10021a00     ExGridLib:ExGridCtrl.obj
 0002:00009a08       __ehfuncinfo$??_GCLoaderGridCtrl@@UAEPAXI@Z 10021a08     ExGridLib:ExGridCtrl.obj
 0002:00009a2c       __unwindtable$??__F_AtlComModule@ATL@@YAXXZ 10021a2c     ExGridLib:StdAfx.obj
 0002:00009a34       __ehfuncinfo$??__F_AtlComModule@ATL@@YAXXZ 10021a34     ExGridLib:StdAfx.obj
 0002:00009a58       __sehtable$_WinbaseIsolationAwarePrivatetRgzlnPgpgk@0 10021a58     mfcs140:nolib.obj
 0002:00009a78       __sehtable$_IsolationAwareUnregisterClassA@8 10021a78     mfcs140:nolib.obj
 0002:00009a94       __ehfuncinfo$??1CAtlComModule@ATL@@QAE@XZ 10021a94     mfcs140:nolib.obj
 0002:00009ab8       __unwindtable$??__F_AtlComModule@ATL@@YAXXZ 10021ab8     mfcs140:nolib.obj
 0002:00009ac0       __ehfuncinfo$??__F_AtlComModule@ATL@@YAXXZ 10021ac0     mfcs140:nolib.obj
 0002:00009ae4       __ehfuncinfo$??_Estringdispid@CComTypeInfoHolder@ATL@@QAEPAXI@Z 10021ae4     mfcs140:nolib.obj
 0002:00009b08       __unwindtable$??__F_AtlComModule@ATL@@YAXXZ 10021b08     mfcs140:dllmodul.obj
 0002:00009b10       __ehfuncinfo$??__F_AtlComModule@ATL@@YAXXZ 10021b10     mfcs140:dllmodul.obj
 0002:00009b34       __unwindtable$?AfxWndProcDllStatic@@YGJPAUHWND__@@IIJ@Z 10021b34     mfcs140:dllmodul.obj
 0002:00009b3c       __ehfuncinfo$?AfxWndProcDllStatic@@YGJPAUHWND__@@IIJ@Z 10021b3c     mfcs140:dllmodul.obj
 0002:00009b60       __catchsym$_InternalDllMain@12$7 10021b60     mfcs140:dllmodul.obj
 0002:00009b70       __tryblocktable$_InternalDllMain@12 10021b70     mfcs140:dllmodul.obj
 0002:00009b84       __unwindtable$_InternalDllMain@12 10021b84     mfcs140:dllmodul.obj
 0002:00009ba4       __ehfuncinfo$_InternalDllMain@12 10021ba4     mfcs140:dllmodul.obj
 0002:00009bc8       __unwindtable$??__F_AtlComModule@ATL@@YAXXZ 10021bc8     mfcs140:stdafx.obj
 0002:00009bd0       __ehfuncinfo$??__F_AtlComModule@ATL@@YAXXZ 10021bd0     mfcs140:stdafx.obj
 0002:00009bf4       __unwindtable$??__F_AtlComModule@ATL@@YAXXZ 10021bf4     mfcs140:dllmodulx.obj
 0002:00009bfc       __ehfuncinfo$??__F_AtlComModule@ATL@@YAXXZ 10021bfc     mfcs140:dllmodulx.obj
 0002:00009c20       __sehtable$___scrt_is_nonwritable_in_current_image 10021c20     msvcrt:utility.obj
 0002:00009c40       __sehtable$??_L@YGXPAXIIP6EX0@Z1@Z 10021c40     msvcrt:ehvecctr.obj
 0002:00009c60       __sehtable$??_M@YGXPAXIIP6EX0@Z@Z 10021c60     msvcrt:ehvecdtr.obj
 0002:00009c80       __sehtable$?__ArrayUnwind@@YGXPAXIIP6EX0@Z@Z 10021c80     msvcrt:ehvecdtr.obj
 0002:00009ca0       __sehtable$?dllmain_crt_process_attach@@YAHQAUHINSTANCE__@@QAX@Z 10021ca0     msvcrt:dll_dllmain.obj
 0002:00009cc0       __sehtable$?dllmain_crt_process_detach@@YAH_N@Z 10021cc0     msvcrt:dll_dllmain.obj
 0002:00009ce8       __sehtable$?dllmain_dispatch@@YAHQAUHINSTANCE__@@KQAX@Z 10021ce8     msvcrt:dll_dllmain.obj
 0002:00009d08       __sehtable$__IsNonwritableInCurrentImage 10021d08     mfcs140:rawdllmainproxy.obj
 0002:00009d30       .edata                     10021d30     ChartUtil.exp
 0002:00009d58       rgpv                       10021d58     ChartUtil.exp
 0002:00009d5c       rgszName                   10021d5c     ChartUtil.exp
 0002:00009d60       rgwOrd                     10021d60     ChartUtil.exp
 0002:00009d62       szName                     10021d62     ChartUtil.exp
 0002:00009d70       $N00001                    10021d70     ChartUtil.exp
 0002:0000a5bc       .idata$6                   100225bc     mfc140:mfc140.dll
 0002:0000a97e       .idata$6                   1002297e     kernel32:KERNEL32.dll
 0002:0000ab48       .idata$6                   10022b48     user32:USER32.dll
 0002:0000abe0       .idata$6                   10022be0     gdi32:GDI32.dll
 0002:0000abea       .idata$6                   10022bea     oleaut32:OLEAUT32.dll
 0002:0000ac38       .idata$6                   10022c38     msvcprt:MSVCP140.dll
 0002:0000ad42       .idata$6                   10022d42     vcruntime:VCRUNTIME140.dll
 0002:0000af14       .idata$6                   10022f14     ucrt:api-ms-win-crt-convert-l1-1-0.dll
 0002:0000af36       .idata$6                   10022f36     ucrt:api-ms-win-crt-stdio-l1-1-0.dll
 0002:0000af56       .idata$6                   10022f56     ucrt:api-ms-win-crt-runtime-l1-1-0.dll
 0002:0000af78       .idata$6                   10022f78     ucrt:api-ms-win-crt-heap-l1-1-0.dll
 0002:0000af98       .idata$6                   10022f98     ucrt:api-ms-win-crt-multibyte-l1-1-0.dll
 0002:0000afbc       .idata$6                   10022fbc     ucrt:api-ms-win-crt-utility-l1-1-0.dll
 0003:00000b80       ?RMSG_INTERFACE@@3IB       10023b80     ChartUtil.obj
 0003:00000b84       ?RMSG_GETPCTRDATA@@3IB     10023b84     ChartUtil.obj
 0003:00000b88       ?RMSG_SETPCTRDATA@@3IB     10023b88     ChartUtil.obj
 0003:00000c5c       ?RMSG_INTERFACE@@3IB       10023c5c     DlgCompSetup.obj
 0003:00000c60       ?RMSG_GETPCTRDATA@@3IB     10023c60     DlgCompSetup.obj
 0003:00000c64       ?RMSG_SETPCTRDATA@@3IB     10023c64     DlgCompSetup.obj
 0003:00000d24       ?RMSG_EVENT_SPININPUT@@3IB 10023d24     ExGridLib:StdAfx.obj
 0003:00000d28       ?RMSG_EVENT_CODEINPUT@@3IB 10023d28     ExGridLib:StdAfx.obj
 0003:00000d2c       ?RMSG_ENDSCROLLPOS@@3IB    10023d2c     ExGridLib:StdAfx.obj
 0003:00000d30       ?RMSG_FORMINITIALCOMPLETED@@3IB 10023d30     ExGridLib:StdAfx.obj
 0003:00000d34       ?RMSG_GETPCTRDATA@@3IB     10023d34     ExGridLib:StdAfx.obj
 0003:00000d38       ?RMSG_LSHAREDCHANGED@@3IB  10023d38     ExGridLib:StdAfx.obj
 0003:00000d3c       ?RMSG_EVENT_ACCTINPUT@@3IB 10023d3c     ExGridLib:StdAfx.obj
 0003:00000d40       ?RMSG_SETPCTRDATA@@3IB     10023d40     ExGridLib:StdAfx.obj
 0003:00000d44       ?RMSG_INTERFACE@@3IB       10023d44     ExGridLib:StdAfx.obj
 0003:00000d48       ?RMSG_FORMSTATECHANGE@@3IB 10023d48     ExGridLib:StdAfx.obj
 0003:00000d4c       ?RMSG_LBTNDOWN@@3IB        10023d4c     ExGridLib:StdAfx.obj
 0003:00000d50       ?RMSG_LBTNDBLCLICK@@3IB    10023d50     ExGridLib:StdAfx.obj
 0003:00000d54       ?RMSG_TABSTOP@@3IB         10023d54     ExGridLib:StdAfx.obj
 0003:00000d58       ?RMSG_EVENT_SIGNAL@@3IB    10023d58     ExGridLib:StdAfx.obj
 0003:00000d94       ?controlDLL@@3UAFX_EXTENSION_MODULE@@A 10023d94     mfcs140:dllmodul.obj
 0003:00000da8       ?afxModuleState@@3V_AFX_DLL_MODULE_STATE@@A 10023da8     mfcs140:dllmodul.obj
 0003:00000e44       ?pafxModuleStatePrev@@3PAVAFX_MODULE_STATE@@A 10023e44     mfcs140:dllmodul.obj
 0003:00000e58       ?is_initialized_as_dll@@3_NA 10023e58     msvcrt:utility.obj
 0003:00000e59       ?module_local_atexit_table_initialized@@3_NA 10023e59     msvcrt:utility.obj
 0003:00000e5c       ?module_local_atexit_table@@3U_onexit_table_t@@A 10023e5c     msvcrt:utility.obj
 0003:00000e68       ?module_local_at_quick_exit_table@@3U_onexit_table_t@@A 10023e68     msvcrt:utility.obj
 0003:00000e74       ?g_tss_cv@@3U_RTL_CONDITION_VARIABLE@@A 10023e74     msvcrt:thread_safe_statics.obj
 0003:00000e78       ?g_tss_event@@3PAXA        10023e78     msvcrt:thread_safe_statics.obj
 0003:00000e7c       ?g_tss_mutex@@3U_RTL_CRITICAL_SECTION@@A 10023e7c     msvcrt:thread_safe_statics.obj
 0003:00000e94       ?g_sleep_condition_variable_cs@@3P6GHPAU_RTL_CONDITION_VARIABLE@@PAU_RTL_CRITICAL_SECTION@@K@ZA 10023e94     msvcrt:thread_safe_statics.obj
 0003:00000e98       ?g_wake_all_condition_variable@@3P6GXPAU_RTL_CONDITION_VARIABLE@@@ZA 10023e98     msvcrt:thread_safe_statics.obj
 0003:00000ea0       ?__proc_attached@@3HA      10023ea0     msvcrt:dll_dllmain.obj
 0003:00000ea8       _GS_ExceptionRecord        10023ea8     msvcrt:gs_report.obj
 0003:00000ef8       _GS_ContextRecord          10023ef8     msvcrt:gs_report.obj
 0004:000001e0       $R000000                   100251e0     ChartUtil.res
 0004:000004d0       $R0002F0                   100254d0     ChartUtil.res
 0004:00000ad8       $R0008F8                   10025ad8     ChartUtil.res
 0004:00000b40       $R000960                   10025b40     ChartUtil.res
 0004:00001d40       $R001B60                   10026d40     ChartUtil.res
 0004:00002f40       $R002D60                   10027f40     ChartUtil.res
 0004:00002fe8       $R002E08                   10027fe8     ChartUtil.res

 Exports

  ordinal    name

        1    ?UtilDlgCompSetup@@YGJPAVCWnd@@JJ@Z (long __stdcall UtilDlgCompSetup(class CWnd *,long,long))
               exported name: UtilDlgCompSetup
