 HWSTRATEGYANALYSIS

 Timestamp is 641272d7 (Thu Mar 16 10:37:27 2023)

 Preferred load address is 10000000

 Start         Length     Name                   Class
 0001:00000000 000016d0H .text$di                CODE
 0001:000016d0 00032010H .text$mn                CODE
 0001:000336e0 000042f0H .text$x                 CODE
 0001:000379d0 00000483H .text$yd                CODE
 0002:00000000 00000a60H .idata$5                DATA
 0002:00000a60 00000008H .00cfg                  DATA
 0002:00000a68 00000004H .CRT$XCA                DATA
 0002:00000a6c 00000004H .CRT$XCL                DATA
 0002:00000a70 00000268H .CRT$XCU                DATA
 0002:00000cd8 00000004H .CRT$XCZ                DATA
 0002:00000cdc 00000004H .CRT$XIA                DATA
 0002:00000ce0 00000004H .CRT$XIC                DATA
 0002:00000ce4 00000004H .CRT$XIZ                DATA
 0002:00000ce8 00000004H .CRT$XLA                DATA
 0002:00000cec 00000004H .CRT$XLZ                DATA
 0002:00000cf0 00000004H .CRT$XPA                DATA
 0002:00000cf4 00000004H .CRT$XPZ                DATA
 0002:00000cf8 00000004H .CRT$XTA                DATA
 0002:00000cfc 00000004H .CRT$XTZ                DATA
 0002:00000d00 00000000H .gfids$y                DATA
 0002:00000d00 00009800H .rdata                  DATA
 0002:0000a500 00000004H .rdata$CastGuardVftablesA DATA
 0002:0000a504 00000004H .rdata$CastGuardVftablesC DATA
 0002:0000a508 00000018H .rdata$T                DATA
 0002:0000a520 00001ab4H .rdata$r                DATA
 0002:0000bfd4 00000314H .rdata$sxdata           DATA
 0002:0000c2e8 00000038H .rdata$voltmd           DATA
 0002:0000c320 00000440H .rdata$zzzdbg           DATA
 0002:0000c760 00000004H .rtc$IAA                DATA
 0002:0000c764 00000004H .rtc$IZZ                DATA
 0002:0000c768 00000004H .rtc$TAA                DATA
 0002:0000c76c 00000004H .rtc$TZZ                DATA
 0002:0000c770 00000004H .tls                    DATA
 0002:0000c774 00000004H .tls$                   DATA
 0002:0000c778 00000008H .tls$ZZZ                DATA
 0002:0000c780 00003794H .xdata$x                DATA
 0002:0000ff14 00000004H ATL$__a                 DATA
 0002:0000ff18 00000008H ATL$__z                 DATA
 0002:0000ff20 000000f0H .edata                  DATA
 0002:00010010 00000154H .idata$2                DATA
 0002:00010164 00000014H .idata$3                DATA
 0002:00010178 00000a60H .idata$4                DATA
 0002:00010bd8 00000f1cH .idata$6                DATA
 0003:00000000 000001f4H .data                   DATA
 0003:000001f4 00000084H .data$r                 DATA
 0003:00000278 000009e0H .data$rs                DATA
 0003:00000c58 00000808H .bss                    DATA
 0004:00000000 000002e0H .rsrc$01                DATA
 0004:000002e0 00003e38H .rsrc$02                DATA

  Address         Publics by Value              Rva+Base       Lib:Object

 0000:00000000       ___guard_fids_table        00000000     <absolute>
 0000:00000000       ___x64_code_ranges_to_entry_points 00000000     <absolute>
 0000:00000000       ___guard_iat_table         00000000     <absolute>
 0000:00000000       ___hybrid_code_map_count   00000000     <absolute>
 0000:00000000       ___arm64x_extra_rfe_table  00000000     <absolute>
 0000:00000000       ___arm64x_extra_rfe_table_size 00000000     <absolute>
 0000:00000000       ___guard_fids_count        00000000     <absolute>
 0000:00000000       ___guard_eh_cont_table     00000000     <absolute>
 0000:00000000       ___AbsoluteZero            00000000     <absolute>
 0000:00000000       ___dynamic_value_reloc_table 00000000     <absolute>
 0000:00000000       ___hybrid_auxiliary_iat    00000000     <absolute>
 0000:00000000       ___guard_check_icall_a64n_fptr 00000000     <absolute>
 0000:00000000       ___arm64x_redirection_metadata_count 00000000     <absolute>
 0000:00000000       ___hybrid_auxiliary_iat_copy 00000000     <absolute>
 0000:00000000       ___guard_longjmp_table     00000000     <absolute>
 0000:00000000       ___enclave_config          00000000     <absolute>
 0000:00000000       ___arm64x_redirection_metadata 00000000     <absolute>
 0000:00000000       ___guard_iat_count         00000000     <absolute>
 0000:00000000       ___guard_longjmp_count     00000000     <absolute>
 0000:00000000       ___hybrid_code_map         00000000     <absolute>
 0000:00000000       ___x64_code_ranges_to_entry_points_count 00000000     <absolute>
 0000:00000000       ___guard_eh_cont_count     00000000     <absolute>
 0000:00000000       ___arm64x_native_entrypoint 00000000     <absolute>
 0000:0000002c       __tls_array                0000002c     <absolute>
 0000:000000c5       ___safe_se_handler_count   000000c5     <absolute>
 0000:00000100       ___guard_flags             00000100     <absolute>
 0000:00000000       ___ImageBase               10000000     <linker-defined>
 0001:000016d0       ??0CStrategyLoader@@QAE@XZ 100026d0 f   StrategyLoader.obj
 0001:00001ad0       ??1CStrategyLoader@@UAE@XZ 10002ad0 f   StrategyLoader.obj
 0001:00001b10       ??_ECStrategyLoader@@UAEPAXI@Z 10002b10 f i StrategyLoader.obj
 0001:00001b10       ??_GCStrategyLoader@@UAEPAXI@Z 10002b10 f i StrategyLoader.obj
 0001:00001b60       ?ComServerFromProgID@CProgIDInfo@@SAJPBDAAV?$CStringT@DV?$StrTraitMFC_DLL@DV?$ChTraitsCRT@D@ATL@@@@@ATL@@@Z 10002b60 f i StrategyLoader.obj
 0001:00001d70       ?GetStrategyItem@CStrategyLoader@@QAEPAVCIStrategyItem0001@@XZ 10002d70 f   StrategyLoader.obj
 0001:00001d80       ?LoadStrategyManager@CStrategyLoader@@AAEHXZ 10002d80 f   StrategyLoader.obj
 0001:00001eb0       ?StringCLSIDFromProgID@CProgIDInfo@@SAJPBDAAV?$CStringT@DV?$StrTraitMFC_DLL@DV?$ChTraitsCRT@D@ATL@@@@@ATL@@@Z 10002eb0 f i StrategyLoader.obj
 0001:00002020       ?UnloadStrategyManager@CStrategyLoader@@AAEHXZ 10003020 f   StrategyLoader.obj
 0001:00002050       ?__empty_global_delete@@YAXPAX@Z 10003050 f i StrategyLoader.obj
 0001:00002060       ?__empty_global_delete@@YAXPAXI@Z 10003060 f i StrategyLoader.obj
 0001:00002060       ?__global_delete@@YAXPAXI@Z 10003060 f i StrategyLoader.obj
 0001:00002070       ___local_stdio_scanf_options 10003070 f i StrategyLoader.obj
 0001:00002080       _sscanf                    10003080 f i StrategyLoader.obj
 0001:000020b0       ?AddCustom@CAxes@@QAEJH@Z  100030b0 f   axes.obj
 0001:000020e0       ?GetBottom@CAxes@@QAE?AVCAxis@@XZ 100030e0 f   axes.obj
 0001:00002110       ?GetCustom@CAxes@@QAE?AVCAxis@@J@Z 10003110 f   axes.obj
 0001:00002150       ?GetCustomCount@CAxes@@QAEJXZ 10003150 f   axes.obj
 0001:00002170       ?GetDepth@CAxes@@QAE?AVCAxis@@XZ 10003170 f   axes.obj
 0001:000021a0       ?GetDepthTop@CAxes@@QAE?AVCAxis@@XZ 100031a0 f   axes.obj
 0001:000021e0       ?GetDrawAxesBeforeSeries@CAxes@@QAEHXZ 100031e0 f   axes.obj
 0001:00002200       ?GetFastCalc@CAxes@@QAEHXZ 10003200 f   axes.obj
 0001:00002230       ?GetLeft@CAxes@@QAE?AVCAxis@@XZ 10003230 f   axes.obj
 0001:00002260       ?GetRight@CAxes@@QAE?AVCAxis@@XZ 10003260 f   axes.obj
 0001:00002290       ?GetTop@CAxes@@QAE?AVCAxis@@XZ 10003290 f   axes.obj
 0001:000022c0       ?GetVisible@CAxes@@QAEHXZ  100032c0 f   axes.obj
 0001:000022e0       ?RemoveAllCustom@CAxes@@QAEXXZ 100032e0 f   axes.obj
 0001:00002300       ?RemoveCustom@CAxes@@QAEXJ@Z 10003300 f   axes.obj
 0001:00002320       ?SetDrawAxesBeforeSeries@CAxes@@QAEXH@Z 10003320 f   axes.obj
 0001:00002340       ?SetFastCalc@CAxes@@QAEXH@Z 10003340 f   axes.obj
 0001:00002370       ?SetIsometric@CAxes@@QAEXJJ@Z 10003370 f   axes.obj
 0001:000023a0       ?SetVisible@CAxes@@QAEXH@Z 100033a0 f   axes.obj
 0001:000023c0       ?AdjustMaxMin@CAxis@@QAEXXZ 100033c0 f   axis.obj
 0001:000023e0       ?CalcIncrement@CAxis@@QAENXZ 100033e0 f   axis.obj
 0001:00002410       ?CalcPosPoint@CAxis@@QAENJ@Z 10003410 f   axis.obj
 0001:00002440       ?CalcXPosValue@CAxis@@QAEJN@Z 10003440 f   axis.obj
 0001:00002470       ?CalcXSizeValue@CAxis@@QAEJN@Z 10003470 f   axis.obj
 0001:000024a0       ?CalcYPosValue@CAxis@@QAEJN@Z 100034a0 f   axis.obj
 0001:000024d0       ?CalcYSizeValue@CAxis@@QAEJN@Z 100034d0 f   axis.obj
 0001:00002500       ?Clicked@CAxis@@QAEHJJ@Z   10003500 f   axis.obj
 0001:00002530       ?GetAutomatic@CAxis@@QAEHXZ 10003530 f   axis.obj
 0001:00002550       ?GetAutomaticMaximum@CAxis@@QAEHXZ 10003550 f   axis.obj
 0001:00002570       ?GetAutomaticMinimum@CAxis@@QAEHXZ 10003570 f   axis.obj
 0001:00002590       ?GetAxisType@CAxis@@QAEJXZ 10003590 f   axis.obj
 0001:000025b0       ?GetEndPosition@CAxis@@QAENXZ 100035b0 f   axis.obj
 0001:000025e0       ?GetExactDateTime@CAxis@@QAEHXZ 100035e0 f   axis.obj
 0001:00002600       ?GetGridCentered@CAxis@@QAEHXZ 10003600 f   axis.obj
 0001:00002620       ?GetGridZPosition@CAxis@@QAENXZ 10003620 f   axis.obj
 0001:00002650       ?GetIncrement@CAxis@@QAENXZ 10003650 f   axis.obj
 0001:00002680       ?GetIndex@CAxis@@QAEJXZ    10003680 f   axis.obj
 0001:000026b0       ?GetInverted@CAxis@@QAEHXZ 100036b0 f   axis.obj
 0001:000026d0       ?GetLogarithmic@CAxis@@QAEHXZ 100036d0 f   axis.obj
 0001:000026f0       ?GetLogarithmicBase@CAxis@@QAENXZ 100036f0 f   axis.obj
 0001:00002720       ?GetMaximum@CAxis@@QAENXZ  10003720 f   axis.obj
 0001:00002750       ?GetMaximumOffset@CAxis@@QAEJXZ 10003750 f   axis.obj
 0001:00002780       ?GetMinimum@CAxis@@QAENXZ  10003780 f   axis.obj
 0001:000027b0       ?GetMinimumOffset@CAxis@@QAEJXZ 100037b0 f   axis.obj
 0001:000027e0       ?GetMinorTickCount@CAxis@@QAEJXZ 100037e0 f   axis.obj
 0001:00002800       ?GetMinorTickLength@CAxis@@QAEJXZ 10003800 f   axis.obj
 0001:00002820       ?GetOtherside@CAxis@@QAEHXZ 10003820 f   axis.obj
 0001:00002840       ?GetPosition@CAxis@@QAEJXZ 10003840 f   axis.obj
 0001:00002860       ?GetPositionPercent@CAxis@@QAENXZ 10003860 f   axis.obj
 0001:00002890       ?GetPositionUnits@CAxis@@QAEJXZ 10003890 f   axis.obj
 0001:000028c0       ?GetStartPosition@CAxis@@QAENXZ 100038c0 f   axis.obj
 0001:000028f0       ?GetTickInnerLength@CAxis@@QAEJXZ 100038f0 f   axis.obj
 0001:00002910       ?GetTickLength@CAxis@@QAEJXZ 10003910 f   axis.obj
 0001:00002930       ?GetVisible@CAxis@@QAEHXZ  10003930 f   axis.obj
 0001:00002950       ?GetZPosition@CAxis@@QAENXZ 10003950 f   axis.obj
 0001:00002980       ?IsDateTime@CAxis@@QAEHXZ  10003980 f   axis.obj
 0001:000029a0       ?MaxVisibleSeriesValue@CAxis@@QAENHJ@Z 100039a0 f   axis.obj
 0001:000029d0       ?MaxXValue@CAxis@@QAENXZ   100039d0 f   axis.obj
 0001:00002a00       ?MaxYValue@CAxis@@QAENXZ   10003a00 f   axis.obj
 0001:00002a30       ?MinVisibleSeriesValue@CAxis@@QAENHJ@Z 10003a30 f   axis.obj
 0001:00002a60       ?MinXValue@CAxis@@QAENXZ   10003a60 f   axis.obj
 0001:00002a90       ?MinYValue@CAxis@@QAENXZ   10003a90 f   axis.obj
 0001:00002ac0       ?Scroll@CAxis@@QAEXNH@Z    10003ac0 f   axis.obj
 0001:00002af0       ?SetAutomatic@CAxis@@QAEXH@Z 10003af0 f   axis.obj
 0001:00002b10       ?SetAutomaticMaximum@CAxis@@QAEXH@Z 10003b10 f   axis.obj
 0001:00002b30       ?SetAutomaticMinimum@CAxis@@QAEXH@Z 10003b30 f   axis.obj
 0001:00002b50       ?SetEndPosition@CAxis@@QAEXN@Z 10003b50 f   axis.obj
 0001:00002b80       ?SetExactDateTime@CAxis@@QAEXH@Z 10003b80 f   axis.obj
 0001:00002ba0       ?SetGridCentered@CAxis@@QAEXH@Z 10003ba0 f   axis.obj
 0001:00002bc0       ?SetGridZPosition@CAxis@@QAEXN@Z 10003bc0 f   axis.obj
 0001:00002bf0       ?SetIncrement@CAxis@@QAEXN@Z 10003bf0 f   axis.obj
 0001:00002c20       ?SetInverted@CAxis@@QAEXH@Z 10003c20 f   axis.obj
 0001:00002c40       ?SetLogarithmic@CAxis@@QAEXH@Z 10003c40 f   axis.obj
 0001:00002c60       ?SetLogarithmicBase@CAxis@@QAEXN@Z 10003c60 f   axis.obj
 0001:00002c90       ?SetMaximum@CAxis@@QAEXN@Z 10003c90 f   axis.obj
 0001:00002cc0       ?SetMaximumOffset@CAxis@@QAEXJ@Z 10003cc0 f   axis.obj
 0001:00002cf0       ?SetMinMax@CAxis@@QAEXNN@Z 10003cf0 f   axis.obj
 0001:00002d30       ?SetMinimum@CAxis@@QAEXN@Z 10003d30 f   axis.obj
 0001:00002d60       ?SetMinimumOffset@CAxis@@QAEXJ@Z 10003d60 f   axis.obj
 0001:00002d90       ?SetMinorTickCount@CAxis@@QAEXJ@Z 10003d90 f   axis.obj
 0001:00002db0       ?SetMinorTickLength@CAxis@@QAEXJ@Z 10003db0 f   axis.obj
 0001:00002dd0       ?SetOtherside@CAxis@@QAEXH@Z 10003dd0 f   axis.obj
 0001:00002df0       ?SetPositionPercent@CAxis@@QAEXN@Z 10003df0 f   axis.obj
 0001:00002e20       ?SetPositionUnits@CAxis@@QAEXJ@Z 10003e20 f   axis.obj
 0001:00002e50       ?SetStartPosition@CAxis@@QAEXN@Z 10003e50 f   axis.obj
 0001:00002e80       ?SetTickInnerLength@CAxis@@QAEXJ@Z 10003e80 f   axis.obj
 0001:00002ea0       ?SetTickLength@CAxis@@QAEXJ@Z 10003ea0 f   axis.obj
 0001:00002ec0       ?SetVisible@CAxis@@QAEXH@Z 10003ec0 f   axis.obj
 0001:00002ee0       ?SetZPosition@CAxis@@QAEXN@Z 10003ee0 f   axis.obj
 0001:00002f10       ??3CObject@@SGXPAX@Z       10003f10 f i mschart1.obj
 0001:00002f30       ??_ECMschart1@@UAEPAXI@Z   10003f30 f i mschart1.obj
 0001:00002f30       ??_GCMschart1@@UAEPAXI@Z   10003f30 f i mschart1.obj
 0001:00002f70       ?AssertValid@CObject@@UBEXXZ 10003f70 f i mschart1.obj
 0001:00002f80       ?BeginModalState@CWnd@@UAEXXZ 10003f80 f i mschart1.obj
 0001:00002f90       ?Create@CMschart1@@UAEHPBD0KABUtagRECT@@PAVCWnd@@IPAUCCreateContext@@@Z 10003f90 f i mschart1.obj
 0001:00002fc0       ?CreateObject@CMschart1@@SGPAVCObject@@XZ 10003fc0 f   mschart1.obj
 0001:00003040       ?DoDataExchange@CWnd@@MAEXPAVCDataExchange@@@Z 10004040 f i mschart1.obj
 0001:00003050       ?Dump@CObject@@UBEXAAVCDumpContext@@@Z 10004050 f i mschart1.obj
 0001:00003060       ?EndModalState@CWnd@@UAEXXZ 10004060 f i mschart1.obj
 0001:00003070       ?GetRuntimeClass@CMschart1@@UBEPAUCRuntimeClass@@XZ 10004070 f   mschart1.obj
 0001:00003080       ?GetThisClass@CMschart1@@SGPAUCRuntimeClass@@XZ 10004080 f   mschart1.obj
 0001:00003090       ?Serialize@CObject@@UAEXAAVCArchive@@@Z 10004090 f i mschart1.obj
 0001:000030a0       ?_GetBaseClass@CMschart1@@KGPAUCRuntimeClass@@XZ 100040a0 f   mschart1.obj
 0001:000030b0       ?AddXY@CSeries@@QAEJNNPBDK@Z 100040b0 f   series.obj
 0001:000030f0       ?Clear@CSeries@@QAEXXZ     100040f0 f   series.obj
 0001:00003110       ??_ECTChart@@UAEPAXI@Z     10004110 f i tchart.obj
 0001:00003110       ??_GCTChart@@UAEPAXI@Z     10004110 f i tchart.obj
 0001:00003150       ?AboutBox@CTChart@@QAEXXZ  10004150 f   tchart.obj
 0001:00003170       ?AddSeries@CTChart@@QAEJJ@Z 10004170 f   tchart.obj
 0001:000031a0       ?ApplyCustomPalette@CTChart@@QAEXABUtagVARIANT@@@Z 100041a0 f   tchart.obj
 0001:000031d0       ?ApplyPalette@CTChart@@QAEXJ@Z 100041d0 f   tchart.obj
 0001:00003200       ?ChangeSeriesType@CTChart@@QAEXJJ@Z 10004200 f   tchart.obj
 0001:00003230       ?ChartRect@CTChart@@QAEXJJJJ@Z 10004230 f   tchart.obj
 0001:00003260       ?ClearChart@CTChart@@QAEXXZ 10004260 f   tchart.obj
 0001:00003280       ?CloneSeries@CTChart@@QAEJJ@Z 10004280 f   tchart.obj
 0001:000032b0       ?Create@CTChart@@UAEHPBD0KABUtagRECT@@PAVCWnd@@IPAUCCreateContext@@@Z 100042b0 f i tchart.obj
 0001:000032e0       ?CreateObject@CTChart@@SGPAVCObject@@XZ 100042e0 f   tchart.obj
 0001:00003360       ?Draw@CTChart@@QAEXJJJJJ@Z 10004360 f   tchart.obj
 0001:00003390       ?EditOneSeries@CTChart@@QAEXJ@Z 10004390 f   tchart.obj
 0001:000033b0       ?ExchangeSeries@CTChart@@QAEXJJ@Z 100043b0 f   tchart.obj
 0001:000033e0       ?GetAutoRepaint@CTChart@@QAEHXZ 100043e0 f   tchart.obj
 0001:00003400       ?GetAxis@CTChart@@QAE?AVCAxes@@XZ 10004400 f   tchart.obj
 0001:00003430       ?GetChartLink@CTChart@@QAEJXZ 10004430 f   tchart.obj
 0001:00003450       ?GetClipPoints@CTChart@@QAEHXZ 10004450 f   tchart.obj
 0001:00003470       ?GetCursor@CTChart@@QAEFXZ 10004470 f   tchart.obj
 0001:000034a0       ?GetDateTimeStep@CTChart@@QAENJ@Z 100044a0 f   tchart.obj
 0001:000034d0       ?GetDragCursor@CTChart@@QAEFXZ 100044d0 f   tchart.obj
 0001:00003500       ?GetDragMode@CTChart@@QAEJXZ 10004500 f   tchart.obj
 0001:00003520       ?GetEnabled@CTChart@@QAEHXZ 10004520 f   tchart.obj
 0001:00003540       ?GetFreeSeriesColor@CTChart@@QAEKH@Z 10004540 f   tchart.obj
 0001:00003570       ?GetHeight@CTChart@@QAEJXZ 10004570 f   tchart.obj
 0001:00003590       ?GetLabelsSeries@CTChart@@QAE?AVCSeries@@J@Z 10004590 f   tchart.obj
 0001:000035d0       ?GetLeft@CTChart@@QAEJXZ   100045d0 f   tchart.obj
 0001:000035f0       ?GetRuntimeClass@CTChart@@UBEPAUCRuntimeClass@@XZ 100045f0 f   tchart.obj
 0001:00003600       ?GetSeriesCount@CTChart@@QAEJXZ 10004600 f   tchart.obj
 0001:00003620       ?GetThisClass@CTChart@@SGPAUCRuntimeClass@@XZ 10004620 f   tchart.obj
 0001:00003630       ?GetTimerEnabled@CTChart@@QAEHXZ 10004630 f   tchart.obj
 0001:00003650       ?GetTimerInterval@CTChart@@QAEJXZ 10004650 f   tchart.obj
 0001:00003670       ?GetTop@CTChart@@QAEJXZ    10004670 f   tchart.obj
 0001:00003690       ?GetVisible@CTChart@@QAEHXZ 10004690 f   tchart.obj
 0001:000036b0       ?GetWidth@CTChart@@QAEJXZ  100046b0 f   tchart.obj
 0001:000036d0       ?IsFreeSeriesColor@CTChart@@QAEHKH@Z 100046d0 f   tchart.obj
 0001:00003700       ?RefreshData@CTChart@@QAEXXZ 10004700 f   tchart.obj
 0001:00003720       ?RemoveAllSeries@CTChart@@QAEXXZ 10004720 f   tchart.obj
 0001:00003740       ?RemoveSeries@CTChart@@QAEXJ@Z 10004740 f   tchart.obj
 0001:00003760       ?Repaint@CTChart@@QAEXXZ   10004760 f   tchart.obj
 0001:00003780       ?Series@CTChart@@QAE?AVCSeries@@J@Z 10004780 f   tchart.obj
 0001:000037c0       ?SeriesTitleLegend@CTChart@@QAE?AV?$CStringT@DV?$StrTraitMFC_DLL@DV?$ChTraitsCRT@D@ATL@@@@@ATL@@J@Z 100047c0 f   tchart.obj
 0001:00003840       ?SetAutoRepaint@CTChart@@QAEXH@Z 10004840 f   tchart.obj
 0001:00003860       ?SetClipPoints@CTChart@@QAEXH@Z 10004860 f   tchart.obj
 0001:00003880       ?SetCursor@CTChart@@QAEXF@Z 10004880 f   tchart.obj
 0001:000038b0       ?SetDragCursor@CTChart@@QAEXF@Z 100048b0 f   tchart.obj
 0001:000038e0       ?SetDragMode@CTChart@@QAEXJ@Z 100048e0 f   tchart.obj
 0001:00003900       ?SetEnabled@CTChart@@QAEXH@Z 10004900 f   tchart.obj
 0001:00003920       ?SetHeight@CTChart@@QAEXJ@Z 10004920 f   tchart.obj
 0001:00003940       ?SetLeft@CTChart@@QAEXJ@Z  10004940 f   tchart.obj
 0001:00003960       ?SetTheme@CTChart@@QAEXJJ@Z 10004960 f   tchart.obj
 0001:00003990       ?SetTimerEnabled@CTChart@@QAEXH@Z 10004990 f   tchart.obj
 0001:000039b0       ?SetTimerInterval@CTChart@@QAEXJ@Z 100049b0 f   tchart.obj
 0001:000039d0       ?SetTop@CTChart@@QAEXJ@Z   100049d0 f   tchart.obj
 0001:000039f0       ?SetVisible@CTChart@@QAEXH@Z 100049f0 f   tchart.obj
 0001:00003a10       ?SetWidth@CTChart@@QAEXJ@Z 10004a10 f   tchart.obj
 0001:00003a30       ?ShowEditor@CTChart@@QAEXJ@Z 10004a30 f   tchart.obj
 0001:00003a50       ?ShowThemesEditor@CTChart@@QAEXXZ 10004a50 f   tchart.obj
 0001:00003a70       ?StopMouse@CTChart@@QAEXXZ 10004a70 f   tchart.obj
 0001:00003a90       ?_GetBaseClass@CTChart@@KGPAUCRuntimeClass@@XZ 10004a90 f   tchart.obj
 0001:00003aa0       ??0CXDateTime@@QAE@XZ      10004aa0 f   XDateTime.obj
 0001:00003ac0       ??1CXDateTime@@UAE@XZ      10004ac0 f   XDateTime.obj
 0001:00003ad0       ??_GCDateTimeCtrl@@UAEPAXI@Z 10004ad0 f i XDateTime.obj
 0001:00003ad0       ??_ECDateTimeCtrl@@UAEPAXI@Z 10004ad0 f i XDateTime.obj
 0001:00003b10       ??_GCXDateTime@@UAEPAXI@Z  10004b10 f i XDateTime.obj
 0001:00003b10       ??_ECXDateTime@@UAEPAXI@Z  10004b10 f i XDateTime.obj
 0001:00003b60       ?GetMessageMap@CXDateTime@@MBEPBUAFX_MSGMAP@@XZ 10004b60 f   XDateTime.obj
 0001:00003b70       ?GetThisMessageMap@CXDateTime@@KGPBUAFX_MSGMAP@@XZ 10004b70 f   XDateTime.obj
 0001:00003b80       ?OnKeyDown@CXDateTime@@IAEXIII@Z 10004b80 f   XDateTime.obj
 0001:00003bc0       ??0CXEdit@@QAE@XZ          10004bc0 f   XEdit.obj
 0001:00003be0       ??1CXEdit@@UAE@XZ          10004be0 f   XEdit.obj
 0001:00003bf0       ??_GCEdit@@UAEPAXI@Z       10004bf0 f i XEdit.obj
 0001:00003bf0       ??_ECEdit@@UAEPAXI@Z       10004bf0 f i XEdit.obj
 0001:00003c30       ??_ECXEdit@@UAEPAXI@Z      10004c30 f i XEdit.obj
 0001:00003c30       ??_GCXEdit@@UAEPAXI@Z      10004c30 f i XEdit.obj
 0001:00003c80       ?GetMessageMap@CXEdit@@MBEPBUAFX_MSGMAP@@XZ 10004c80 f   XEdit.obj
 0001:00003c90       ?GetThisMessageMap@CXEdit@@KGPBUAFX_MSGMAP@@XZ 10004c90 f   XEdit.obj
 0001:00003ca0       ?OnKeyDown@CXEdit@@IAEXIII@Z 10004ca0 f   XEdit.obj
 0001:00003d80       ??0CXHeaderCtrl@@QAE@XZ    10004d80 f   XHeaderCtrl.obj
 0001:00003e50       ??1CBitmap@@UAE@XZ         10004e50 f i XHeaderCtrl.obj
 0001:00003e60       ??1CGdiObject@@UAE@XZ      10004e60 f i XHeaderCtrl.obj
 0001:00003f70       ??1CMemDC@@UAE@XZ          10004f70 f i XHeaderCtrl.obj
 0001:00004030       ??1CObject@@UAE@XZ         10005030 f i XHeaderCtrl.obj
 0001:00004040       ??1CPen@@UAE@XZ            10005040 f i XHeaderCtrl.obj
 0001:00004050       ??1CXHeaderCtrl@@UAE@XZ    10005050 f   XHeaderCtrl.obj
 0001:00004060       ??_GCBitmap@@UAEPAXI@Z     10005060 f i XHeaderCtrl.obj
 0001:00004060       ??_ECBitmap@@UAEPAXI@Z     10005060 f i XHeaderCtrl.obj
 0001:000040a0       ??_GCGdiObject@@UAEPAXI@Z  100050a0 f i XHeaderCtrl.obj
 0001:000040a0       ??_ECGdiObject@@UAEPAXI@Z  100050a0 f i XHeaderCtrl.obj
 0001:000040e0       ??_ECHeaderCtrl@@UAEPAXI@Z 100050e0 f i XHeaderCtrl.obj
 0001:000040e0       ??_GCHeaderCtrl@@UAEPAXI@Z 100050e0 f i XHeaderCtrl.obj
 0001:00004120       ??_GCMemDC@@UAEPAXI@Z      10005120 f i XHeaderCtrl.obj
 0001:00004120       ??_ECMemDC@@UAEPAXI@Z      10005120 f i XHeaderCtrl.obj
 0001:00004160       ??_ECPen@@UAEPAXI@Z        10005160 f i XHeaderCtrl.obj
 0001:00004160       ??_GCPen@@UAEPAXI@Z        10005160 f i XHeaderCtrl.obj
 0001:000041a0       ??_GCXHeaderCtrl@@UAEPAXI@Z 100051a0 f i XHeaderCtrl.obj
 0001:000041a0       ??_ECXHeaderCtrl@@UAEPAXI@Z 100051a0 f i XHeaderCtrl.obj
 0001:000041f0       ?CreateObject@CXHeaderCtrl@@SGPAVCObject@@XZ 100051f0 f   XHeaderCtrl.obj
 0001:00004310       ?DrawBitmap@CXHeaderCtrl@@IAEHPAVCDC@@VCRect@@PAU_HD_ITEMA@@PAVCBitmap@@PAUtagBITMAP@@H@Z 10005310 f   XHeaderCtrl.obj
 0001:00004450       ?DrawCtrl@CXHeaderCtrl@@IAEXPAVCDC@@@Z 10005450 f   XHeaderCtrl.obj
 0001:000049c0       ?DrawImage@CXHeaderCtrl@@IAEHPAVCDC@@VCRect@@PAU_HD_ITEMA@@H@Z 100059c0 f   XHeaderCtrl.obj
 0001:00004ae0       ?DrawItem@CXHeaderCtrl@@UAEXPAUtagDRAWITEMSTRUCT@@@Z 10005ae0 f   XHeaderCtrl.obj
 0001:00004af0       ?DrawItem@CXHeaderCtrl@@UAEXPAVCDC@@VCRect@@PAU_HD_ITEMA@@@Z 10005af0 f   XHeaderCtrl.obj
 0001:00004dc0       ?DrawTextA@CDC@@UAEHPBDHPAUtagRECT@@I@Z 10005dc0 f i XHeaderCtrl.obj
 0001:00004de0       ?DrawTextA@CXHeaderCtrl@@IAEHPAVCDC@@VCRect@@PAU_HD_ITEMA@@@Z 10005de0 f   XHeaderCtrl.obj
 0001:00004e80       ?DrawTextExA@CDC@@UAEHPADHPAUtagRECT@@IPAUtagDRAWTEXTPARAMS@@@Z 10005e80 f i XHeaderCtrl.obj
 0001:00004ea0       ?Escape@CDC@@UAEHHHPBDPAX@Z 10005ea0 f i XHeaderCtrl.obj
 0001:00004ec0       ?ExtTextOutA@CDC@@UAEHHHIPBUtagRECT@@PBDIPAH@Z 10005ec0 f i XHeaderCtrl.obj
 0001:00004ef0       ?GetMessageMap@CXHeaderCtrl@@MBEPBUAFX_MSGMAP@@XZ 10005ef0 f   XHeaderCtrl.obj
 0001:00004f00       ?GetRuntimeClass@CXHeaderCtrl@@UBEPAUCRuntimeClass@@XZ 10005f00 f   XHeaderCtrl.obj
 0001:00004f10       ?GetThisClass@CXHeaderCtrl@@SGPAUCRuntimeClass@@XZ 10005f10 f   XHeaderCtrl.obj
 0001:00004f20       ?GetThisMessageMap@CXHeaderCtrl@@KGPBUAFX_MSGMAP@@XZ 10005f20 f   XHeaderCtrl.obj
 0001:00004f30       ?GrayStringA@CDC@@UAEHPAVCBrush@@P6GHPAUHDC__@@JH@ZJHHHHH@Z 10005f30 f i XHeaderCtrl.obj
 0001:00004f60       ?ModifyProperty@CXHeaderCtrl@@QAEHIJ@Z 10005f60 f   XHeaderCtrl.obj
 0001:00004fe0       ?OnDeleteItem@CXHeaderCtrl@@IAEJIJ@Z 10005fe0 f   XHeaderCtrl.obj
 0001:00004ff0       ?OnEraseBkgnd@CXHeaderCtrl@@IAEHPAVCDC@@@Z 10005ff0 f   XHeaderCtrl.obj
 0001:00005000       ?OnInsertItem@CXHeaderCtrl@@IAEJIJ@Z 10006000 f   XHeaderCtrl.obj
 0001:00005010       ?OnLayout@CXHeaderCtrl@@IAEJIJ@Z 10006010 f   XHeaderCtrl.obj
 0001:00005050       ?OnPaint@CXHeaderCtrl@@IAEXXZ 10006050 f   XHeaderCtrl.obj
 0001:000051c0       ?OnSetImageList@CXHeaderCtrl@@IAEJIJ@Z 100061c0 f   XHeaderCtrl.obj
 0001:00005220       ?OnSysColorChange@CXHeaderCtrl@@IAEXXZ 10006220 f   XHeaderCtrl.obj
 0001:00005260       ?PtVisible@CDC@@UBEHHH@Z   10006260 f i XHeaderCtrl.obj
 0001:00005280       ?RectVisible@CDC@@UBEHPBUtagRECT@@@Z 10006280 f i XHeaderCtrl.obj
 0001:000052a0       ?SetSortImage@CXHeaderCtrl@@QAEXHH@Z 100062a0 f   XHeaderCtrl.obj
 0001:000052c0       ?TabbedTextOutA@CDC@@UAE?AVCSize@@HHPBDHHPAHH@Z 100062c0 f i XHeaderCtrl.obj
 0001:00005300       ?TextOutA@CDC@@UAEHHHPBDH@Z 10006300 f i XHeaderCtrl.obj
 0001:00005320       ?_GetBaseClass@CXHeaderCtrl@@KGPAUCRuntimeClass@@XZ 10006320 f   XHeaderCtrl.obj
 0001:00005330       ??0CXListCtrl@@QAE@XZ      10006330 f   XListCtrl.obj
 0001:00005510       ??0XLISTCTRLDATA@@QAE@XZ   10006510 f i XListCtrl.obj
 0001:00005610       ??1CFont@@UAE@XZ           10006610 f i XListCtrl.obj
 0001:00005620       ??1CRgn@@UAE@XZ            10006620 f i XListCtrl.obj
 0001:00005630       ??1CXListCtrl@@UAE@XZ      10006630 f   XListCtrl.obj
 0001:000056b0       ??1XLISTCTRLDATA@@QAE@XZ   100066b0 f i XListCtrl.obj
 0001:000056c6       ??_9CXListCtrl@@$BBHE@AE   100066c6 f i XListCtrl.obj
 0001:000056d0       ??_EXLISTCTRLDATA@@QAEPAXI@Z 100066d0 f i XListCtrl.obj
 0001:00005790       ??_GCFont@@UAEPAXI@Z       10006790 f i XListCtrl.obj
 0001:00005790       ??_ECFont@@UAEPAXI@Z       10006790 f i XListCtrl.obj
 0001:000057d0       ??_ECListCtrl@@UAEPAXI@Z   100067d0 f i XListCtrl.obj
 0001:000057d0       ??_GCListCtrl@@UAEPAXI@Z   100067d0 f i XListCtrl.obj
 0001:00005810       ??_ECRgn@@UAEPAXI@Z        10006810 f i XListCtrl.obj
 0001:00005810       ??_GCRgn@@UAEPAXI@Z        10006810 f i XListCtrl.obj
 0001:00005850       ??_GCXListCtrl@@UAEPAXI@Z  10006850 f i XListCtrl.obj
 0001:00005850       ??_ECXListCtrl@@UAEPAXI@Z  10006850 f i XListCtrl.obj
 0001:00005900       ?AtlThrowImpl@ATL@@YGXJ@Z  10006900 f i XListCtrl.obj
 0001:00005920       ?CountCheckedItems@CXListCtrl@@QAEHH@Z 10006920 f   XListCtrl.obj
 0001:000059c0       ?DeleteAllItems@CXListCtrl@@QAEHXZ 100069c0 f   XListCtrl.obj
 0001:00005aa0       ?DeleteAllToolTips@CXListCtrl@@QAEXXZ 10006aa0 f   XListCtrl.obj
 0001:00005b40       ?DeleteItem@CXListCtrl@@QAEHH@Z 10006b40 f   XListCtrl.obj
 0001:00005b90       ?DeleteProgress@CXListCtrl@@QAEXHH@Z 10006b90 f   XListCtrl.obj
 0001:00005c10       ?DrawCheckbox@CXListCtrl@@IAEXHHPAVCDC@@KKAAVCRect@@PAUXLISTCTRLDATA@@@Z 10006c10 f   XListCtrl.obj
 0001:00005eb0       ?DrawImage@CXListCtrl@@IAEHHHPAVCDC@@KKVCRect@@PAUXLISTCTRLDATA@@@Z 10006eb0 f   XListCtrl.obj
 0001:00006050       ?DrawProgress@CXListCtrl@@IAEXHHPAVCDC@@KKAAVCRect@@PAUXLISTCTRLDATA@@@Z 10007050 f   XListCtrl.obj
 0001:00006400       ?DrawTextA@CXListCtrl@@IAEXHHPAVCDC@@KKAAVCRect@@PAUXLISTCTRLDATA@@@Z 10007400 f   XListCtrl.obj
 0001:000065e0       ?GetBold@CXListCtrl@@QAEHHH@Z 100075e0 f   XListCtrl.obj
 0001:00006640       ?GetCheckbox@CXListCtrl@@QAEHHH@Z 10007640 f   XListCtrl.obj
 0001:000066a0       ?GetColumns@CXListCtrl@@QAEHXZ 100076a0 f   XListCtrl.obj
 0001:000066c0       ?GetComboText@CXListCtrl@@QAE?AV?$CStringT@DV?$StrTraitMFC_DLL@DV?$ChTraitsCRT@D@ATL@@@@@ATL@@HH@Z 100076c0 f   XListCtrl.obj
 0001:000067c0       ?GetCurSel@CXListCtrl@@QAEHXZ 100077c0 f   XListCtrl.obj
 0001:00006800       ?GetDrawColors@CXListCtrl@@MAEXHHAAK0@Z 10007800 f   XListCtrl.obj
 0001:00006930       ?GetEnabled@CXListCtrl@@QAEHH@Z 10007930 f   XListCtrl.obj
 0001:00006960       ?GetHeaderCheckedState@CXListCtrl@@QAEHH@Z 10007960 f   XListCtrl.obj
 0001:000069c0       ?GetItemData@CXListCtrl@@QAEKH@Z 100079c0 f   XListCtrl.obj
 0001:00006a10       ?GetItemListCtrlData@CXListCtrl@@QAEPAUXLISTCTRLDATA@@H@Z 10007a10 f   XListCtrl.obj
 0001:00006a40       ?GetItemToolTipText@CXListCtrl@@QAE?AV?$CStringT@DV?$StrTraitMFC_DLL@DV?$ChTraitsCRT@D@ATL@@@@@ATL@@HH@Z 10007a40 f   XListCtrl.obj
 0001:00006b20       ?GetMessageMap@CXListCtrl@@MBEPBUAFX_MSGMAP@@XZ 10007b20 f   XListCtrl.obj
 0001:00006b30       ?GetSubItemRect@CXListCtrl@@QAEHHHHAAVCRect@@@Z 10007b30 f   XListCtrl.obj
 0001:00006bf0       ?GetThisMessageMap@CXListCtrl@@KGPBUAFX_MSGMAP@@XZ 10007bf0 f   XListCtrl.obj
 0001:00006c00       ?InsertItem@CXListCtrl@@QAEHHPBD@Z 10007c00 f   XListCtrl.obj
 0001:00006d60       ?InsertItem@CXListCtrl@@QAEHHPBDKK@Z 10007d60 f   XListCtrl.obj
 0001:00006eb0       ?OnClick@CXListCtrl@@IAEHPAUtagNMHDR@@PAJ@Z 10007eb0 f   XListCtrl.obj
 0001:00006ed0       ?OnColumnClick@CXListCtrl@@IAEHPAUtagNMHDR@@PAJ@Z 10007ed0 f   XListCtrl.obj
 0001:00007040       ?OnCreate@CXListCtrl@@IAEHPAUtagCREATESTRUCTA@@@Z 10008040 f   XListCtrl.obj
 0001:00007060       ?OnCustomDraw@CXListCtrl@@IAEXPAUtagNMHDR@@PAJ@Z 10008060 f   XListCtrl.obj
 0001:00007380       ?OnDblclk@CXListCtrl@@IAEHPAUtagNMHDR@@PAJ@Z 10008380 f   XListCtrl.obj
 0001:00007560       ?OnDestroy@CXListCtrl@@IAEXXZ 10008560 f   XListCtrl.obj
 0001:00007650       ?OnEditReturn@CXListCtrl@@IAEJIJ@Z 10008650 f   XListCtrl.obj
 0001:00007740       ?OnEraseBkgnd@CXListCtrl@@IAEHPAVCDC@@@Z 10008740 f   XListCtrl.obj
 0001:00007890       ?OnLButtonDown@CXListCtrl@@IAEXIVCPoint@@@Z 10008890 f   XListCtrl.obj
 0001:00007b10       ?OnPaint@CXListCtrl@@IAEXXZ 10008b10 f   XListCtrl.obj
 0001:00007d70       ?OnRButtonDown@CXListCtrl@@IAEXIVCPoint@@@Z 10008d70 f   XListCtrl.obj
 0001:00007ff0       ?OnSysColorChange@CXListCtrl@@IAEXXZ 10008ff0 f   XListCtrl.obj
 0001:00008090       ?OnToolHitTest@CXListCtrl@@UBEHVCPoint@@PAUtagTOOLINFOA@@@Z 10009090 f   XListCtrl.obj
 0001:00008130       ?OnToolTipText@CXListCtrl@@MAEHIPAUtagNMHDR@@PAJ@Z 10009130 f   XListCtrl.obj
 0001:000082a0       ?PreSubclassWindow@CXListCtrl@@UAEXXZ 100092a0 f   XListCtrl.obj
 0001:000082b0       ?SetBold@CXListCtrl@@QAEHHHH@Z 100092b0 f   XListCtrl.obj
 0001:00008320       ?SetCheckbox@CXListCtrl@@QAEHHHHH@Z 10009320 f   XListCtrl.obj
 0001:000083f0       ?SetComboBox@CXListCtrl@@QAEHHHHPAVCStringArray@@HH@Z 100093f0 f   XListCtrl.obj
 0001:00008550       ?SetCurSel@CXListCtrl@@QAEHHH@Z 10009550 f   XListCtrl.obj
 0001:00008580       ?SetEditBox@CXListCtrl@@QAEHHHH@Z 10009580 f   XListCtrl.obj
 0001:00008600       ?SetEnabled@CXListCtrl@@QAEHHH@Z 10009600 f   XListCtrl.obj
 0001:00008690       ?SetHeaderCheckedState@CXListCtrl@@QAEHHH@Z 10009690 f   XListCtrl.obj
 0001:00008700       ?SetItem@CXListCtrl@@QAEHPBUtagLVITEMA@@@Z 10009700 f   XListCtrl.obj
 0001:00008780       ?SetItemData@CXListCtrl@@QAEHHK@Z 10009780 f   XListCtrl.obj
 0001:000087c0       ?SetItemImage@CXListCtrl@@QAEHHHH@Z 100097c0 f   XListCtrl.obj
 0001:00008840       ?SetItemText@CXListCtrl@@QAEHHHPBD@Z 10009840 f   XListCtrl.obj
 0001:000088a0       ?SetItemText@CXListCtrl@@QAEHHHPBDKKH@Z 100098a0 f   XListCtrl.obj
 0001:00008940       ?SetItemToolTipText@CXListCtrl@@QAEHHHPBD@Z 10009940 f   XListCtrl.obj
 0001:000089c0       ?SetProgress@CXListCtrl@@QAEHHHHPBD@Z 100099c0 f   XListCtrl.obj
 0001:00008a70       ?SetRowHeight@CXListCtrl@@QAEXF@Z 10009a70 f   XListCtrl.obj
 0001:00008ac0       ?SetSortImage@CXListCtrl@@QAEXHH@Z 10009ac0 f   XListCtrl.obj
 0001:00008b10       ?SubclassHeaderControl@CXListCtrl@@IAEXXZ 10009b10 f   XListCtrl.obj
 0001:00008b80       ?UpdateProgress@CXListCtrl@@QAEXHHH@Z 10009b80 f   XListCtrl.obj
 0001:00008bf0       ?UpdateSubItem@CXListCtrl@@QAEXHH@Z 10009bf0 f   XListCtrl.obj
 0001:00008c70       ??$SerializeElements@H@@YGXAAVCArchive@@PAHH@Z 10009c70 f i XTabCtrl.obj
 0001:00008d20       ??0?$CArray@HH@@QAE@XZ     10009d20 f i XTabCtrl.obj
 0001:00008d50       ??0CXTabCtrl@@QAE@XZ       10009d50 f   XTabCtrl.obj
 0001:00008e80       ??1?$CArray@HH@@UAE@XZ     10009e80 f i XTabCtrl.obj
 0001:00008ea0       ??1CXTabCtrl@@UAE@XZ       10009ea0 f   XTabCtrl.obj
 0001:00008f40       ??_E?$CArray@HH@@UAEPAXI@Z 10009f40 f i XTabCtrl.obj
 0001:00008f40       ??_G?$CArray@HH@@UAEPAXI@Z 10009f40 f i XTabCtrl.obj
 0001:00008f90       ??_ECTabCtrl@@UAEPAXI@Z    10009f90 f i XTabCtrl.obj
 0001:00008f90       ??_GCTabCtrl@@UAEPAXI@Z    10009f90 f i XTabCtrl.obj
 0001:00008fd0       ??_GCXTabCtrl@@UAEPAXI@Z   10009fd0 f i XTabCtrl.obj
 0001:00008fd0       ??_ECXTabCtrl@@UAEPAXI@Z   10009fd0 f i XTabCtrl.obj
 0001:000090b0       ?AddTab@CXTabCtrl@@QAEXPAVCWnd@@PADH@Z 1000a0b0 f   XTabCtrl.obj
 0001:00009190       ?AfxCrtErrorCheck@@YAHH@Z  1000a190 f i XTabCtrl.obj
 0001:00009220       ?ChangeTab@CXTabCtrl@@QAEXHPAVCWnd@@PADH@Z 1000a220 f   XTabCtrl.obj
 0001:000092e0       ?DeleteAllTabs@CXTabCtrl@@QAEXXZ 1000a2e0 f   XTabCtrl.obj
 0001:00009330       ?DeleteTab@CXTabCtrl@@QAEXH@Z 1000a330 f   XTabCtrl.obj
 0001:000093d0       ?DrawGradientTab@CXTabCtrl@@QAEXPAVCDC@@VCRect@@@Z 1000a3d0 f   XTabCtrl.obj
 0001:00009580       ?DrawItem@CXTabCtrl@@MAEXPAUtagDRAWITEMSTRUCT@@@Z 1000a580 f   XTabCtrl.obj
 0001:00009b70       ?DrawLine@CXTabCtrl@@QAEXVCPoint@@0PAVCDC@@K@Z 1000ab70 f   XTabCtrl.obj
 0001:00009c30       ?EnableTab@CXTabCtrl@@QAEXHH@Z 1000ac30 f   XTabCtrl.obj
 0001:00009cb0       ?GetMessageMap@CXTabCtrl@@MBEPBUAFX_MSGMAP@@XZ 1000acb0 f   XTabCtrl.obj
 0001:00009cc0       ?GetThisMessageMap@CXTabCtrl@@KGPBUAFX_MSGMAP@@XZ 1000acc0 f   XTabCtrl.obj
 0001:00009cd0       ?IsTabEnabled@CXTabCtrl@@QAEHH@Z 1000acd0 f   XTabCtrl.obj
 0001:00009d00       ?OnEraseBkgnd@CXTabCtrl@@IAEHPAVCDC@@@Z 1000ad00 f   XTabCtrl.obj
 0001:00009d60       ?OnLButtonDown@CXTabCtrl@@IAEXIVCPoint@@@Z 1000ad60 f   XTabCtrl.obj
 0001:00009da0       ?OnLButtonUp@CXTabCtrl@@IAEXIVCPoint@@@Z 1000ada0 f   XTabCtrl.obj
 0001:00009de0       ?OnMouseMove@CXTabCtrl@@IAEXIVCPoint@@@Z 1000ade0 f   XTabCtrl.obj
 0001:00009e30       ?OnPaint@CXTabCtrl@@IAEXXZ 1000ae30 f   XTabCtrl.obj
 0001:0000a0f0       ?OnSelchange@CXTabCtrl@@IAEHPAUtagNMHDR@@PAJ@Z 1000b0f0 f   XTabCtrl.obj
 0001:0000a200       ?OnSelchanging@CXTabCtrl@@IAEHPAUtagNMHDR@@PAJ@Z 1000b200 f   XTabCtrl.obj
 0001:0000a240       ?OnSize@CXTabCtrl@@IAEXIHH@Z 1000b240 f   XTabCtrl.obj
 0001:0000a2c0       ?OnTimer@CXTabCtrl@@IAEXI@Z 1000b2c0 f   XTabCtrl.obj
 0001:0000a370       ?PreSubclassWindow@CXTabCtrl@@MAEXXZ 1000b370 f   XTabCtrl.obj
 0001:0000a390       ?RemoveAt@?$CArray@HH@@QAEXHH@Z 1000b390 f i XTabCtrl.obj
 0001:0000a430       ?SelectNextTab@CXTabCtrl@@QAEHH@Z 1000b430 f   XTabCtrl.obj
 0001:0000a4d0       ?SelectTab@CXTabCtrl@@QAEHH@Z 1000b4d0 f   XTabCtrl.obj
 0001:0000a600       ?SelectTabByName@CXTabCtrl@@QAEHPBD@Z 1000b600 f   XTabCtrl.obj
 0001:0000a6e0       ?Serialize@?$CArray@HH@@UAEXAAVCArchive@@@Z 1000b6e0 f i XTabCtrl.obj
 0001:0000a7c0       ?SetAtGrow@?$CArray@HH@@QAEXHH@Z 1000b7c0 f i XTabCtrl.obj
 0001:0000a800       ?SetDisabledColor@CXTabCtrl@@QAEXK@Z 1000b800 f   XTabCtrl.obj
 0001:0000a820       ?SetMouseOverColor@CXTabCtrl@@QAEXK@Z 1000b820 f   XTabCtrl.obj
 0001:0000a840       ?SetNormalColor@CXTabCtrl@@QAEXKKK@Z 1000b840 f   XTabCtrl.obj
 0001:0000a870       ?SetPrevSelect@CXTabCtrl@@QAEXXZ 1000b870 f   XTabCtrl.obj
 0001:0000a8c0       ?SetSelectedColor@CXTabCtrl@@QAEXKK@Z 1000b8c0 f   XTabCtrl.obj
 0001:0000a8e0       ?SetSize@?$CArray@HH@@QAEXHH@Z 1000b8e0 f i XTabCtrl.obj
 0001:0000aac0       ?SetTopLeftCorner@CXTabCtrl@@QAEXVCPoint@@@Z 1000bac0 f   XTabCtrl.obj
 0001:0000aae0       ??$SerializeElements@UST_DATAINDEX@@@@YGXAAVCArchive@@PAUST_DATAINDEX@@H@Z 1000bae0 f i DlgAnalysis.obj
 0001:0000ab80       ??0?$CArray@UST_DATAINDEX@@U1@@@QAE@XZ 1000bb80 f i DlgAnalysis.obj
 0001:0000abb0       ??0CDlgAnalysis@@QAE@PAVCWnd@@@Z 1000bbb0 f   DlgAnalysis.obj
 0001:0000ad80       ??0ST_DATAINDEX@@QAE@ABU0@@Z 1000bd80 f i DlgAnalysis.obj
 0001:0000ae40       ??1?$CArray@UST_DATAINDEX@@U1@@@UAE@XZ 1000be40 f i DlgAnalysis.obj
 0001:0000aed0       ??1CBrush@@UAE@XZ          1000bed0 f i DlgAnalysis.obj
 0001:0000aee0       ??1CEscDialog@@UAE@XZ      1000bee0 f i DlgAnalysis.obj
 0001:0000aef0       ??1ST_DATAINDEX@@QAE@XZ    1000bef0 f i DlgAnalysis.obj
 0001:0000af30       ??4ST_DATAINDEX@@QAEAAU0@ABU0@@Z 1000bf30 f i DlgAnalysis.obj
 0001:0000afa0       ??HATL@@YA?AV?$CStringT@DV?$StrTraitMFC_DLL@DV?$ChTraitsCRT@D@ATL@@@@@0@ABV10@PBD@Z 1000bfa0 f i DlgAnalysis.obj
 0001:0000b040       ??_G?$CArray@UST_DATAINDEX@@U1@@@UAEPAXI@Z 1000c040 f i DlgAnalysis.obj
 0001:0000b040       ??_E?$CArray@UST_DATAINDEX@@U1@@@UAEPAXI@Z 1000c040 f i DlgAnalysis.obj
 0001:0000b080       ??_GCBrush@@UAEPAXI@Z      1000c080 f i DlgAnalysis.obj
 0001:0000b080       ??_ECBrush@@UAEPAXI@Z      1000c080 f i DlgAnalysis.obj
 0001:0000b0c0       ??_ECDlgAnalysis@@UAEPAXI@Z 1000c0c0 f i DlgAnalysis.obj
 0001:0000b0c0       ??_GCDlgAnalysis@@UAEPAXI@Z 1000c0c0 f i DlgAnalysis.obj
 0001:0000b1b0       ??_ECEscDialog@@UAEPAXI@Z  1000c1b0 f i DlgAnalysis.obj
 0001:0000b1b0       ??_GCEscDialog@@UAEPAXI@Z  1000c1b0 f i DlgAnalysis.obj
 0001:0000b1f0       ?Add@?$CArray@UST_DATAINDEX@@U1@@@QAEHUST_DATAINDEX@@@Z 1000c1f0 f i DlgAnalysis.obj
 0001:0000b2f0       ?Create@CDialog@@UAEHIPAVCWnd@@@Z 1000c2f0 f i DlgAnalysis.obj
 0001:0000b300       ?DoDataExchange@CDlgAnalysis@@MAEXPAVCDataExchange@@@Z 1000c300 f   DlgAnalysis.obj
 0001:0000b310       ?FormInit@CDlgAnalysis@@QAEXXZ 1000c310 f   DlgAnalysis.obj
 0001:0000b320       ?FormLoad@CDlgAnalysis@@QAEXXZ 1000c320 f   DlgAnalysis.obj
 0001:0000b330       ?GetMessageMap@CDlgAnalysis@@MBEPBUAFX_MSGMAP@@XZ 1000c330 f   DlgAnalysis.obj
 0001:0000b340       ?GetRect@CDlgAnalysis@@QAE?AVCRect@@H@Z 1000c340 f   DlgAnalysis.obj
 0001:0000b380       ?GetThisMessageMap@CDlgAnalysis@@KGPBUAFX_MSGMAP@@XZ 1000c380 f   DlgAnalysis.obj
 0001:0000b390       ?InitSTLoad@CDlgAnalysis@@QAEXXZ 1000c390 f   DlgAnalysis.obj
 0001:0000b5d0       ?InsertDateGubun@CDlgAnalysis@@QAEXAAV?$CStringT@DV?$StrTraitMFC_DLL@DV?$ChTraitsCRT@D@ATL@@@@@ATL@@@Z 1000c5d0 f   DlgAnalysis.obj
 0001:0000b600       ?InsertGubun@CDlgAnalysis@@QAEHAAV?$CStringT@DV?$StrTraitMFC_DLL@DV?$ChTraitsCRT@D@ATL@@@@@ATL@@H@Z 1000c600 f   DlgAnalysis.obj
 0001:0000b760       ?InsertHourGubun@CDlgAnalysis@@QAEXAAV?$CStringT@DV?$StrTraitMFC_DLL@DV?$ChTraitsCRT@D@ATL@@@@@ATL@@@Z 1000c760 f   DlgAnalysis.obj
 0001:0000b7b0       ?InsertMinuteGubun@CDlgAnalysis@@QAEXAAV?$CStringT@DV?$StrTraitMFC_DLL@DV?$ChTraitsCRT@D@ATL@@@@@ATL@@H@Z 1000c7b0 f   DlgAnalysis.obj
 0001:0000b830       ?InsertMonthGubun@CDlgAnalysis@@QAEXAAV?$CStringT@DV?$StrTraitMFC_DLL@DV?$ChTraitsCRT@D@ATL@@@@@ATL@@@Z 1000c830 f   DlgAnalysis.obj
 0001:0000b850       ?InsertTimeGubun@CDlgAnalysis@@QAEXAAV?$CStringT@DV?$StrTraitMFC_DLL@DV?$ChTraitsCRT@D@ATL@@@@@ATL@@@Z 1000c850 f   DlgAnalysis.obj
 0001:0000b8a0       ?OnCancel@CDlgAnalysis@@MAEXXZ 1000c8a0 f   DlgAnalysis.obj
 0001:0000b8b0       ?OnCtlColor@CDlgAnalysis@@QAEPAUHBRUSH__@@PAVCDC@@PAVCWnd@@I@Z 1000c8b0 f   DlgAnalysis.obj
 0001:0000b900       ?OnDestroy@CDlgAnalysis@@IAEXXZ 1000c900 f   DlgAnalysis.obj
 0001:0000b990       ?OnGetDllSize@CDlgAnalysis@@IAEJIJ@Z 1000c990 f   DlgAnalysis.obj
 0001:0000b9b0       ?OnInitDialog@CDlgAnalysis@@MAEHXZ 1000c9b0 f   DlgAnalysis.obj
 0001:0000bbf0       ?OnSTDataManagerMessagge@CDlgAnalysis@@IAEJIJ@Z 1000cbf0 f   DlgAnalysis.obj
 0001:0000c610       ?OnShowWindow@CDlgAnalysis@@QAEXHI@Z 1000d610 f   DlgAnalysis.obj
 0001:0000c620       ?OnTimer@CDlgAnalysis@@QAEXI@Z 1000d620 f   DlgAnalysis.obj
 0001:0000c670       ?PreTranslateMessage@CEscDialog@@MAEHPAUtagMSG@@@Z 1000d670 f i DlgAnalysis.obj
 0001:0000c6e0       ?Result@CDlgAnalysis@@QAEXXZ 1000d6e0 f   DlgAnalysis.obj
 0001:0000c7e0       ?Serialize@?$CArray@UST_DATAINDEX@@U1@@@UAEXAAVCArchive@@@Z 1000d7e0 f i DlgAnalysis.obj
 0001:0000c8c0       ?SetAtGrow@?$CArray@UST_DATAINDEX@@U1@@@QAEXHUST_DATAINDEX@@@Z 1000d8c0 f i DlgAnalysis.obj
 0001:0000c970       ?SetCalculateData@CDlgAnalysis@@QAEXH@Z 1000d970 f   DlgAnalysis.obj
 0001:0000ca60       ?SetSize@?$CArray@UST_DATAINDEX@@U1@@@QAEXHH@Z 1000da60 f i DlgAnalysis.obj
 0001:0000ce50       ?WriteDebug@CDlgAnalysis@@QAEXV?$CStringT@DV?$StrTraitMFC_DLL@DV?$ChTraitsCRT@D@ATL@@@@@ATL@@@Z 1000de50 f   DlgAnalysis.obj
 0001:0000cee0       ___local_stdio_printf_options 1000dee0 f i DlgAnalysis.obj
 0001:0000cef0       _fprintf                   1000def0 f i DlgAnalysis.obj
 0001:0000cf20       ??0CDlgInterface@@QAE@IPAVCWnd@@@Z 1000df20 f   DlgInterface.obj
 0001:0000cf60       ??_ECDlgInterface@@UAEPAXI@Z 1000df60 f i DlgInterface.obj
 0001:0000cf60       ??_GCDlgInterface@@UAEPAXI@Z 1000df60 f i DlgInterface.obj
 0001:0000cfa0       ?DoDataExchange@CDlgInterface@@MAEXPAVCDataExchange@@@Z 1000dfa0 f   DlgInterface.obj
 0001:0000cfb0       ?GetComma@CDlgInterface@@SA?AV?$CStringT@DV?$StrTraitMFC_DLL@DV?$ChTraitsCRT@D@ATL@@@@@ATL@@PBD@Z 1000dfb0 f   DlgInterface.obj
 0001:0000d270       ?GetMessageMap@CDlgInterface@@MBEPBUAFX_MSGMAP@@XZ 1000e270 f   DlgInterface.obj
 0001:0000d280       ?GetNumber@CDlgInterface@@SA?AV?$CStringT@DV?$StrTraitMFC_DLL@DV?$ChTraitsCRT@D@ATL@@@@@ATL@@PBD@Z 1000e280 f   DlgInterface.obj
 0001:0000d340       ?GetThisMessageMap@CDlgInterface@@KGPBUAFX_MSGMAP@@XZ 1000e340 f   DlgInterface.obj
 0001:0000d350       ?GuganBtnUpdate@CDlgInterface@@UAEXXZ 1000e350 f i DlgInterface.obj
 0001:0000d360       ?ParsingComma@CDlgInterface@@QAE?AV?$CStringT@DV?$StrTraitMFC_DLL@DV?$ChTraitsCRT@D@ATL@@@@@ATL@@V23@@Z 1000e360 f   DlgInterface.obj
 0001:0000d3e0       ?SetChartFocus@CDlgInterface@@UAEXH@Z 1000e3e0 f i DlgInterface.obj
 0001:0000d3f0       ?UpdateDlg@CDlgInterface@@UAEXXZ 1000e3f0 f i DlgInterface.obj
 0001:0000d400       ??0CDlgWait@@QAE@PAVCWnd@@@Z 1000e400 f   DlgWait.obj
 0001:0000d4b0       ??1CDlgWait@@UAE@XZ        1000e4b0 f   DlgWait.obj
 0001:0000d530       ??_ECDlgWait@@UAEPAXI@Z    1000e530 f i DlgWait.obj
 0001:0000d530       ??_GCDlgWait@@UAEPAXI@Z    1000e530 f i DlgWait.obj
 0001:0000d5e0       ?DoDataExchange@CDlgWait@@MAEXPAVCDataExchange@@@Z 1000e5e0 f   DlgWait.obj
 0001:0000d600       ?GetMessageMap@CDlgWait@@MBEPBUAFX_MSGMAP@@XZ 1000e600 f   DlgWait.obj
 0001:0000d610       ?GetRuntimeClass@CDlgWait@@UBEPAUCRuntimeClass@@XZ 1000e610 f   DlgWait.obj
 0001:0000d620       ?GetThisClass@CDlgWait@@SGPAUCRuntimeClass@@XZ 1000e620 f   DlgWait.obj
 0001:0000d630       ?GetThisMessageMap@CDlgWait@@KGPBUAFX_MSGMAP@@XZ 1000e630 f   DlgWait.obj
 0001:0000d640       ?OnCtlColor@CDlgWait@@QAEPAUHBRUSH__@@PAVCDC@@PAVCWnd@@I@Z 1000e640 f   DlgWait.obj
 0001:0000d690       ?_GetBaseClass@CDlgWait@@KGPAUCRuntimeClass@@XZ 1000e690 f   DlgWait.obj
 0001:0000d6a0       ??0CGridCell@@QAE@XZ       1000e6a0 f   GridCell.obj
 0001:0000d770       ??0CGridDefaultCell@@QAE@XZ 1000e770 f   GridCell.obj
 0001:0000d980       ??1CGridCell@@UAE@XZ       1000e980 f   GridCell.obj
 0001:0000d9b0       ??1CGridDefaultCell@@UAE@XZ 1000e9b0 f   GridCell.obj
 0001:0000da30       ??4CGridCell@@QAEXABV0@@Z  1000ea30 f   GridCell.obj
 0001:0000da50       ??_GCGridCell@@UAEPAXI@Z   1000ea50 f i GridCell.obj
 0001:0000da50       ??_ECGridCell@@UAEPAXI@Z   1000ea50 f i GridCell.obj
 0001:0000dab0       ??_ECGridDefaultCell@@UAEPAXI@Z 1000eab0 f i GridCell.obj
 0001:0000dab0       ??_GCGridDefaultCell@@UAEPAXI@Z 1000eab0 f i GridCell.obj
 0001:0000db60       ?CreateObject@CGridCell@@SGPAVCObject@@XZ 1000eb60 f   GridCell.obj
 0001:0000dbd0       ?CreateObject@CGridDefaultCell@@SGPAVCObject@@XZ 1000ebd0 f   GridCell.obj
 0001:0000dc40       ?Edit@CGridCell@@UAEHHHVCRect@@VCPoint@@II@Z 1000ec40 f   GridCell.obj
 0001:0000dd50       ?EndEdit@CGridCell@@UAEXXZ 1000ed50 f   GridCell.obj
 0001:0000dd60       ?GetBackClr@CGridCell@@UBEKXZ 1000ed60 f i GridCell.obj
 0001:0000dd70       ?GetData@CGridCell@@UBEJXZ 1000ed70 f i GridCell.obj
 0001:0000dd80       ?GetEditWnd@CGridCell@@UBEPAVCWnd@@XZ 1000ed80 f i GridCell.obj
 0001:0000dd90       ?GetFont@CGridCell@@UBEPAUtagLOGFONTA@@XZ 1000ed90 f   GridCell.obj
 0001:0000ddb0       ?GetFont@CGridDefaultCell@@UBEPAUtagLOGFONTA@@XZ 1000edb0 f   GridCell.obj
 0001:0000ddc0       ?GetFontObject@CGridCell@@UBEPAVCFont@@XZ 1000edc0 f   GridCell.obj
 0001:0000de50       ?GetFontObject@CGridDefaultCell@@UBEPAVCFont@@XZ 1000ee50 f   GridCell.obj
 0001:0000de60       ?GetFormat@CGridCell@@UBEKXZ 1000ee60 f   GridCell.obj
 0001:0000de80       ?GetGrid@CGridCell@@UBEPAVCGridCtrl@@XZ 1000ee80 f i GridCell.obj
 0001:0000de90       ?GetHeight@CGridDefaultCell@@UBEHXZ 1000ee90 f i GridCell.obj
 0001:0000dea0       ?GetImage@CGridCell@@UBEHXZ 1000eea0 f i GridCell.obj
 0001:0000deb0       ?GetMargin@CGridCell@@UBEIXZ 1000eeb0 f   GridCell.obj
 0001:0000ded0       ?GetRuntimeClass@CGridCell@@UBEPAUCRuntimeClass@@XZ 1000eed0 f   GridCell.obj
 0001:0000dee0       ?GetRuntimeClass@CGridDefaultCell@@UBEPAUCRuntimeClass@@XZ 1000eee0 f   GridCell.obj
 0001:0000def0       ?GetState@CGridCellBase@@UBEKXZ 1000eef0 f i GridCell.obj
 0001:0000df00       ?GetState@CGridDefaultCell@@UBEKXZ 1000ef00 f i GridCell.obj
 0001:0000df10       ?GetStyle@CGridDefaultCell@@UBEKXZ 1000ef10 f i GridCell.obj
 0001:0000df20       ?GetText@CGridCell@@UBEPBDXZ 1000ef20 f i GridCell.obj
 0001:0000df30       ?GetTextClr@CGridCell@@UBEKXZ 1000ef30 f i GridCell.obj
 0001:0000df40       ?GetThisClass@CGridCell@@SGPAUCRuntimeClass@@XZ 1000ef40 f   GridCell.obj
 0001:0000df50       ?GetThisClass@CGridDefaultCell@@SGPAUCRuntimeClass@@XZ 1000ef50 f   GridCell.obj
 0001:0000df60       ?GetTipText@CGridCellBase@@UBEPBDXZ 1000ef60 f i GridCell.obj
 0001:0000df70       ?GetTipTextRect@CGridCellBase@@UAEHPAUtagRECT@@@Z 1000ef70 f i GridCell.obj
 0001:0000df80       ?GetWidth@CGridDefaultCell@@UBEHXZ 1000ef80 f i GridCell.obj
 0001:0000df90       ?IsDefaultFont@CGridCell@@UBEHXZ 1000ef90 f i GridCell.obj
 0001:0000dfa0       ?IsDropHighlighted@CGridCellBase@@UBEHXZ 1000efa0 f i GridCell.obj
 0001:0000dfb0       ?IsEditing@CGridCell@@UBEHXZ 1000efb0 f i GridCell.obj
 0001:0000dfc0       ?IsFixed@CGridCellBase@@UBEHXZ 1000efc0 f i GridCell.obj
 0001:0000dfd0       ?IsFixedCol@CGridCellBase@@UBEHXZ 1000efd0 f i GridCell.obj
 0001:0000dfe0       ?IsFixedRow@CGridCellBase@@UBEHXZ 1000efe0 f i GridCell.obj
 0001:0000dff0       ?IsFocused@CGridCellBase@@UBEHXZ 1000eff0 f i GridCell.obj
 0001:0000e000       ?IsModified@CGridCellBase@@UBEHXZ 1000f000 f i GridCell.obj
 0001:0000e010       ?IsReadOnly@CGridCellBase@@UBEHXZ 1000f010 f i GridCell.obj
 0001:0000e020       ?IsSelected@CGridCellBase@@UBEHXZ 1000f020 f i GridCell.obj
 0001:0000e030       ?OnEndEdit@CGridCell@@MAEXXZ 1000f030 f   GridCell.obj
 0001:0000e040       ?Reset@CGridCell@@UAEXXZ   1000f040 f   GridCell.obj
 0001:0000e0b0       ?SetBackClr@CGridCell@@UAEXK@Z 1000f0b0 f i GridCell.obj
 0001:0000e0c0       ?SetCoords@CGridCell@@UAEXHH@Z 1000f0c0 f i GridCell.obj
 0001:0000e0d0       ?SetCoords@CGridDefaultCell@@UAEXHH@Z 1000f0d0 f i GridCell.obj
 0001:0000e0e0       ?SetData@CGridCell@@UAEXJ@Z 1000f0e0 f i GridCell.obj
 0001:0000e0f0       ?SetData@CGridDefaultCell@@UAEXJ@Z 1000f0f0 f i GridCell.obj
 0001:0000e100       ?SetFont@CGridCell@@UAEXPBUtagLOGFONTA@@@Z 1000f100 f   GridCell.obj
 0001:0000e170       ?SetFont@CGridDefaultCell@@UAEXPBUtagLOGFONTA@@@Z 1000f170 f   GridCell.obj
 0001:0000e290       ?SetFormat@CGridCell@@UAEXK@Z 1000f290 f i GridCell.obj
 0001:0000e2a0       ?SetGrid@CGridCell@@UAEXPAVCGridCtrl@@@Z 1000f2a0 f i GridCell.obj
 0001:0000e2b0       ?SetHeight@CGridDefaultCell@@UAEXH@Z 1000f2b0 f i GridCell.obj
 0001:0000e2c0       ?SetImage@CGridCell@@UAEXH@Z 1000f2c0 f i GridCell.obj
 0001:0000e2d0       ?SetMargin@CGridCell@@UAEXI@Z 1000f2d0 f i GridCell.obj
 0001:0000e2e0       ?SetState@CGridCellBase@@UAEXK@Z 1000f2e0 f i GridCell.obj
 0001:0000e2f0       ?SetState@CGridDefaultCell@@UAEXK@Z 1000f2f0 f i GridCell.obj
 0001:0000e300       ?SetStyle@CGridDefaultCell@@UAEXK@Z 1000f300 f i GridCell.obj
 0001:0000e310       ?SetText@CGridCell@@UAEXPBD@Z 1000f310 f i GridCell.obj
 0001:0000e320       ?SetTextClr@CGridCell@@UAEXK@Z 1000f320 f i GridCell.obj
 0001:0000e330       ?SetWidth@CGridDefaultCell@@UAEXH@Z 1000f330 f i GridCell.obj
 0001:0000e340       ?_GetBaseClass@CGridCell@@KGPAUCRuntimeClass@@XZ 1000f340 f   GridCell.obj
 0001:0000e350       ?_GetBaseClass@CGridDefaultCell@@KGPAUCRuntimeClass@@XZ 1000f350 f   GridCell.obj
 0001:0000e360       ??0CGridCellBase@@QAE@XZ   1000f360 f   GridCellBase.obj
 0001:0000e370       ??1AFX_EXCEPTION_LINK@@QAE@XZ 1000f370 f i GridCellBase.obj
 0001:0000e3b0       ??1CGridCellBase@@UAE@XZ   1000f3b0 f   GridCellBase.obj
 0001:0000e3c0       ??1_GV_ITEM@@QAE@XZ        1000f3c0 f i GridCellBase.obj
 0001:0000e3d0       ??4CGridCellBase@@UAEXABV0@@Z 1000f3d0 f   GridCellBase.obj
 0001:0000e490       ??_GCGridCellBase@@UAEPAXI@Z 1000f490 f i GridCellBase.obj
 0001:0000e490       ??_ECGridCellBase@@UAEPAXI@Z 1000f490 f i GridCellBase.obj
 0001:0000e4d0       ?Draw@CGridCellBase@@UAEHPAVCDC@@HHVCRect@@H@Z 1000f4d0 f   GridCellBase.obj
 0001:0000ecf0       ?Edit@CGridCellBase@@UAEHHHVCRect@@VCPoint@@II@Z 1000fcf0 f i GridCellBase.obj
 0001:0000ed00       ?EndEdit@CGridCellBase@@UAEXXZ 1000fd00 f i GridCellBase.obj
 0001:0000ed10       ?GetCellExtent@CGridCellBase@@UAE?AVCSize@@PAVCDC@@@Z 1000fd10 f   GridCellBase.obj
 0001:0000edf0       ?GetCurrentPen@CDC@@QBEPAVCPen@@XZ 1000fdf0 f i GridCellBase.obj
 0001:0000ee10       ?GetDefaultCell@CGridCellBase@@UBEPAV1@XZ 1000fe10 f   GridCellBase.obj
 0001:0000ee70       ?GetRuntimeClass@CGridCellBase@@UBEPAUCRuntimeClass@@XZ 1000fe70 f   GridCellBase.obj
 0001:0000ee80       ?GetTextExtent@CDC@@QBE?AVCSize@@ABV?$CStringT@DV?$StrTraitMFC_DLL@DV?$ChTraitsCRT@D@ATL@@@@@ATL@@@Z 1000fe80 f i GridCellBase.obj
 0001:0000eeb0       ?GetTextExtent@CGridCellBase@@UAE?AVCSize@@PBDPAVCDC@@@Z 1000feb0 f   GridCellBase.obj
 0001:0000f1c0       ?GetTextRect@CGridCellBase@@UAEHPAUtagRECT@@@Z 100101c0 f   GridCellBase.obj
 0001:0000f250       ?GetThisClass@CGridCellBase@@SGPAUCRuntimeClass@@XZ 10010250 f   GridCellBase.obj
 0001:0000f260       ?OnClick@CGridCellBase@@MAEXVCPoint@@@Z 10010260 f   GridCellBase.obj
 0001:0000f270       ?OnClickDown@CGridCellBase@@MAEXVCPoint@@@Z 10010270 f   GridCellBase.obj
 0001:0000f280       ?OnDblClick@CGridCellBase@@MAEXVCPoint@@@Z 10010280 f   GridCellBase.obj
 0001:0000f290       ?OnEndEdit@CGridCellBase@@MAEXXZ 10010290 f   GridCellBase.obj
 0001:0000f2a0       ?OnMouseEnter@CGridCellBase@@MAEXXZ 100102a0 f   GridCellBase.obj
 0001:0000f2b0       ?OnMouseLeave@CGridCellBase@@MAEXXZ 100102b0 f   GridCellBase.obj
 0001:0000f2c0       ?OnMouseOver@CGridCellBase@@MAEXXZ 100102c0 f   GridCellBase.obj
 0001:0000f2d0       ?OnRClick@CGridCellBase@@MAEXVCPoint@@@Z 100102d0 f   GridCellBase.obj
 0001:0000f2e0       ?OnSetCursor@CGridCellBase@@MAEHXZ 100102e0 f   GridCellBase.obj
 0001:0000f300       ?PrintCell@CGridCellBase@@UAEHPAVCDC@@HHVCRect@@@Z 10010300 f   GridCellBase.obj
 0001:0000f780       ?Reset@CGridCellBase@@UAEXXZ 10010780 f   GridCellBase.obj
 0001:0000f790       ?SendMessageToParent@CGridCellBase@@QAEJHHH@Z 10010790 f   GridCellBase.obj
 0001:0000f7b0       ?ValidateEdit@CGridCellBase@@UAEHPBD@Z 100107b0 f   GridCellBase.obj
 0001:0000f7c0       ?_GetBaseClass@CGridCellBase@@KGPAUCRuntimeClass@@XZ 100107c0 f   GridCellBase.obj
 0001:0000f7d0       ??$CompareElements@KK@@YGHPBK0@Z 100107d0 f i GridCtrl.obj
 0001:0000f800       ??$SerializeElements@K@@YGXAAVCArchive@@PAKH@Z 10010800 f i GridCtrl.obj
 0001:0000f8b0       ??$SerializeElements@VCCellID@@@@YGXAAVCArchive@@PAVCCellID@@H@Z 100108b0 f i GridCtrl.obj
 0001:0000f960       ??0?$CMap@KKVCCellID@@AAV1@@@QAE@H@Z 10010960 f i GridCtrl.obj
 0001:0000f9a0       ??0CGridCtrl@@QAE@HHHH@Z   100109a0 f   GridCtrl.obj
 0001:00010090       ??1?$CMap@KKVCCellID@@AAV1@@@UAE@XZ 10011090 f i GridCtrl.obj
 0001:00010110       ??1?$CTypedPtrArray@VCObArray@@PAV?$CTypedPtrArray@VCObArray@@PAVCGridCellBase@@@@@@UAE@XZ 10011110 f i GridCtrl.obj
 0001:00010120       ??1CCommonDialog@@UAE@XZ   10011120 f i GridCtrl.obj
 0001:00010130       ??1CException@@UAE@XZ      10011130 f i GridCtrl.obj
 0001:00010140       ??1CFileException@@UAE@XZ  10011140 f i GridCtrl.obj
 0001:00010150       ??1CGridCtrl@@UAE@XZ       10011150 f   GridCtrl.obj
 0001:00010310       ??1COleDataObject@@QAE@XZ  10011310 f i GridCtrl.obj
 0001:00010350       ??1CPrintDialog@@UAE@XZ    10011350 f i GridCtrl.obj
 0001:00010360       ??1CWaitCursor@@QAE@XZ     10011360 f i GridCtrl.obj
 0001:00010470       ??8CCellID@@QBEHABV0@@Z    10011470 f i GridCtrl.obj
 0001:000104a0       ??9CCellID@@QBEHABV0@@Z    100114a0 f i GridCtrl.obj
 0001:000104d0       ??A?$CMap@KKVCCellID@@AAV1@@@QAEAAVCCellID@@K@Z 100114d0 f i GridCtrl.obj
 0001:000105f0       ??A?$CTypedPtrArray@VCObArray@@PAV?$CTypedPtrArray@VCObArray@@PAVCGridCellBase@@@@@@QAEAAPAV?$CTypedPtrArray@VCObArray@@PAVCGridCellBase@@@@H@Z 100115f0 f i GridCtrl.obj
 0001:0001060f       ??_9CGridCtrl@@$BBIM@AE    1001160f f i GridCtrl.obj
 0001:00010617       ??_9CGridCtrl@@$BBJA@AE    10011617 f i GridCtrl.obj
 0001:0001061f       ??_9CGridCtrl@@$BBJE@AE    1001161f f i GridCtrl.obj
 0001:00010627       ??_9CGridCtrl@@$BBJI@AE    10011627 f i GridCtrl.obj
 0001:00010630       ??_FCCellID@@QAEXXZ        10011630 f i GridCtrl.obj
 0001:00010640       ??_G?$CMap@KKVCCellID@@AAV1@@@UAEPAXI@Z 10011640 f i GridCtrl.obj
 0001:00010640       ??_E?$CMap@KKVCCellID@@AAV1@@@UAEPAXI@Z 10011640 f i GridCtrl.obj
 0001:00010700       ??_E?$CTypedPtrArray@VCObArray@@PAV?$CTypedPtrArray@VCObArray@@PAVCGridCellBase@@@@@@UAEPAXI@Z 10011700 f i GridCtrl.obj
 0001:00010700       ??_G?$CTypedPtrArray@VCObArray@@PAV?$CTypedPtrArray@VCObArray@@PAVCGridCellBase@@@@@@UAEPAXI@Z 10011700 f i GridCtrl.obj
 0001:00010740       ??_E?$CTypedPtrArray@VCObArray@@PAVCGridCellBase@@@@UAEPAXI@Z 10011740 f i GridCtrl.obj
 0001:00010740       ??_G?$CTypedPtrArray@VCObArray@@PAVCGridCellBase@@@@UAEPAXI@Z 10011740 f i GridCtrl.obj
 0001:00010780       ??_GCCommonDialog@@UAEPAXI@Z 10011780 f i GridCtrl.obj
 0001:00010780       ??_ECCommonDialog@@UAEPAXI@Z 10011780 f i GridCtrl.obj
 0001:000107d0       ??_ECFileException@@UAEPAXI@Z 100117d0 f i GridCtrl.obj
 0001:000107d0       ??_GCFileException@@UAEPAXI@Z 100117d0 f i GridCtrl.obj
 0001:00010820       ??_ECGridCtrl@@UAEPAXI@Z   10011820 f i GridCtrl.obj
 0001:00010820       ??_GCGridCtrl@@UAEPAXI@Z   10011820 f i GridCtrl.obj
 0001:00010860       ??_H@YGXPAXIIP6EPAX0@Z@Z   10011860 f i GridCtrl.obj
 0001:00010890       ?AutoFill@CGridCtrl@@QAEXXZ 10011890 f   GridCtrl.obj
 0001:00010980       ?AutoSize@CGridCtrl@@QAEXI@Z 10011980 f   GridCtrl.obj
 0001:00010bc0       ?AutoSizeColumn@CGridCtrl@@QAEHHIH@Z 10011bc0 f   GridCtrl.obj
 0001:00010d40       ?AutoSizeColumns@CGridCtrl@@QAEXI@Z 10011d40 f   GridCtrl.obj
 0001:00010da0       ?AutoSizeRow@CGridCtrl@@QAEHHH@Z 10011da0 f   GridCtrl.obj
 0001:00010ee0       ?AutoSizeRows@CGridCtrl@@QAEXXZ 10011ee0 f   GridCtrl.obj
 0001:00010f30       ?ClearCells@CGridCtrl@@QAEXVCCellRange@@@Z 10011f30 f   GridCtrl.obj
 0001:00010fd0       ?CopyTextFromGrid@CGridCtrl@@UAEPAVCOleDataSource@@XZ 10011fd0 f   GridCtrl.obj
 0001:00011240       ?Create@CGridCtrl@@QAEHABUtagRECT@@PAVCWnd@@IK@Z 10012240 f   GridCtrl.obj
 0001:000113b0       ?CreateCell@CGridCtrl@@MAEPAVCGridCellBase@@HH@Z 100123b0 f   GridCtrl.obj
 0001:00011460       ?CreateDragImage@CGridCtrl@@MAEPAVCImageList@@PAVCPoint@@@Z 10012460 f   GridCtrl.obj
 0001:00011680       ?CreateObject@CGridCtrl@@SGPAVCObject@@XZ 10012680 f   GridCtrl.obj
 0001:000116f0       ?CutSelectedText@CGridCtrl@@UAEXXZ 100126f0 f   GridCtrl.obj
 0001:00011770       ?DeleteAllItems@CGridCtrl@@QAEHXZ 10012770 f   GridCtrl.obj
 0001:00011880       ?DeleteColumn@CGridCtrl@@QAEHH@Z 10012880 f   GridCtrl.obj
 0001:00011980       ?DeleteNonFixedRows@CGridCtrl@@QAEHXZ 10012980 f   GridCtrl.obj
 0001:00011ab0       ?DeleteRow@CGridCtrl@@QAEHH@Z 10012ab0 f   GridCtrl.obj
 0001:00011bb0       ?DestroyCell@CGridCtrl@@MAEXHH@Z 10012bb0 f   GridCtrl.obj
 0001:00011bf0       ?EnableScrollBars@CGridCtrl@@IAEXHH@Z 10012bf0 f   GridCtrl.obj
 0001:00011ca0       ?EndEditing@CGridCtrl@@MAEXXZ 10012ca0 f   GridCtrl.obj
 0001:00011ce0       ?EnsureVisible@CGridCtrl@@QAEXHH@Z 10012ce0 f   GridCtrl.obj
 0001:00011f90       ?EraseBkgnd@CGridCtrl@@IAEXPAVCDC@@@Z 10012f90 f   GridCtrl.obj
 0001:00012230       ?ExpandColumnsToFit@CGridCtrl@@QAEXH@Z 10013230 f   GridCtrl.obj
 0001:00012440       ?ExpandLastColumn@CGridCtrl@@QAEXXZ 10013440 f   GridCtrl.obj
 0001:00012530       ?ExpandRowsToFit@CGridCtrl@@QAEXH@Z 10013530 f   GridCtrl.obj
 0001:00012740       ?ExpandToFit@CGridCtrl@@QAEXH@Z 10013740 f   GridCtrl.obj
 0001:00012790       ?Format@COleDateTime@ATL@@QBE?AV?$CStringT@DV?$StrTraitMFC_DLL@DV?$ChTraitsCRT@D@ATL@@@@@2@PBD@Z 10013790 f i GridCtrl.obj
 0001:00012930       ?FreeAssoc@?$CMap@KKVCCellID@@AAV1@@@IAEXPAVCAssoc@1@@Z 10013930 f i GridCtrl.obj
 0001:00012990       ?GetAssocAt@?$CMap@KKVCCellID@@AAV1@@@IBEPAVCAssoc@1@KAAI0@Z 10013990 f i GridCtrl.obj
 0001:00012a00       ?GetCell@CGridCtrl@@QBEPAVCGridCellBase@@HH@Z 10013a00 f i GridCtrl.obj
 0001:00012df0       ?GetCellFromPt@CGridCtrl@@QAE?AVCCellID@@VCPoint@@H@Z 10013df0 f   GridCtrl.obj
 0001:00012fd0       ?GetCellOrigin@CGridCtrl@@QAEHABVCCellID@@PAUtagPOINT@@@Z 10013fd0 f   GridCtrl.obj
 0001:00012ff0       ?GetCellOrigin@CGridCtrl@@QAEHHHPAUtagPOINT@@@Z 10013ff0 f   GridCtrl.obj
 0001:00013220       ?GetCellRange@CGridCtrl@@QBE?AVCCellRange@@XZ 10014220 f   GridCtrl.obj
 0001:00013250       ?GetCellRangeRect@CGridCtrl@@IAEHABVCCellRange@@PAUtagRECT@@@Z 10014250 f   GridCtrl.obj
 0001:00013350       ?GetCellRect@CGridCtrl@@QAEHABVCCellID@@PAUtagRECT@@@Z 10014350 f   GridCtrl.obj
 0001:00013370       ?GetCellRect@CGridCtrl@@QAEHHHPAUtagRECT@@@Z 10014370 f   GridCtrl.obj
 0001:00013420       ?GetColumnWidth@CGridCtrl@@QBEHH@Z 10014420 f   GridCtrl.obj
 0001:00013460       ?GetDefaultCell@CGridCtrl@@QBEPAVCGridCellBase@@HH@Z 10014460 f i GridCtrl.obj
 0001:000134a0       ?GetFixedColumnWidth@CGridCtrl@@QBEHXZ 100144a0 f   GridCtrl.obj
 0001:000134f0       ?GetFixedRowHeight@CGridCtrl@@QBEHXZ 100144f0 f   GridCtrl.obj
 0001:00013540       ?GetItem@CGridCtrl@@QAEHPAU_GV_ITEM@@@Z 10014540 f   GridCtrl.obj
 0001:000136c0       ?GetItemBkColour@CGridCtrl@@QBEKHH@Z 100146c0 f   GridCtrl.obj
 0001:000136f0       ?GetItemData@CGridCtrl@@QBEJHH@Z 100146f0 f   GridCtrl.obj
 0001:00013720       ?GetItemFgColour@CGridCtrl@@QBEKHH@Z 10014720 f   GridCtrl.obj
 0001:00013750       ?GetItemFont@CGridCtrl@@QAEPBUtagLOGFONTA@@HH@Z 10014750 f   GridCtrl.obj
 0001:000137c0       ?GetItemFormat@CGridCtrl@@QBEIHH@Z 100147c0 f   GridCtrl.obj
 0001:000137f0       ?GetItemImage@CGridCtrl@@QBEHHH@Z 100147f0 f   GridCtrl.obj
 0001:00013820       ?GetItemState@CGridCtrl@@QBEIHH@Z 10014820 f   GridCtrl.obj
 0001:00013850       ?GetItemText@CGridCtrl@@QBE?AV?$CStringT@DV?$StrTraitMFC_DLL@DV?$ChTraitsCRT@D@ATL@@@@@ATL@@HH@Z 10014850 f   GridCtrl.obj
 0001:000138b0       ?GetMessageMap@CGridCtrl@@MBEPBUAFX_MSGMAP@@XZ 100148b0 f   GridCtrl.obj
 0001:000138c0       ?GetModified@CGridCtrl@@QAEHHH@Z 100148c0 f   GridCtrl.obj
 0001:00013910       ?GetMouseScrollLines@@YAIXZ 10014910 f   GridCtrl.obj
 0001:00013a10       ?GetNextAssoc@?$CMap@KKVCCellID@@AAV1@@@QBEXAAPAU__POSITION@@AAKAAVCCellID@@@Z 10014a10 f i GridCtrl.obj
 0001:00013aa0       ?GetNextItem@CGridCtrl@@QBE?AVCCellID@@AAV2@H@Z 10014aa0 f   GridCtrl.obj
 0001:00013e00       ?GetPointClicked@CGridCtrl@@IAE?AVCPoint@@HHABV2@@Z 10014e00 f   GridCtrl.obj
 0001:00013e60       ?GetPrintMarginInfo@CGridCtrl@@QAEXAAH000000@Z 10014e60 f   GridCtrl.obj
 0001:00013ec0       ?GetRowHeight@CGridCtrl@@QBEHH@Z 10014ec0 f   GridCtrl.obj
 0001:00013f00       ?GetRuntimeClass@CGridCtrl@@UBEPAUCRuntimeClass@@XZ 10014f00 f   GridCtrl.obj
 0001:00013f10       ?GetScrollPos32@CGridCtrl@@IAEHHH@Z 10014f10 f   GridCtrl.obj
 0001:00013f90       ?GetSelectedCellRange@CGridCtrl@@QBE?AVCCellRange@@XZ 10014f90 f   GridCtrl.obj
 0001:00014050       ?GetTextExtent@CGridCtrl@@QAE?AVCSize@@HHPBD@Z 10015050 f   GridCtrl.obj
 0001:00014090       ?GetTextRect@CGridCtrl@@QAEHABVCCellID@@PAUtagRECT@@@Z 10015090 f   GridCtrl.obj
 0001:000140f0       ?GetTextRect@CGridCtrl@@QAEHHHPAUtagRECT@@@Z 100150f0 f   GridCtrl.obj
 0001:00014140       ?GetThisClass@CGridCtrl@@SGPAUCRuntimeClass@@XZ 10015140 f   GridCtrl.obj
 0001:00014150       ?GetThisMessageMap@CGridCtrl@@KGPBUAFX_MSGMAP@@XZ 10015150 f   GridCtrl.obj
 0001:00014160       ?GetTopleftNonFixedCell@CGridCtrl@@IAE?AVCCellID@@H@Z 10015160 f   GridCtrl.obj
 0001:00014270       ?GetUnobstructedNonFixedCellRange@CGridCtrl@@IAE?AVCCellRange@@H@Z 10015270 f   GridCtrl.obj
 0001:000143d0       ?GetVirtualHeight@CGridCtrl@@QBEJXZ 100153d0 f   GridCtrl.obj
 0001:00014410       ?GetVirtualWidth@CGridCtrl@@QBEJXZ 10015410 f   GridCtrl.obj
 0001:00014450       ?GetVisibleNonFixedCellRange@CGridCtrl@@IAE?AVCCellRange@@PAUtagRECT@@H@Z 10015450 f   GridCtrl.obj
 0001:000145d0       ?InitHashTable@?$CMap@KKVCCellID@@AAV1@@@QAEXIH@Z 100155d0 f i GridCtrl.obj
 0001:00014640       ?Initialise@CGridCtrl@@IAEHXZ 10015640 f   GridCtrl.obj
 0001:00014740       ?InsertColumn@CGridCtrl@@QAEHPBDIH@Z 10015740 f   GridCtrl.obj
 0001:00014a80       ?InsertRow@CGridCtrl@@QAEHPBDH@Z 10015a80 f   GridCtrl.obj
 0001:00014da0       ?InvalidateCellRect@CGridCtrl@@IAEHABVCCellID@@@Z 10015da0 f   GridCtrl.obj
 0001:00014dc0       ?InvalidateCellRect@CGridCtrl@@IAEHABVCCellRange@@@Z 10015dc0 f   GridCtrl.obj
 0001:00014f30       ?InvalidateCellRect@CGridCtrl@@IAEHHH@Z 10015f30 f   GridCtrl.obj
 0001:00014ff0       ?IsCellEditable@CGridCtrl@@QBEHAAVCCellID@@@Z 10015ff0 f   GridCtrl.obj
 0001:00015030       ?IsCellEditable@CGridCtrl@@QBEHHH@Z 10016030 f   GridCtrl.obj
 0001:00015070       ?IsCellFixed@CGridCtrl@@QAEHHH@Z 10016070 f   GridCtrl.obj
 0001:000150a0       ?IsCellSelected@CGridCtrl@@QBEHAAVCCellID@@@Z 100160a0 f   GridCtrl.obj
 0001:000150c0       ?IsCellSelected@CGridCtrl@@QBEHHH@Z 100160c0 f   GridCtrl.obj
 0001:00015140       ?IsCellVisible@CGridCtrl@@QAEHHH@Z 10016140 f   GridCtrl.obj
 0001:00015340       ?IsCellVisible@CGridCtrl@@QAEHVCCellID@@@Z 10016340 f   GridCtrl.obj
 0001:00015360       ?IsItemEditing@CGridCtrl@@QAEHHH@Z 10016360 f   GridCtrl.obj
 0001:00015390       ?IsValid@CGridCtrl@@QBEHABVCCellID@@@Z 10016390 f   GridCtrl.obj
 0001:000153d0       ?IsValid@CGridCtrl@@QBEHABVCCellRange@@@Z 100163d0 f   GridCtrl.obj
 0001:00015420       ?IsValid@CGridCtrl@@QBEHHH@Z 10016420 f   GridCtrl.obj
 0001:00015450       ?Load@CGridCtrl@@QAEHPBDD@Z 10016450 f   GridCtrl.obj
 0001:000157e0       ?Lookup@?$CMap@KKVCCellID@@AAV1@@@QBEHKAAVCCellID@@@Z 100167e0 f i GridCtrl.obj
 0001:00015820       ?MouseOverColumnResizeArea@CGridCtrl@@IAEHAAVCPoint@@@Z 10016820 f   GridCtrl.obj
 0001:000158e0       ?MouseOverRowResizeArea@CGridCtrl@@IAEHAAVCPoint@@@Z 100168e0 f   GridCtrl.obj
 0001:000159a0       ?NewAssoc@?$CMap@KKVCCellID@@AAV1@@@IAEPAVCAssoc@1@K@Z 100169a0 f i GridCtrl.obj
 0001:00015a30       ?OnBeginDrag@CGridCtrl@@UAEXXZ 10016a30 f   GridCtrl.obj
 0001:00015ac0       ?OnBeginPrinting@CGridCtrl@@UAEXPAVCDC@@PAUCPrintInfo@@@Z 10016ac0 f   GridCtrl.obj
 0001:00015e80       ?OnCaptureChanged@CGridCtrl@@IAEXPAVCWnd@@@Z 10016e80 f   GridCtrl.obj
 0001:00015ee0       ?OnChar@CGridCtrl@@IAEXIII@Z 10016ee0 f   GridCtrl.obj
 0001:00015f40       ?OnDragEnter@CGridCtrl@@UAEKPAVCOleDataObject@@KVCPoint@@@Z 10016f40 f   GridCtrl.obj
 0001:00016010       ?OnDragLeave@CGridCtrl@@UAEXXZ 10017010 f   GridCtrl.obj
 0001:00016080       ?OnDragOver@CGridCtrl@@UAEKPAVCOleDataObject@@KVCPoint@@@Z 10017080 f   GridCtrl.obj
 0001:000161f0       ?OnDraw@CGridCtrl@@MAEXPAVCDC@@@Z 100171f0 f   GridCtrl.obj
 0001:000168b0       ?OnDrop@CGridCtrl@@UAEHPAVCOleDataObject@@KVCPoint@@@Z 100178b0 f   GridCtrl.obj
 0001:00016930       ?OnEditCell@CGridCtrl@@MAEXHHVCPoint@@I@Z 10017930 f   GridCtrl.obj
 0001:00016a10       ?OnEditCopy@CGridCtrl@@UAEXXZ 10017a10 f   GridCtrl.obj
 0001:00016a30       ?OnEditCut@CGridCtrl@@UAEXXZ 10017a30 f   GridCtrl.obj
 0001:00016a60       ?OnEditPaste@CGridCtrl@@UAEXXZ 10017a60 f   GridCtrl.obj
 0001:00016bf0       ?OnEditSelectAll@CGridCtrl@@UAEXXZ 10017bf0 f   GridCtrl.obj
 0001:00016c50       ?OnEndEditCell@CGridCtrl@@MAEXHHV?$CStringT@DV?$StrTraitMFC_DLL@DV?$ChTraitsCRT@D@ATL@@@@@ATL@@@Z 10017c50 f   GridCtrl.obj
 0001:00016db0       ?OnEndInPlaceEdit@CGridCtrl@@IAEXPAUtagNMHDR@@PAJ@Z 10017db0 f   GridCtrl.obj
 0001:00016e70       ?OnEndPrinting@CGridCtrl@@UAEXPAVCDC@@PAUCPrintInfo@@@Z 10017e70 f   GridCtrl.obj
 0001:00016e80       ?OnEraseBkgnd@CGridCtrl@@IAEHPAVCDC@@@Z 10017e80 f   GridCtrl.obj
 0001:00016e90       ?OnFixedColumnClick@CGridCtrl@@MAEXAAVCCellID@@@Z 10017e90 f   GridCtrl.obj
 0001:00016f00       ?OnFixedRowClick@CGridCtrl@@MAEXAAVCCellID@@@Z 10017f00 f   GridCtrl.obj
 0001:00017000       ?OnGetDlgCode@CGridCtrl@@IAEIXZ 10018000 f   GridCtrl.obj
 0001:00017030       ?OnGetFont@CGridCtrl@@IAEJIJ@Z 10018030 f   GridCtrl.obj
 0001:00017050       ?OnHScroll@CGridCtrl@@IAEXIIPAVCScrollBar@@@Z 10018050 f   GridCtrl.obj
 0001:00017310       ?OnImeChar@CGridCtrl@@IAEJIJ@Z 10018310 f   GridCtrl.obj
 0001:00017360       ?OnKeyDown@CGridCtrl@@IAEXIII@Z 10018360 f   GridCtrl.obj
 0001:00017c00       ?OnKeyUp@CGridCtrl@@IAEXIII@Z 10018c00 f   GridCtrl.obj
 0001:00017c10       ?OnLButtonDblClk@CGridCtrl@@IAEXIVCPoint@@@Z 10018c10 f   GridCtrl.obj
 0001:00017f00       ?OnLButtonDown@CGridCtrl@@IAEXIVCPoint@@@Z 10018f00 f   GridCtrl.obj
 0001:00018740       ?OnLButtonUp@CGridCtrl@@IAEXIVCPoint@@@Z 10019740 f   GridCtrl.obj
 0001:00018bd0       ?OnMouseMove@CGridCtrl@@IAEXIVCPoint@@@Z 10019bd0 f   GridCtrl.obj
 0001:00019020       ?OnMouseWheel@CGridCtrl@@IAEHIFVCPoint@@@Z 1001a020 f   GridCtrl.obj
 0001:00019120       ?OnPaint@CGridCtrl@@IAEXXZ 1001a120 f   GridCtrl.obj
 0001:000192b0       ?OnPrint@CGridCtrl@@UAEXPAVCDC@@PAUCPrintInfo@@@Z 1001a2b0 f   GridCtrl.obj
 0001:000198a0       ?OnRButtonDown@CGridCtrl@@IAEXIVCPoint@@@Z 1001a8a0 f   GridCtrl.obj
 0001:000198c0       ?OnRButtonUp@CGridCtrl@@IAEXIVCPoint@@@Z 1001a8c0 f   GridCtrl.obj
 0001:000199c0       ?OnSelecting@CGridCtrl@@IAEXABVCCellID@@@Z 1001a9c0 f   GridCtrl.obj
 0001:00019aa0       ?OnSetCursor@CGridCtrl@@IAEHPAVCWnd@@II@Z 1001aaa0 f   GridCtrl.obj
 0001:00019b90       ?OnSetFont@CGridCtrl@@IAEJIJ@Z 1001ab90 f   GridCtrl.obj
 0001:00019c40       ?OnSettingChange@CGridCtrl@@IAEXIPBD@Z 1001ac40 f   GridCtrl.obj
 0001:00019df0       ?OnSize@CGridCtrl@@IAEXIHH@Z 1001adf0 f   GridCtrl.obj
 0001:00019e50       ?OnSysColorChange@CGridCtrl@@IAEXXZ 1001ae50 f   GridCtrl.obj
 0001:00019fe0       ?OnSysKeyDown@CGridCtrl@@IAEXIII@Z 1001afe0 f   GridCtrl.obj
 0001:00019ff0       ?OnTimer@CGridCtrl@@IAEXI@Z 1001aff0 f   GridCtrl.obj
 0001:0001a170       ?OnUpdateEditCopy@CGridCtrl@@IAEXPAVCCmdUI@@@Z 1001b170 f   GridCtrl.obj
 0001:0001a190       ?OnUpdateEditCut@CGridCtrl@@IAEXPAVCCmdUI@@@Z 1001b190 f   GridCtrl.obj
 0001:0001a1c0       ?OnUpdateEditPaste@CGridCtrl@@IAEXPAVCCmdUI@@@Z 1001b1c0 f   GridCtrl.obj
 0001:0001a230       ?OnUpdateEditSelectAll@CGridCtrl@@IAEXPAVCCmdUI@@@Z 1001b230 f   GridCtrl.obj
 0001:0001a250       ?OnVScroll@CGridCtrl@@IAEXIIPAVCScrollBar@@@Z 1001b250 f   GridCtrl.obj
 0001:0001a510       ?PasteTextToGrid@CGridCtrl@@UAEHVCCellID@@PAVCOleDataObject@@H@Z 1001b510 f   GridCtrl.obj
 0001:0001aa90       ?PreSubclassWindow@CGridCtrl@@MAEXXZ 1001ba90 f   GridCtrl.obj
 0001:0001ab90       ?Print@CGridCtrl@@QAEXPAVCPrintDialog@@@Z 1001bb90 f   GridCtrl.obj
 0001:0001adf0       ?PrintColumnHeadings@CGridCtrl@@MAEXPAVCDC@@PAUCPrintInfo@@@Z 1001bdf0 f   GridCtrl.obj
 0001:0001af10       ?PrintFixedRowCells@CGridCtrl@@MAEXHHAAHAAVCRect@@PAVCDC@@0@Z 1001bf10 f   GridCtrl.obj
 0001:0001b0a0       ?PrintFooter@CGridCtrl@@MAEXPAVCDC@@PAUCPrintInfo@@@Z 1001c0a0 f   GridCtrl.obj
 0001:0001b3d0       ?PrintHeader@CGridCtrl@@MAEXPAVCDC@@PAUCPrintInfo@@@Z 1001c3d0 f   GridCtrl.obj
 0001:0001b5a0       ?PrintRowButtons@CGridCtrl@@MAEXPAVCDC@@PAUCPrintInfo@@@Z 1001c5a0 f   GridCtrl.obj
 0001:0001b7c0       ?RedrawCell@CGridCtrl@@QAEHABVCCellID@@PAVCDC@@@Z 1001c7c0 f   GridCtrl.obj
 0001:0001b7e0       ?RedrawCell@CGridCtrl@@QAEHHHPAVCDC@@@Z 1001c7e0 f   GridCtrl.obj
 0001:0001ba10       ?RedrawColumn@CGridCtrl@@QAEHH@Z 1001ca10 f   GridCtrl.obj
 0001:0001bca0       ?RedrawRow@CGridCtrl@@QAEHH@Z 1001cca0 f   GridCtrl.obj
 0001:0001bf30       ?Refresh@CGridCtrl@@QAEXXZ 1001cf30 f   GridCtrl.obj
 0001:0001bf50       ?RegisterWindowClass@CGridCtrl@@IAEHXZ 1001cf50 f   GridCtrl.obj
 0001:0001bff0       ?RemoveAll@?$CMap@KKVCCellID@@AAV1@@@QAEXXZ 1001cff0 f i GridCtrl.obj
 0001:0001c030       ?RemoveKey@?$CMap@KKVCCellID@@AAV1@@@QAEHK@Z 1001d030 f i GridCtrl.obj
 0001:0001c0f0       ?ResetScrollBars@CGridCtrl@@IAEXXZ 1001d0f0 f   GridCtrl.obj
 0001:0001c380       ?ResetSelectedRange@CGridCtrl@@IAEXXZ 1001d380 f   GridCtrl.obj
 0001:0001c400       ?Save@CGridCtrl@@QAEHPBDD@Z 1001d400 f   GridCtrl.obj
 0001:0001c620       ?SelectAllCells@CGridCtrl@@IAEXXZ 1001d620 f   GridCtrl.obj
 0001:0001c650       ?SelectCells@CGridCtrl@@IAEXVCCellID@@HH@Z 1001d650 f   GridCtrl.obj
 0001:0001c6d0       ?SelectColumns@CGridCtrl@@IAEXVCCellID@@HH@Z 1001d6d0 f   GridCtrl.obj
 0001:0001c750       ?SelectRows@CGridCtrl@@IAEXVCCellID@@HH@Z 1001d750 f   GridCtrl.obj
 0001:0001c7e0       ?SendCacheHintToParent@CGridCtrl@@IBEJABVCCellRange@@@Z 1001d7e0 f   GridCtrl.obj
 0001:0001c890       ?SendDisplayRequestToParent@CGridCtrl@@IBEJPAUtagGV_DISPINFO@@@Z 1001d890 f   GridCtrl.obj
 0001:0001c910       ?SendMessageToParent@CGridCtrl@@IBEJHHH@Z 1001d910 f   GridCtrl.obj
 0001:0001c9a0       ?Serialize@?$CMap@KKVCCellID@@AAV1@@@UAEXAAVCArchive@@@Z 1001d9a0 f i GridCtrl.obj
 0001:0001cde0       ?SetAt@?$CMap@KKVCCellID@@AAV1@@@QAEXKAAVCCellID@@@Z 1001dde0 f i GridCtrl.obj
 0001:0001cf10       ?SetAt@?$CTypedPtrArray@VCObArray@@PAVCGridCellBase@@@@QAEXHPAVCGridCellBase@@@Z 1001df10 f i GridCtrl.obj
 0001:0001cf40       ?SetCell@CGridCtrl@@IAEHHHPAVCGridCellBase@@@Z 1001df40 f i GridCtrl.obj
 0001:0001cfb0       ?SetCellType@CGridCtrl@@QAEHHHPAUCRuntimeClass@@@Z 1001dfb0 f   GridCtrl.obj
 0001:0001d070       ?SetColumnCount@CGridCtrl@@QAEHH@Z 1001e070 f   GridCtrl.obj
 0001:0001d380       ?SetColumnWidth@CGridCtrl@@QAEHHH@Z 1001e380 f   GridCtrl.obj
 0001:0001d3d0       ?SetCompareFunction@CGridCtrl@@QAEXP6GHJJJ@Z@Z 1001e3d0 f   GridCtrl.obj
 0001:0001d3e0       ?SetDefaultCellType@CGridCtrl@@QAEHPAUCRuntimeClass@@@Z 1001e3e0 f   GridCtrl.obj
 0001:0001d420       ?SetFixedColumnCount@CGridCtrl@@QAEHH@Z 1001e420 f   GridCtrl.obj
 0001:0001d670       ?SetFixedRowCount@CGridCtrl@@QAEHH@Z 1001e670 f   GridCtrl.obj
 0001:0001d890       ?SetFocusCell@CGridCtrl@@QAE?AVCCellID@@HH@Z 1001e890 f   GridCtrl.obj
 0001:0001d8b0       ?SetFocusCell@CGridCtrl@@QAE?AVCCellID@@V2@@Z 1001e8b0 f   GridCtrl.obj
 0001:0001daf0       ?SetGridLines@CGridCtrl@@QAEXH@Z 1001eaf0 f   GridCtrl.obj
 0001:0001db20       ?SetItem@CGridCtrl@@QAEHPBU_GV_ITEM@@@Z 1001eb20 f   GridCtrl.obj
 0001:0001dc20       ?SetItemBkColour@CGridCtrl@@QAEHHHK@Z 1001ec20 f   GridCtrl.obj
 0001:0001dc60       ?SetItemData@CGridCtrl@@QAEHHHJ@Z 1001ec60 f   GridCtrl.obj
 0001:0001dcb0       ?SetItemFgColour@CGridCtrl@@QAEHHHK@Z 1001ecb0 f   GridCtrl.obj
 0001:0001dcf0       ?SetItemFont@CGridCtrl@@QAEHHHPBUtagLOGFONTA@@@Z 1001ecf0 f   GridCtrl.obj
 0001:0001dd30       ?SetItemFormat@CGridCtrl@@QAEHHHI@Z 1001ed30 f   GridCtrl.obj
 0001:0001dd70       ?SetItemImage@CGridCtrl@@QAEHHHH@Z 1001ed70 f   GridCtrl.obj
 0001:0001ddc0       ?SetItemState@CGridCtrl@@QAEHHHI@Z 1001edc0 f   GridCtrl.obj
 0001:0001de80       ?SetItemText@CGridCtrl@@QAEHHHPBD@Z 1001ee80 f   GridCtrl.obj
 0001:0001ded0       ?SetItemText@CGridCtrl@@QAEHHHPBDK@Z 1001eed0 f   GridCtrl.obj
 0001:0001df30       ?SetItemTextFmt@CGridCtrl@@QAAHHHPBDZZ 1001ef30 f   GridCtrl.obj
 0001:0001dff0       ?SetItemTextFmtID@CGridCtrl@@QAAHHHIZZ 1001eff0 f   GridCtrl.obj
 0001:0001e0d0       ?SetListMode@CGridCtrl@@QAEXH@Z 1001f0d0 f   GridCtrl.obj
 0001:0001e130       ?SetModified@CGridCtrl@@QAEXHHH@Z 1001f130 f   GridCtrl.obj
 0001:0001e230       ?SetPrintMarginInfo@CGridCtrl@@QAEXHHHHHHH@Z 1001f230 f   GridCtrl.obj
 0001:0001e2a0       ?SetRedraw@CGridCtrl@@QAEXHH@Z 1001f2a0 f   GridCtrl.obj
 0001:0001e2f0       ?SetRowCount@CGridCtrl@@QAEHH@Z 1001f2f0 f   GridCtrl.obj
 0001:0001e640       ?SetRowHeight@CGridCtrl@@QAEHHH@Z 1001f640 f   GridCtrl.obj
 0001:0001e690       ?SetScrollPos32@CGridCtrl@@IAEHHHH@Z 1001f690 f   GridCtrl.obj
 0001:0001e6e0       ?SetSelectedRange@CGridCtrl@@QAEXABVCCellRange@@HH@Z 1001f6e0 f   GridCtrl.obj
 0001:0001e700       ?SetSelectedRange@CGridCtrl@@QAEXHHHHHH@Z 1001f700 f   GridCtrl.obj
 0001:0001f170       ?SetSortColumn@CGridCtrl@@QAEXH@Z 10020170 f   GridCtrl.obj
 0001:0001f1b0       ?SetVirtualMode@CGridCtrl@@QAEXH@Z 100201b0 f   GridCtrl.obj
 0001:0001f200       ?SetupDefaultCells@CGridCtrl@@IAEXXZ 10020200 f   GridCtrl.obj
 0001:0001f2f0       ?SortItems@CGridCtrl@@IAEHP6GHJJJ@ZHHJHH@Z 100202f0 f   GridCtrl.obj
 0001:0001f5e0       ?SortItems@CGridCtrl@@QAEHHHJ@Z 100205e0 f   GridCtrl.obj
 0001:0001f670       ?SortItems@CGridCtrl@@QAEHP6GHJJJ@ZHHJ@Z 10020670 f   GridCtrl.obj
 0001:0001f6f0       ?SortTextItems@CGridCtrl@@QAEHHHJ@Z 100206f0 f   GridCtrl.obj
 0001:0001f710       ?ValidateAndModifyCellContents@CGridCtrl@@IAEXHHPBD@Z 10020710 f   GridCtrl.obj
 0001:0001f810       ?ValidateEdit@CGridCtrl@@MAEHHHPBD@Z 10020810 f   GridCtrl.obj
 0001:0001f840       ?_GetBaseClass@CGridCtrl@@KGPAUCRuntimeClass@@XZ 10020840 f   GridCtrl.obj
 0001:0001f850       ?pfnCellNumericCompare@CGridCtrl@@SGHJJJ@Z 10020850 f   GridCtrl.obj
 0001:0001f8b0       ?pfnCellTextCompare@CGridCtrl@@SGHJJJ@Z 100208b0 f   GridCtrl.obj
 0001:0001f8f0       ??0CGridDropTarget@@QAE@XZ 100208f0 f   GridDropTarget.obj
 0001:0001f920       ??1CGridDropTarget@@UAE@XZ 10020920 f   GridDropTarget.obj
 0001:0001f930       ??_GCGridDropTarget@@UAEPAXI@Z 10020930 f i GridDropTarget.obj
 0001:0001f930       ??_ECGridDropTarget@@UAEPAXI@Z 10020930 f i GridDropTarget.obj
 0001:0001f970       ?GetMessageMap@CGridDropTarget@@MBEPBUAFX_MSGMAP@@XZ 10020970 f   GridDropTarget.obj
 0001:0001f980       ?GetThisMessageMap@CGridDropTarget@@KGPBUAFX_MSGMAP@@XZ 10020980 f   GridDropTarget.obj
 0001:0001f990       ?OnDragEnter@CGridDropTarget@@UAEKPAVCWnd@@PAVCOleDataObject@@KVCPoint@@@Z 10020990 f   GridDropTarget.obj
 0001:0001f9d0       ?OnDragLeave@CGridDropTarget@@UAEXPAVCWnd@@@Z 100209d0 f   GridDropTarget.obj
 0001:0001fa00       ?OnDragOver@CGridDropTarget@@UAEKPAVCWnd@@PAVCOleDataObject@@KVCPoint@@@Z 10020a00 f   GridDropTarget.obj
 0001:0001fa40       ?OnDragScroll@CGridDropTarget@@UAEKPAVCWnd@@KVCPoint@@@Z 10020a40 f   GridDropTarget.obj
 0001:0001fa80       ?OnDrop@CGridDropTarget@@UAEHPAVCWnd@@PAVCOleDataObject@@KVCPoint@@@Z 10020a80 f   GridDropTarget.obj
 0001:0001fac0       ?Register@CGridDropTarget@@QAEHPAVCGridCtrl@@@Z 10020ac0 f   GridDropTarget.obj
 0001:0001fb30       ?Revoke@CGridDropTarget@@UAEXXZ 10020b30 f   GridDropTarget.obj
 0001:0001fb40       ??0CInPlaceEdit@@QAE@PAVCWnd@@AAVCRect@@KIHHV?$CStringT@DV?$StrTraitMFC_DLL@DV?$ChTraitsCRT@D@ATL@@@@@ATL@@I@Z 10020b40 f   InPlaceEdit.obj
 0001:0001fd90       ??1CInPlaceEdit@@UAE@XZ    10020d90 f   InPlaceEdit.obj
 0001:0001fdb0       ??1tagGV_DISPINFO@@QAE@XZ  10020db0 f i InPlaceEdit.obj
 0001:0001fdc0       ??_GCInPlaceEdit@@UAEPAXI@Z 10020dc0 f i InPlaceEdit.obj
 0001:0001fdc0       ??_ECInPlaceEdit@@UAEPAXI@Z 10020dc0 f i InPlaceEdit.obj
 0001:0001fe10       ?EndEdit@CInPlaceEdit@@QAEXXZ 10020e10 f   InPlaceEdit.obj
 0001:0001ff70       ?GetMessageMap@CInPlaceEdit@@MBEPBUAFX_MSGMAP@@XZ 10020f70 f   InPlaceEdit.obj
 0001:0001ff80       ?GetThisMessageMap@CInPlaceEdit@@KGPBUAFX_MSGMAP@@XZ 10020f80 f   InPlaceEdit.obj
 0001:0001ff90       ?OnChar@CInPlaceEdit@@IAEXIII@Z 10020f90 f   InPlaceEdit.obj
 0001:00020130       ?OnCreate@CWnd@@IAEHPAUtagCREATESTRUCTA@@@Z 10021130 f i InPlaceEdit.obj
 0001:00020140       ?OnGetDlgCode@CInPlaceEdit@@IAEIXZ 10021140 f   InPlaceEdit.obj
 0001:00020150       ?OnKeyDown@CInPlaceEdit@@IAEXIII@Z 10021150 f   InPlaceEdit.obj
 0001:000201c0       ?OnKillFocus@CInPlaceEdit@@IAEXPAVCWnd@@@Z 100211c0 f   InPlaceEdit.obj
 0001:00020320       ?PostNcDestroy@CInPlaceEdit@@MAEXXZ 10021320 f   InPlaceEdit.obj
 0001:00020340       ?PreTranslateMessage@CInPlaceEdit@@UAEHPAUtagMSG@@@Z 10021340 f   InPlaceEdit.obj
 0001:00020370       ??0CTitleTip@@QAE@XZ       10021370 f   TitleTip.obj
 0001:000204c0       ??1CTitleTip@@UAE@XZ       100214c0 f   TitleTip.obj
 0001:000204d0       ??_GCTitleTip@@UAEPAXI@Z   100214d0 f i TitleTip.obj
 0001:000204d0       ??_ECTitleTip@@UAEPAXI@Z   100214d0 f i TitleTip.obj
 0001:00020520       ?Create@CTitleTip@@UAEHPAVCWnd@@@Z 10021520 f   TitleTip.obj
 0001:00020580       ?DestroyWindow@CTitleTip@@UAEHXZ 10021580 f   TitleTip.obj
 0001:00020590       ?GetMessageMap@CTitleTip@@MBEPBUAFX_MSGMAP@@XZ 10021590 f   TitleTip.obj
 0001:000205a0       ?GetThisMessageMap@CTitleTip@@KGPBUAFX_MSGMAP@@XZ 100215a0 f   TitleTip.obj
 0001:000205b0       ?Hide@CTitleTip@@QAEXXZ    100215b0 f   TitleTip.obj
 0001:00020600       ?OnMouseMove@CTitleTip@@IAEXIVCPoint@@@Z 10021600 f   TitleTip.obj
 0001:00020710       ?PreTranslateMessage@CTitleTip@@UAEHPAUtagMSG@@@Z 10021710 f   TitleTip.obj
 0001:00020980       ?Show@CTitleTip@@QAEXVCRect@@PBDHPAUtagRECT@@PBUtagLOGFONTA@@KK@Z 10021980 f   TitleTip.obj
 0001:00020cf0       _ExtRawDllMain@12          10021cf0 f   HWStrategyAnalysis.obj
 0001:00020d30       ??1STMNG_ITEMINFO@@QAE@XZ  10021d30 f i HWStrategyAnalysis.obj
 0001:00020ef0       ?fnFuncCall@@YGJPAXPBD1AAUtagVARIANT@@@Z 10021ef0 f   HWStrategyAnalysis.obj
 0001:00020f60       ?fnInit@@YGJPAUSTODINIT_IN@@PAUSTODINIT_OUT@@PAX@Z 10021f60 f   HWStrategyAnalysis.obj
 0001:00021300       ?fnLoad@@YGJPAUSTODCREATEINFO_IN@@PAUSTODCREATEINFO_OUT@@@Z 10022300 f   HWStrategyAnalysis.obj
 0001:000213c0       ?fnUnLoad@@YGJPAX@Z        100223c0 f   HWStrategyAnalysis.obj
 0001:000213f0       _CREATE_TRADING            100223f0 f   HWStrategyAnalysis.obj
 0001:00021490       _CREATE_TRADING_EX         10022490 f   HWStrategyAnalysis.obj
 0001:00021530       _DESTROY_TRADING           10022530 f   HWStrategyAnalysis.obj
 0001:00021550       _DllMain@12                10022550 f   HWStrategyAnalysis.obj
 0001:000215b0       _SA_ApplyChart             100225b0 f   HWStrategyAnalysis.obj
 0001:00021680       ??$SerializeElements@PAVCDlgInterface@@@@YGXAAVCArchive@@PAPAVCDlgInterface@@H@Z 10022680 f i InfoRight.obj
 0001:00021730       ??0?$CArray@PAVCDlgInterface@@PAV1@@@QAE@XZ 10022730 f i InfoRight.obj
 0001:00021760       ??0CInfoRight@@QAE@PAVCWnd@@@Z 10022760 f   InfoRight.obj
 0001:00021a00       ??1?$CArray@PAVCDlgInterface@@PAV1@@@UAE@XZ 10022a00 f i InfoRight.obj
 0001:00021a20       ??_G?$CArray@PAVCDlgInterface@@PAV1@@@UAEPAXI@Z 10022a20 f i InfoRight.obj
 0001:00021a20       ??_E?$CArray@PAVCDlgInterface@@PAV1@@@UAEPAXI@Z 10022a20 f i InfoRight.obj
 0001:00021a70       ??_GCButton@@UAEPAXI@Z     10022a70 f i InfoRight.obj
 0001:00021a70       ??_ECButton@@UAEPAXI@Z     10022a70 f i InfoRight.obj
 0001:00021ab0       ??_ECInfoRight@@UAEPAXI@Z  10022ab0 f i InfoRight.obj
 0001:00021ab0       ??_GCInfoRight@@UAEPAXI@Z  10022ab0 f i InfoRight.obj
 0001:00021c10       ?AllUpdateDlg@CInfoRight@@QAEXXZ 10022c10 f   InfoRight.obj
 0001:00021c50       ?ApplyST@CInfoRight@@QAEXXZ 10022c50 f   InfoRight.obj
 0001:00021c60       ?DoDataExchange@CInfoRight@@MAEXPAVCDataExchange@@@Z 10022c60 f   InfoRight.obj
 0001:00021d90       ?DrawGraph@CInfoRight@@QAEXXZ 10022d90 f   InfoRight.obj
 0001:00021e10       ?GetEventSinkMap@CInfoRight@@MBEPBUAFX_EVENTSINKMAP@@XZ 10022e10 f   InfoRight.obj
 0001:00021e20       ?GetMessageMap@CInfoRight@@MBEPBUAFX_MSGMAP@@XZ 10022e20 f   InfoRight.obj
 0001:00021e30       ?GetThisEventSinkMap@CInfoRight@@KGPBUAFX_EVENTSINKMAP@@XZ 10022e30 f   InfoRight.obj
 0001:00021e40       ?GetThisMessageMap@CInfoRight@@KGPBUAFX_MSGMAP@@XZ 10022e40 f   InfoRight.obj
[...]
 0003:00000058       ?parms@?1??CalcYPosValue@CAxis@@QAEJN@Z@4PAEA 1004b058     axis.obj
 0003:0000005c       ?parms@?1??CalcXSizeValue@CAxis@@QAEJN@Z@4PAEA 1004b05c     axis.obj
 0003:00000060       ?parms@?1??CalcYSizeValue@CAxis@@QAEJN@Z@4PAEA 1004b060     axis.obj
 0003:00000064       ?parms@?1??CalcPosPoint@CAxis@@QAENJ@Z@4PAEA 1004b064     axis.obj
 0003:00000068       ?parms@?1??Clicked@CAxis@@QAEHJJ@Z@4PAEA 1004b068     axis.obj
 0003:0000006c       ?parms@?1??Scroll@CAxis@@QAEXNH@Z@4PAEA 1004b06c     axis.obj
 0003:00000070       ?parms@?1??SetMinMax@CAxis@@QAEXNN@Z@4PAEA 1004b070     axis.obj
 0003:00000074       ?parms@?1??SetGridCentered@CAxis@@QAEXH@Z@4PAEA 1004b074     axis.obj
 0003:00000078       ?parms@?1??SetPositionPercent@CAxis@@QAEXN@Z@4PAEA 1004b078     axis.obj
 0003:0000007c       ?parms@?1??SetStartPosition@CAxis@@QAEXN@Z@4PAEA 1004b07c     axis.obj
 0003:00000080       ?parms@?1??SetEndPosition@CAxis@@QAEXN@Z@4PAEA 1004b080     axis.obj
 0003:00000084       ?parms@?1??SetLogarithmicBase@CAxis@@QAEXN@Z@4PAEA 1004b084     axis.obj
 0003:00000088       ?parms@?1??SetOtherside@CAxis@@QAEXH@Z@4PAEA 1004b088     axis.obj
 0003:0000008c       ?parms@?1??MaxVisibleSeriesValue@CAxis@@QAENHJ@Z@4PAEA 1004b08c     axis.obj
 0003:00000090       ?parms@?1??MinVisibleSeriesValue@CAxis@@QAENHJ@Z@4PAEA 1004b090     axis.obj
 0003:00000094       ?parms@?1??SetZPosition@CAxis@@QAEXN@Z@4PAEA 1004b094     axis.obj
 0003:00000098       ?parms@?1??SetMaximumOffset@CAxis@@QAEXJ@Z@4PAEA 1004b098     axis.obj
 0003:0000009c       ?parms@?1??SetMinimumOffset@CAxis@@QAEXJ@Z@4PAEA 1004b09c     axis.obj
 0003:000000a0       ?parms@?1??SetGridZPosition@CAxis@@QAEXN@Z@4PAEA 1004b0a0     axis.obj
 0003:000000a4       ?parms@?1??SetPositionUnits@CAxis@@QAEXJ@Z@4PAEA 1004b0a4     axis.obj
 0003:000000a8       ?parms@?1??AddXY@CSeries@@QAEJNNPBDK@Z@4PAEA 1004b0a8     series.obj
 0003:000000b0       ?parms@?1??SetClipPoints@CTChart@@QAEXH@Z@4PAEA 1004b0b0     tchart.obj
 0003:000000b4       ?parms@?1??SetCursor@CTChart@@QAEXF@Z@4PAEA 1004b0b4     tchart.obj
 0003:000000b8       ?parms@?1??SetDragCursor@CTChart@@QAEXF@Z@4PAEA 1004b0b8     tchart.obj
 0003:000000bc       ?parms@?1??SetDragMode@CTChart@@QAEXJ@Z@4PAEA 1004b0bc     tchart.obj
 0003:000000c0       ?parms@?1??SetEnabled@CTChart@@QAEXH@Z@4PAEA 1004b0c0     tchart.obj
 0003:000000c4       ?parms@?1??SetHeight@CTChart@@QAEXJ@Z@4PAEA 1004b0c4     tchart.obj
 0003:000000c8       ?parms@?1??SetLeft@CTChart@@QAEXJ@Z@4PAEA 1004b0c8     tchart.obj
 0003:000000cc       ?parms@?1??SetTop@CTChart@@QAEXJ@Z@4PAEA 1004b0cc     tchart.obj
 0003:000000d0       ?parms@?1??SetVisible@CTChart@@QAEXH@Z@4PAEA 1004b0d0     tchart.obj
 0003:000000d4       ?parms@?1??SetWidth@CTChart@@QAEXJ@Z@4PAEA 1004b0d4     tchart.obj
 0003:000000d8       ?parms@?1??AddSeries@CTChart@@QAEJJ@Z@4PAEA 1004b0d8     tchart.obj
 0003:000000dc       ?parms@?1??ChangeSeriesType@CTChart@@QAEXJJ@Z@4PAEA 1004b0dc     tchart.obj
 0003:000000e0       ?parms@?1??CloneSeries@CTChart@@QAEJJ@Z@4PAEA 1004b0e0     tchart.obj
 0003:000000e4       ?parms@?1??Draw@CTChart@@QAEXJJJJJ@Z@4PAEA 1004b0e4     tchart.obj
 0003:000000ec       ?parms@?1??ExchangeSeries@CTChart@@QAEXJJ@Z@4PAEA 1004b0ec     tchart.obj
 0003:000000f0       ?parms@?1??GetDateTimeStep@CTChart@@QAENJ@Z@4PAEA 1004b0f0     tchart.obj
 0003:000000f4       ?parms@?1??GetFreeSeriesColor@CTChart@@QAEKH@Z@4PAEA 1004b0f4     tchart.obj
 0003:000000f8       ?parms@?1??GetLabelsSeries@CTChart@@QAE?AVCSeries@@J@Z@4PAEA 1004b0f8     tchart.obj
 0003:000000fc       ?parms@?1??IsFreeSeriesColor@CTChart@@QAEHKH@Z@4PAEA 1004b0fc     tchart.obj
 0003:00000100       ?parms@?1??RemoveSeries@CTChart@@QAEXJ@Z@4PAEA 1004b100     tchart.obj
 0003:00000104       ?parms@?1??SeriesTitleLegend@CTChart@@QAE?AV?$CStringT@DV?$StrTraitMFC_DLL@DV?$ChTraitsCRT@D@ATL@@@@@ATL@@J@Z@4PAEA 1004b104     tchart.obj
 0003:00000108       ?parms@?1??ShowEditor@CTChart@@QAEXJ@Z@4PAEA 1004b108     tchart.obj
 0003:0000010c       ?parms@?1??SetTimerEnabled@CTChart@@QAEXH@Z@4PAEA 1004b10c     tchart.obj
 0003:00000110       ?parms@?1??SetTimerInterval@CTChart@@QAEXJ@Z@4PAEA 1004b110     tchart.obj
 0003:00000114       ?parms@?1??SetAutoRepaint@CTChart@@QAEXH@Z@4PAEA 1004b114     tchart.obj
 0003:00000118       ?parms@?1??EditOneSeries@CTChart@@QAEXJ@Z@4PAEA 1004b118     tchart.obj
 0003:0000011c       ?parms@?1??ChartRect@CTChart@@QAEXJJJJ@Z@4PAEA 1004b11c     tchart.obj
 0003:00000124       ?parms@?1??Series@CTChart@@QAE?AVCSeries@@J@Z@4PAEA 1004b124     tchart.obj
 0003:00000128       ?parms@?1??SetTheme@CTChart@@QAEXJJ@Z@4PAEA 1004b128     tchart.obj
 0003:0000012c       ?parms@?1??ApplyPalette@CTChart@@QAEXJ@Z@4PAEA 1004b12c     tchart.obj
 0003:00000130       ?parms@?1??ApplyCustomPalette@CTChart@@QAEXABUtagVARIANT@@@Z@4PAEA 1004b130     tchart.obj
 0003:00000134       ?Font@?8??GetFontObject@CGridCell@@UBEPAVCFont@@XZ@4V3@A 1004b134     GridCell.obj
 0003:00000c5c       ?RMSG_INTERFACE@@3IB       1004bc5c     StrategyLoader.obj
 0003:00000c60       ?RMSG_GETPCTRDATA@@3IB     1004bc60     StrategyLoader.obj
 0003:00000c64       ?RMSG_SETPCTRDATA@@3IB     1004bc64     StrategyLoader.obj
 0003:00000ca0       ?RMSG_GETSIGNAL_REAL@@3IB  1004bca0     DlgAnalysis.obj
 0003:00000ca4       ?RMSG_SETQUERYOPT@@3IB     1004bca4     DlgAnalysis.obj
 0003:00000ca8       ?RMSG_CHARTMAIN@@3IB       1004bca8     DlgAnalysis.obj
 0003:00000cac       ?RMS_ANALYSIS_FUNC@@3IB    1004bcac     DlgAnalysis.obj
 0003:00000cb0       ?RMSG_GET_USERID@@3IB      1004bcb0     DlgAnalysis.obj
 0003:00000cb4       ?RMSG_CHANGE_SKINCOLOR@@3IB 1004bcb4     DlgAnalysis.obj
 0003:00000cb8       ?RMSG_GET_SKINCOLOR@@3IB   1004bcb8     DlgAnalysis.obj
 0003:00000cbc       ?RMSG_CHANGEVERTSCALETYPE@@3IB 1004bcbc     DlgAnalysis.obj
 0003:00000cc0       ?RMSG_CHANGE_CROSSLINE@@3IB 1004bcc0     DlgAnalysis.obj
 0003:00000cc4       ?RMSG_ADD_PLATFORM_MENU@@3IB 1004bcc4     DlgAnalysis.obj
 0003:00000cc8       ?RMSG_SETINITIALCHARTDATA@@3IB 1004bcc8     DlgAnalysis.obj
 0003:00000ccc       ?RMSG_GETINFO@@3IB         1004bccc     DlgAnalysis.obj
 0003:00000cd0       ?RMSG_SETINFO@@3IB         1004bcd0     DlgAnalysis.obj
 0003:00000cd4       ?RMSG_INTERFACE@@3IB       1004bcd4     DlgAnalysis.obj
 0003:00000cd8       ?RMSG_GETPCTRDATA@@3IB     1004bcd8     DlgAnalysis.obj
 0003:00000cdc       ?RMSG_SETPCTRDATA@@3IB     1004bcdc     DlgAnalysis.obj
 0003:00000ce0       ?RMSG_GETDLLSIZE@@3IB      1004bce0     DlgAnalysis.obj
 0003:00000ce4       ?RMSG_SETDLLSIZE@@3IB      1004bce4     DlgAnalysis.obj
 0003:00000ce8       ?RMSG_STDATAMANAGER_RESULTDATA@@3IB 1004bce8     DlgAnalysis.obj
 0003:00000cec       ?$TSS0@?8??GetFontObject@CGridCell@@UBEPAVCFont@@XZ@4HA 1004bcec     GridCell.obj
 0003:00000da4       ?bInProcedure@?1??Initialise@CGridCtrl@@IAEHXZ@4HA 1004bda4     GridCtrl.obj
 0003:00000da8       ?bAlreadyInsideThisProcedure@?1??OnSize@CGridCtrl@@IAEXIHH@Z@4HA 1004bda8     GridCtrl.obj
 0003:00000dac       ?bInProcedure@?1??Register@CGridDropTarget@@QAEHPAVCGridCtrl@@@Z@4HA 1004bdac     GridDropTarget.obj
 0003:00000db0       ?bAlreadyEnding@?1??EndEdit@CInPlaceEdit@@QAEXXZ@4HA 1004bdb0     InPlaceEdit.obj
 0003:00000db8       ?RMSG_GETSIGNAL_REAL@@3IB  1004bdb8     HWStrategyAnalysis.obj
 0003:00000dbc       ?RMSG_SETQUERYOPT@@3IB     1004bdbc     HWStrategyAnalysis.obj
 0003:00000dc0       ?RMSG_CHARTMAIN@@3IB       1004bdc0     HWStrategyAnalysis.obj
 0003:00000dc4       ?RMS_ANALYSIS_FUNC@@3IB    1004bdc4     HWStrategyAnalysis.obj
 0003:00000dc8       ?RMSG_GET_USERID@@3IB      1004bdc8     HWStrategyAnalysis.obj
 0003:00000dcc       ?RMSG_CHANGE_SKINCOLOR@@3IB 1004bdcc     HWStrategyAnalysis.obj
 0003:00000dd0       ?RMSG_GET_SKINCOLOR@@3IB   1004bdd0     HWStrategyAnalysis.obj
 0003:00000dd4       ?RMSG_CHANGEVERTSCALETYPE@@3IB 1004bdd4     HWStrategyAnalysis.obj
 0003:00000dd8       ?RMSG_CHANGE_CROSSLINE@@3IB 1004bdd8     HWStrategyAnalysis.obj
 0003:00000ddc       ?RMSG_ADD_PLATFORM_MENU@@3IB 1004bddc     HWStrategyAnalysis.obj
 0003:00000de0       ?RMSG_SETINITIALCHARTDATA@@3IB 1004bde0     HWStrategyAnalysis.obj
 0003:00000de4       ?RMSG_GETINFO@@3IB         1004bde4     HWStrategyAnalysis.obj
 0003:00000de8       ?RMSG_SETINFO@@3IB         1004bde8     HWStrategyAnalysis.obj
 0003:00000dec       ?RMSG_INTERFACE@@3IB       1004bdec     HWStrategyAnalysis.obj
 0003:00000df0       ?RMSG_GETPCTRDATA@@3IB     1004bdf0     HWStrategyAnalysis.obj
 0003:00000df4       ?RMSG_SETPCTRDATA@@3IB     1004bdf4     HWStrategyAnalysis.obj
 0003:00000df8       ?HWStrategyAnalysisDLL@@3UAFX_EXTENSION_MODULE@@A 1004bdf8     HWStrategyAnalysis.obj
 0003:00000e0c       ?RMSG_GETSIGNAL_REAL@@3IB  1004be0c     InfoRight.obj
 0003:00000e10       ?RMSG_SETQUERYOPT@@3IB     1004be10     InfoRight.obj
 0003:00000e14       ?RMSG_CHARTMAIN@@3IB       1004be14     InfoRight.obj
 0003:00000e18       ?RMS_ANALYSIS_FUNC@@3IB    1004be18     InfoRight.obj
 0003:00000e1c       ?RMSG_GET_USERID@@3IB      1004be1c     InfoRight.obj
 0003:00000e20       ?RMSG_CHANGE_SKINCOLOR@@3IB 1004be20     InfoRight.obj
 0003:00000e24       ?RMSG_GET_SKINCOLOR@@3IB   1004be24     InfoRight.obj
 0003:00000e28       ?RMSG_CHANGEVERTSCALETYPE@@3IB 1004be28     InfoRight.obj
 0003:00000e2c       ?RMSG_CHANGE_CROSSLINE@@3IB 1004be2c     InfoRight.obj
 0003:00000e30       ?RMSG_ADD_PLATFORM_MENU@@3IB 1004be30     InfoRight.obj
 0003:00000e34       ?RMSG_SETINITIALCHARTDATA@@3IB 1004be34     InfoRight.obj
 0003:00000e38       ?RMSG_GETINFO@@3IB         1004be38     InfoRight.obj
 0003:00000e3c       ?RMSG_SETINFO@@3IB         1004be3c     InfoRight.obj
 0003:00000e40       ?RMSG_INTERFACE@@3IB       1004be40     InfoRight.obj
 0003:00000e44       ?RMSG_GETPCTRDATA@@3IB     1004be44     InfoRight.obj
 0003:00000e48       ?RMSG_SETPCTRDATA@@3IB     1004be48     InfoRight.obj
 0003:00000efc       ?RMSG_EVENT_SPININPUT@@3IB 1004befc     StdAfx.obj
 0003:00000f00       ?RMSG_EVENT_CODEINPUT@@3IB 1004bf00     StdAfx.obj
 0003:00000f04       ?RMSG_ENDSCROLLPOS@@3IB    1004bf04     StdAfx.obj
 0003:00000f08       ?RMSG_FORMINITIALCOMPLETED@@3IB 1004bf08     StdAfx.obj
 0003:00000f0c       ?RMSG_LSHAREDCHANGED@@3IB  1004bf0c     StdAfx.obj
 0003:00000f10       ?RMSG_EVENT_ACCTINPUT@@3IB 1004bf10     StdAfx.obj
 0003:00000f14       ?RMSG_FORMSTATECHANGE@@3IB 1004bf14     StdAfx.obj
 0003:00000f18       ?RMSG_LBTNDOWN@@3IB        1004bf18     StdAfx.obj
 0003:00000f1c       ?RMSG_LBTNDBLCLICK@@3IB    1004bf1c     StdAfx.obj
 0003:00000f20       ?RMSG_TABSTOP@@3IB         1004bf20     StdAfx.obj
 0003:00000f24       ?RMSG_EVENT_SIGNAL@@3IB    1004bf24     StdAfx.obj
 0003:00000f28       ?RMSG_UPDATE_DATAINDEX@@3IB 1004bf28     TabAnalChart.obj
 0003:00000f2c       ?RMSG_SELECT_DATAINDEX@@3IB 1004bf2c     TabAnalChart.obj
 0003:00000f30       ?RMSG_GETSIGNAL_REAL@@3IB  1004bf30     TabResult.obj
 0003:00000f34       ?RMSG_SETQUERYOPT@@3IB     1004bf34     TabResult.obj
 0003:00000f38       ?RMSG_CHARTMAIN@@3IB       1004bf38     TabResult.obj
 0003:00000f3c       ?RMS_ANALYSIS_FUNC@@3IB    1004bf3c     TabResult.obj
 0003:00000f40       ?RMSG_GET_USERID@@3IB      1004bf40     TabResult.obj
 0003:00000f44       ?RMSG_CHANGE_SKINCOLOR@@3IB 1004bf44     TabResult.obj
 0003:00000f48       ?RMSG_GET_SKINCOLOR@@3IB   1004bf48     TabResult.obj
 0003:00000f4c       ?RMSG_CHANGEVERTSCALETYPE@@3IB 1004bf4c     TabResult.obj
 0003:00000f50       ?RMSG_CHANGE_CROSSLINE@@3IB 1004bf50     TabResult.obj
 0003:00000f54       ?RMSG_ADD_PLATFORM_MENU@@3IB 1004bf54     TabResult.obj
 0003:00000f58       ?RMSG_SETINITIALCHARTDATA@@3IB 1004bf58     TabResult.obj
 0003:00000f5c       ?RMSG_GETINFO@@3IB         1004bf5c     TabResult.obj
 0003:00000f60       ?RMSG_SETINFO@@3IB         1004bf60     TabResult.obj
 0003:00000f64       ?RMSG_INTERFACE@@3IB       1004bf64     TabResult.obj
 0003:00000f68       ?RMSG_GETPCTRDATA@@3IB     1004bf68     TabResult.obj
 0003:00000f6c       ?RMSG_SETPCTRDATA@@3IB     1004bf6c     TabResult.obj
 0003:00000f70       ?RMSG_GETSIGNAL_REAL@@3IB  1004bf70     TabStep.obj
 0003:00000f74       ?RMSG_SETQUERYOPT@@3IB     1004bf74     TabStep.obj
 0003:00000f78       ?RMSG_CHARTMAIN@@3IB       1004bf78     TabStep.obj
 0003:00000f7c       ?RMS_ANALYSIS_FUNC@@3IB    1004bf7c     TabStep.obj
 0003:00000f80       ?RMSG_GET_USERID@@3IB      1004bf80     TabStep.obj
 0003:00000f84       ?RMSG_CHANGE_SKINCOLOR@@3IB 1004bf84     TabStep.obj
 0003:00000f88       ?RMSG_GET_SKINCOLOR@@3IB   1004bf88     TabStep.obj
 0003:00000f8c       ?RMSG_CHANGEVERTSCALETYPE@@3IB 1004bf8c     TabStep.obj
 0003:00000f90       ?RMSG_CHANGE_CROSSLINE@@3IB 1004bf90     TabStep.obj
 0003:00000f94       ?RMSG_ADD_PLATFORM_MENU@@3IB 1004bf94     TabStep.obj
 0003:00000f98       ?RMSG_SETINITIALCHARTDATA@@3IB 1004bf98     TabStep.obj
 0003:00000f9c       ?RMSG_GETINFO@@3IB         1004bf9c     TabStep.obj
 0003:00000fa0       ?RMSG_SETINFO@@3IB         1004bfa0     TabStep.obj
 0003:00000fa4       ?RMSG_INTERFACE@@3IB       1004bfa4     TabStep.obj
 0003:00000fa8       ?RMSG_GETPCTRDATA@@3IB     1004bfa8     TabStep.obj
 0003:00000fac       ?RMSG_SETPCTRDATA@@3IB     1004bfac     TabStep.obj
 0003:00000fb0       ?RMSG_GETSIGNAL_REAL@@3IB  1004bfb0     TabTrade.obj
 0003:00000fb4       ?RMSG_SETQUERYOPT@@3IB     1004bfb4     TabTrade.obj
 0003:00000fb8       ?RMSG_CHARTMAIN@@3IB       1004bfb8     TabTrade.obj
 0003:00000fbc       ?RMS_ANALYSIS_FUNC@@3IB    1004bfbc     TabTrade.obj
 0003:00000fc0       ?RMSG_GET_USERID@@3IB      1004bfc0     TabTrade.obj
 0003:00000fc4       ?RMSG_CHANGE_SKINCOLOR@@3IB 1004bfc4     TabTrade.obj
 0003:00000fc8       ?RMSG_GET_SKINCOLOR@@3IB   1004bfc8     TabTrade.obj
 0003:00000fcc       ?RMSG_CHANGEVERTSCALETYPE@@3IB 1004bfcc     TabTrade.obj
 0003:00000fd0       ?RMSG_CHANGE_CROSSLINE@@3IB 1004bfd0     TabTrade.obj
 0003:00000fd4       ?RMSG_ADD_PLATFORM_MENU@@3IB 1004bfd4     TabTrade.obj
 0003:00000fd8       ?RMSG_SETINITIALCHARTDATA@@3IB 1004bfd8     TabTrade.obj
 0003:00000fdc       ?RMSG_GETINFO@@3IB         1004bfdc     TabTrade.obj
 0003:00000fe0       ?RMSG_SETINFO@@3IB         1004bfe0     TabTrade.obj
 0003:00000fe4       ?RMSG_INTERFACE@@3IB       1004bfe4     TabTrade.obj
 0003:00000fe8       ?RMSG_GETPCTRDATA@@3IB     1004bfe8     TabTrade.obj
 0003:00000fec       ?RMSG_SETPCTRDATA@@3IB     1004bfec     TabTrade.obj
 0003:00000ff0       ?RMSG_INTERFACE@@3IB       1004bff0     ExControl:ExStatic.obj
 0003:00000ff4       ?RMSG_GETPCTRDATA@@3IB     1004bff4     ExControl:ExStatic.obj
 0003:00000ff8       ?RMSG_SETPCTRDATA@@3IB     1004bff8     ExControl:ExStatic.obj
 0003:00000ffc       ?RMSG_INTERFACE@@3IB       1004bffc     ExControl:ExDrawButton.obj
 0003:00001000       ?RMSG_GETPCTRDATA@@3IB     1004c000     ExControl:ExDrawButton.obj
 0003:00001004       ?RMSG_SETPCTRDATA@@3IB     1004c004     ExControl:ExDrawButton.obj
 0003:00001008       ?RMSG_INTERFACE@@3IB       1004c008     ExControl:ExDialog.obj
 0003:0000100c       ?RMSG_GETPCTRDATA@@3IB     1004c00c     ExControl:ExDialog.obj
 0003:00001010       ?RMSG_SETPCTRDATA@@3IB     1004c010     ExControl:ExDialog.obj
 0003:00001018       ?RMSG_EVENT_SPININPUT@@3IB 1004c018     ExControl:StdAfx.obj
 0003:0000101c       ?RMSG_EVENT_CODEINPUT@@3IB 1004c01c     ExControl:StdAfx.obj
 0003:00001020       ?RMSG_ENDSCROLLPOS@@3IB    1004c020     ExControl:StdAfx.obj
 0003:00001024       ?RMSG_FORMINITIALCOMPLETED@@3IB 1004c024     ExControl:StdAfx.obj
 0003:00001028       ?RMSG_GETPCTRDATA@@3IB     1004c028     ExControl:StdAfx.obj
 0003:0000102c       ?RMSG_LSHAREDCHANGED@@3IB  1004c02c     ExControl:StdAfx.obj
 0003:00001030       ?RMSG_EVENT_ACCTINPUT@@3IB 1004c030     ExControl:StdAfx.obj
 0003:00001034       ?RMSG_SETPCTRDATA@@3IB     1004c034     ExControl:StdAfx.obj
 0003:00001038       ?RMSG_INTERFACE@@3IB       1004c038     ExControl:StdAfx.obj
 0003:0000103c       ?RMSG_FORMSTATECHANGE@@3IB 1004c03c     ExControl:StdAfx.obj
 0003:00001040       ?RMSG_LBTNDOWN@@3IB        1004c040     ExControl:StdAfx.obj
 0003:00001044       ?RMSG_LBTNDBLCLICK@@3IB    1004c044     ExControl:StdAfx.obj
 0003:00001048       ?RMSG_TABSTOP@@3IB         1004c048     ExControl:StdAfx.obj
 0003:0000104c       ?RMSG_EVENT_SIGNAL@@3IB    1004c04c     ExControl:StdAfx.obj
 0003:00001050       ?RMSG_INTERFACE@@3IB       1004c050     ExControl:ExButton.obj
 0003:00001054       ?RMSG_GETPCTRDATA@@3IB     1004c054     ExControl:ExButton.obj
 0003:00001058       ?RMSG_SETPCTRDATA@@3IB     1004c058     ExControl:ExButton.obj
 0003:00001098       ?is_initialized_as_dll@@3_NA 1004c098     msvcrt:utility.obj
 0003:00001099       ?module_local_atexit_table_initialized@@3_NA 1004c099     msvcrt:utility.obj
 0003:0000109c       ?module_local_atexit_table@@3U_onexit_table_t@@A 1004c09c     msvcrt:utility.obj
 0003:000010a8       ?module_local_at_quick_exit_table@@3U_onexit_table_t@@A 1004c0a8     msvcrt:utility.obj
 0003:000010b4       ?g_tss_cv@@3U_RTL_CONDITION_VARIABLE@@A 1004c0b4     msvcrt:thread_safe_statics.obj
 0003:000010b8       ?g_tss_event@@3PAXA        1004c0b8     msvcrt:thread_safe_statics.obj
 0003:000010bc       ?g_tss_mutex@@3U_RTL_CRITICAL_SECTION@@A 1004c0bc     msvcrt:thread_safe_statics.obj
 0003:000010d4       ?g_sleep_condition_variable_cs@@3P6GHPAU_RTL_CONDITION_VARIABLE@@PAU_RTL_CRITICAL_SECTION@@K@ZA 1004c0d4     msvcrt:thread_safe_statics.obj
 0003:000010d8       ?g_wake_all_condition_variable@@3P6GXPAU_RTL_CONDITION_VARIABLE@@@ZA 1004c0d8     msvcrt:thread_safe_statics.obj
 0003:000010e0       ?__proc_attached@@3HA      1004c0e0     msvcrt:dll_dllmain.obj
 0003:000010f8       _GS_ExceptionRecord        1004c0f8     msvcrt:gs_report.obj
 0003:00001148       _GS_ContextRecord          1004c148     msvcrt:gs_report.obj
 0004:000002e0       $R000000                   1004d2e0     HWStrategyAnalysis.res
 0004:000005d8       $R0002F8                   1004d5d8     HWStrategyAnalysis.res
 0004:00000610       $R000330                   1004d610     HWStrategyAnalysis.res
 0004:00000888       $R0005A8                   1004d888     HWStrategyAnalysis.res
 0004:000008a8       $R0005C8                   1004d8a8     HWStrategyAnalysis.res
 0004:00000900       $R000620                   1004d900     HWStrategyAnalysis.res
 0004:00000950       $R000670                   1004d950     HWStrategyAnalysis.res
 0004:000009a0       $R0006C0                   1004d9a0     HWStrategyAnalysis.res
 0004:00000b00       $R000820                   1004db00     HWStrategyAnalysis.res
 0004:00000d38       $R000A58                   1004dd38     HWStrategyAnalysis.res
 0004:00000db0       $R000AD0                   1004ddb0     HWStrategyAnalysis.res
 0004:000036b8       $R0033D8                   100506b8     HWStrategyAnalysis.res
 0004:00003ef0       $R003C10                   10050ef0     HWStrategyAnalysis.res

 Exports

  ordinal    name

        1    ?fnInit@@YGJPAUSTODINIT_IN@@PAUSTODINIT_OUT@@PAX@Z (long __stdcall fnInit(struct STODINIT_IN *,struct STODINIT_OUT *,void *))
               exported name: fnInit
        2    ?fnLoad@@YGJPAUSTODCREATEINFO_IN@@PAUSTODCREATEINFO_OUT@@@Z (long __stdcall fnLoad(struct STODCREATEINFO_IN *,struct STODCREATEINFO_OUT *))
               exported name: fnLoad
        3    ?fnUnLoad@@YGJPAX@Z (long __stdcall fnUnLoad(void *))
               exported name: fnUnLoad
        4    ?fnFuncCall@@YGJPAXPBD1AAUtagVARIANT@@@Z (long __stdcall fnFuncCall(void *,char const *,char const *,struct tagVARIANT &))
               exported name: fnFuncCall
        5    _CREATE_TRADING
               exported name: CREATE_TRADING
        6    _DESTROY_TRADING
               exported name: DESTROY_TRADING
        7    _CREATE_TRADING_EX
               exported name: CREATE_TRADING_EX
        8    _SA_ApplyChart
               exported name: SA_ApplyChart
