 HWStrategyConfigureWizard

 Timestamp is 641272d6 (Thu Mar 16 10:37:26 2023)

 Preferred load address is 10000000

 Start         Length     Name                   Class
 0001:00000000 00001130H .text$di                CODE
 0001:00001130 0003a3f0H .text$mn                CODE
 0001:0003b520 00004940H .text$x                 CODE
 0001:0003fe60 000004b3H .text$yd                CODE
 0002:00000000 00000ac0H .idata$5                DATA
 0002:00000ac0 00000008H .00cfg                  DATA
 0002:00000ac8 00000004H .CRT$XCA                DATA
 0002:00000acc 00000004H .CRT$XCL                DATA
 0002:00000ad0 000001b4H .CRT$XCU                DATA
 0002:00000c84 00000004H .CRT$XCZ                DATA
 0002:00000c88 00000004H .CRT$XIA                DATA
 0002:00000c8c 00000004H .CRT$XIC                DATA
 0002:00000c90 00000004H .CRT$XIZ                DATA
 0002:00000c94 00000004H .CRT$XLA                DATA
 0002:00000c98 00000004H .CRT$XLZ                DATA
 0002:00000c9c 00000004H .CRT$XPA                DATA
 0002:00000ca0 00000004H .CRT$XPZ                DATA
 0002:00000ca4 00000004H .CRT$XTA                DATA
 0002:00000ca8 00000008H .CRT$XTZ                DATA
 0002:00000cac 00000000H .gfids$y                DATA
 0002:00000cb0 00008e90H .rdata                  DATA
 0002:00009b40 00000004H .rdata$CastGuardVftablesA DATA
 0002:00009b44 00000004H .rdata$CastGuardVftablesC DATA
 0002:00009b48 00000018H .rdata$T                DATA
 0002:00009b60 000019c8H .rdata$r                DATA
 0002:0000b528 000003d8H .rdata$sxdata           DATA
 0002:0000b900 00000038H .rdata$voltmd           DATA
 0002:0000b938 00000450H .rdata$zzzdbg           DATA
 0002:0000bd88 00000004H .rtc$IAA                DATA
 0002:0000bd8c 00000004H .rtc$IZZ                DATA
 0002:0000bd90 00000004H .rtc$TAA                DATA
 0002:0000bd94 00000004H .rtc$TZZ                DATA
 0002:0000bd98 00000004H .tls                    DATA
 0002:0000bd9c 00000004H .tls$                   DATA
 0002:0000bda0 00000008H .tls$ZZZ                DATA
 0002:0000bda8 00003d7cH .xdata$x                DATA
 0002:0000fb24 00000004H ATL$__a                 DATA
 0002:0000fb28 00000008H ATL$__z                 DATA
 0002:0000fb30 0000016cH .edata                  DATA
 0002:0000fc9c 00000154H .idata$2                DATA
 0002:0000fdf0 00000014H .idata$3                DATA
 0002:0000fe04 00000ac0H .idata$4                DATA
 0002:000108c4 00000f98H .idata$6                DATA
 0003:00000000 00000098H .data                   DATA
 0003:00000098 00000080H .data$r                 DATA
 0003:00000118 000009e0H .data$rs                DATA
 0003:00000af8 00000750H .bss                    DATA
 0004:00000000 00000420H .rsrc$01                DATA
 0004:00000420 00001570H .rsrc$02                DATA

  Address         Publics by Value              Rva+Base       Lib:Object

 0000:00000000       ___guard_check_icall_a64n_fptr 00000000     <absolute>
 0000:00000000       ___arm64x_extra_rfe_table_size 00000000     <absolute>
 0000:00000000       ___guard_longjmp_table     00000000     <absolute>
 0000:00000000       ___x64_code_ranges_to_entry_points_count 00000000     <absolute>
 0000:00000000       ___dynamic_value_reloc_table 00000000     <absolute>
 0000:00000000       ___arm64x_redirection_metadata 00000000     <absolute>
 0000:00000000       ___AbsoluteZero            00000000     <absolute>
 0000:00000000       ___guard_longjmp_count     00000000     <absolute>
 0000:00000000       ___enclave_config          00000000     <absolute>
 0000:00000000       ___guard_iat_count         00000000     <absolute>
 0000:00000000       ___guard_fids_count        00000000     <absolute>
 0000:00000000       ___x64_code_ranges_to_entry_points 00000000     <absolute>
 0000:00000000       ___arm64x_redirection_metadata_count 00000000     <absolute>
 0000:00000000       ___hybrid_code_map_count   00000000     <absolute>
 0000:00000000       ___hybrid_auxiliary_iat    00000000     <absolute>
 0000:00000000       ___guard_fids_table        00000000     <absolute>
 0000:00000000       ___guard_eh_cont_table     00000000     <absolute>
 0000:00000000       ___hybrid_code_map         00000000     <absolute>
 0000:00000000       ___arm64x_native_entrypoint 00000000     <absolute>
 0000:00000000       ___arm64x_extra_rfe_table  00000000     <absolute>
 0000:00000000       ___guard_iat_table         00000000     <absolute>
 0000:00000000       ___guard_eh_cont_count     00000000     <absolute>
 0000:00000000       ___hybrid_auxiliary_iat_copy 00000000     <absolute>
 0000:0000002c       __tls_array                0000002c     <absolute>
 0000:000000f6       ___safe_se_handler_count   000000f6     <absolute>
 0000:00000100       ___guard_flags             00000100     <absolute>
 0000:00000000       ___ImageBase               10000000     <linker-defined>
 0001:00001130       ??0CDllSTLoader@@QAE@XZ    10002130 f   DllSTLoader.obj
 0001:000011a0       ??1CDllSTLoader@@UAE@XZ    100021a0 f   DllSTLoader.obj
 0001:00001200       ??_GCDllSTLoader@@UAEPAXI@Z 10002200 f i DllSTLoader.obj
 0001:00001200       ??_ECDllSTLoader@@UAEPAXI@Z 10002200 f i DllSTLoader.obj
 0001:00001280       ?Command@CDllSTLoader@@QAEJPBD0@Z 10002280 f   DllSTLoader.obj
 0001:000012b0       ?Execute@CDllSTLoader@@QAEJPBD@Z 100022b0 f   DllSTLoader.obj
 0001:000012e0       ?GetInput@CDllSTLoader@@QAE?AV?$CStringT@DV?$StrTraitMFC_DLL@DV?$ChTraitsCRT@D@ATL@@@@@ATL@@J@Z 100022e0 f   DllSTLoader.obj
 0001:00001360       ?Load@CDllSTLoader@@QAEJPBDPAUHWND__@@J0H0J@Z 10002360 f   DllSTLoader.obj
 0001:000013b0       ?LoadDLL@CDllSTLoader@@AAEHPBD@Z 100023b0 f   DllSTLoader.obj
 0001:00001570       ?Pause@CDllSTLoader@@QAEJXZ 10002570 f   DllSTLoader.obj
 0001:00001590       ?Stop@CDllSTLoader@@QAEJXZ 10002590 f   DllSTLoader.obj
 0001:000015b0       ?Unload@CDllSTLoader@@QAEJXZ 100025b0 f   DllSTLoader.obj
 0001:00001650       ?UnloadDLL@CDllSTLoader@@AAEHXZ 10002650 f   DllSTLoader.obj
 0001:000016b0       ?Update@CDllSTLoader@@QAEJJH@Z 100026b0 f   DllSTLoader.obj
 0001:000016e0       ?__empty_global_delete@@YAXPAX@Z 100026e0 f i DllSTLoader.obj
 0001:000016f0       ?__global_delete@@YAXPAXI@Z 100026f0 f i DllSTLoader.obj
 0001:000016f0       ?__empty_global_delete@@YAXPAXI@Z 100026f0 f i DllSTLoader.obj
 0001:00001700       ??0CBarFolder@CSTGfxOutBarCtrl@@QAE@PBDK@Z 10002700 f   STGfxOutBarCtrl.obj
 0001:000017a0       ??0CBarItem@CSTGfxOutBarCtrl@@QAE@PBDHK@Z 100027a0 f   STGfxOutBarCtrl.obj
 0001:000017f0       ??0CImpl_IGfxOutBarCtrl@@QAE@XZ 100027f0 f   STGfxOutBarCtrl.obj
 0001:00001810       ??0CSTGfxOutBarCtrl@@QAE@XZ 10002810 f   STGfxOutBarCtrl.obj
 0001:00001a60       ??1CBarFolder@CSTGfxOutBarCtrl@@UAE@XZ 10002a60 f   STGfxOutBarCtrl.obj
 0001:00001b00       ??1CBarItem@CSTGfxOutBarCtrl@@UAE@XZ 10002b00 f   STGfxOutBarCtrl.obj
 0001:00001b20       ??1CBitmap@@UAE@XZ         10002b20 f i STGfxOutBarCtrl.obj
 0001:00001b30       ??1CFont@@UAE@XZ           10002b30 f i STGfxOutBarCtrl.obj
 0001:00001b40       ??1CGdiObject@@UAE@XZ      10002b40 f i STGfxOutBarCtrl.obj
 0001:00001c50       ??1CObject@@UAE@XZ         10002c50 f i STGfxOutBarCtrl.obj
 0001:00001c60       ??1CPen@@UAE@XZ            10002c60 f i STGfxOutBarCtrl.obj
 0001:00001c70       ??1CRgn@@UAE@XZ            10002c70 f i STGfxOutBarCtrl.obj
 0001:00001c80       ??1CSTGfxOutBarCtrl@@UAE@XZ 10002c80 f   STGfxOutBarCtrl.obj
 0001:00001d40       ??3CObject@@SGXPAX@Z       10002d40 f i STGfxOutBarCtrl.obj
 0001:00001d60       ??_ECBarFolder@CSTGfxOutBarCtrl@@UAEPAXI@Z 10002d60 f i STGfxOutBarCtrl.obj
 0001:00001d60       ??_GCBarFolder@CSTGfxOutBarCtrl@@UAEPAXI@Z 10002d60 f i STGfxOutBarCtrl.obj
 0001:00001e20       ??_ECBarItem@CSTGfxOutBarCtrl@@UAEPAXI@Z 10002e20 f i STGfxOutBarCtrl.obj
 0001:00001e20       ??_GCBarItem@CSTGfxOutBarCtrl@@UAEPAXI@Z 10002e20 f i STGfxOutBarCtrl.obj
 0001:00001e60       ??_GCBitmap@@UAEPAXI@Z     10002e60 f i STGfxOutBarCtrl.obj
 0001:00001e60       ??_ECBitmap@@UAEPAXI@Z     10002e60 f i STGfxOutBarCtrl.obj
 0001:00001ea0       ??_GCFont@@UAEPAXI@Z       10002ea0 f i STGfxOutBarCtrl.obj
 0001:00001ea0       ??_ECFont@@UAEPAXI@Z       10002ea0 f i STGfxOutBarCtrl.obj
 0001:00001ee0       ??_GCGdiObject@@UAEPAXI@Z  10002ee0 f i STGfxOutBarCtrl.obj
 0001:00001ee0       ??_ECGdiObject@@UAEPAXI@Z  10002ee0 f i STGfxOutBarCtrl.obj
 0001:00001f20       ??_ECPen@@UAEPAXI@Z        10002f20 f i STGfxOutBarCtrl.obj
 0001:00001f20       ??_GCPen@@UAEPAXI@Z        10002f20 f i STGfxOutBarCtrl.obj
 0001:00001f60       ??_GCRgn@@UAEPAXI@Z        10002f60 f i STGfxOutBarCtrl.obj
 0001:00001f60       ??_ECRgn@@UAEPAXI@Z        10002f60 f i STGfxOutBarCtrl.obj
 0001:00001fa0       ??_GCSTGfxOutBarCtrl@@UAEPAXI@Z 10002fa0 f i STGfxOutBarCtrl.obj
 0001:00001fa0       ??_ECSTGfxOutBarCtrl@@UAEPAXI@Z 10002fa0 f i STGfxOutBarCtrl.obj
 0001:00001fe0       ?AddFolder@CSTGfxOutBarCtrl@@QAEHPBDK@Z 10002fe0 f   STGfxOutBarCtrl.obj
 0001:000020b0       ?AddFolderBar@CImpl_IGfxOutBarCtrl@@UAGHPBDPAVCWnd@@@Z 100030b0 f   STGfxOutBarCtrl.obj
 0001:00002140       ?AddFolderBar@CSTGfxOutBarCtrl@@QAEHPBDPAVCWnd@@K@Z 10003140 f   STGfxOutBarCtrl.obj
 0001:00002220       ?AnimateFolderScroll@CSTGfxOutBarCtrl@@QAEXHH@Z 10003220 f   STGfxOutBarCtrl.obj
 0001:00002940       ?AssertValid@CObject@@UBEXXZ 10003940 f i STGfxOutBarCtrl.obj
 0001:00002950       ?BeginModalState@CWnd@@UAEXXZ 10003950 f i STGfxOutBarCtrl.obj
 0001:00002960       ?Create@CSTGfxOutBarCtrl@@QAEHKABUtagRECT@@PAVCWnd@@IK@Z 10003960 f   STGfxOutBarCtrl.obj
 0001:00002990       ?CreateObject@CSTGfxOutBarCtrl@@SGPAVCObject@@XZ 10003990 f   STGfxOutBarCtrl.obj
 0001:00002a00       ?CreateOutBar@CImpl_IGfxOutBarCtrl@@UAGHKABUtagRECT@@PAVCWnd@@IK@Z 10003a00 f   STGfxOutBarCtrl.obj
 0001:00002a40       ?DeleteAllFolder@CSTGfxOutBarCtrl@@QAEXXZ 10003a40 f   STGfxOutBarCtrl.obj
 0001:00002aa0       ?DoDataExchange@CWnd@@MAEXPAVCDataExchange@@@Z 10003aa0 f i STGfxOutBarCtrl.obj
 0001:00002ab0       ?DrawAnimItem@CSTGfxOutBarCtrl@@QAEXHHH@Z 10003ab0 f   STGfxOutBarCtrl.obj
 0001:00002d40       ?DrawDragArrow@CSTGfxOutBarCtrl@@QAEXPAVCDC@@HH@Z 10003d40 f   STGfxOutBarCtrl.obj
 0001:000030d0       ?DrawFolder@CSTGfxOutBarCtrl@@IAEXPAVCDC@@HVCRect@@_N@Z 100040d0 f   STGfxOutBarCtrl.obj
 0001:00003840       ?DrawItem@CSTGfxOutBarCtrl@@QAEXPAVCDC@@HVCRect@@H_N@Z 10004840 f   STGfxOutBarCtrl.obj
 0001:00003b20       ?DrawTextA@CDC@@UAEHPBDHPAUtagRECT@@I@Z 10004b20 f i STGfxOutBarCtrl.obj
 0001:00003b40       ?Dump@CObject@@UBEXAAVCDumpContext@@@Z 10004b40 f i STGfxOutBarCtrl.obj
 0001:00003b50       ?EndModalState@CWnd@@UAEXXZ 10004b50 f i STGfxOutBarCtrl.obj
 0001:00003b60       ?GetCountPerPage@CSTGfxOutBarCtrl@@QBEHXZ 10004b60 f   STGfxOutBarCtrl.obj
 0001:00003b70       ?GetCoutBarCtrl@CImpl_IGfxOutBarCtrl@@UAGPAVCWnd@@XZ 10004b70 f   STGfxOutBarCtrl.obj
 0001:00003b80       ?GetDragItemRect@CSTGfxOutBarCtrl@@QAEHHAAVCRect@@@Z 10004b80 f   STGfxOutBarCtrl.obj
 0001:00003d10       ?GetFlag@CSTGfxOutBarCtrl@@QBEKXZ 10004d10 f   STGfxOutBarCtrl.obj
 0001:00003d20       ?GetFolderChild@CSTGfxOutBarCtrl@@QAEPAVCWnd@@H@Z 10004d20 f   STGfxOutBarCtrl.obj
 0001:00003d60       ?GetFolderCount@CSTGfxOutBarCtrl@@QBEHXZ 10004d60 f   STGfxOutBarCtrl.obj
 0001:00003d70       ?GetFolderData@CSTGfxOutBarCtrl@@QAEKH@Z 10004d70 f   STGfxOutBarCtrl.obj
 0001:00003db0       ?GetFolderImageList@CSTGfxOutBarCtrl@@QBEPAVCImageList@@H_N@Z 10004db0 f   STGfxOutBarCtrl.obj
 0001:00003e00       ?GetFolderRect@CSTGfxOutBarCtrl@@QBE_NHAAVCRect@@@Z 10004e00 f   STGfxOutBarCtrl.obj
 0001:00003f00       ?GetIconRect@CSTGfxOutBarCtrl@@QAEXHHAAVCRect@@@Z 10004f00 f   STGfxOutBarCtrl.obj
 0001:00004110       ?GetImageList@CSTGfxOutBarCtrl@@QAEPAVCImageList@@H@Z 10005110 f   STGfxOutBarCtrl.obj
 0001:00004140       ?GetInsideRect@CSTGfxOutBarCtrl@@QBEXAAVCRect@@@Z 10005140 f   STGfxOutBarCtrl.obj
 0001:000041b0       ?GetItemCount@CBarFolder@CSTGfxOutBarCtrl@@QAEHXZ 100051b0 f   STGfxOutBarCtrl.obj
 0001:000041c0       ?GetItemCount@CSTGfxOutBarCtrl@@QBEHXZ 100051c0 f   STGfxOutBarCtrl.obj
 0001:000041f0       ?GetItemData@CSTGfxOutBarCtrl@@QBEKH@Z 100051f0 f   STGfxOutBarCtrl.obj
 0001:00004240       ?GetItemImage@CSTGfxOutBarCtrl@@QBEHH@Z 10005240 f   STGfxOutBarCtrl.obj
 0001:00004290       ?GetItemRect@CSTGfxOutBarCtrl@@QAEXHHAAVCRect@@@Z 10005290 f   STGfxOutBarCtrl.obj
 0001:000043b0       ?GetItemSize@CSTGfxOutBarCtrl@@QAE?AVCSize@@HHH@Z 100053b0 f   STGfxOutBarCtrl.obj
 0001:00004620       ?GetItemText@CSTGfxOutBarCtrl@@QAE?AV?$CStringT@DV?$StrTraitMFC_DLL@DV?$ChTraitsCRT@D@ATL@@@@@ATL@@H@Z 10005620 f   STGfxOutBarCtrl.obj
 0001:000046c0       ?GetLabelRect@CSTGfxOutBarCtrl@@QAEXHHAAVCRect@@@Z 100056c0 f   STGfxOutBarCtrl.obj
 0001:00004870       ?GetMessageMap@CSTGfxOutBarCtrl@@MBEPBUAFX_MSGMAP@@XZ 10005870 f   STGfxOutBarCtrl.obj
 0001:00004880       ?GetRuntimeClass@CSTGfxOutBarCtrl@@UBEPAUCRuntimeClass@@XZ 10005880 f   STGfxOutBarCtrl.obj
 0001:00004890       ?GetSelFolder@CSTGfxOutBarCtrl@@QBEHXZ 10005890 f   STGfxOutBarCtrl.obj
 0001:000048a0       ?GetThisClass@CSTGfxOutBarCtrl@@SGPAUCRuntimeClass@@XZ 100058a0 f   STGfxOutBarCtrl.obj
 0001:000048b0       ?GetThisMessageMap@CSTGfxOutBarCtrl@@KGPBUAFX_MSGMAP@@XZ 100058b0 f   STGfxOutBarCtrl.obj
 0001:000048c0       ?GetVisibleRange@CSTGfxOutBarCtrl@@QAEXHAAH0@Z 100058c0 f   STGfxOutBarCtrl.obj
 0001:00004990       ?HighlightFolder@CSTGfxOutBarCtrl@@QAEXH@Z 10005990 f   STGfxOutBarCtrl.obj
 0001:00004ba0       ?HighlightItem@CSTGfxOutBarCtrl@@QAEXH_N@Z 10005ba0 f   STGfxOutBarCtrl.obj
 0001:00004de0       ?HitTestEx@CSTGfxOutBarCtrl@@QAEHABVCPoint@@AAH@Z 10005de0 f   STGfxOutBarCtrl.obj
 0001:00005000       ?InsertItem@CBarFolder@CSTGfxOutBarCtrl@@QAEHHPBDHK@Z 10006000 f   STGfxOutBarCtrl.obj
 0001:000050e0       ?InsertItem@CSTGfxOutBarCtrl@@QAEHHHPBDHK@Z 100060e0 f   STGfxOutBarCtrl.obj
 0001:000051e0       ?IsSmallIconView@CSTGfxOutBarCtrl@@QBE_NXZ 100061e0 f   STGfxOutBarCtrl.obj
 0001:000051f0       ?IsValidItem@CSTGfxOutBarCtrl@@QBE_NH@Z 100061f0 f   STGfxOutBarCtrl.obj
 0001:00005230       ?ModifyFlag@CSTGfxOutBarCtrl@@QAEXABK0I@Z 10006230 f   STGfxOutBarCtrl.obj
 0001:000052a0       ?OnCommand@CSTGfxOutBarCtrl@@MAEHIJ@Z 100062a0 f   STGfxOutBarCtrl.obj
 0001:00005340       ?OnCreate@CSTGfxOutBarCtrl@@IAEHPAUtagCREATESTRUCTA@@@Z 10006340 f   STGfxOutBarCtrl.obj
 0001:000053f0       ?OnDestroy@CSTGfxOutBarCtrl@@IAEXXZ 100063f0 f   STGfxOutBarCtrl.obj
 0001:00005410       ?OnEraseBkgnd@CSTGfxOutBarCtrl@@IAEHPAVCDC@@@Z 10006410 f   STGfxOutBarCtrl.obj
 0001:00005420       ?OnLButtonDown@CSTGfxOutBarCtrl@@IAEXIVCPoint@@@Z 10006420 f   STGfxOutBarCtrl.obj
 0001:00005e40       ?OnMouseMove@CSTGfxOutBarCtrl@@IAEXIVCPoint@@@Z 10006e40 f   STGfxOutBarCtrl.obj
 0001:00005e50       ?OnPaint@CSTGfxOutBarCtrl@@IAEXXZ 10006e50 f   STGfxOutBarCtrl.obj
 0001:00006400       ?OnRButtonDown@CSTGfxOutBarCtrl@@IAEXIVCPoint@@@Z 10007400 f   STGfxOutBarCtrl.obj
 0001:00006410       ?OnSetCursor@CSTGfxOutBarCtrl@@IAEHPAVCWnd@@II@Z 10007410 f   STGfxOutBarCtrl.obj
 0001:00006480       ?OnSize@CSTGfxOutBarCtrl@@IAEXIHH@Z 10007480 f   STGfxOutBarCtrl.obj
 0001:00006530       ?OnTimer@CSTGfxOutBarCtrl@@IAEXI@Z 10007530 f   STGfxOutBarCtrl.obj
 0001:00006670       ?PaintItems@CSTGfxOutBarCtrl@@QAEXPAVCDC@@HVCRect@@@Z 10007670 f   STGfxOutBarCtrl.obj
 0001:000067c0       ?RemoveFolder@CSTGfxOutBarCtrl@@QAEXH@Z 100077c0 f   STGfxOutBarCtrl.obj
 0001:00006840       ?RemoveItem@CSTGfxOutBarCtrl@@QAEXH@Z 10007840 f   STGfxOutBarCtrl.obj
 0001:000068e0       ?Serialize@CObject@@UAEXAAVCArchive@@@Z 100078e0 f i STGfxOutBarCtrl.obj
 0001:000068f0       ?SetAnimSelHighlight@CSTGfxOutBarCtrl@@QAEXH@Z 100078f0 f   STGfxOutBarCtrl.obj
 0001:00006930       ?SetFolderImageList@CImpl_IGfxOutBarCtrl@@UAGXPAVCImageList@@HHH@Z 10007930 f   STGfxOutBarCtrl.obj
 0001:00006960       ?SetFolderImageList@CSTGfxOutBarCtrl@@QAEPAVCImageList@@HPAV2@H@Z 10007960 f   STGfxOutBarCtrl.obj
 0001:000069c0       ?SetFolderImageList@CSTGfxOutBarCtrl@@QAEXPAVCImageList@@HHH@Z 100079c0 f   STGfxOutBarCtrl.obj
 0001:000069f0       ?SetFolderText@CSTGfxOutBarCtrl@@QAEXHPBD@Z 100079f0 f   STGfxOutBarCtrl.obj
 0001:00006a50       ?SetImageList@CImpl_IGfxOutBarCtrl@@UAGPAVCImageList@@PAV2@H@Z 10007a50 f   STGfxOutBarCtrl.obj
 0001:00006aa0       ?SetImageList@CSTGfxOutBarCtrl@@QAEPAVCImageList@@PAV2@H@Z 10007aa0 f   STGfxOutBarCtrl.obj
 0001:00006af0       ?SetItemData@CSTGfxOutBarCtrl@@QAEXHK@Z 10007af0 f   STGfxOutBarCtrl.obj
 0001:00006b30       ?SetItemImage@CSTGfxOutBarCtrl@@QAEXHH@Z 10007b30 f   STGfxOutBarCtrl.obj
 0001:00006b70       ?SetItemText@CSTGfxOutBarCtrl@@QAEXHPBD@Z 10007b70 f   STGfxOutBarCtrl.obj
 0001:00006be0       ?SetSelFolder@CImpl_IGfxOutBarCtrl@@UAGXH@Z 10007be0 f   STGfxOutBarCtrl.obj
 0001:00006c00       ?SetSelFolder@CSTGfxOutBarCtrl@@QAEXH@Z 10007c00 f   STGfxOutBarCtrl.obj
 0001:00006d50       ?SetSmallIconView@CSTGfxOutBarCtrl@@QAEX_N@Z 10007d50 f   STGfxOutBarCtrl.obj
 0001:00006dd0       ?Setcr3dFace@CImpl_IGfxOutBarCtrl@@UAGXK@Z 10007dd0 f   STGfxOutBarCtrl.obj
 0001:00006df0       ?Setcr3dUnFace@CImpl_IGfxOutBarCtrl@@UAGXK@Z 10007df0 f   STGfxOutBarCtrl.obj
 0001:00006e10       ?_GetBaseClass@CSTGfxOutBarCtrl@@KGPAUCRuntimeClass@@XZ 10007e10 f   STGfxOutBarCtrl.obj
 0001:00006e20       ??0CSTListCtrl@@QAE@XZ     10007e20 f   STListCtrl.obj
 0001:00006ed0       ??1CMenu@@UAE@XZ           10007ed0 f i STListCtrl.obj
 0001:00006f20       ??1CSTListCtrl@@UAE@XZ     10007f20 f   STListCtrl.obj
 0001:00006fc0       ??1STMNG_ITEMINFO@@QAE@XZ  10007fc0 f i STListCtrl.obj
 0001:00006fe0       ??_ECListCtrl@@UAEPAXI@Z   10007fe0 f i STListCtrl.obj
 0001:00006fe0       ??_GCListCtrl@@UAEPAXI@Z   10007fe0 f i STListCtrl.obj
 0001:00007020       ??_GCMenu@@UAEPAXI@Z       10008020 f i STListCtrl.obj
 0001:00007020       ??_ECMenu@@UAEPAXI@Z       10008020 f i STListCtrl.obj
 0001:000070b0       ??_ECSTListCtrl@@UAEPAXI@Z 100080b0 f i STListCtrl.obj
 0001:000070b0       ??_GCSTListCtrl@@UAEPAXI@Z 100080b0 f i STListCtrl.obj
 0001:00007180       ?GetMessageMap@CSTListCtrl@@MBEPBUAFX_MSGMAP@@XZ 10008180 f   STListCtrl.obj
 0001:00007190       ?GetOwner@CWnd@@QBEPAV1@XZ 10008190 f i STListCtrl.obj
 0001:000071b0       ?GetRuntimeClass@CSTListCtrl@@UBEPAUCRuntimeClass@@XZ 100081b0 f   STListCtrl.obj
 0001:000071c0       ?GetThisClass@CSTListCtrl@@SGPAUCRuntimeClass@@XZ 100081c0 f   STListCtrl.obj
 0001:000071d0       ?GetThisMessageMap@CSTListCtrl@@KGPBUAFX_MSGMAP@@XZ 100081d0 f   STListCtrl.obj
 0001:000071e0       ?GetUserSetting@CSTListCtrl@@QAEHHH@Z 100081e0 f   STListCtrl.obj
 0001:00007240       ?InitFont@CSTListCtrl@@QAEXH@Z 10008240 f   STListCtrl.obj
 0001:000073b0       ?OnCustomDraw@CSTListCtrl@@QAEXPAUtagNMHDR@@PAJ@Z 100083b0 f   STListCtrl.obj
 0001:000073f0       ?OnNMClk@CSTListCtrl@@QAEXPAUtagNMHDR@@PAJ@Z 100083f0 f   STListCtrl.obj
 0001:00007560       ?OnNMDblclk@CSTListCtrl@@QAEXPAUtagNMHDR@@PAJ@Z 10008560 f   STListCtrl.obj
 0001:00007760       ?OnNMRclick@CSTListCtrl@@QAEXPAUtagNMHDR@@PAJ@Z 10008760 f   STListCtrl.obj
 0001:00007b40       ?SetUserSetting@CSTListCtrl@@QAEXHHH@Z 10008b40 f   STListCtrl.obj
 0001:00007b90       ?_GetBaseClass@CSTListCtrl@@KGPAUCRuntimeClass@@XZ 10008b90 f   STListCtrl.obj
 0001:00007ba0       ___local_stdio_scanf_options 10008ba0 f i STListCtrl.obj
 0001:00007bb0       _sscanf                    10008bb0 f i STListCtrl.obj
 0001:00007be0       ??0CSTBasicTree@@QAE@XZ    10008be0 f   STTreeCtrl.obj
 0001:00007c30       ??0CSTExtTree@@QAE@XZ      10008c30 f   STTreeCtrl.obj
 0001:00007c80       ??0CSTTreeCtrl@@QAE@XZ     10008c80 f   STTreeCtrl.obj
 0001:00007cd0       ??1CSTBasicTree@@UAE@XZ    10008cd0 f   STTreeCtrl.obj
 0001:00007d00       ??1CSTExtTree@@UAE@XZ      10008d00 f   STTreeCtrl.obj
 0001:00007d30       ??1CSTTreeCtrl@@UAE@XZ     10008d30 f   STTreeCtrl.obj
 0001:00007d60       ??1STMNG_ITEMINFO_EX1@@QAE@XZ 10008d60 f i STTreeCtrl.obj
 0001:00007d80       ??_GCSTBasicTree@@UAEPAXI@Z 10008d80 f i STTreeCtrl.obj
 0001:00007d80       ??_ECSTBasicTree@@UAEPAXI@Z 10008d80 f i STTreeCtrl.obj
 0001:00007de0       ??_GCSTExtTree@@UAEPAXI@Z  10008de0 f i STTreeCtrl.obj
 0001:00007de0       ??_ECSTExtTree@@UAEPAXI@Z  10008de0 f i STTreeCtrl.obj
 0001:00007e40       ??_GCSTTreeCtrl@@UAEPAXI@Z 10008e40 f i STTreeCtrl.obj
 0001:00007e40       ??_ECSTTreeCtrl@@UAEPAXI@Z 10008e40 f i STTreeCtrl.obj
 0001:00007ea0       ??_ECTreeCtrl@@UAEPAXI@Z   10008ea0 f i STTreeCtrl.obj
 0001:00007ea0       ??_GCTreeCtrl@@UAEPAXI@Z   10008ea0 f i STTreeCtrl.obj
 0001:00007ee0       ?AddSTItem@CSTTreeCtrl@@UAEHPBD0@Z 10008ee0 f   STTreeCtrl.obj
 0001:00007fb0       ?Create@CSTTreeCtrl@@QAEHKABUtagRECT@@PAVCWnd@@I@Z 10008fb0 f   STTreeCtrl.obj
 0001:00008010       ?DeleteAllItemData@CSTTreeCtrl@@UAEXPAU_TREEITEM@@@Z 10009010 f   STTreeCtrl.obj
 0001:00008090       ?DeleteInfo@CSTTreeCtrl@@UAEXPAUSTTREEBASE_INFO@@@Z 10009090 f   STTreeCtrl.obj
 0001:000080e0       ?DeleteSTItem@CSTTreeCtrl@@UAEHPBD0@Z 100090e0 f   STTreeCtrl.obj
 0001:00008150       ?GetMessageMap@CSTBasicTree@@MBEPBUAFX_MSGMAP@@XZ 10009150 f   STTreeCtrl.obj
 0001:00008160       ?GetMessageMap@CSTExtTree@@MBEPBUAFX_MSGMAP@@XZ 10009160 f   STTreeCtrl.obj
 0001:00008170       ?GetMessageMap@CSTTreeCtrl@@MBEPBUAFX_MSGMAP@@XZ 10009170 f   STTreeCtrl.obj
 0001:00008180       ?GetSTFolderList@CLoadSTFile@@SAHPBDAAVCStringArray@@@Z 10009180 f i STTreeCtrl.obj
 0001:000082d0       ?GetThisMessageMap@CSTBasicTree@@KGPBUAFX_MSGMAP@@XZ 100092d0 f   STTreeCtrl.obj
 0001:000082e0       ?GetThisMessageMap@CSTExtTree@@KGPBUAFX_MSGMAP@@XZ 100092e0 f   STTreeCtrl.obj
 0001:000082f0       ?GetThisMessageMap@CSTTreeCtrl@@KGPBUAFX_MSGMAP@@XZ 100092f0 f   STTreeCtrl.obj
 0001:00008300       ?LoadSTFolderList@CSTTreeCtrl@@UAEXPAU_TREEITEM@@PBDPAUSTTREEFOLDER_INFO@@H@Z 10009300 f   STTreeCtrl.obj
 0001:000086c0       ?LoadSTTree@CSTBasicTree@@UAEXXZ 100096c0 f   STTreeCtrl.obj
 0001:000088e0       ?LoadSTTree@CSTExtTree@@UAEXXZ 100098e0 f   STTreeCtrl.obj
 0001:00008c70       ?OnCreate@CSTTreeCtrl@@IAEHPAUtagCREATESTRUCTA@@@Z 10009c70 f   STTreeCtrl.obj
 0001:00008d60       ?OnDblclk@CSTTreeCtrl@@IAEXPAUtagNMHDR@@PAJ@Z 10009d60 f   STTreeCtrl.obj
 0001:00008ef0       ?OnDestroy@CSTTreeCtrl@@IAEXXZ 10009ef0 f   STTreeCtrl.obj
 0001:00008f30       ?OnLButtonDown@CSTTreeCtrl@@IAEXIVCPoint@@@Z 10009f30 f   STTreeCtrl.obj
 0001:000090f0       ?SearchFolderItem@CSTTreeCtrl@@UAEPAU_TREEITEM@@PBD@Z 1000a0f0 f   STTreeCtrl.obj
 0001:000091c0       ?SearchItem@CSTTreeCtrl@@UAEPAU_TREEITEM@@PAU2@PBD@Z 1000a1c0 f   STTreeCtrl.obj
 0001:000092d0       ___local_stdio_printf_options 1000a2d0 f i STTreeCtrl.obj
 0001:000092e0       _sprintf                   1000a2e0 f i STTreeCtrl.obj
 0001:00009320       ??$SerializeElements@PAUSTFILEITEM@@@@YGXAAVCArchive@@PAPAUSTFILEITEM@@H@Z 1000a320 f i _STLoadmanager.obj
 0001:000093d0       ??0?$CList@PAUSTFILEITEM@@PAU1@@@QAE@H@Z 1000a3d0 f i _STLoadmanager.obj
 0001:00009410       ??0CSTLoadManager@@QAE@XZ  1000a410 f   _STLoadmanager.obj
 0001:00009490       ??1?$CList@PAUSTFILEITEM@@PAU1@@@UAE@XZ 1000a490 f i _STLoadmanager.obj
 0001:00009500       ??_E?$CList@PAUSTFILEITEM@@PAU1@@@UAEPAXI@Z 1000a500 f i _STLoadmanager.obj
 0001:00009500       ??_G?$CList@PAUSTFILEITEM@@PAU1@@@UAEPAXI@Z 1000a500 f i _STLoadmanager.obj
 0001:000095b0       ?AddFolder@CSTLoadManager@@IAEXPBD0@Z 1000a5b0 f   _STLoadmanager.obj
 0001:00009780       ?AddSTFile@CSTLoadManager@@IAEXPBD0@Z 1000a780 f   _STLoadmanager.obj
 0001:00009a50       ?AddTail@?$CList@PAUSTFILEITEM@@PAU1@@@QAEPAU__POSITION@@PAUSTFILEITEM@@@Z 1000aa50 f i _STLoadmanager.obj
 0001:00009ae0       ?AddTail@?$CList@PAUSTMNG_ITEMINFO@@PAU1@@@QAEPAU__POSITION@@PAUSTMNG_ITEMINFO@@@Z 1000aae0 f i _STLoadmanager.obj
 0001:00009c40       ?DeleteSTFile@CSTLoadManager@@QAEXHV?$CStringT@DV?$StrTraitMFC_DLL@DV?$ChTraitsCRT@D@ATL@@@@@ATL@@@Z 1000ac40 f   _STLoadmanager.obj
 0001:00009d80       ?DirectorySearch@CSTLoadManager@@IAEHPBD0H@Z 1000ad80 f   _STLoadmanager.obj
 0001:0000a0b0       ?GetFolderIndexFromFolderName@CSTLoadManager@@IAEHV?$CStringT@DV?$StrTraitMFC_DLL@DV?$ChTraitsCRT@D@ATL@@@@@ATL@@@Z 1000b0b0 f   _STLoadmanager.obj
 0001:0000a140       ?GetFolderName@CSTLoadManager@@IAEXV?$CStringT@DV?$StrTraitMFC_DLL@DV?$ChTraitsCRT@D@ATL@@@@@ATL@@AAV23@@Z 1000b140 f   _STLoadmanager.obj
 0001:0000a1d0       ?GetFolderST@CSTLoadManager@@UAGHK@Z 1000b1d0 f   _STLoadmanager.obj
 0001:0000a2e0       ?GetItemST@CSTLoadManager@@UAGHK@Z 1000b2e0 f   _STLoadmanager.obj
 0001:0000a430       ?GetRunSTItemInfo@CSTLoadManager@@QAEHV?$CStringT@DV?$StrTraitMFC_DLL@DV?$ChTraitsCRT@D@ATL@@@@@ATL@@AAUSTMNG_ITEMINFO@@@Z 1000b430 f   _STLoadmanager.obj
 0001:0000a5e0       ?GetSTFileList@CSTLoadManager@@KAHPBDAAVCStringArray@@@Z 1000b5e0 f   _STLoadmanager.obj
 0001:0000a7b0       ?GetSTFileList@CSTLoadManager@@KAHPBDHPAV?$CList@PAUSTFILEITEM@@PAU1@@@@Z 1000b7b0 f   _STLoadmanager.obj
 0001:0000add0       ?GetSelectedItem@CSTLoadManager@@QAEHAAUSTMNG_ITEMINFO@@@Z 1000bdd0 f   _STLoadmanager.obj
 0001:0000af10       ?Init@CSTLoadManager@@UAGXHV?$CStringT@DV?$StrTraitMFC_DLL@DV?$ChTraitsCRT@D@ATL@@@@@ATL@@PAVCImageList@@@Z 1000bf10 f   _STLoadmanager.obj
 0001:0000af60       ?IsSTTypeToLoad@CSTLoadManager@@IAEHAAV?$CStringT@DV?$StrTraitMFC_DLL@DV?$ChTraitsCRT@D@ATL@@@@@ATL@@0@Z 1000bf60 f   _STLoadmanager.obj
 0001:0000b060       ?LoadST2@CSTLoadManager@@UAGXPAVCWnd@@PAVCStringArray@@KHH@Z 1000c060 f   _STLoadmanager.obj
 0001:0000b0e0       ?LoadST@CSTLoadManager@@UAGXPAVCWnd@@PAVCStringArray@@KH@Z 1000c0e0 f   _STLoadmanager.obj
 0001:0000b140       ?LoadSTFolderList@CSTLoadManager@@IAEXPBD0H@Z 1000c140 f   _STLoadmanager.obj
 0001:0000b2c0       ?LoadSTList@CSTLoadManager@@IAEXH@Z 1000c2c0 f   _STLoadmanager.obj
 0001:0000b3d0       ?LoadSTListFromSTIndex@CSTLoadManager@@IAEXHH@Z 1000c3d0 f   _STLoadmanager.obj
 0001:0000be60       ?NewNode@?$CList@PAUSTFILEITEM@@PAU1@@@IAEPAUCNode@1@PAU21@0@Z 1000ce60 f i _STLoadmanager.obj
 0001:0000bed0       ?NewNode@?$CList@PAUSTMNG_ITEMINFO@@PAU1@@@IAEPAUCNode@1@PAU21@0@Z 1000ced0 f i _STLoadmanager.obj
 0001:0000bf40       ?RemoveAll@?$CList@PAUSTFILEITEM@@PAU1@@@QAEXXZ 1000cf40 f i _STLoadmanager.obj
 0001:0000bf70       ?SearchST@CSTLoadManager@@UAGHV?$CStringT@DV?$StrTraitMFC_DLL@DV?$ChTraitsCRT@D@ATL@@@@@ATL@@AAVCStringArray@@@Z 1000cf70 f   _STLoadmanager.obj
 0001:0000c0a0       ?Serialize@?$CList@PAUSTFILEITEM@@PAU1@@@UAEXAAVCArchive@@@Z 1000d0a0 f i _STLoadmanager.obj
 0001:0000c230       ?SetSelectedItem@CSTLoadManager@@UAGXHH@Z 1000d230 f   _STLoadmanager.obj
 0001:0000c290       ?SetSelectedItem@CSTLoadManager@@UAGXPAUSTMNG_ITEMINFO@@@Z 1000d290 f   _STLoadmanager.obj
 0001:0000c3d0       ?SetUseBoldFont@CSTLoadManager@@UAGXH@Z 1000d3d0 f i _STLoadmanager.obj
 0001:0000c3e0       ?UnloadST@CSTLoadManager@@UAGHXZ 1000d3e0 f   _STLoadmanager.obj
 0001:0000c440       ?UpdateST@CSTLoadManager@@UAGHHV?$CStringT@DV?$StrTraitMFC_DLL@DV?$ChTraitsCRT@D@ATL@@@@@ATL@@@Z 1000d440 f   _STLoadmanager.obj
 0001:0000c6a0       ??0CXEdit@@QAE@XZ          1000d6a0 f   XEdit.obj
 0001:0000c6d0       ??1CXEdit@@UAE@XZ          1000d6d0 f   XEdit.obj
 0001:0000c6e0       ??_ECEdit@@UAEPAXI@Z       1000d6e0 f i XEdit.obj
 0001:0000c6e0       ??_GCEdit@@UAEPAXI@Z       1000d6e0 f i XEdit.obj
 0001:0000c720       ??_GCXEdit@@UAEPAXI@Z      1000d720 f i XEdit.obj
 0001:0000c720       ??_ECXEdit@@UAEPAXI@Z      1000d720 f i XEdit.obj
 0001:0000c770       ?GetMessageMap@CXEdit@@MBEPBUAFX_MSGMAP@@XZ 1000d770 f   XEdit.obj
 0001:0000c780       ?GetThisMessageMap@CXEdit@@KGPBUAFX_MSGMAP@@XZ 1000d780 f   XEdit.obj
 0001:0000c790       ?OnChar@CXEdit@@IAEXIII@Z  1000d790 f   XEdit.obj
 0001:0000ca60       ?OnKeyDown@CXEdit@@IAEXIII@Z 1000da60 f   XEdit.obj
 0001:0000cb40       ??0CXHeaderCtrl@@QAE@XZ    1000db40 f   XHeaderCtrl.obj
 0001:0000cc10       ??1CMemDC@@UAE@XZ          1000dc10 f i XHeaderCtrl.obj
 0001:0000ccd0       ??1CXHeaderCtrl@@UAE@XZ    1000dcd0 f   XHeaderCtrl.obj
 0001:0000cce0       ??_GCHeaderCtrl@@UAEPAXI@Z 1000dce0 f i XHeaderCtrl.obj
 0001:0000cce0       ??_ECHeaderCtrl@@UAEPAXI@Z 1000dce0 f i XHeaderCtrl.obj
 0001:0000cd20       ??_ECMemDC@@UAEPAXI@Z      1000dd20 f i XHeaderCtrl.obj
 0001:0000cd20       ??_GCMemDC@@UAEPAXI@Z      1000dd20 f i XHeaderCtrl.obj
 0001:0000cd60       ??_ECXHeaderCtrl@@UAEPAXI@Z 1000dd60 f i XHeaderCtrl.obj
 0001:0000cd60       ??_GCXHeaderCtrl@@UAEPAXI@Z 1000dd60 f i XHeaderCtrl.obj
 0001:0000cdb0       ?CreateObject@CXHeaderCtrl@@SGPAVCObject@@XZ 1000ddb0 f   XHeaderCtrl.obj
 0001:0000ced0       ?DrawBitmap@CXHeaderCtrl@@IAEHPAVCDC@@VCRect@@PAU_HD_ITEMA@@PAVCBitmap@@PAUtagBITMAP@@H@Z 1000ded0 f   XHeaderCtrl.obj
 0001:0000d010       ?DrawCtrl@CXHeaderCtrl@@IAEXPAVCDC@@@Z 1000e010 f   XHeaderCtrl.obj
 0001:0000d580       ?DrawImage@CXHeaderCtrl@@IAEHPAVCDC@@VCRect@@PAU_HD_ITEMA@@H@Z 1000e580 f   XHeaderCtrl.obj
 0001:0000d6a0       ?DrawItem@CXHeaderCtrl@@UAEXPAUtagDRAWITEMSTRUCT@@@Z 1000e6a0 f   XHeaderCtrl.obj
 0001:0000d6b0       ?DrawItem@CXHeaderCtrl@@UAEXPAVCDC@@VCRect@@PAU_HD_ITEMA@@@Z 1000e6b0 f   XHeaderCtrl.obj
 0001:0000d980       ?DrawTextA@CXHeaderCtrl@@IAEHPAVCDC@@VCRect@@PAU_HD_ITEMA@@@Z 1000e980 f   XHeaderCtrl.obj
 0001:0000da20       ?DrawTextExA@CDC@@UAEHPADHPAUtagRECT@@IPAUtagDRAWTEXTPARAMS@@@Z 1000ea20 f i XHeaderCtrl.obj
 0001:0000da40       ?Escape@CDC@@UAEHHHPBDPAX@Z 1000ea40 f i XHeaderCtrl.obj
 0001:0000da60       ?ExtTextOutA@CDC@@UAEHHHIPBUtagRECT@@PBDIPAH@Z 1000ea60 f i XHeaderCtrl.obj
 0001:0000da90       ?GetMessageMap@CXHeaderCtrl@@MBEPBUAFX_MSGMAP@@XZ 1000ea90 f   XHeaderCtrl.obj
 0001:0000daa0       ?GetRuntimeClass@CXHeaderCtrl@@UBEPAUCRuntimeClass@@XZ 1000eaa0 f   XHeaderCtrl.obj
 0001:0000dab0       ?GetThisClass@CXHeaderCtrl@@SGPAUCRuntimeClass@@XZ 1000eab0 f   XHeaderCtrl.obj
 0001:0000dac0       ?GetThisMessageMap@CXHeaderCtrl@@KGPBUAFX_MSGMAP@@XZ 1000eac0 f   XHeaderCtrl.obj
 0001:0000dad0       ?GrayStringA@CDC@@UAEHPAVCBrush@@P6GHPAUHDC__@@JH@ZJHHHHH@Z 1000ead0 f i XHeaderCtrl.obj
 0001:0000db00       ?ModifyProperty@CXHeaderCtrl@@QAEHIJ@Z 1000eb00 f   XHeaderCtrl.obj
 0001:0000db80       ?OnDeleteItem@CXHeaderCtrl@@IAEJIJ@Z 1000eb80 f   XHeaderCtrl.obj
 0001:0000db90       ?OnEraseBkgnd@CXHeaderCtrl@@IAEHPAVCDC@@@Z 1000eb90 f   XHeaderCtrl.obj
 0001:0000dba0       ?OnInsertItem@CXHeaderCtrl@@IAEJIJ@Z 1000eba0 f   XHeaderCtrl.obj
 0001:0000dbb0       ?OnLayout@CXHeaderCtrl@@IAEJIJ@Z 1000ebb0 f   XHeaderCtrl.obj
 0001:0000dbf0       ?OnPaint@CXHeaderCtrl@@IAEXXZ 1000ebf0 f   XHeaderCtrl.obj
 0001:0000dd60       ?OnSetImageList@CXHeaderCtrl@@IAEJIJ@Z 1000ed60 f   XHeaderCtrl.obj
 0001:0000ddc0       ?OnSysColorChange@CXHeaderCtrl@@IAEXXZ 1000edc0 f   XHeaderCtrl.obj
 0001:0000de00       ?PtVisible@CDC@@UBEHHH@Z   1000ee00 f i XHeaderCtrl.obj
 0001:0000de20       ?RectVisible@CDC@@UBEHPBUtagRECT@@@Z 1000ee20 f i XHeaderCtrl.obj
 0001:0000de40       ?SetSortImage@CXHeaderCtrl@@QAEXHH@Z 1000ee40 f   XHeaderCtrl.obj
 0001:0000de60       ?TabbedTextOutA@CDC@@UAE?AVCSize@@HHPBDHHPAHH@Z 1000ee60 f i XHeaderCtrl.obj
 0001:0000dea0       ?TextOutA@CDC@@UAEHHHPBDH@Z 1000eea0 f i XHeaderCtrl.obj
 0001:0000dec0       ?_GetBaseClass@CXHeaderCtrl@@KGPAUCRuntimeClass@@XZ 1000eec0 f   XHeaderCtrl.obj
 0001:0000ded0       ??0CXListCtrl@@QAE@XZ      1000eed0 f   XListCtrl.obj
 0001:0000e010       ??0XLISTCTRLDATA@@QAE@XZ   1000f010 f i XListCtrl.obj
 0001:0000e0f0       ??1CXListCtrl@@UAE@XZ      1000f0f0 f   XListCtrl.obj
 0001:0000e140       ??1XLISTCTRLDATA@@QAE@XZ   1000f140 f i XListCtrl.obj
 0001:0000e150       ??_EXLISTCTRLDATA@@QAEPAXI@Z 1000f150 f i XListCtrl.obj
 0001:0000e200       ??_ECXListCtrl@@UAEPAXI@Z  1000f200 f i XListCtrl.obj
 0001:0000e200       ??_GCXListCtrl@@UAEPAXI@Z  1000f200 f i XListCtrl.obj
 0001:0000e280       ?CountCheckedItems@CXListCtrl@@QAEHH@Z 1000f280 f   XListCtrl.obj
 0001:0000e310       ?DeleteAllItems@CXListCtrl@@QAEHXZ 1000f310 f   XListCtrl.obj
 0001:0000e3f0       ?DeleteItem@CXListCtrl@@QAEHH@Z 1000f3f0 f   XListCtrl.obj
 0001:0000e460       ?DeleteProgress@CXListCtrl@@QAEXHH@Z 1000f460 f   XListCtrl.obj
 0001:0000e4e0       ?DrawCheckbox@CXListCtrl@@IAEXHHPAVCDC@@KKAAVCRect@@PAUXLISTCTRLDATA@@@Z 1000f4e0 f   XListCtrl.obj
 0001:0000e780       ?DrawImage@CXListCtrl@@IAEHHHPAVCDC@@KKVCRect@@PAUXLISTCTRLDATA@@@Z 1000f780 f   XListCtrl.obj
 0001:0000e920       ?DrawProgress@CXListCtrl@@IAEXHHPAVCDC@@KKAAVCRect@@PAUXLISTCTRLDATA@@@Z 1000f920 f   XListCtrl.obj
 0001:0000ecd0       ?DrawTextA@CXListCtrl@@IAEXHHPAVCDC@@KKAAVCRect@@PAUXLISTCTRLDATA@@@Z 1000fcd0 f   XListCtrl.obj
 0001:0000eeb0       ?GetBold@CXListCtrl@@QAEHHH@Z 1000feb0 f   XListCtrl.obj
 0001:0000ef30       ?GetCheckbox@CXListCtrl@@QAEHHH@Z 1000ff30 f   XListCtrl.obj
 0001:0000efb0       ?GetColumns@CXListCtrl@@QAEHXZ 1000ffb0 f   XListCtrl.obj
 0001:0000efd0       ?GetComboText@CXListCtrl@@QAE?AV?$CStringT@DV?$StrTraitMFC_DLL@DV?$ChTraitsCRT@D@ATL@@@@@ATL@@HH@Z 1000ffd0 f   XListCtrl.obj
 0001:0000f0d0       ?GetCurSel@CXListCtrl@@QAEHXZ 100100d0 f   XListCtrl.obj
 0001:0000f110       ?GetDrawColors@CXListCtrl@@MAEXHHAAK0@Z 10010110 f   XListCtrl.obj
 0001:0000f240       ?GetEnabled@CXListCtrl@@QAEHH@Z 10010240 f   XListCtrl.obj
 0001:0000f280       ?GetHeaderCheckedState@CXListCtrl@@QAEHH@Z 10010280 f   XListCtrl.obj
 0001:0000f2e0       ?GetItemCount@CListCtrl@@QBEHXZ 100102e0 f i XListCtrl.obj
 0001:0000f300       ?GetItemData@CXListCtrl@@QAEKH@Z 10010300 f   XListCtrl.obj
 0001:0000f350       ?GetMessageMap@CXListCtrl@@MBEPBUAFX_MSGMAP@@XZ 10010350 f   XListCtrl.obj
 0001:0000f360       ?GetSubItemRect@CXListCtrl@@QAEHHHHAAVCRect@@@Z 10010360 f   XListCtrl.obj
 0001:0000f430       ?GetThisMessageMap@CXListCtrl@@KGPBUAFX_MSGMAP@@XZ 10010430 f   XListCtrl.obj
 0001:0000f440       ?InsertItem@CXListCtrl@@QAEHHPBD@Z 10010440 f   XListCtrl.obj
 0001:0000f580       ?InsertItem@CXListCtrl@@QAEHHPBDKK@Z 10010580 f   XListCtrl.obj
 0001:0000f6b0       ?InsertItem@CXListCtrl@@QAEHPBUtagLVITEMA@@@Z 100106b0 f   XListCtrl.obj
 0001:0000f7e0       ?OnClick@CXListCtrl@@IAEHPAUtagNMHDR@@PAJ@Z 100107e0 f   XListCtrl.obj
 0001:0000f850       ?OnColumnClick@CXListCtrl@@IAEHPAUtagNMHDR@@PAJ@Z 10010850 f   XListCtrl.obj
 0001:0000f960       ?OnCreate@CXListCtrl@@IAEHPAUtagCREATESTRUCTA@@@Z 10010960 f   XListCtrl.obj
 0001:0000f9b0       ?OnCustomDraw@CXListCtrl@@IAEXPAUtagNMHDR@@PAJ@Z 100109b0 f   XListCtrl.obj
 0001:0000fca0       ?OnDblclk@CXListCtrl@@IAEHPAUtagNMHDR@@PAJ@Z 10010ca0 f   XListCtrl.obj
 0001:0000ff60       ?OnDestroy@CXListCtrl@@IAEXXZ 10010f60 f   XListCtrl.obj
 0001:00010030       ?OnEditEscape@CXListCtrl@@IAEJIJ@Z 10011030 f   XListCtrl.obj
 0001:000100f0       ?OnEditReturn@CXListCtrl@@IAEJIJ@Z 100110f0 f   XListCtrl.obj
 0001:000101a0       ?OnLButtonDown@CXListCtrl@@IAEXIVCPoint@@@Z 100111a0 f   XListCtrl.obj
 0001:000103d0       ?OnPaint@CXListCtrl@@IAEXXZ 100113d0 f   XListCtrl.obj
 0001:000103e0       ?OnSysColorChange@CXListCtrl@@IAEXXZ 100113e0 f   XListCtrl.obj
 0001:00010480       ?PreSubclassWindow@CXListCtrl@@UAEXXZ 10011480 f   XListCtrl.obj
 0001:000104c0       ?PreTranslateMessage@CXListCtrl@@UAEHPAUtagMSG@@@Z 100114c0 f   XListCtrl.obj
 0001:000105a0       ?SetBold@CXListCtrl@@QAEHHHH@Z 100115a0 f   XListCtrl.obj
 0001:00010630       ?SetCheckbox@CXListCtrl@@QAEHHHH@Z 10011630 f   XListCtrl.obj
 0001:00010700       ?SetComboBox@CXListCtrl@@QAEHHHHPAVCStringArray@@HH@Z 10011700 f   XListCtrl.obj
 0001:00010860       ?SetCurSel@CXListCtrl@@QAEHHH@Z 10011860 f   XListCtrl.obj
 0001:00010890       ?SetEditBox@CXListCtrl@@QAEHHHH@Z 10011890 f   XListCtrl.obj
 0001:00010920       ?SetEnabled@CXListCtrl@@QAEHHH@Z 10011920 f   XListCtrl.obj
 0001:000109c0       ?SetHeaderCheckedState@CXListCtrl@@QAEHHH@Z 100119c0 f   XListCtrl.obj
 0001:00010a30       ?SetItem@CXListCtrl@@QAEHPBUtagLVITEMA@@@Z 10011a30 f   XListCtrl.obj
 0001:00010aa0       ?SetItemData@CXListCtrl@@QAEHHK@Z 10011aa0 f   XListCtrl.obj
 0001:00010af0       ?SetItemImage@CXListCtrl@@QAEHHHH@Z 10011af0 f   XListCtrl.obj
 0001:00010b80       ?SetItemText@CXListCtrl@@QAEHHHPBD@Z 10011b80 f   XListCtrl.obj
 0001:00010c00       ?SetItemText@CXListCtrl@@QAEHHHPBDKK@Z 10011c00 f   XListCtrl.obj
 0001:00010cd0       ?SetProgress@CXListCtrl@@QAEHHHHPBD@Z 10011cd0 f   XListCtrl.obj
 0001:00010d80       ?SetSortImage@CXListCtrl@@QAEXHH@Z 10011d80 f   XListCtrl.obj
 0001:00010dd0       ?SubclassHeaderControl@CXListCtrl@@IAEXXZ 10011dd0 f   XListCtrl.obj
 0001:00010e00       ?UnpressEditBox@CXListCtrl@@QAEXXZ 10011e00 f   XListCtrl.obj
 0001:00010e60       ?UpdateProgress@CXListCtrl@@QAEXHHH@Z 10011e60 f   XListCtrl.obj
 0001:00010ee0       ?UpdateSubItem@CXListCtrl@@QAEXHH@Z 10011ee0 f   XListCtrl.obj
 0001:00010f80       ??0CBitmapItemComboBox@@QAE@XZ 10011f80 f   BitmapItemComboBox.obj
 0001:00010fb0       ??1CBitmapItemComboBox@@UAE@XZ 10011fb0 f   BitmapItemComboBox.obj
 0001:00010fe0       ??1CBrush@@UAE@XZ          10011fe0 f i BitmapItemComboBox.obj
 0001:00011000       ??_ECBitmapItemComboBox@@UAEPAXI@Z 10012000 f i BitmapItemComboBox.obj
 0001:00011000       ??_GCBitmapItemComboBox@@UAEPAXI@Z 10012000 f i BitmapItemComboBox.obj
 0001:00011060       ??_GCBrush@@UAEPAXI@Z      10012060 f i BitmapItemComboBox.obj
 0001:00011060       ??_ECBrush@@UAEPAXI@Z      10012060 f i BitmapItemComboBox.obj
 0001:000110a0       ??_ECComboBox@@UAEPAXI@Z   100120a0 f i BitmapItemComboBox.obj
 0001:000110a0       ??_GCComboBox@@UAEPAXI@Z   100120a0 f i BitmapItemComboBox.obj
 0001:000110e0       ?DrawItem@CBitmapItemComboBox@@UAEXPAUtagDRAWITEMSTRUCT@@@Z 100120e0 f   BitmapItemComboBox.obj
 0001:00011270       ?GetMessageMap@CBitmapItemComboBox@@MBEPBUAFX_MSGMAP@@XZ 10012270 f   BitmapItemComboBox.obj
 0001:00011280       ?GetThisMessageMap@CBitmapItemComboBox@@KGPBUAFX_MSGMAP@@XZ 10012280 f   BitmapItemComboBox.obj
 0001:00011290       ?MeasureItem@CBitmapItemComboBox@@UAEXPAUtagMEASUREITEMSTRUCT@@@Z 10012290 f   BitmapItemComboBox.obj
 0001:000112b0       ??0CColorButton@@QAE@XZ    100122b0 f   ColorButton.obj
 0001:00011330       ??1CColorButton@@UAE@XZ    10012330 f   ColorButton.obj
 0001:00011350       ??_ECButton@@UAEPAXI@Z     10012350 f i ColorButton.obj
 0001:00011350       ??_GCButton@@UAEPAXI@Z     10012350 f i ColorButton.obj
 0001:00011390       ??_GCColorButton@@UAEPAXI@Z 10012390 f i ColorButton.obj
 0001:00011390       ??_ECColorButton@@UAEPAXI@Z 10012390 f i ColorButton.obj
 0001:000113e0       ?DrawItem@CColorButton@@UAEXPAUtagDRAWITEMSTRUCT@@@Z 100123e0 f   ColorButton.obj
 0001:00011500       ?EnableWindow@CColorButton@@QAEHH@Z 10012500 f   ColorButton.obj
 0001:00011520       ?GetBtnText@CColorButton@@QAE?AV?$CStringT@DV?$StrTraitMFC_DLL@DV?$ChTraitsCRT@D@ATL@@@@@ATL@@XZ 10012520 f   ColorButton.obj
 0001:00011540       ?GetMessageMap@CColorButton@@MBEPBUAFX_MSGMAP@@XZ 10012540 f   ColorButton.obj
 0001:00011550       ?GetThisMessageMap@CColorButton@@KGPBUAFX_MSGMAP@@XZ 10012550 f   ColorButton.obj
 0001:00011560       ?SetBtnText@CColorButton@@QAEXPBD@Z 10012560 f   ColorButton.obj
 0001:00011580       ?SetColor@CColorButton@@QAEXABK@Z 10012580 f   ColorButton.obj
 0001:000115a0       ??0CColoredStatic@@QAE@XZ  100125a0 f   ColoredStatic.obj
 0001:00011610       ??1CColoredStatic@@UAE@XZ  10012610 f   ColoredStatic.obj
 0001:00011640       ??_GCColoredStatic@@UAEPAXI@Z 10012640 f i ColoredStatic.obj
 0001:00011640       ??_ECColoredStatic@@UAEPAXI@Z 10012640 f i ColoredStatic.obj
 0001:000116a0       ??_ECStatic@@UAEPAXI@Z     100126a0 f i ColoredStatic.obj
 0001:000116a0       ??_GCStatic@@UAEPAXI@Z     100126a0 f i ColoredStatic.obj
 0001:000116e0       ?GetMessageMap@CColoredStatic@@MBEPBUAFX_MSGMAP@@XZ 100126e0 f   ColoredStatic.obj
 0001:000116f0       ?GetThisMessageMap@CColoredStatic@@KGPBUAFX_MSGMAP@@XZ 100126f0 f   ColoredStatic.obj
 0001:00011700       ?GetWindowTextA@CColoredStatic@@QAE?AV?$CStringT@DV?$StrTraitMFC_DLL@DV?$ChTraitsCRT@D@ATL@@@@@ATL@@XZ 10012700 f   ColoredStatic.obj
 0001:00011720       ?OnDestroy@CColoredStatic@@IAEXXZ 10012720 f   ColoredStatic.obj
 0001:00011740       ?OnPaint@CColoredStatic@@IAEXXZ 10012740 f   ColoredStatic.obj
 0001:00011870       ?SetBkColor@CColoredStatic@@QAEXHK@Z 10012870 f   ColoredStatic.obj
 0001:00011890       ?SetBorder@CColoredStatic@@QAEXHK@Z 10012890 f   ColoredStatic.obj
 0001:000118c0       ?SetWindowTextA@CColoredStatic@@QAEXPBD@Z 100128c0 f   ColoredStatic.obj
 0001:000118f0       ??$SerializeElements@VCElementInLogic@@@@YGXAAVCArchive@@PAVCElementInLogic@@H@Z 100128f0 f i LogicEditCtrl.obj
 0001:000119a0       ??0?$CArray@VCElementInLogic@@AAV1@@@QAE@XZ 100129a0 f i LogicEditCtrl.obj
 0001:000119d0       ??0CLogicEditCtrl@@QAE@XZ  100129d0 f   LogicEditCtrl.obj
 0001:00011af0       ??1?$CArray@VCElementInLogic@@AAV1@@@UAE@XZ 10012af0 f i LogicEditCtrl.obj
 0001:00011b40       ??1CElementInLogic@@QAE@XZ 10012b40 f i LogicEditCtrl.obj
 0001:00011b50       ??1CLogicEditCtrl@@UAE@XZ  10012b50 f   LogicEditCtrl.obj
 0001:00011bd0       ??_E?$CArray@VCElementInLogic@@AAV1@@@UAEPAXI@Z 10012bd0 f i LogicEditCtrl.obj
 0001:00011bd0       ??_G?$CArray@VCElementInLogic@@AAV1@@@UAEPAXI@Z 10012bd0 f i LogicEditCtrl.obj
 0001:00011c10       ??_GCLogicEditCtrl@@UAEPAXI@Z 10012c10 f i LogicEditCtrl.obj
 0001:00011c10       ??_ECLogicEditCtrl@@UAEPAXI@Z 10012c10 f i LogicEditCtrl.obj
 0001:00011cc0       ??_GCRichEditCtrl@@UAEPAXI@Z 10012cc0 f i LogicEditCtrl.obj
 0001:00011cc0       ??_ECRichEditCtrl@@UAEPAXI@Z 10012cc0 f i LogicEditCtrl.obj
 0001:00011d00       ?AddElement@CLogicEditCtrl@@QAEXD@Z 10012d00 f   LogicEditCtrl.obj
 0001:00011e40       ?AfxCrtErrorCheck@@YAHH@Z  10012e40 f i LogicEditCtrl.obj
 0001:00011ed0       ?ChangeElement@CLogicEditCtrl@@QAEXH@Z 10012ed0 f   LogicEditCtrl.obj
 0001:00012040       ?ChangeOperation@CLogicEditCtrl@@QAEXPBD@Z 10013040 f   LogicEditCtrl.obj
 0001:000121b0       ?DeleteAllElement@CLogicEditCtrl@@QAEXXZ 100131b0 f   LogicEditCtrl.obj
 0001:00012270       ?DeleteElement@CLogicEditCtrl@@QAEXD@Z 10013270 f   LogicEditCtrl.obj
 0001:00012500       ?GetLogic@CLogicEditCtrl@@QAE?AV?$CStringT@DV?$StrTraitMFC_DLL@DV?$ChTraitsCRT@D@ATL@@@@@ATL@@XZ 10013500 f   LogicEditCtrl.obj
 0001:000126a0       ?GetMessageMap@CLogicEditCtrl@@MBEPBUAFX_MSGMAP@@XZ 100136a0 f   LogicEditCtrl.obj
 0001:000126b0       ?GetThisMessageMap@CLogicEditCtrl@@KGPBUAFX_MSGMAP@@XZ 100136b0 f   LogicEditCtrl.obj
 0001:000126c0       ?InsertAt@?$CArray@VCElementInLogic@@AAV1@@@QAEXHAAVCElementInLogic@@H@Z 100136c0 f i LogicEditCtrl.obj
 0001:00012890       ?OnLButtonDown@CLogicEditCtrl@@IAEXIVCPoint@@@Z 10013890 f   LogicEditCtrl.obj
 0001:000128d0       ?OnLButtonUp@CLogicEditCtrl@@IAEXIVCPoint@@@Z 100138d0 f   LogicEditCtrl.obj
 0001:00012c00       ?Parenthesize@CLogicEditCtrl@@QAEXXZ 10013c00 f   LogicEditCtrl.obj
 0001:00012e80       ?PreTranslateMessage@CLogicEditCtrl@@UAEHPAUtagMSG@@@Z 10013e80 f   LogicEditCtrl.obj
 0001:00012ea0       ?RemoveAt@?$CArray@VCElementInLogic@@AAV1@@@QAEXHH@Z 10013ea0 f i LogicEditCtrl.obj
 0001:00012f80       ?Serialize@?$CArray@VCElementInLogic@@AAV1@@@UAEXAAVCArchive@@@Z 10013f80 f i LogicEditCtrl.obj
 0001:00013060       ?SetAtGrow@?$CArray@VCElementInLogic@@AAV1@@@QAEXHAAVCElementInLogic@@@Z 10014060 f i LogicEditCtrl.obj
 0001:000130c0       ?SetLogic@CLogicEditCtrl@@QAEXPBD@Z 100140c0 f   LogicEditCtrl.obj
 0001:00013380       ?SetSize@?$CArray@VCElementInLogic@@AAV1@@@QAEXHH@Z 10014380 f i LogicEditCtrl.obj
 0001:00013760       ?SwapElement@CLogicEditCtrl@@QAEXDD@Z 10014760 f   LogicEditCtrl.obj
 0001:00013a30       ?Unparenthesize@CLogicEditCtrl@@QAEXXZ 10014a30 f   LogicEditCtrl.obj
 0001:00013c30       ?UpdateLogic@CLogicEditCtrl@@AAEXXZ 10014c30 f   LogicEditCtrl.obj
 0001:00014300       ??0CxSkinButton@@QAE@XZ    10015300 f   xSkinButton.obj
 0001:00014410       ??1CxSkinButton@@UAE@XZ    10015410 f   xSkinButton.obj
 0001:000144b0       ??_GCxSkinButton@@UAEPAXI@Z 100154b0 f i xSkinButton.obj
 0001:000144b0       ??_ECxSkinButton@@UAEPAXI@Z 100154b0 f i xSkinButton.obj
 0001:00014580       ?CreateRgnFromBitmap@CxSkinButton@@IAEPAUHRGN__@@PAUHBITMAP__@@K@Z 10015580 f   xSkinButton.obj
 0001:00014830       ?DrawBitmap@CxSkinButton@@IAEXPAVCDC@@PAUHBITMAP__@@UtagRECT@@H@Z 10015830 f   xSkinButton.obj
 0001:00014c50       ?DrawItem@CxSkinButton@@UAEXPAUtagDRAWITEMSTRUCT@@@Z 10015c50 f   xSkinButton.obj
 0001:00014fe0       ?FillWithBitmap@CxSkinButton@@IAEXPAVCDC@@PAUHBITMAP__@@UtagRECT@@@Z 10015fe0 f   xSkinButton.obj
 0001:00015110       ?GetBitmapHeight@CxSkinButton@@IAEHPAUHBITMAP__@@@Z 10016110 f   xSkinButton.obj
 0001:00015130       ?GetBitmapWidth@CxSkinButton@@IAEHPAUHBITMAP__@@@Z 10016130 f   xSkinButton.obj
 0001:00015150       ?GetMessageMap@CxSkinButton@@MBEPBUAFX_MSGMAP@@XZ 10016150 f   xSkinButton.obj
 0001:00015160       ?GetThisMessageMap@CxSkinButton@@KGPBUAFX_MSGMAP@@XZ 10016160 f   xSkinButton.obj
 0001:00015170       ?OnBMGetCheck@CxSkinButton@@IAEJIJ@Z 10016170 f   xSkinButton.obj
 0001:00015180       ?OnBMSetCheck@CxSkinButton@@IAEJIJ@Z 10016180 f   xSkinButton.obj
 0001:00015230       ?OnClicked@CxSkinButton@@IAEHXZ 10016230 f   xSkinButton.obj
 0001:00015250       ?OnEraseBkgnd@CxSkinButton@@IAEHPAVCDC@@@Z 10016250 f   xSkinButton.obj
 0001:00015260       ?OnKeyDown@CxSkinButton@@IAEXIII@Z 10016260 f   xSkinButton.obj
 0001:000152c0       ?OnKillFocus@CxSkinButton@@IAEXPAVCWnd@@@Z 100162c0 f   xSkinButton.obj
 0001:000152f0       ?OnLButtonDblClk@CxSkinButton@@IAEXIVCPoint@@@Z 100162f0 f   xSkinButton.obj
 0001:00015320       ?OnLButtonDown@CxSkinButton@@IAEXIVCPoint@@@Z 10016320 f   xSkinButton.obj
 0001:000153d0       ?OnLButtonUp@CxSkinButton@@IAEXIVCPoint@@@Z 100163d0 f   xSkinButton.obj
 0001:000154c0       ?OnMouseLeave@CxSkinButton@@IAEJIJ@Z 100164c0 f   xSkinButton.obj
 0001:000154e0       ?OnMouseMove@CxSkinButton@@IAEXIVCPoint@@@Z 100164e0 f   xSkinButton.obj
 0001:00015600       ?OnRadioInfo@CxSkinButton@@IAEJIJ@Z 10016600 f   xSkinButton.obj
 0001:00015630       ?PreSubclassWindow@CxSkinButton@@MAEXXZ 10016630 f   xSkinButton.obj
 0001:00015690       ?RelayEvent@CxSkinButton@@IAEXIIJ@Z 10016690 f   xSkinButton.obj
 0001:000156f0       ?SetSkin@CxSkinButton@@QAEXIIIIIIFFF@Z 100166f0 f   xSkinButton.obj
 0001:00015920       ?SetSkin@CxSkinButton@@QAEXV?$CStringT@DV?$StrTraitMFC_DLL@DV?$ChTraitsCRT@D@ATL@@@@@ATL@@00000FFF@Z 10016920 f   xSkinButton.obj
 0001:00015bc0       ?SetTextColor@CxSkinButton@@QAEKK@Z 10016bc0 f   xSkinButton.obj
 0001:00015be0       ?SetToolTipText@CxSkinButton@@QAEXV?$CStringT@DV?$StrTraitMFC_DLL@DV?$ChTraitsCRT@D@ATL@@@@@ATL@@@Z 10016be0 f   xSkinButton.obj
 0001:00015c90       ??$SerializeElements@H@@YGXAAVCArchive@@PAHH@Z 10016c90 f i XTabCtrl.obj
 0001:00015d40       ??0?$CArray@HH@@QAE@XZ     10016d40 f i XTabCtrl.obj
 0001:00015d70       ??0CXTabCtrl@@QAE@XZ       10016d70 f   XTabCtrl.obj
 0001:00015ea0       ??1?$CArray@HH@@UAE@XZ     10016ea0 f i XTabCtrl.obj
 0001:00015ec0       ??1CXTabCtrl@@UAE@XZ       10016ec0 f   XTabCtrl.obj
 0001:00015f60       ??_E?$CArray@HH@@UAEPAXI@Z 10016f60 f i XTabCtrl.obj
 0001:00015f60       ??_G?$CArray@HH@@UAEPAXI@Z 10016f60 f i XTabCtrl.obj
 0001:00015fb0       ??_GCTabCtrl@@UAEPAXI@Z    10016fb0 f i XTabCtrl.obj
 0001:00015fb0       ??_ECTabCtrl@@UAEPAXI@Z    10016fb0 f i XTabCtrl.obj
 0001:00015ff0       ??_GCXTabCtrl@@UAEPAXI@Z   10016ff0 f i XTabCtrl.obj
 0001:00015ff0       ??_ECXTabCtrl@@UAEPAXI@Z   10016ff0 f i XTabCtrl.obj
 0001:000160d0       ?AddTab@CXTabCtrl@@QAEXPAVCWnd@@PADH@Z 100170d0 f   XTabCtrl.obj
 0001:000161d0       ?ChangeTab@CXTabCtrl@@QAEXHPAVCWnd@@PADH@Z 100171d0 f   XTabCtrl.obj
 0001:00016290       ?DeleteAllTabs@CXTabCtrl@@QAEXXZ 10017290 f   XTabCtrl.obj
 0001:000162e0       ?DeleteTab@CXTabCtrl@@QAEXH@Z 100172e0 f   XTabCtrl.obj
 0001:00016380       ?DrawGradientTab@CXTabCtrl@@QAEXPAVCDC@@VCRect@@@Z 10017380 f   XTabCtrl.obj
 0001:00016530       ?DrawItem@CXTabCtrl@@MAEXPAUtagDRAWITEMSTRUCT@@@Z 10017530 f   XTabCtrl.obj
 0001:00016b20       ?DrawLine@CXTabCtrl@@QAEXVCPoint@@0PAVCDC@@K@Z 10017b20 f   XTabCtrl.obj
 0001:00016be0       ?EnableTab@CXTabCtrl@@QAEXHH@Z 10017be0 f   XTabCtrl.obj
 0001:00016c60       ?GetMessageMap@CXTabCtrl@@MBEPBUAFX_MSGMAP@@XZ 10017c60 f   XTabCtrl.obj
 0001:00016c70       ?GetThisMessageMap@CXTabCtrl@@KGPBUAFX_MSGMAP@@XZ 10017c70 f   XTabCtrl.obj
 0001:00016c80       ?IsTabEnabled@CXTabCtrl@@QAEHH@Z 10017c80 f   XTabCtrl.obj
 0001:00016cb0       ?OnEraseBkgnd@CXTabCtrl@@IAEHPAVCDC@@@Z 10017cb0 f   XTabCtrl.obj
 0001:00016d10       ?OnLButtonDown@CXTabCtrl@@IAEXIVCPoint@@@Z 10017d10 f   XTabCtrl.obj
 0001:00016d50       ?OnLButtonUp@CXTabCtrl@@IAEXIVCPoint@@@Z 10017d50 f   XTabCtrl.obj
 0001:00016d90       ?OnMouseMove@CXTabCtrl@@IAEXIVCPoint@@@Z 10017d90 f   XTabCtrl.obj
 0001:00016de0       ?OnPaint@CXTabCtrl@@IAEXXZ 10017de0 f   XTabCtrl.obj
 0001:000170a0       ?OnSelchange@CXTabCtrl@@IAEHPAUtagNMHDR@@PAJ@Z 100180a0 f   XTabCtrl.obj
 0001:000171e0       ?OnSelchanging@CXTabCtrl@@IAEHPAUtagNMHDR@@PAJ@Z 100181e0 f   XTabCtrl.obj
 0001:00017220       ?OnSize@CXTabCtrl@@IAEXIHH@Z 10018220 f   XTabCtrl.obj
 0001:000172a0       ?OnTimer@CXTabCtrl@@IAEXI@Z 100182a0 f   XTabCtrl.obj
 0001:00017350       ?PreSubclassWindow@CXTabCtrl@@MAEXXZ 10018350 f   XTabCtrl.obj
 0001:00017370       ?RemoveAt@?$CArray@HH@@QAEXHH@Z 10018370 f i XTabCtrl.obj
 0001:00017410       ?SelectNextTab@CXTabCtrl@@QAEHH@Z 10018410 f   XTabCtrl.obj
 0001:000174b0       ?SelectTab@CXTabCtrl@@QAEHH@Z 100184b0 f   XTabCtrl.obj
 0001:000175e0       ?SelectTabByName@CXTabCtrl@@QAEHPBD@Z 100185e0 f   XTabCtrl.obj
 0001:000176c0       ?Serialize@?$CArray@HH@@UAEXAAVCArchive@@@Z 100186c0 f i XTabCtrl.obj
 0001:000177a0       ?SetAtGrow@?$CArray@HH@@QAEXHH@Z 100187a0 f i XTabCtrl.obj
 0001:000177e0       ?SetDisabledColor@CXTabCtrl@@QAEXK@Z 100187e0 f   XTabCtrl.obj
 0001:00017800       ?SetMouseOverColor@CXTabCtrl@@QAEXK@Z 10018800 f   XTabCtrl.obj
 0001:00017820       ?SetNormalColor@CXTabCtrl@@QAEXKKK@Z 10018820 f   XTabCtrl.obj
 0001:00017850       ?SetPrevSelect@CXTabCtrl@@QAEXXZ 10018850 f   XTabCtrl.obj
 0001:000178a0       ?SetSelectedColor@CXTabCtrl@@QAEXKK@Z 100188a0 f   XTabCtrl.obj
 0001:000178c0       ?SetSize@?$CArray@HH@@QAEXHH@Z 100188c0 f i XTabCtrl.obj
 0001:00017aa0       ?SetTopLeftCorner@CXTabCtrl@@QAEXVCPoint@@@Z 10018aa0 f   XTabCtrl.obj
 0001:00017ac0       ??$SerializeElements@UControlInfo@@@@YGXAAVCArchive@@PAUControlInfo@@H@Z 10018ac0 f i xySplitterWnd.obj
 0001:00017b60       ??0?$CArray@UControlInfo@@AAU1@@@QAE@XZ 10018b60 f i xySplitterWnd.obj
 0001:00017b90       ??0CxSplitterWnd@@QAE@XZ   10018b90 f   xySplitterWnd.obj
 0001:00017c90       ??0CySplitterWnd@@QAE@XZ   10018c90 f   xySplitterWnd.obj
 0001:00017d70       ??1?$CArray@UControlInfo@@AAU1@@@UAE@XZ 10018d70 f i xySplitterWnd.obj
 0001:00017d90       ??1CxSplitterWnd@@UAE@XZ   10018d90 f   xySplitterWnd.obj
 0001:00017e10       ??1CySplitterWnd@@UAE@XZ   10018e10 f   xySplitterWnd.obj
 0001:00017e80       ??_G?$CArray@UControlInfo@@AAU1@@@UAEPAXI@Z 10018e80 f i xySplitterWnd.obj
 0001:00017e80       ??_E?$CArray@UControlInfo@@AAU1@@@UAEPAXI@Z 10018e80 f i xySplitterWnd.obj
 0001:00017ed0       ??_ECxSplitterWnd@@UAEPAXI@Z 10018ed0 f i xySplitterWnd.obj
 0001:00017ed0       ??_GCxSplitterWnd@@UAEPAXI@Z 10018ed0 f i xySplitterWnd.obj
 0001:00017f80       ??_GCySplitterWnd@@UAEPAXI@Z 10018f80 f i xySplitterWnd.obj
 0001:00017f80       ??_ECySplitterWnd@@UAEPAXI@Z 10018f80 f i xySplitterWnd.obj
 0001:00018020       ?AttachAsAboveCtrl@CySplitterWnd@@QAE_NHH_N@Z 10019020 f   xySplitterWnd.obj
 0001:000180b0       ?AttachAsAboveCtrl@CySplitterWnd@@QAE_NH_N@Z 100190b0 f   xySplitterWnd.obj
 0001:00018170       ?AttachAsAboveCtrl@CySplitterWnd@@QAE_NPAVCWnd@@H_N@Z 10019170 f   xySplitterWnd.obj
 0001:000181e0       ?AttachAsAboveCtrl@CySplitterWnd@@QAE_NPAVCWnd@@_N@Z 100191e0 f   xySplitterWnd.obj
 0001:00018290       ?AttachAsBelowCtrl@CySplitterWnd@@QAE_NHH_N@Z 10019290 f   xySplitterWnd.obj
 0001:00018320       ?AttachAsBelowCtrl@CySplitterWnd@@QAE_NH_N@Z 10019320 f   xySplitterWnd.obj
 0001:000183e0       ?AttachAsBelowCtrl@CySplitterWnd@@QAE_NPAVCWnd@@H_N@Z 100193e0 f   xySplitterWnd.obj
 0001:00018450       ?AttachAsBelowCtrl@CySplitterWnd@@QAE_NPAVCWnd@@_N@Z 10019450 f   xySplitterWnd.obj
 0001:00018500       ?AttachAsLeftCtrl@CxSplitterWnd@@QAE_NHH_N@Z 10019500 f   xySplitterWnd.obj
 0001:00018590       ?AttachAsLeftCtrl@CxSplitterWnd@@QAE_NH_N@Z 10019590 f   xySplitterWnd.obj
 0001:00018650       ?AttachAsLeftCtrl@CxSplitterWnd@@QAE_NPAVCWnd@@H_N@Z 10019650 f   xySplitterWnd.obj
 0001:000186c0       ?AttachAsLeftCtrl@CxSplitterWnd@@QAE_NPAVCWnd@@_N@Z 100196c0 f   xySplitterWnd.obj
 0001:00018770       ?AttachAsRightCtrl@CxSplitterWnd@@QAE_NHH_N@Z 10019770 f   xySplitterWnd.obj
 0001:00018800       ?AttachAsRightCtrl@CxSplitterWnd@@QAE_NH_N@Z 10019800 f   xySplitterWnd.obj
 0001:000188c0       ?AttachAsRightCtrl@CxSplitterWnd@@QAE_NPAVCWnd@@H_N@Z 100198c0 f   xySplitterWnd.obj
 0001:00018930       ?AttachAsRightCtrl@CxSplitterWnd@@QAE_NPAVCWnd@@_N@Z 10019930 f   xySplitterWnd.obj
 0001:000189e0       ?AttachToParent@CxSplitterWnd@@QAE_NKK@Z 100199e0 f   xySplitterWnd.obj
 0001:00018aa0       ?AttachToParent@CySplitterWnd@@QAE_NKK@Z 10019aa0 f   xySplitterWnd.obj
 0001:00018b60       ?BindWithControl@CxSplitterWnd@@QAE_NPAVCWnd@@K@Z 10019b60 f   xySplitterWnd.obj
 0001:00018bd0       ?BindWithControl@CySplitterWnd@@QAE_NPAVCWnd@@K@Z 10019bd0 f   xySplitterWnd.obj
 0001:00018c20       ?CreateInWnd@CxSplitterWnd@@QAE_NPAVCWnd@@KPAUtagRECT@@@Z 10019c20 f   xySplitterWnd.obj
 0001:00018c60       ?CreateInWnd@CySplitterWnd@@QAE_NPAVCWnd@@KPAUtagRECT@@@Z 10019c60 f   xySplitterWnd.obj
 0001:00018ca0       ?DetachAllCtrls@CxSplitterWnd@@QAE_NXZ 10019ca0 f   xySplitterWnd.obj
 0001:00018d20       ?DetachAllCtrls@CySplitterWnd@@QAE_NXZ 10019d20 f   xySplitterWnd.obj
 0001:00018da0       ?GetMessageMap@CxSplitterWnd@@MBEPBUAFX_MSGMAP@@XZ 10019da0 f   xySplitterWnd.obj
 0001:00018db0       ?GetMessageMap@CySplitterWnd@@MBEPBUAFX_MSGMAP@@XZ 10019db0 f   xySplitterWnd.obj
 0001:00018dc0       ?GetMouseClipRect@CxSplitterWnd@@IAE_NPAUtagRECT@@VCPoint@@@Z 10019dc0 f   xySplitterWnd.obj
 0001:00018f70       ?GetMouseClipRect@CySplitterWnd@@IAE_NPAUtagRECT@@VCPoint@@@Z 10019f70 f   xySplitterWnd.obj
 0001:00019120       ?GetThisMessageMap@CxSplitterWnd@@KGPBUAFX_MSGMAP@@XZ 1001a120 f   xySplitterWnd.obj
 0001:00019130       ?GetThisMessageMap@CySplitterWnd@@KGPBUAFX_MSGMAP@@XZ 1001a130 f   xySplitterWnd.obj
 0001:00019140       ?OnCreate@CxSplitterWnd@@IAEHPAUtagCREATESTRUCTA@@@Z 1001a140 f   xySplitterWnd.obj
 0001:000191d0       ?OnDestroy@CxSplitterWnd@@IAEXXZ 1001a1d0 f   xySplitterWnd.obj
 0001:000191f0       ?OnLButtonDown@CxSplitterWnd@@IAEXIVCPoint@@@Z 1001a1f0 f   xySplitterWnd.obj
 0001:00019450       ?OnLButtonDown@CySplitterWnd@@IAEXIVCPoint@@@Z 1001a450 f   xySplitterWnd.obj
 0001:00019670       ?OnSetCursor@CxSplitterWnd@@IAEHPAVCWnd@@II@Z 1001a670 f   xySplitterWnd.obj
 0001:000196a0       ?OnSetCursor@CySplitterWnd@@IAEHPAVCWnd@@II@Z 1001a6a0 f   xySplitterWnd.obj
 0001:000196d0       ?RecalcLayout@CxSplitterWnd@@QAEXXZ 1001a6d0 f   xySplitterWnd.obj
 0001:00019b20       ?RecalcLayout@CySplitterWnd@@QAEXXZ 1001ab20 f   xySplitterWnd.obj
 0001:00019f80       ?Serialize@?$CArray@UControlInfo@@AAU1@@@UAEXAAVCArchive@@@Z 1001af80 f i xySplitterWnd.obj
 0001:0001a060       ?SetAtGrow@?$CArray@UControlInfo@@AAU1@@@QAEXHAAUControlInfo@@@Z 1001b060 f i xySplitterWnd.obj
 0001:0001a0a0       ?SetMinHeight@CySplitterWnd@@QAEXHH@Z 1001b0a0 f   xySplitterWnd.obj
 0001:0001a0c0       ?SetMinWidth@CxSplitterWnd@@QAEXHH@Z 1001b0c0 f   xySplitterWnd.obj
 0001:0001a0e0       ?SetSize@?$CArray@UControlInfo@@AAU1@@@QAEXHH@Z 1001b0e0 f i xySplitterWnd.obj
 0001:0001a350       ?Unbind@CxSplitterWnd@@QAEXXZ 1001b350 f   xySplitterWnd.obj
 0001:0001a3e0       ?Unbind@CySplitterWnd@@QAEXXZ 1001b3e0 f   xySplitterWnd.obj
 0001:0001a470       ??0CDlgStrategyConfigure@@QAE@PAVCWnd@@@Z 1001b470 f   DlgStrategyConfigure.obj
 0001:0001a560       ??1CDlgStrategyList@@UAE@XZ 1001b560 f i DlgStrategyConfigure.obj
 0001:0001a740       ??1STLISTITEMDATA@@QAE@XZ  1001b740 f i DlgStrategyConfigure.obj
 0001:0001a750       ??_GCDlgStrategyConfigure@@UAEPAXI@Z 1001b750 f i DlgStrategyConfigure.obj
 0001:0001a750       ??_ECDlgStrategyConfigure@@UAEPAXI@Z 1001b750 f i DlgStrategyConfigure.obj
 0001:0001a7f0       ??_H@YGXPAXIIP6EPAX0@Z@Z   1001b7f0 f i DlgStrategyConfigure.obj
 0001:0001a820       ?CopyBaseScriptFile@CDlgStrategyConfigure@@QAEFXZ 1001b820 f   DlgStrategyConfigure.obj
 0001:0001aa80       ?Create@CDialog@@UAEHIPAVCWnd@@@Z 1001ba80 f i DlgStrategyConfigure.obj
 0001:0001aa90       ?DataMonitorCallbackProc@CDlgStrategyConfigure@@KGXPBDJJJJ@Z 1001ba90 f   DlgStrategyConfigure.obj
 0001:0001ab30       ?DoDataExchange@CDlgStrategyConfigure@@MAEXPAVCDataExchange@@@Z 1001bb30 f   DlgStrategyConfigure.obj
 0001:0001ab40       ?FormLoad@CDlgStrategyConfigure@@QAEXXZ 1001bb40 f   DlgStrategyConfigure.obj
 0001:0001ab60       ?GetMessageMap@CDlgStrategyConfigure@@MBEPBUAFX_MSGMAP@@XZ 1001bb60 f   DlgStrategyConfigure.obj
 0001:0001ab70       ?GetOutBarColor@CDlgStrategyConfigure@@QAEJAAK0@Z 1001bb70 f   DlgStrategyConfigure.obj
 0001:0001aba0       ?GetRect@CDlgStrategyConfigure@@IAE?AVCRect@@H@Z 1001bba0 f   DlgStrategyConfigure.obj
 0001:0001ac10       ?GetThisMessageMap@CDlgStrategyConfigure@@KGPBUAFX_MSGMAP@@XZ 1001bc10 f   DlgStrategyConfigure.obj
 0001:0001ac20       ?InitLoad@CDlgStrategyConfigure@@IAEXXZ 1001bc20 f   DlgStrategyConfigure.obj
 0001:0001ad40       ?IsSTSelected@CDlgStrategyConfigure@@QAEHXZ 1001bd40 f   DlgStrategyConfigure.obj
 0001:0001ad80       ?LoadEditor@CDlgStrategyConfigure@@QAEXV?$CStringT@DV?$StrTraitMFC_DLL@DV?$ChTraitsCRT@D@ATL@@@@@ATL@@@Z 1001bd80 f   DlgStrategyConfigure.obj
 0001:0001b040       ?OnDestroy@CDlgStrategyConfigure@@IAEXXZ 1001c040 f   DlgStrategyConfigure.obj
 0001:0001b080       ?OnGetDllSize@CDlgStrategyConfigure@@IAEJIJ@Z 1001c080 f   DlgStrategyConfigure.obj
 0001:0001b0a0       ?OnInitDialog@CDlgStrategyConfigure@@MAEHXZ 1001c0a0 f   DlgStrategyConfigure.obj
 0001:0001b360       ?OnSize@CDlgStrategyConfigure@@IAEXIHH@Z 1001c360 f   DlgStrategyConfigure.obj
 0001:0001b380       ?PreTranslateMessage@CDlgStrategyConfigure@@UAEHPAUtagMSG@@@Z 1001c380 f   DlgStrategyConfigure.obj
 0001:0001b400       ?Resize@CDlgStrategyConfigure@@IAEXHH@Z 1001c400 f   DlgStrategyConfigure.obj
 0001:0001b4c0       ?RunST@CDlgStrategyConfigure@@QAEHHAAV?$CStringT@DV?$StrTraitMFC_DLL@DV?$ChTraitsCRT@D@ATL@@@@@ATL@@@Z 1001c4c0 f   DlgStrategyConfigure.obj
 0001:0001b750       ?SelectSTItem@CDlgStrategyConfigure@@QAEXV?$CStringT@DV?$StrTraitMFC_DLL@DV?$ChTraitsCRT@D@ATL@@@@@ATL@@0@Z 1001c750 f   DlgStrategyConfigure.obj
 0001:0001b8f0       ?UpdateSTList@CDlgStrategyConfigure@@QAEXHV?$CStringT@DV?$StrTraitMFC_DLL@DV?$ChTraitsCRT@D@ATL@@@@@ATL@@@Z 1001c8f0 f   DlgStrategyConfigure.obj
 0001:0001b960       ??0CDlgStrategyList@@QAE@PAVCWnd@@@Z 1001c960 f   DlgStrategyList.obj
 0001:0001bc70       ??1_GV_ITEM@@QAE@XZ        1001cc70 f i DlgStrategyList.obj
 0001:0001bc80       ??HATL@@YA?AV?$CStringT@DV?$StrTraitMFC_DLL@DV?$ChTraitsCRT@D@ATL@@@@@0@ABV10@PBD@Z 1001cc80 f i DlgStrategyList.obj
 0001:0001bd20       ??_GCDlgStrategyList@@UAEPAXI@Z 1001cd20 f i DlgStrategyList.obj
 0001:0001bd20       ??_ECDlgStrategyList@@UAEPAXI@Z 1001cd20 f i DlgStrategyList.obj
 0001:0001bd60       ?AddRowData@CDlgStrategyList@@IAEHV?$CStringT@DV?$StrTraitMFC_DLL@DV?$ChTraitsCRT@D@ATL@@@@@ATL@@PBDHH@Z 1001cd60 f   DlgStrategyList.obj
 0001:0001bf30       ?CheckFileSave@CDlgStrategyList@@IAEHHAAV?$CStringT@DV?$StrTraitMFC_DLL@DV?$ChTraitsCRT@D@ATL@@@@@ATL@@@Z 1001cf30 f   DlgStrategyList.obj
 0001:0001c000       ?DeleteAllItem@CDlgStrategyList@@IAEHXZ 1001d000 f   DlgStrategyList.obj
 0001:0001c040       ?DoDataExchange@CDlgStrategyList@@MAEXPAVCDataExchange@@@Z 1001d040 f   DlgStrategyList.obj
 0001:0001c1e0       ?GetGridSTRowCount@CDlgStrategyList@@QAEHXZ 1001d1e0 f   DlgStrategyList.obj
 0001:0001c200       ?GetMessageMap@CDlgStrategyList@@MBEPBUAFX_MSGMAP@@XZ 1001d200 f   DlgStrategyList.obj
 0001:0001c210       ?GetNewSTPosNo@CDlgStrategyList@@IAEHXZ 1001d210 f   DlgStrategyList.obj
 0001:0001c270       ?GetRect@CDlgStrategyList@@IAE?AVCRect@@H@Z 1001d270 f   DlgStrategyList.obj
 0001:0001c5c0       ?GetThisMessageMap@CDlgStrategyList@@KGPBUAFX_MSGMAP@@XZ 1001d5c0 f   DlgStrategyList.obj
 0001:0001c5d0       ?InitColumn@CDlgStrategyList@@IAEXXZ 1001d5d0 f   DlgStrategyList.obj
 0001:0001c720       ?InitGrid@CDlgStrategyList@@IAEXXZ 1001d720 f   DlgStrategyList.obj
 0001:0001c9a0       ?InitSTOption@CDlgStrategyList@@QAEXXZ 1001d9a0 f   DlgStrategyList.obj
 0001:0001c9d0       ?InputModify@CDlgStrategyList@@IAEXHAAV?$CStringT@DV?$StrTraitMFC_DLL@DV?$ChTraitsCRT@D@ATL@@@@@ATL@@@Z 1001d9d0 f   DlgStrategyList.obj
 0001:0001ce60       ?LoadST@CDlgStrategyList@@IAEXJ@Z 1001de60 f   DlgStrategyList.obj
 0001:0001d5e0       ?NotifySTChangeState@CDlgStrategyList@@QAEXHPBD@Z 1001e5e0 f   DlgStrategyList.obj
 0001:0001d6d0       ?OnBnClickedBtnSystemtrading@CDlgStrategyList@@QAEXXZ 1001e6d0 f   DlgStrategyList.obj
 0001:0001d740       ?OnBnClickedButtonSaveconfig@CDlgStrategyList@@QAEXXZ 1001e740 f   DlgStrategyList.obj
 0001:0001d900       ?OnBnClickedSTClose@CDlgStrategyList@@IAEXXZ 1001e900 f   DlgStrategyList.obj
 0001:0001d940       ?OnBnClickedSTConfigDlg@CDlgStrategyList@@IAEXXZ 1001e940 f   DlgStrategyList.obj
 0001:0001da70       ?OnBnClickedSTRun@CDlgStrategyList@@IAEXXZ 1001ea70 f   DlgStrategyList.obj
 0001:0001dc10       ?OnBtSave@CDlgStrategyList@@IAEXXZ 1001ec10 f   DlgStrategyList.obj
 0001:0001de80       ?OnBtnAnd@CDlgStrategyList@@IAEXXZ 1001ee80 f   DlgStrategyList.obj
 0001:0001dea0       ?OnBtnDelete@CDlgStrategyList@@IAEXXZ 1001eea0 f   DlgStrategyList.obj
 0001:0001df00       ?OnBtnDown@CDlgStrategyList@@IAEXXZ 1001ef00 f   DlgStrategyList.obj
 0001:0001e160       ?OnBtnEdit@CDlgStrategyList@@IAEXXZ 1001f160 f   DlgStrategyList.obj
 0001:0001e190       ?OnBtnInit@CDlgStrategyList@@IAEXXZ 1001f190 f   DlgStrategyList.obj
 0001:0001e270       ?OnBtnNext@CDlgStrategyList@@IAEXXZ 1001f270 f   DlgStrategyList.obj
 0001:0001e290       ?OnBtnNot@CDlgStrategyList@@IAEXXZ 1001f290 f   DlgStrategyList.obj
 0001:0001e2b0       ?OnBtnOr@CDlgStrategyList@@IAEXXZ 1001f2b0 f   DlgStrategyList.obj
 0001:0001e2d0       ?OnBtnParenthesis@CDlgStrategyList@@IAEXXZ 1001f2d0 f   DlgStrategyList.obj
 0001:0001e2f0       ?OnBtnSTDelete@CDlgStrategyList@@IAEXXZ 1001f2f0 f   DlgStrategyList.obj
 0001:0001e4a0       ?OnBtnTrue@CDlgStrategyList@@IAEXXZ 1001f4a0 f   DlgStrategyList.obj
 0001:0001e4c0       ?OnBtnUp@CDlgStrategyList@@IAEXXZ 1001f4c0 f   DlgStrategyList.obj
 0001:0001e700       ?OnBtnX@CDlgStrategyList@@IAEXXZ 1001f700 f   DlgStrategyList.obj
 0001:0001e720       ?OnClickGridSTList@CDlgStrategyList@@QAEXHH@Z 1001f720 f   DlgStrategyList.obj
 0001:0001ea20       ?OnCtlColor@CDlgStrategyList@@IAEPAUHBRUSH__@@PAVCDC@@PAVCWnd@@I@Z 1001fa20 f   DlgStrategyList.obj
 0001:0001ea70       ?OnDestroy@CDlgStrategyList@@IAEXXZ 1001fa70 f   DlgStrategyList.obj
 0001:0001eae0       ?OnInitDialog@CDlgStrategyList@@MAEHXZ 1001fae0 f   DlgStrategyList.obj
 0001:0001ed60       ?OnNotify@CDlgStrategyList@@MAEHIJPAJ@Z 1001fd60 f   DlgStrategyList.obj
 0001:0001eda0       ?OnSTController@CDlgStrategyList@@IAEJIJ@Z 1001fda0 f   DlgStrategyList.obj
 0001:0001f050       ?OnSaveToUserST@CDlgStrategyList@@IAEJIJ@Z 10020050 f   DlgStrategyList.obj
 0001:0001f160       ?OnSize@CDlgStrategyList@@IAEXIHH@Z 10020160 f   DlgStrategyList.obj
 0001:0001f170       ?OnTimer@CDlgStrategyList@@IAEXI@Z 10020170 f   DlgStrategyList.obj
 0001:0001f1d0       ?OnUpdateSTSfg@CDlgStrategyList@@IAEJIJ@Z 100201d0 f   DlgStrategyList.obj
 0001:0001f2d0       ?PreTranslateMessage@CDlgStrategyList@@UAEHPAUtagMSG@@@Z 100202d0 f   DlgStrategyList.obj
 0001:0001f380       ?ResizeAll@CDlgStrategyList@@QAEXXZ 10020380 f   DlgStrategyList.obj
 0001:0001f470       ?SaveRunTempFile@CDlgStrategyList@@IAEHXZ 10020470 f   DlgStrategyList.obj
 0001:0001f5e0       ?SaveST@CDlgStrategyList@@IAEXPBDH@Z 100205e0 f   DlgStrategyList.obj
 0001:0001fa90       ?SaveVariable@CDlgStrategyList@@IAEXAAV?$CStringT@DV?$StrTraitMFC_DLL@DV?$ChTraitsCRT@D@ATL@@@@@ATL@@HPBD@Z 10020a90 f   DlgStrategyList.obj
 0001:0001fca0       ?WindowProc@CDlgStrategyList@@MAEJIIJ@Z 10020ca0 f   DlgStrategyList.obj
 0001:0001ffd0       ??0CDlgSysVarOption@@QAE@PAVCWnd@@@Z 10020fd0 f   DlgSysVarOption.obj
 0001:00020080       ??1CColorDialog@@UAE@XZ    10021080 f i DlgSysVarOption.obj
 0001:00020090       ??1CCommonDialog@@UAE@XZ   10021090 f i DlgSysVarOption.obj
 0001:000200a0       ??_GCCommonDialog@@UAEPAXI@Z 100210a0 f i DlgSysVarOption.obj
 0001:000200a0       ??_ECCommonDialog@@UAEPAXI@Z 100210a0 f i DlgSysVarOption.obj
 0001:000200f0       ??_ECDlgSysVarOption@@UAEPAXI@Z 100210f0 f i DlgSysVarOption.obj
 0001:000200f0       ??_GCDlgSysVarOption@@UAEPAXI@Z 100210f0 f i DlgSysVarOption.obj
 0001:00020170       ?DoApplyInputParam@CDlgSysVarOption@@QAEXXZ 10021170 f   DlgSysVarOption.obj
 0001:00020690       ?DoBtnClr@CDlgSysVarOption@@QAEXAAVCColorButton@@@Z 10021690 f   DlgSysVarOption.obj
 0001:00020730       ?DoDataExchange@CDlgSysVarOption@@MAEXPAVCDataExchange@@@Z 10021730 f   DlgSysVarOption.obj
 0001:00020780       ?DoLoadVarList@CDlgSysVarOption@@QAEXPBD@Z 10021780 f   DlgSysVarOption.obj
 0001:00020940       ?GetMessageMap@CDlgSysVarOption@@MBEPBUAFX_MSGMAP@@XZ 10021940 f   DlgSysVarOption.obj
 0001:00020950       ?GetThisMessageMap@CDlgSysVarOption@@KGPBUAFX_MSGMAP@@XZ 10021950 f   DlgSysVarOption.obj
 0001:00020960       ?InitColumn@CDlgSysVarOption@@QAEXXZ 10021960 f   DlgSysVarOption.obj
 0001:00020ab0       ?OnBnClickedOk@CDlgSysVarOption@@QAEXXZ 10021ab0 f   DlgSysVarOption.obj
 0001:00020c20       ?OnBtClrBear@CDlgSysVarOption@@IAEXXZ 10021c20 f   DlgSysVarOption.obj
 0001:00020c30       ?OnBtClrBull@CDlgSysVarOption@@IAEXXZ 10021c30 f   DlgSysVarOption.obj
 0001:00020c40       ?OnInitDialog@CDlgSysVarOption@@MAEHXZ 10021c40 f   DlgSysVarOption.obj
 0001:00020d90       ?SetParam@CDlgSysVarOption@@QAEXPAVCStringList@@J@Z 10021d90 f   DlgSysVarOption.obj
 0001:00020da0       ??0CDlgTimeSelector@@QAE@PAVCWnd@@@Z 10021da0 f   DlgTimeSelector.obj
 0001:00020e70       ??_ECDlgTimeSelector@@UAEPAXI@Z 10021e70 f i DlgTimeSelector.obj
 0001:00020e70       ??_GCDlgTimeSelector@@UAEPAXI@Z 10021e70 f i DlgTimeSelector.obj
 0001:00020ee0       ?DoDataExchange@CDlgTimeSelector@@MAEXPAVCDataExchange@@@Z 10021ee0 f   DlgTimeSelector.obj
 0001:00020f70       ?GetMessageMap@CDlgTimeSelector@@MBEPBUAFX_MSGMAP@@XZ 10021f70 f   DlgTimeSelector.obj
 0001:00020f80       ?GetThisMessageMap@CDlgTimeSelector@@KGPBUAFX_MSGMAP@@XZ 10021f80 f   DlgTimeSelector.obj
 0001:00020f90       ?OnCtlColor@CDlgTimeSelector@@IAEPAUHBRUSH__@@PAVCDC@@PAVCWnd@@I@Z 10021f90 f   DlgTimeSelector.obj
 0001:00020fe0       ?OnDestroy@CDlgTimeSelector@@IAEXXZ 10021fe0 f   DlgTimeSelector.obj
 0001:00021000       ?OnInitDialog@CDlgTimeSelector@@MAEHXZ 10022000 f   DlgTimeSelector.obj
 0001:00021030       ?OnOK@CDlgTimeSelector@@MAEXXZ 10022030 f   DlgTimeSelector.obj
 0001:00021060       ?OnRadioDay@CDlgTimeSelector@@IAEXXZ 10022060 f   DlgTimeSelector.obj
 0001:00021080       ?OnRadioMinute@CDlgTimeSelector@@IAEXXZ 10022080 f   DlgTimeSelector.obj
 0001:000211d0       ?OnRadioTick@CDlgTimeSelector@@IAEXXZ 100221d0 f   DlgTimeSelector.obj
 0001:000211f0       ?UpdateData@CDlgTimeSelector@@QAEHH@Z 100221f0 f   DlgTimeSelector.obj
 0001:00021350       ??0CGridCell@@QAE@XZ       10022350 f   GridCell.obj
 0001:00021420       ??0CGridDefaultCell@@QAE@XZ 10022420 f   GridCell.obj
 0001:00021630       ??1CGridCell@@UAE@XZ       10022630 f   GridCell.obj
 0001:00021660       ??1CGridDefaultCell@@UAE@XZ 10022660 f   GridCell.obj
 0001:000216e0       ??4CGridCell@@QAEXABV0@@Z  100226e0 f   GridCell.obj
 0001:00021700       ??_ECGridCell@@UAEPAXI@Z   10022700 f i GridCell.obj
 0001:00021700       ??_GCGridCell@@UAEPAXI@Z   10022700 f i GridCell.obj
 0001:00021760       ??_ECGridDefaultCell@@UAEPAXI@Z 10022760 f i GridCell.obj
 0001:00021760       ??_GCGridDefaultCell@@UAEPAXI@Z 10022760 f i GridCell.obj
 0001:00021810       ?CreateObject@CGridCell@@SGPAVCObject@@XZ 10022810 f   GridCell.obj
 0001:00021880       ?CreateObject@CGridDefaultCell@@SGPAVCObject@@XZ 10022880 f   GridCell.obj
 0001:000218f0       ?Edit@CGridCell@@UAEHHHVCRect@@VCPoint@@II@Z 100228f0 f   GridCell.obj
 0001:00021a00       ?EndEdit@CGridCell@@UAEXXZ 10022a00 f   GridCell.obj
 0001:00021a10       ?GetBackClr@CGridCell@@UBEKXZ 10022a10 f i GridCell.obj
 0001:00021a20       ?GetData@CGridCell@@UBEJXZ 10022a20 f i GridCell.obj
 0001:00021a30       ?GetEditWnd@CGridCell@@UBEPAVCWnd@@XZ 10022a30 f i GridCell.obj
 0001:00021a40       ?GetFont@CGridCell@@UBEPAUtagLOGFONTA@@XZ 10022a40 f   GridCell.obj
 0001:00021a60       ?GetFont@CGridDefaultCell@@UBEPAUtagLOGFONTA@@XZ 10022a60 f   GridCell.obj
 0001:00021a70       ?GetFontObject@CGridCell@@UBEPAVCFont@@XZ 10022a70 f   GridCell.obj
 0001:00021b00       ?GetFontObject@CGridDefaultCell@@UBEPAVCFont@@XZ 10022b00 f   GridCell.obj
 0001:00021b10       ?GetFormat@CGridCell@@UBEKXZ 10022b10 f   GridCell.obj
 0001:00021b30       ?GetGrid@CGridCell@@UBEPAVCGridCtrl@@XZ 10022b30 f i GridCell.obj
 0001:00021b40       ?GetHeight@CGridDefaultCell@@UBEHXZ 10022b40 f i GridCell.obj
 0001:00021b50       ?GetImage@CGridCell@@UBEHXZ 10022b50 f i GridCell.obj
 0001:00021b60       ?GetMargin@CGridCell@@UBEIXZ 10022b60 f   GridCell.obj
 0001:00021b80       ?GetRuntimeClass@CGridCell@@UBEPAUCRuntimeClass@@XZ 10022b80 f   GridCell.obj
 0001:00021b90       ?GetRuntimeClass@CGridDefaultCell@@UBEPAUCRuntimeClass@@XZ 10022b90 f   GridCell.obj
 0001:00021ba0       ?GetState@CGridCellBase@@UBEKXZ 10022ba0 f i GridCell.obj
 0001:00021bb0       ?GetState@CGridDefaultCell@@UBEKXZ 10022bb0 f i GridCell.obj
 0001:00021bc0       ?GetStyle@CGridDefaultCell@@UBEKXZ 10022bc0 f i GridCell.obj
 0001:00021bd0       ?GetText@CGridCell@@UBEPBDXZ 10022bd0 f i GridCell.obj
 0001:00021be0       ?GetTextClr@CGridCell@@UBEKXZ 10022be0 f i GridCell.obj
 0001:00021bf0       ?GetThisClass@CGridCell@@SGPAUCRuntimeClass@@XZ 10022bf0 f   GridCell.obj
 0001:00021c00       ?GetThisClass@CGridDefaultCell@@SGPAUCRuntimeClass@@XZ 10022c00 f   GridCell.obj
 0001:00021c10       ?GetTipText@CGridCellBase@@UBEPBDXZ 10022c10 f i GridCell.obj
 0001:00021c20       ?GetTipTextRect@CGridCellBase@@UAEHPAUtagRECT@@@Z 10022c20 f i GridCell.obj
 0001:00021c30       ?GetWidth@CGridDefaultCell@@UBEHXZ 10022c30 f i GridCell.obj
 0001:00021c40       ?IsDefaultFont@CGridCell@@UBEHXZ 10022c40 f i GridCell.obj
 0001:00021c50       ?IsDropHighlighted@CGridCellBase@@UBEHXZ 10022c50 f i GridCell.obj
 0001:00021c60       ?IsEditing@CGridCell@@UBEHXZ 10022c60 f i GridCell.obj
 0001:00021c70       ?IsFixed@CGridCellBase@@UBEHXZ 10022c70 f i GridCell.obj
 0001:00021c80       ?IsFixedCol@CGridCellBase@@UBEHXZ 10022c80 f i GridCell.obj
 0001:00021c90       ?IsFixedRow@CGridCellBase@@UBEHXZ 10022c90 f i GridCell.obj
 0001:00021ca0       ?IsFocused@CGridCellBase@@UBEHXZ 10022ca0 f i GridCell.obj
 0001:00021cb0       ?IsModified@CGridCellBase@@UBEHXZ 10022cb0 f i GridCell.obj
 0001:00021cc0       ?IsReadOnly@CGridCellBase@@UBEHXZ 10022cc0 f i GridCell.obj
 0001:00021cd0       ?IsSelected@CGridCellBase@@UBEHXZ 10022cd0 f i GridCell.obj
 0001:00021ce0       ?OnEndEdit@CGridCell@@MAEXXZ 10022ce0 f   GridCell.obj
 0001:00021cf0       ?Reset@CGridCell@@UAEXXZ   10022cf0 f   GridCell.obj
 0001:00021d60       ?SetBackClr@CGridCell@@UAEXK@Z 10022d60 f i GridCell.obj
 0001:00021d70       ?SetCoords@CGridCell@@UAEXHH@Z 10022d70 f i GridCell.obj
 0001:00021d80       ?SetCoords@CGridDefaultCell@@UAEXHH@Z 10022d80 f i GridCell.obj
 0001:00021d90       ?SetData@CGridCell@@UAEXJ@Z 10022d90 f i GridCell.obj
 0001:00021da0       ?SetData@CGridDefaultCell@@UAEXJ@Z 10022da0 f i GridCell.obj
 0001:00021db0       ?SetFont@CGridCell@@UAEXPBUtagLOGFONTA@@@Z 10022db0 f   GridCell.obj
 0001:00021e20       ?SetFont@CGridDefaultCell@@UAEXPBUtagLOGFONTA@@@Z 10022e20 f   GridCell.obj
 0001:00021f40       ?SetFormat@CGridCell@@UAEXK@Z 10022f40 f i GridCell.obj
 0001:00021f50       ?SetGrid@CGridCell@@UAEXPAVCGridCtrl@@@Z 10022f50 f i GridCell.obj
 0001:00021f60       ?SetHeight@CGridDefaultCell@@UAEXH@Z 10022f60 f i GridCell.obj
 0001:00021f70       ?SetImage@CGridCell@@UAEXH@Z 10022f70 f i GridCell.obj
 0001:00021f80       ?SetMargin@CGridCell@@UAEXI@Z 10022f80 f i GridCell.obj
 0001:00021f90       ?SetState@CGridCellBase@@UAEXK@Z 10022f90 f i GridCell.obj
 0001:00021fa0       ?SetState@CGridDefaultCell@@UAEXK@Z 10022fa0 f i GridCell.obj
 0001:00021fb0       ?SetStyle@CGridDefaultCell@@UAEXK@Z 10022fb0 f i GridCell.obj
 0001:00021fc0       ?SetText@CGridCell@@UAEXPBD@Z 10022fc0 f i GridCell.obj
 0001:00021fd0       ?SetTextClr@CGridCell@@UAEXK@Z 10022fd0 f i GridCell.obj
 0001:00021fe0       ?SetWidth@CGridDefaultCell@@UAEXH@Z 10022fe0 f i GridCell.obj
 0001:00021ff0       ?_GetBaseClass@CGridCell@@KGPAUCRuntimeClass@@XZ 10022ff0 f   GridCell.obj
 0001:00022000       ?_GetBaseClass@CGridDefaultCell@@KGPAUCRuntimeClass@@XZ 10023000 f   GridCell.obj
 0001:00022010       ??0CGridCellBase@@QAE@XZ   10023010 f   GridCellBase.obj
 0001:00022020       ??1AFX_EXCEPTION_LINK@@QAE@XZ 10023020 f i GridCellBase.obj
 0001:00022060       ??1CGridCellBase@@UAE@XZ   10023060 f   GridCellBase.obj
 0001:00022070       ??4CGridCellBase@@UAEXABV0@@Z 10023070 f   GridCellBase.obj
 0001:00022130       ??_GCGridCellBase@@UAEPAXI@Z 10023130 f i GridCellBase.obj
 0001:00022130       ??_ECGridCellBase@@UAEPAXI@Z 10023130 f i GridCellBase.obj
 0001:00022170       ?Draw@CGridCellBase@@UAEHPAVCDC@@HHVCRect@@H@Z 10023170 f   GridCellBase.obj
 0001:00022940       ?Edit@CGridCellBase@@UAEHHHVCRect@@VCPoint@@II@Z 10023940 f i GridCellBase.obj
 0001:00022950       ?EndEdit@CGridCellBase@@UAEXXZ 10023950 f i GridCellBase.obj
 0001:00022960       ?GetCellExtent@CGridCellBase@@UAE?AVCSize@@PAVCDC@@@Z 10023960 f   GridCellBase.obj
 0001:00022a40       ?GetCurrentPen@CDC@@QBEPAVCPen@@XZ 10023a40 f i GridCellBase.obj
 0001:00022a60       ?GetDefaultCell@CGridCellBase@@UBEPAV1@XZ 10023a60 f   GridCellBase.obj
 0001:00022ac0       ?GetRuntimeClass@CGridCellBase@@UBEPAUCRuntimeClass@@XZ 10023ac0 f   GridCellBase.obj
 0001:00022ad0       ?GetTextExtent@CDC@@QBE?AVCSize@@ABV?$CStringT@DV?$StrTraitMFC_DLL@DV?$ChTraitsCRT@D@ATL@@@@@ATL@@@Z 10023ad0 f i GridCellBase.obj
 0001:00022b00       ?GetTextExtent@CGridCellBase@@UAE?AVCSize@@PBDPAVCDC@@@Z 10023b00 f   GridCellBase.obj
 0001:00022e10       ?GetTextRect@CGridCellBase@@UAEHPAUtagRECT@@@Z 10023e10 f   GridCellBase.obj
 0001:00022ea0       ?GetThisClass@CGridCellBase@@SGPAUCRuntimeClass@@XZ 10023ea0 f   GridCellBase.obj
 0001:00022eb0       ?OnClick@CGridCellBase@@MAEXVCPoint@@@Z 10023eb0 f   GridCellBase.obj
 0001:00022ec0       ?OnClickDown@CGridCellBase@@MAEXVCPoint@@@Z 10023ec0 f   GridCellBase.obj
 0001:00022ed0       ?OnDblClick@CGridCellBase@@MAEXVCPoint@@@Z 10023ed0 f   GridCellBase.obj
 0001:00022ee0       ?OnEndEdit@CGridCellBase@@MAEXXZ 10023ee0 f   GridCellBase.obj
 0001:00022ef0       ?OnMouseEnter@CGridCellBase@@MAEXXZ 10023ef0 f   GridCellBase.obj
 0001:00022f00       ?OnMouseLeave@CGridCellBase@@MAEXXZ 10023f00 f   GridCellBase.obj
 0001:00022f10       ?OnMouseOver@CGridCellBase@@MAEXXZ 10023f10 f   GridCellBase.obj
 0001:00022f20       ?OnRClick@CGridCellBase@@MAEXVCPoint@@@Z 10023f20 f   GridCellBase.obj
 0001:00022f30       ?OnSetCursor@CGridCellBase@@MAEHXZ 10023f30 f   GridCellBase.obj
 0001:00022f50       ?PrintCell@CGridCellBase@@UAEHPAVCDC@@HHVCRect@@@Z 10023f50 f   GridCellBase.obj
 0001:000233d0       ?Reset@CGridCellBase@@UAEXXZ 100243d0 f   GridCellBase.obj
 0001:000233e0       ?SendMessageToParent@CGridCellBase@@QAEJHHH@Z 100243e0 f   GridCellBase.obj
 0001:00023400       ?ValidateEdit@CGridCellBase@@UAEHPBD@Z 10024400 f   GridCellBase.obj
 0001:00023410       ?_GetBaseClass@CGridCellBase@@KGPAUCRuntimeClass@@XZ 10024410 f   GridCellBase.obj
 0001:00023420       ??$CompareElements@KK@@YGHPBK0@Z 10024420 f i GridCtrl.obj
 0001:00023450       ??$SerializeElements@K@@YGXAAVCArchive@@PAKH@Z 10024450 f i GridCtrl.obj
 0001:00023500       ??$SerializeElements@VCCellID@@@@YGXAAVCArchive@@PAVCCellID@@H@Z 10024500 f i GridCtrl.obj
 0001:000235b0       ??0?$CMap@KKVCCellID@@AAV1@@@QAE@H@Z 100245b0 f i GridCtrl.obj
 0001:000235f0       ??0CGridCtrl@@QAE@HHHH@Z   100245f0 f   GridCtrl.obj
 0001:00023cf0       ??1?$CMap@KKVCCellID@@AAV1@@@UAE@XZ 10024cf0 f i GridCtrl.obj
 0001:00023d70       ??1?$CTypedPtrArray@VCObArray@@PAV?$CTypedPtrArray@VCObArray@@PAVCGridCellBase@@@@@@UAE@XZ 10024d70 f i GridCtrl.obj
 0001:00023d80       ??1CException@@UAE@XZ      10024d80 f i GridCtrl.obj
 0001:00023d90       ??1CFileException@@UAE@XZ  10024d90 f i GridCtrl.obj
 0001:00023da0       ??1CGridCtrl@@UAE@XZ       10024da0 f   GridCtrl.obj
 0001:00023f60       ??1COleDataObject@@QAE@XZ  10024f60 f i GridCtrl.obj
 0001:00023fa0       ??1CPrintDialog@@UAE@XZ    10024fa0 f i GridCtrl.obj
 0001:00023fb0       ??1CWaitCursor@@QAE@XZ     10024fb0 f i GridCtrl.obj
 0001:000240c0       ??8CCellID@@QBEHABV0@@Z    100250c0 f i GridCtrl.obj
 0001:000240f0       ??9CCellID@@QBEHABV0@@Z    100250f0 f i GridCtrl.obj
 0001:00024120       ??A?$CMap@KKVCCellID@@AAV1@@@QAEAAVCCellID@@K@Z 10025120 f i GridCtrl.obj
 0001:00024240       ??A?$CTypedPtrArray@VCObArray@@PAV?$CTypedPtrArray@VCObArray@@PAVCGridCellBase@@@@@@QAEAAPAV?$CTypedPtrArray@VCObArray@@PAVCGridCellBase@@@@H@Z 10025240 f i GridCtrl.obj
 0001:0002425f       ??_9CGridCtrl@@$BBIM@AE    1002525f f i GridCtrl.obj
 0001:00024267       ??_9CGridCtrl@@$BBJA@AE    10025267 f i GridCtrl.obj
 0001:0002426f       ??_9CGridCtrl@@$BBJE@AE    1002526f f i GridCtrl.obj
 0001:00024277       ??_9CGridCtrl@@$BBJI@AE    10025277 f i GridCtrl.obj
 0001:00024280       ??_FCCellID@@QAEXXZ        10025280 f i GridCtrl.obj
 0001:00024290       ??_E?$CMap@KKVCCellID@@AAV1@@@UAEPAXI@Z 10025290 f i GridCtrl.obj
 0001:00024290       ??_G?$CMap@KKVCCellID@@AAV1@@@UAEPAXI@Z 10025290 f i GridCtrl.obj
 0001:00024350       ??_G?$CTypedPtrArray@VCObArray@@PAV?$CTypedPtrArray@VCObArray@@PAVCGridCellBase@@@@@@UAEPAXI@Z 10025350 f i GridCtrl.obj
 0001:00024350       ??_E?$CTypedPtrArray@VCObArray@@PAV?$CTypedPtrArray@VCObArray@@PAVCGridCellBase@@@@@@UAEPAXI@Z 10025350 f i GridCtrl.obj
 0001:00024390       ??_E?$CTypedPtrArray@VCObArray@@PAVCGridCellBase@@@@UAEPAXI@Z 10025390 f i GridCtrl.obj
 0001:00024390       ??_G?$CTypedPtrArray@VCObArray@@PAVCGridCellBase@@@@UAEPAXI@Z 10025390 f i GridCtrl.obj
 0001:000243d0       ??_GCFileException@@UAEPAXI@Z 100253d0 f i GridCtrl.obj
 0001:000243d0       ??_ECFileException@@UAEPAXI@Z 100253d0 f i GridCtrl.obj
 0001:00024420       ??_GCGridCtrl@@UAEPAXI@Z   10025420 f i GridCtrl.obj
 0001:00024420       ??_ECGridCtrl@@UAEPAXI@Z   10025420 f i GridCtrl.obj
 0001:00024460       ?AtlThrowImpl@ATL@@YGXJ@Z  10025460 f i GridCtrl.obj
 0001:00024480       ?AutoFill@CGridCtrl@@QAEXXZ 10025480 f   GridCtrl.obj
 0001:00024570       ?AutoSize@CGridCtrl@@QAEXI@Z 10025570 f   GridCtrl.obj
 0001:000247b0       ?AutoSizeColumn@CGridCtrl@@QAEHHIH@Z 100257b0 f   GridCtrl.obj
 0001:00024930       ?AutoSizeColumns@CGridCtrl@@QAEXI@Z 10025930 f   GridCtrl.obj
 0001:00024990       ?AutoSizeRow@CGridCtrl@@QAEHHH@Z 10025990 f   GridCtrl.obj
 0001:00024ad0       ?AutoSizeRows@CGridCtrl@@QAEXXZ 10025ad0 f   GridCtrl.obj
 0001:00024b20       ?ClearCells@CGridCtrl@@QAEXVCCellRange@@@Z 10025b20 f   GridCtrl.obj
[...]
 0002:0000f778       __ehfuncinfo$??0CLoaderDrawButton@@QAE@PAXH@Z 10051778     ExControl:ExDrawButton.obj
 0002:0000f79c       __unwindtable$??0CLoaderDrawButton@@QAE@PAXH@Z 1005179c     ExControl:ExDrawButton.obj
 0002:0000f7c4       __unwindtable$??0CExEdit@@QAE@H@Z 100517c4     ExControl:ExEdit.obj
 0002:0000f7d4       __ehfuncinfo$??0CExEdit@@QAE@H@Z 100517d4     ExControl:ExEdit.obj
 0002:0000f7f8       __ehfuncinfo$??0CLoaderEdit@@QAE@PAXH@Z 100517f8     ExControl:ExEdit.obj
 0002:0000f81c       __unwindtable$??0CLoaderEdit@@QAE@PAXH@Z 1005181c     ExControl:ExEdit.obj
 0002:0000f844       __ehfuncinfo$??1CLoaderEdit@@UAE@XZ 10051844     ExControl:ExEdit.obj
 0002:0000f868       __unwindtable$??_GCLoaderEdit@@UAEPAXI@Z 10051868     ExControl:ExEdit.obj
 0002:0000f870       __ehfuncinfo$??_GCLoaderEdit@@UAEPAXI@Z 10051870     ExControl:ExEdit.obj
 0002:0000f894       __unwindtable$?CreateObject@?$CThreadLocal@VAFX_MODULE_THREAD_STATE@@@@SGPAVCNoTrackObject@@XZ 10051894     ExControl:StdAfx.obj
 0002:0000f89c       __ehfuncinfo$?CreateObject@?$CThreadLocal@VAFX_MODULE_THREAD_STATE@@@@SGPAVCNoTrackObject@@XZ 1005189c     ExControl:StdAfx.obj
 0002:0000f8c0       __unwindtable$??__F_AtlComModule@ATL@@YAXXZ 100518c0     ExControl:StdAfx.obj
 0002:0000f8c8       __ehfuncinfo$??__F_AtlComModule@ATL@@YAXXZ 100518c8     ExControl:StdAfx.obj
 0002:0000f8ec       __unwindtable$?CompareParamter@@YAHPADV?$CStringT@DV?$StrTraitMFC_DLL@DV?$ChTraitsCRT@D@ATL@@@@@ATL@@@Z 100518ec     ExControl:StdAfx.obj
 0002:0000f8fc       __ehfuncinfo$?CompareParamter@@YAHPADV?$CStringT@DV?$StrTraitMFC_DLL@DV?$ChTraitsCRT@D@ATL@@@@@ATL@@@Z 100518fc     ExControl:StdAfx.obj
 0002:0000f920       __unwindtable$?GetParamterValue@@YAXPBDAAV?$CStringT@DV?$StrTraitMFC_DLL@DV?$ChTraitsCRT@D@ATL@@@@@ATL@@V12@@Z 10051920     ExControl:StdAfx.obj
 0002:0000f938       __ehfuncinfo$?GetParamterValue@@YAXPBDAAV?$CStringT@DV?$StrTraitMFC_DLL@DV?$ChTraitsCRT@D@ATL@@@@@ATL@@V12@@Z 10051938     ExControl:StdAfx.obj
 0002:0000f960       __sehtable$_WinbaseIsolationAwarePrivatetRgzlnPgpgk@0 10051960     mfcs140:nolib.obj
 0002:0000f980       __sehtable$_IsolationAwareUnregisterClassA@8 10051980     mfcs140:nolib.obj
 0002:0000f99c       __ehfuncinfo$??1CAtlComModule@ATL@@QAE@XZ 1005199c     mfcs140:nolib.obj
 0002:0000f9c0       __unwindtable$??__F_AtlComModule@ATL@@YAXXZ 100519c0     mfcs140:nolib.obj
 0002:0000f9c8       __ehfuncinfo$??__F_AtlComModule@ATL@@YAXXZ 100519c8     mfcs140:nolib.obj
 0002:0000f9ec       __ehfuncinfo$??_Estringdispid@CComTypeInfoHolder@ATL@@QAEPAXI@Z 100519ec     mfcs140:nolib.obj
 0002:0000fa10       __unwindtable$??__F_AtlComModule@ATL@@YAXXZ 10051a10     mfcs140:stdafx.obj
 0002:0000fa18       __ehfuncinfo$??__F_AtlComModule@ATL@@YAXXZ 10051a18     mfcs140:stdafx.obj
 0002:0000fa40       __sehtable$??_L@YGXPAXIIP6EX0@Z1@Z 10051a40     msvcrt:ehvecctr.obj
 0002:0000fa60       __sehtable$??_M@YGXPAXIIP6EX0@Z@Z 10051a60     msvcrt:ehvecdtr.obj
 0002:0000fa80       __sehtable$?__ArrayUnwind@@YGXPAXIIP6EX0@Z@Z 10051a80     msvcrt:ehvecdtr.obj
 0002:0000faa0       __sehtable$___scrt_is_nonwritable_in_current_image 10051aa0     msvcrt:utility.obj
 0002:0000fac0       __sehtable$?dllmain_crt_process_attach@@YAHQAUHINSTANCE__@@QAX@Z 10051ac0     msvcrt:dll_dllmain.obj
 0002:0000fae0       __sehtable$?dllmain_crt_process_detach@@YAH_N@Z 10051ae0     msvcrt:dll_dllmain.obj
 0002:0000fb08       __sehtable$?dllmain_dispatch@@YAHQAUHINSTANCE__@@KQAX@Z 10051b08     msvcrt:dll_dllmain.obj
 0002:0000fb30       .edata                     10051b30     HWStrategyConfigureWizard.exp
 0002:0000fb58       rgpv                       10051b58     HWStrategyConfigureWizard.exp
 0002:0000fb84       rgszName                   10051b84     HWStrategyConfigureWizard.exp
 0002:0000fbb0       rgwOrd                     10051bb0     HWStrategyConfigureWizard.exp
 0002:0000fbc6       szName                     10051bc6     HWStrategyConfigureWizard.exp
 0002:0000fbe4       $N00004                    10051be4     HWStrategyConfigureWizard.exp
 0002:0000fbef       $N00001                    10051bef     HWStrategyConfigureWizard.exp
 0002:0000fbf6       $N00002                    10051bf6     HWStrategyConfigureWizard.exp
 0002:0000fbfd       $N00003                    10051bfd     HWStrategyConfigureWizard.exp
 0002:0000fc06       $N00005                    10051c06     HWStrategyConfigureWizard.exp
 0002:0000fc15       $N00009                    10051c15     HWStrategyConfigureWizard.exp
 0002:0000fc27       $N00006                    10051c27     HWStrategyConfigureWizard.exp
 0002:0000fc37       $N00011                    10051c37     HWStrategyConfigureWizard.exp
 0002:0000fc4f       $N00008                    10051c4f     HWStrategyConfigureWizard.exp
 0002:0000fc6d       $N00007                    10051c6d     HWStrategyConfigureWizard.exp
 0002:0000fc88       $N00010                    10051c88     HWStrategyConfigureWizard.exp
 0002:000108c4       .idata$6                   100528c4     mfc140:mfc140.dll
 0002:00010d12       .idata$6                   10052d12     kernel32:KERNEL32.dll
 0002:00011152       .idata$6                   10053152     user32:USER32.dll
 0002:00011388       .idata$6                   10053388     gdi32:GDI32.dll
 0002:000113c4       .idata$6                   100533c4     advapi32:ADVAPI32.dll
 0002:000113e2       .idata$6                   100533e2     shell32:SHELL32.dll
 0002:00011474       .idata$6                   10053474     comctl32:COMCTL32.dll
 0002:00011482       .idata$6                   10053482     oleaut32:OLEAUT32.dll
 0002:00011550       .idata$6                   10053550     vcruntime:VCRUNTIME140.dll
 0002:00011736       .idata$6                   10053736     ucrt:api-ms-win-crt-stdio-l1-1-0.dll
 0002:00011756       .idata$6                   10053756     ucrt:api-ms-win-crt-string-l1-1-0.dll
 0002:00011778       .idata$6                   10053778     ucrt:api-ms-win-crt-convert-l1-1-0.dll
 0002:0001179a       .idata$6                   1005379a     ucrt:api-ms-win-crt-runtime-l1-1-0.dll
 0002:000117bc       .idata$6                   100537bc     ucrt:api-ms-win-crt-filesystem-l1-1-0.dll
 0002:000117e2       .idata$6                   100537e2     ucrt:api-ms-win-crt-multibyte-l1-1-0.dll
 0002:00011806       .idata$6                   10053806     ucrt:api-ms-win-crt-time-l1-1-0.dll
 0002:00011826       .idata$6                   10053826     ucrt:api-ms-win-crt-heap-l1-1-0.dll
 0003:00000000       ?Font@?8??GetFontObject@CGridCell@@UBEPAVCFont@@XZ@4V3@A 10054000     GridCell.obj
 0003:00000af8       ?bOldPressed@?1??HighlightItem@CSTGfxOutBarCtrl@@QAEXH_N@Z@4_NA 10054af8     STGfxOutBarCtrl.obj
 0003:00000b08       ?RMSG_OB_ITEMCLICK@@3IB    10054b08     STListCtrl.obj
 0003:00000b0c       ?RMSG_OB_ITEMDBLCLK@@3IB   10054b0c     STListCtrl.obj
 0003:00000b10       ?RMSG_ISSTRUNSTATE@@3IB    10054b10     STListCtrl.obj
 0003:00000b14       ?RMSG_INTERFACE@@3IB       10054b14     STListCtrl.obj
 0003:00000b20       ?RMSG_STTREE_ITEMCLICK@@3IB 10054b20     STTreeCtrl.obj
 0003:00000b24       ?RMSG_STTREE_ITEMDBLCLK@@3IB 10054b24     STTreeCtrl.obj
 0003:00000b28       ?RMSG_OPENNEWMAP@@3IB      10054b28     STTreeCtrl.obj
 0003:00000b2c       ?RMSG_GETPCTRDATA@@3IB     10054b2c     _STLoadmanager.obj
 0003:00000b40       ?RMSG_FORMINITIALCOMPLETED@@3IB 10054b40     DlgStrategyConfigure.obj
 0003:00000b44       ?RMSG_EVENT_CODEINPUT@@3IB 10054b44     DlgStrategyConfigure.obj
 0003:00000b48       ?RMSG_EVENT_ACCTINPUT@@3IB 10054b48     DlgStrategyConfigure.obj
 0003:00000b4c       ?RMSG_EVENT_SPININPUT@@3IB 10054b4c     DlgStrategyConfigure.obj
 0003:00000b50       ?RMSG_EVENT_SIGNAL@@3IB    10054b50     DlgStrategyConfigure.obj
 0003:00000b54       ?RMSG_FORMSTATECHANGE@@3IB 10054b54     DlgStrategyConfigure.obj
 0003:00000b58       ?RMSG_TABSTOP@@3IB         10054b58     DlgStrategyConfigure.obj
 0003:00000b5c       ?RMSG_LBTNDBLCLICK@@3IB    10054b5c     DlgStrategyConfigure.obj
 0003:00000b60       ?RMSG_LBTNDOWN@@3IB        10054b60     DlgStrategyConfigure.obj
 0003:00000b64       ?RMSG_ENDSCROLLPOS@@3IB    10054b64     DlgStrategyConfigure.obj
 0003:00000b68       ?RMSG_LSHAREDCHANGED@@3IB  10054b68     DlgStrategyConfigure.obj
 0003:00000b6c       ?RMSG_GETDLLSIZE@@3IB      10054b6c     DlgStrategyConfigure.obj
 0003:00000b70       ?RMSG_SETDLLSIZE@@3IB      10054b70     DlgStrategyConfigure.obj
 0003:00000b74       ?RMSG_INTERFACE@@3IB       10054b74     DlgStrategyConfigure.obj
 0003:00000b78       ?RMSG_FORMINITIALCOMPLETED@@3IB 10054b78     DlgStrategyList.obj
 0003:00000b7c       ?RMSG_EVENT_CODEINPUT@@3IB 10054b7c     DlgStrategyList.obj
 0003:00000b80       ?RMSG_EVENT_ACCTINPUT@@3IB 10054b80     DlgStrategyList.obj
 0003:00000b84       ?RMSG_EVENT_SPININPUT@@3IB 10054b84     DlgStrategyList.obj
 0003:00000b88       ?RMSG_EVENT_SIGNAL@@3IB    10054b88     DlgStrategyList.obj
 0003:00000b8c       ?RMSG_FORMSTATECHANGE@@3IB 10054b8c     DlgStrategyList.obj
 0003:00000b90       ?RMSG_TABSTOP@@3IB         10054b90     DlgStrategyList.obj
 0003:00000b94       ?RMSG_LBTNDBLCLICK@@3IB    10054b94     DlgStrategyList.obj
 0003:00000b98       ?RMSG_LBTNDOWN@@3IB        10054b98     DlgStrategyList.obj
 0003:00000b9c       ?RMSG_ENDSCROLLPOS@@3IB    10054b9c     DlgStrategyList.obj
 0003:00000ba0       ?RMSG_LSHAREDCHANGED@@3IB  10054ba0     DlgStrategyList.obj
 0003:00000ba4       ?RMSG_STCONFIGURENAME@@3IB 10054ba4     DlgStrategyList.obj
 0003:00000ba8       ?RMSG_STCONTROLLER_POINTER@@3IB 10054ba8     DlgStrategyList.obj
 0003:00000bac       ?RMSG_STSAVETOUSERST@@3IB  10054bac     DlgStrategyList.obj
 0003:00000bb0       ?RMSG_INTERFACE@@3IB       10054bb0     DlgStrategyList.obj
 0003:00000bb4       ?RMSG_FORMINITIALCOMPLETED@@3IB 10054bb4     DlgTimeSelector.obj
 0003:00000bb8       ?RMSG_EVENT_CODEINPUT@@3IB 10054bb8     DlgTimeSelector.obj
 0003:00000bbc       ?RMSG_EVENT_ACCTINPUT@@3IB 10054bbc     DlgTimeSelector.obj
 0003:00000bc0       ?RMSG_EVENT_SPININPUT@@3IB 10054bc0     DlgTimeSelector.obj
 0003:00000bc4       ?RMSG_EVENT_SIGNAL@@3IB    10054bc4     DlgTimeSelector.obj
 0003:00000bc8       ?RMSG_FORMSTATECHANGE@@3IB 10054bc8     DlgTimeSelector.obj
 0003:00000bcc       ?RMSG_TABSTOP@@3IB         10054bcc     DlgTimeSelector.obj
 0003:00000bd0       ?RMSG_LBTNDBLCLICK@@3IB    10054bd0     DlgTimeSelector.obj
 0003:00000bd4       ?RMSG_LBTNDOWN@@3IB        10054bd4     DlgTimeSelector.obj
 0003:00000bd8       ?RMSG_ENDSCROLLPOS@@3IB    10054bd8     DlgTimeSelector.obj
 0003:00000bdc       ?RMSG_LSHAREDCHANGED@@3IB  10054bdc     DlgTimeSelector.obj
 0003:00000be0       ?$TSS0@?8??GetFontObject@CGridCell@@UBEPAVCFont@@XZ@4HA 10054be0     GridCell.obj
 0003:00000c9c       ?bInProcedure@?1??Initialise@CGridCtrl@@IAEHXZ@4HA 10054c9c     GridCtrl.obj
 0003:00000ca0       ?bAlreadyInsideThisProcedure@?1??OnSize@CGridCtrl@@IAEXIHH@Z@4HA 10054ca0     GridCtrl.obj
 0003:00000ca4       ?bInProcedure@?1??Register@CGridDropTarget@@QAEHPAVCGridCtrl@@@Z@4HA 10054ca4     GridDropTarget.obj
 0003:00000ca8       ?bAlreadyEnding@?1??EndEdit@CInPlaceEdit@@QAEXXZ@4HA 10054ca8     InPlaceEdit.obj
 0003:00000cb0       ?RMSG_FORMINITIALCOMPLETED@@3IB 10054cb0     HWStrategyConfigureWizard.obj
 0003:00000cb4       ?RMSG_EVENT_CODEINPUT@@3IB 10054cb4     HWStrategyConfigureWizard.obj
 0003:00000cb8       ?RMSG_EVENT_ACCTINPUT@@3IB 10054cb8     HWStrategyConfigureWizard.obj
 0003:00000cbc       ?RMSG_EVENT_SPININPUT@@3IB 10054cbc     HWStrategyConfigureWizard.obj
 0003:00000cc0       ?RMSG_EVENT_SIGNAL@@3IB    10054cc0     HWStrategyConfigureWizard.obj
 0003:00000cc4       ?RMSG_FORMSTATECHANGE@@3IB 10054cc4     HWStrategyConfigureWizard.obj
 0003:00000cc8       ?RMSG_TABSTOP@@3IB         10054cc8     HWStrategyConfigureWizard.obj
 0003:00000ccc       ?RMSG_LBTNDBLCLICK@@3IB    10054ccc     HWStrategyConfigureWizard.obj
 0003:00000cd0       ?RMSG_LBTNDOWN@@3IB        10054cd0     HWStrategyConfigureWizard.obj
 0003:00000cd4       ?RMSG_ENDSCROLLPOS@@3IB    10054cd4     HWStrategyConfigureWizard.obj
 0003:00000cd8       ?RMSG_LSHAREDCHANGED@@3IB  10054cd8     HWStrategyConfigureWizard.obj
 0003:00000cdc       ?RMSG_GETPCTRDATA@@3IB     10054cdc     HWStrategyConfigureWizard.obj
 0003:00000ce0       ?RMSG_INTERFACE@@3IB       10054ce0     HWStrategyConfigureWizard.obj
 0003:00000ce4       ?HWStrategyConfigureWizardDLL@@3UAFX_EXTENSION_MODULE@@A 10054ce4     HWStrategyConfigureWizard.obj
 0003:00000cf8       ?RMSG_FORMINITIALCOMPLETED@@3IB 10054cf8     OutLookBarDlg.obj
 0003:00000cfc       ?RMSG_EVENT_CODEINPUT@@3IB 10054cfc     OutLookBarDlg.obj
 0003:00000d00       ?RMSG_EVENT_ACCTINPUT@@3IB 10054d00     OutLookBarDlg.obj
 0003:00000d04       ?RMSG_EVENT_SPININPUT@@3IB 10054d04     OutLookBarDlg.obj
 0003:00000d08       ?RMSG_EVENT_SIGNAL@@3IB    10054d08     OutLookBarDlg.obj
 0003:00000d0c       ?RMSG_FORMSTATECHANGE@@3IB 10054d0c     OutLookBarDlg.obj
 0003:00000d10       ?RMSG_TABSTOP@@3IB         10054d10     OutLookBarDlg.obj
 0003:00000d14       ?RMSG_LBTNDBLCLICK@@3IB    10054d14     OutLookBarDlg.obj
 0003:00000d18       ?RMSG_LBTNDOWN@@3IB        10054d18     OutLookBarDlg.obj
 0003:00000d1c       ?RMSG_ENDSCROLLPOS@@3IB    10054d1c     OutLookBarDlg.obj
 0003:00000d20       ?RMSG_LSHAREDCHANGED@@3IB  10054d20     OutLookBarDlg.obj
 0003:00000d24       ?RMSG_OB_ITEMCLICK@@3IB    10054d24     OutLookBarDlg.obj
 0003:00000d28       ?RMSG_OB_ITEMDBLCLK@@3IB   10054d28     OutLookBarDlg.obj
 0003:00000ddc       ?RMSG_GETPCTRDATA@@3IB     10054ddc     StdAfx.obj
 0003:00000de0       ?RMSG_SETPCTRDATA@@3IB     10054de0     StdAfx.obj
 0003:00000de4       ?RMSG_INTERFACE@@3IB       10054de4     StdAfx.obj
 0003:00000de8       ?RMSG_INTERFACE@@3IB       10054de8     ExControl:ExDrawButton.obj
 0003:00000dec       ?RMSG_GETPCTRDATA@@3IB     10054dec     ExControl:ExDrawButton.obj
 0003:00000df0       ?RMSG_SETPCTRDATA@@3IB     10054df0     ExControl:ExDrawButton.obj
 0003:00000df4       ?RMSG_INTERFACE@@3IB       10054df4     ExControl:ExEdit.obj
 0003:00000df8       ?RMSG_GETPCTRDATA@@3IB     10054df8     ExControl:ExEdit.obj
 0003:00000dfc       ?RMSG_SETPCTRDATA@@3IB     10054dfc     ExControl:ExEdit.obj
 0003:00000e00       ?RMSG_INTERFACE@@3IB       10054e00     ExControl:ExButton.obj
 0003:00000e04       ?RMSG_GETPCTRDATA@@3IB     10054e04     ExControl:ExButton.obj
 0003:00000e08       ?RMSG_SETPCTRDATA@@3IB     10054e08     ExControl:ExButton.obj
 0003:00000e10       ?RMSG_EVENT_SPININPUT@@3IB 10054e10     ExControl:StdAfx.obj
 0003:00000e14       ?RMSG_EVENT_CODEINPUT@@3IB 10054e14     ExControl:StdAfx.obj
 0003:00000e18       ?RMSG_ENDSCROLLPOS@@3IB    10054e18     ExControl:StdAfx.obj
 0003:00000e1c       ?RMSG_FORMINITIALCOMPLETED@@3IB 10054e1c     ExControl:StdAfx.obj
 0003:00000e20       ?RMSG_GETPCTRDATA@@3IB     10054e20     ExControl:StdAfx.obj
 0003:00000e24       ?RMSG_LSHAREDCHANGED@@3IB  10054e24     ExControl:StdAfx.obj
 0003:00000e28       ?RMSG_EVENT_ACCTINPUT@@3IB 10054e28     ExControl:StdAfx.obj
 0003:00000e2c       ?RMSG_SETPCTRDATA@@3IB     10054e2c     ExControl:StdAfx.obj
 0003:00000e30       ?RMSG_INTERFACE@@3IB       10054e30     ExControl:StdAfx.obj
 0003:00000e34       ?RMSG_FORMSTATECHANGE@@3IB 10054e34     ExControl:StdAfx.obj
 0003:00000e38       ?RMSG_LBTNDOWN@@3IB        10054e38     ExControl:StdAfx.obj
 0003:00000e3c       ?RMSG_LBTNDBLCLICK@@3IB    10054e3c     ExControl:StdAfx.obj
 0003:00000e40       ?RMSG_TABSTOP@@3IB         10054e40     ExControl:StdAfx.obj
 0003:00000e44       ?RMSG_EVENT_SIGNAL@@3IB    10054e44     ExControl:StdAfx.obj
 0003:00000e84       ?is_initialized_as_dll@@3_NA 10054e84     msvcrt:utility.obj
 0003:00000e85       ?module_local_atexit_table_initialized@@3_NA 10054e85     msvcrt:utility.obj
 0003:00000e88       ?module_local_atexit_table@@3U_onexit_table_t@@A 10054e88     msvcrt:utility.obj
 0003:00000e94       ?module_local_at_quick_exit_table@@3U_onexit_table_t@@A 10054e94     msvcrt:utility.obj
 0003:00000ea0       ?g_tss_cv@@3U_RTL_CONDITION_VARIABLE@@A 10054ea0     msvcrt:thread_safe_statics.obj
 0003:00000ea4       ?g_tss_event@@3PAXA        10054ea4     msvcrt:thread_safe_statics.obj
 0003:00000ea8       ?g_tss_mutex@@3U_RTL_CRITICAL_SECTION@@A 10054ea8     msvcrt:thread_safe_statics.obj
 0003:00000ec0       ?g_sleep_condition_variable_cs@@3P6GHPAU_RTL_CONDITION_VARIABLE@@PAU_RTL_CRITICAL_SECTION@@K@ZA 10054ec0     msvcrt:thread_safe_statics.obj
 0003:00000ec4       ?g_wake_all_condition_variable@@3P6GXPAU_RTL_CONDITION_VARIABLE@@@ZA 10054ec4     msvcrt:thread_safe_statics.obj
 0003:00000ecc       ?__proc_attached@@3HA      10054ecc     msvcrt:dll_dllmain.obj
 0003:00000ed8       _GS_ExceptionRecord        10054ed8     msvcrt:gs_report.obj
 0003:00000f28       _GS_ContextRecord          10054f28     msvcrt:gs_report.obj
 0004:00000420       $R000000                   10056420     HWStrategyConfigureWizard.res
 0004:00000748       $R000328                   10056748     HWStrategyConfigureWizard.res
 0004:00000768       $R000348                   10056768     HWStrategyConfigureWizard.res
 0004:00000868       $R000448                   10056868     HWStrategyConfigureWizard.res
 0004:000008a8       $R000488                   100568a8     HWStrategyConfigureWizard.res
 0004:000008e8       $R0004C8                   100568e8     HWStrategyConfigureWizard.res
 0004:00000cc8       $R0008A8                   10056cc8     HWStrategyConfigureWizard.res
 0004:00000ef8       $R000AD8                   10056ef8     HWStrategyConfigureWizard.res
 0004:00000ff0       $R000BD0                   10056ff0     HWStrategyConfigureWizard.res
 0004:00001070       $R000C50                   10057070     HWStrategyConfigureWizard.res
 0004:00001228       $R000E08                   10057228     HWStrategyConfigureWizard.res
 0004:00001360       $R000F40                   10057360     HWStrategyConfigureWizard.res
 0004:00001378       $R000F58                   10057378     HWStrategyConfigureWizard.res
 0004:000014b0       $R001090                   100574b0     HWStrategyConfigureWizard.res
 0004:000014c8       $R0010A8                   100574c8     HWStrategyConfigureWizard.res
 0004:00001600       $R0011E0                   10057600     HWStrategyConfigureWizard.res
 0004:00001618       $R0011F8                   10057618     HWStrategyConfigureWizard.res
 0004:00001750       $R001330                   10057750     HWStrategyConfigureWizard.res
 0004:00001768       $R001348                   10057768     HWStrategyConfigureWizard.res

 Exports

  ordinal    name

        1    ?fnInit@@YGJPAUSTODINIT_IN@@PAUSTODINIT_OUT@@PAX@Z (long __stdcall fnInit(struct STODINIT_IN *,struct STODINIT_OUT *,void *))
               exported name: fnInit
        2    ?fnLoad@@YGJPAUSTODCREATEINFO_IN@@PAUSTODCREATEINFO_OUT@@@Z (long __stdcall fnLoad(struct STODCREATEINFO_IN *,struct STODCREATEINFO_OUT *))
               exported name: fnLoad
        3    ?fnUnLoad@@YGJPAX@Z (long __stdcall fnUnLoad(void *))
               exported name: fnUnLoad
        4    ?fnFuncCall@@YGJPAXPBD1AAUtagVARIANT@@@Z (long __stdcall fnFuncCall(void *,char const *,char const *,struct tagVARIANT &))
               exported name: fnFuncCall
        5    _CREATE_TRADING
               exported name: CREATE_TRADING
        6    _DESTROY_TRADING
               exported name: DESTROY_TRADING
        7    _SCW_GetInterfaceOfStrategy
               exported name: SCW_GetInterfaceOfStrategy
        8    _SCW_DeleteInterfaceOfStrategy
               exported name: SCW_DeleteInterfaceOfStrategy
        9    _CREATE_TRADING_EX
               exported name: CREATE_TRADING_EX
       10    _SCW_IGfxOutBarCtrl
               exported name: SCW_IGfxOutBarCtrl
       11    _DoModal_DlgSysVarOption
               exported name: DoModal_DlgSysVarOption
