 IndexOptimizer

 Timestamp is 641272d7 (Thu Mar 16 10:37:27 2023)

 Preferred load address is 10000000

 Start         Length     Name                   Class
 0001:00000000 00000af0H .text$di                CODE
 0001:00000af0 00030de0H .text$mn                CODE
 0001:000318d0 000037f0H .text$x                 CODE
 0001:000350c0 00000493H .text$yd                CODE
 0002:00000000 000009f0H .idata$5                DATA
 0002:000009f0 00000008H .00cfg                  DATA
 0002:000009f8 00000004H .CRT$XCA                DATA
 0002:000009fc 00000004H .CRT$XCL                DATA
 0002:00000a00 000000ecH .CRT$XCU                DATA
 0002:00000aec 00000004H .CRT$XCZ                DATA
 0002:00000af0 00000004H .CRT$XIA                DATA
 0002:00000af4 00000004H .CRT$XIC                DATA
 0002:00000af8 00000004H .CRT$XIZ                DATA
 0002:00000afc 00000004H .CRT$XLA                DATA
 0002:00000b00 00000004H .CRT$XLZ                DATA
 0002:00000b04 00000004H .CRT$XPA                DATA
 0002:00000b08 00000004H .CRT$XPZ                DATA
 0002:00000b0c 00000004H .CRT$XTA                DATA
 0002:00000b10 00000010H .CRT$XTZ                DATA
 0002:00000b14 00000000H .gfids$y                DATA
 0002:00000b20 00007e20H .rdata                  DATA
 0002:00008940 00000004H .rdata$CastGuardVftablesA DATA
 0002:00008944 00000004H .rdata$CastGuardVftablesC DATA
 0002:00008948 00000018H .rdata$T                DATA
 0002:00008960 000018acH .rdata$r                DATA
 0002:0000a20c 000002d0H .rdata$sxdata           DATA
 0002:0000a4dc 00000038H .rdata$voltmd           DATA
 0002:0000a514 00000438H .rdata$zzzdbg           DATA
 0002:0000a94c 00000004H .rtc$IAA                DATA
 0002:0000a950 00000004H .rtc$IZZ                DATA
 0002:0000a954 00000004H .rtc$TAA                DATA
 0002:0000a958 00000004H .rtc$TZZ                DATA
 0002:0000a95c 00000004H .tls                    DATA
 0002:0000a960 00000004H .tls$                   DATA
 0002:0000a964 00000004H .tls$ZZZ                DATA
 0002:0000a968 0000300cH .xdata$x                DATA
 0002:0000d974 00000004H ATL$__a                 DATA
 0002:0000d978 00000008H ATL$__z                 DATA
 0002:0000d980 000000d4H .edata                  DATA
 0002:0000da54 00000168H .idata$2                DATA
 0002:0000dbbc 00000014H .idata$3                DATA
 0002:0000dbd0 000009f0H .idata$4                DATA
 0002:0000e5c0 00000eceH .idata$6                DATA
 0003:00000000 000001c4H .data                   DATA
 0003:000001c4 00000084H .data$r                 DATA
 0003:00000248 000009e8H .data$rs                DATA
 0003:00000c30 00000688H .bss                    DATA
 0004:00000000 00000250H .rsrc$01                DATA
 0004:00000250 00003ed0H .rsrc$02                DATA

  Address         Publics by Value              Rva+Base       Lib:Object

 0000:00000000       ___guard_longjmp_table     00000000     <absolute>
 0000:00000000       ___guard_iat_table         00000000     <absolute>
 0000:00000000       ___hybrid_auxiliary_iat    00000000     <absolute>
 0000:00000000       ___dynamic_value_reloc_table 00000000     <absolute>
 0000:00000000       ___x64_code_ranges_to_entry_points_count 00000000     <absolute>
 0000:00000000       ___arm64x_redirection_metadata 00000000     <absolute>
 0000:00000000       ___arm64x_extra_rfe_table  00000000     <absolute>
 0000:00000000       ___arm64x_extra_rfe_table_size 00000000     <absolute>
 0000:00000000       ___hybrid_auxiliary_iat_copy 00000000     <absolute>
 0000:00000000       ___arm64x_redirection_metadata_count 00000000     <absolute>
 0000:00000000       ___hybrid_code_map         00000000     <absolute>
 0000:00000000       ___guard_iat_count         00000000     <absolute>
 0000:00000000       ___guard_eh_cont_table     00000000     <absolute>
 0000:00000000       ___AbsoluteZero            00000000     <absolute>
 0000:00000000       ___hybrid_code_map_count   00000000     <absolute>
 0000:00000000       ___x64_code_ranges_to_entry_points 00000000     <absolute>
 0000:00000000       ___guard_fids_table        00000000     <absolute>
 0000:00000000       ___guard_longjmp_count     00000000     <absolute>
 0000:00000000       ___guard_check_icall_a64n_fptr 00000000     <absolute>
 0000:00000000       ___enclave_config          00000000     <absolute>
 0000:00000000       ___guard_fids_count        00000000     <absolute>
 0000:00000000       ___arm64x_native_entrypoint 00000000     <absolute>
 0000:00000000       ___guard_eh_cont_count     00000000     <absolute>
 0000:0000002c       __tls_array                0000002c     <absolute>
 0000:000000b4       ___safe_se_handler_count   000000b4     <absolute>
 0000:00000100       ___guard_flags             00000100     <absolute>
 0000:00000000       ___ImageBase               10000000     <linker-defined>
 0001:00000af0       ??$SerializeElements@N@@YGXAAVCArchive@@PANH@Z 10001af0 f i DataItem.obj
 0001:00000ba0       ??0?$CArray@NN@@QAE@XZ     10001ba0 f i DataItem.obj
 0001:00000bd0       ??0CSTDataItem@@QAE@XZ     10001bd0 f   DataItem.obj
 0001:00000c80       ??1?$CArray@NN@@UAE@XZ     10001c80 f i DataItem.obj
 0001:00000ca0       ??1CIDataItem0001@@UAE@XZ  10001ca0 f i DataItem.obj
 0001:00000cb0       ??1CObject@@UAE@XZ         10001cb0 f i DataItem.obj
 0001:00000cc0       ??1CSTDataItem@@UAE@XZ     10001cc0 f   DataItem.obj
 0001:00000d10       ??_E?$CArray@NN@@UAEPAXI@Z 10001d10 f i DataItem.obj
 0001:00000d10       ??_G?$CArray@NN@@UAEPAXI@Z 10001d10 f i DataItem.obj
 0001:00000d60       ??_ECIDataItem0001@@UAEPAXI@Z 10001d60 f i DataItem.obj
 0001:00000d60       ??_GCIDataItem0001@@UAEPAXI@Z 10001d60 f i DataItem.obj
 0001:00000d90       ??_ECSTDataItem@@UAEPAXI@Z 10001d90 f i DataItem.obj
 0001:00000d90       ??_GCSTDataItem@@UAEPAXI@Z 10001d90 f i DataItem.obj
 0001:00000e00       ?AssertValid@CObject@@UBEXXZ 10001e00 f i DataItem.obj
 0001:00000e10       ?Dump@CObject@@UBEXAAVCDumpContext@@@Z 10001e10 f i DataItem.obj
 0001:00000e20       ?GetAt@CSTDataItem@@UAEHJPAN@Z 10001e20 f i DataItem.obj
 0001:00000e60       ?GetAt@CSTDataItem@@UAENJ@Z 10001e60 f i DataItem.obj
 0001:00000e90       ?GetComment@CSTDataItem@@UAE?AV?$CStringT@DV?$StrTraitMFC_DLL@DV?$ChTraitsCRT@D@ATL@@@@@ATL@@PBD@Z 10001e90 f   DataItem.obj
 0001:00000f00       ?GetDataItemName@CSTDataItem@@UAE?AV?$CStringT@DV?$StrTraitMFC_DLL@DV?$ChTraitsCRT@D@ATL@@@@@ATL@@XZ 10001f00 f   DataItem.obj
 0001:00000f40       ?GetFirstDataIndex@CSTDataItem@@UAEJXZ 10001f40 f   DataItem.obj
 0001:00000f60       ?GetSize@CSTDataItem@@UAEJXZ 10001f60 f   DataItem.obj
 0001:00000f80       ?Init@CSTDataItem@@UAEHPBDHNJPAVCIDataItem0001@@@Z 10001f80 f   DataItem.obj
 0001:00001040       ?Serialize@?$CArray@NN@@UAEXAAVCArchive@@@Z 10002040 f i DataItem.obj
 0001:00001120       ?Serialize@CObject@@UAEXAAVCArchive@@@Z 10002120 f i DataItem.obj
 0001:00001130       ?SetAt@CSTDataItem@@UAEHJN@Z 10002130 f i DataItem.obj
 0001:000011c0       ?SetComment@CSTDataItem@@UAEXPBD0@Z 100021c0 f   DataItem.obj
 0001:000011e0       ?SetSize@?$CArray@NN@@QAEXHH@Z 100021e0 f i DataItem.obj
 0001:000013a0       ?SetSize@CSTDataItem@@UAEXJ@Z 100023a0 f i DataItem.obj
 0001:000013c0       ?__empty_global_delete@@YAXPAX@Z 100023c0 f i DataItem.obj
 0001:000013d0       ?__empty_global_delete@@YAXPAXI@Z 100023d0 f i DataItem.obj
 0001:000013d0       ?__global_delete@@YAXPAXI@Z 100023d0 f i DataItem.obj
 0001:000013e0       ??0CSDataItem@@QAE@XZ      100023e0 f   SDataItem.obj
 0001:00001450       ??1CISDataItem0001@@UAE@XZ 10002450 f i SDataItem.obj
 0001:00001460       ??1CSDataItem@@UAE@XZ      10002460 f   SDataItem.obj
 0001:00001490       ??_ECISDataItem0001@@UAEPAXI@Z 10002490 f i SDataItem.obj
 0001:00001490       ??_GCISDataItem0001@@UAEPAXI@Z 10002490 f i SDataItem.obj
 0001:000014c0       ??_GCSDataItem@@UAEPAXI@Z  100024c0 f i SDataItem.obj
 0001:000014c0       ??_ECSDataItem@@UAEPAXI@Z  100024c0 f i SDataItem.obj
 0001:00001500       ?Add@CSDataItem@@UAEHPBD@Z 10002500 f i SDataItem.obj
 0001:00001520       ?GetAt@CSDataItem@@UAE?AV?$CStringT@DV?$StrTraitMFC_DLL@DV?$ChTraitsCRT@D@ATL@@@@@ATL@@J@Z 10002520 f i SDataItem.obj
 0001:00001570       ?GetAt@CSDataItem@@UAEHJPAV?$CStringT@DV?$StrTraitMFC_DLL@DV?$ChTraitsCRT@D@ATL@@@@@ATL@@@Z 10002570 f i SDataItem.obj
 0001:000015b0       ?GetDataItemName@CSDataItem@@UAE?AV?$CStringT@DV?$StrTraitMFC_DLL@DV?$ChTraitsCRT@D@ATL@@@@@ATL@@XZ 100025b0 f i SDataItem.obj
 0001:000015d0       ?GetSize@CSDataItem@@UAEJXZ 100025d0 f i SDataItem.obj
 0001:000015e0       ?GetType@CSDataItem@@UAEDXZ 100025e0 f i SDataItem.obj
 0001:000015f0       ?Init@CSDataItem@@UAEHPBD0JPAVCISDataItem0001@@@Z 100025f0 f   SDataItem.obj
 0001:00001650       ?SetAt@CSDataItem@@UAEHJPBD@Z 10002650 f i SDataItem.obj
 0001:00001690       ?SetSize@CSDataItem@@UAEXJ@Z 10002690 f   SDataItem.obj
 0001:000016b0       ?SetType@CSDataItem@@UAEXD@Z 100026b0 f i SDataItem.obj
 0001:000016c0       ??0CBarFolder@CSTGfxOutBarCtrl@@QAE@PBDK@Z 100026c0 f   STGfxOutBarCtrl.obj
 0001:00001760       ??0CBarItem@CSTGfxOutBarCtrl@@QAE@PBDHK@Z 10002760 f   STGfxOutBarCtrl.obj
 0001:000017b0       ??0CImpl_IGfxOutBarCtrl@@QAE@XZ 100027b0 f   STGfxOutBarCtrl.obj
 0001:000017d0       ??0CSTGfxOutBarCtrl@@QAE@XZ 100027d0 f   STGfxOutBarCtrl.obj
 0001:00001a20       ??1CBarFolder@CSTGfxOutBarCtrl@@UAE@XZ 10002a20 f   STGfxOutBarCtrl.obj
 0001:00001ac0       ??1CBarItem@CSTGfxOutBarCtrl@@UAE@XZ 10002ac0 f   STGfxOutBarCtrl.obj
 0001:00001ae0       ??1CBitmap@@UAE@XZ         10002ae0 f i STGfxOutBarCtrl.obj
 0001:00001af0       ??1CFont@@UAE@XZ           10002af0 f i STGfxOutBarCtrl.obj
 0001:00001b00       ??1CGdiObject@@UAE@XZ      10002b00 f i STGfxOutBarCtrl.obj
 0001:00001c10       ??1CPen@@UAE@XZ            10002c10 f i STGfxOutBarCtrl.obj
 0001:00001c20       ??1CRgn@@UAE@XZ            10002c20 f i STGfxOutBarCtrl.obj
 0001:00001c30       ??1CSTGfxOutBarCtrl@@UAE@XZ 10002c30 f   STGfxOutBarCtrl.obj
 0001:00001cf0       ??3CObject@@SGXPAX@Z       10002cf0 f i STGfxOutBarCtrl.obj
 0001:00001d10       ??_ECBarFolder@CSTGfxOutBarCtrl@@UAEPAXI@Z 10002d10 f i STGfxOutBarCtrl.obj
 0001:00001d10       ??_GCBarFolder@CSTGfxOutBarCtrl@@UAEPAXI@Z 10002d10 f i STGfxOutBarCtrl.obj
 0001:00001dd0       ??_GCBarItem@CSTGfxOutBarCtrl@@UAEPAXI@Z 10002dd0 f i STGfxOutBarCtrl.obj
 0001:00001dd0       ??_ECBarItem@CSTGfxOutBarCtrl@@UAEPAXI@Z 10002dd0 f i STGfxOutBarCtrl.obj
 0001:00001e10       ??_ECBitmap@@UAEPAXI@Z     10002e10 f i STGfxOutBarCtrl.obj
 0001:00001e10       ??_GCBitmap@@UAEPAXI@Z     10002e10 f i STGfxOutBarCtrl.obj
 0001:00001e50       ??_GCFont@@UAEPAXI@Z       10002e50 f i STGfxOutBarCtrl.obj
 0001:00001e50       ??_ECFont@@UAEPAXI@Z       10002e50 f i STGfxOutBarCtrl.obj
 0001:00001e90       ??_ECGdiObject@@UAEPAXI@Z  10002e90 f i STGfxOutBarCtrl.obj
 0001:00001e90       ??_GCGdiObject@@UAEPAXI@Z  10002e90 f i STGfxOutBarCtrl.obj
 0001:00001ed0       ??_ECPen@@UAEPAXI@Z        10002ed0 f i STGfxOutBarCtrl.obj
 0001:00001ed0       ??_GCPen@@UAEPAXI@Z        10002ed0 f i STGfxOutBarCtrl.obj
 0001:00001f10       ??_ECRgn@@UAEPAXI@Z        10002f10 f i STGfxOutBarCtrl.obj
 0001:00001f10       ??_GCRgn@@UAEPAXI@Z        10002f10 f i STGfxOutBarCtrl.obj
 0001:00001f50       ??_GCSTGfxOutBarCtrl@@UAEPAXI@Z 10002f50 f i STGfxOutBarCtrl.obj
 0001:00001f50       ??_ECSTGfxOutBarCtrl@@UAEPAXI@Z 10002f50 f i STGfxOutBarCtrl.obj
 0001:00001f90       ?AddFolder@CSTGfxOutBarCtrl@@QAEHPBDK@Z 10002f90 f   STGfxOutBarCtrl.obj
 0001:00002060       ?AddFolderBar@CImpl_IGfxOutBarCtrl@@UAGHPBDPAVCWnd@@@Z 10003060 f   STGfxOutBarCtrl.obj
 0001:000020f0       ?AddFolderBar@CSTGfxOutBarCtrl@@QAEHPBDPAVCWnd@@K@Z 100030f0 f   STGfxOutBarCtrl.obj
 0001:000021d0       ?AnimateFolderScroll@CSTGfxOutBarCtrl@@QAEXHH@Z 100031d0 f   STGfxOutBarCtrl.obj
 0001:000028f0       ?BeginModalState@CWnd@@UAEXXZ 100038f0 f i STGfxOutBarCtrl.obj
 0001:00002900       ?Create@CSTGfxOutBarCtrl@@QAEHKABUtagRECT@@PAVCWnd@@IK@Z 10003900 f   STGfxOutBarCtrl.obj
 0001:00002930       ?CreateObject@CSTGfxOutBarCtrl@@SGPAVCObject@@XZ 10003930 f   STGfxOutBarCtrl.obj
 0001:000029a0       ?CreateOutBar@CImpl_IGfxOutBarCtrl@@UAGHKABUtagRECT@@PAVCWnd@@IK@Z 100039a0 f   STGfxOutBarCtrl.obj
 0001:000029e0       ?DeleteAllFolder@CSTGfxOutBarCtrl@@QAEXXZ 100039e0 f   STGfxOutBarCtrl.obj
 0001:00002a40       ?DoDataExchange@CWnd@@MAEXPAVCDataExchange@@@Z 10003a40 f i STGfxOutBarCtrl.obj
 0001:00002a50       ?DrawAnimItem@CSTGfxOutBarCtrl@@QAEXHHH@Z 10003a50 f   STGfxOutBarCtrl.obj
 0001:00002ce0       ?DrawDragArrow@CSTGfxOutBarCtrl@@QAEXPAVCDC@@HH@Z 10003ce0 f   STGfxOutBarCtrl.obj
 0001:00003070       ?DrawFolder@CSTGfxOutBarCtrl@@IAEXPAVCDC@@HVCRect@@_N@Z 10004070 f   STGfxOutBarCtrl.obj
 0001:000037e0       ?DrawItem@CSTGfxOutBarCtrl@@QAEXPAVCDC@@HVCRect@@H_N@Z 100047e0 f   STGfxOutBarCtrl.obj
 0001:00003ac0       ?DrawTextA@CDC@@UAEHPBDHPAUtagRECT@@I@Z 10004ac0 f i STGfxOutBarCtrl.obj
 0001:00003ae0       ?EndModalState@CWnd@@UAEXXZ 10004ae0 f i STGfxOutBarCtrl.obj
 0001:00003af0       ?GetCountPerPage@CSTGfxOutBarCtrl@@QBEHXZ 10004af0 f   STGfxOutBarCtrl.obj
 0001:00003b00       ?GetCoutBarCtrl@CImpl_IGfxOutBarCtrl@@UAGPAVCWnd@@XZ 10004b00 f   STGfxOutBarCtrl.obj
 0001:00003b10       ?GetDragItemRect@CSTGfxOutBarCtrl@@QAEHHAAVCRect@@@Z 10004b10 f   STGfxOutBarCtrl.obj
 0001:00003ca0       ?GetFlag@CSTGfxOutBarCtrl@@QBEKXZ 10004ca0 f   STGfxOutBarCtrl.obj
 0001:00003cb0       ?GetFolderChild@CSTGfxOutBarCtrl@@QAEPAVCWnd@@H@Z 10004cb0 f   STGfxOutBarCtrl.obj
 0001:00003cf0       ?GetFolderCount@CSTGfxOutBarCtrl@@QBEHXZ 10004cf0 f   STGfxOutBarCtrl.obj
 0001:00003d00       ?GetFolderData@CSTGfxOutBarCtrl@@QAEKH@Z 10004d00 f   STGfxOutBarCtrl.obj
 0001:00003d40       ?GetFolderImageList@CSTGfxOutBarCtrl@@QBEPAVCImageList@@H_N@Z 10004d40 f   STGfxOutBarCtrl.obj
 0001:00003d90       ?GetFolderRect@CSTGfxOutBarCtrl@@QBE_NHAAVCRect@@@Z 10004d90 f   STGfxOutBarCtrl.obj
 0001:00003ea0       ?GetIconRect@CSTGfxOutBarCtrl@@QAEXHHAAVCRect@@@Z 10004ea0 f   STGfxOutBarCtrl.obj
 0001:000040b0       ?GetImageList@CSTGfxOutBarCtrl@@QAEPAVCImageList@@H@Z 100050b0 f   STGfxOutBarCtrl.obj
 0001:000040e0       ?GetInsideRect@CSTGfxOutBarCtrl@@QBEXAAVCRect@@@Z 100050e0 f   STGfxOutBarCtrl.obj
 0001:00004150       ?GetItemCount@CBarFolder@CSTGfxOutBarCtrl@@QAEHXZ 10005150 f   STGfxOutBarCtrl.obj
 0001:00004160       ?GetItemCount@CSTGfxOutBarCtrl@@QBEHXZ 10005160 f   STGfxOutBarCtrl.obj
 0001:00004190       ?GetItemData@CSTGfxOutBarCtrl@@QBEKH@Z 10005190 f   STGfxOutBarCtrl.obj
 0001:000041e0       ?GetItemImage@CSTGfxOutBarCtrl@@QBEHH@Z 100051e0 f   STGfxOutBarCtrl.obj
 0001:00004230       ?GetItemRect@CSTGfxOutBarCtrl@@QAEXHHAAVCRect@@@Z 10005230 f   STGfxOutBarCtrl.obj
 0001:00004350       ?GetItemSize@CSTGfxOutBarCtrl@@QAE?AVCSize@@HHH@Z 10005350 f   STGfxOutBarCtrl.obj
 0001:000045c0       ?GetItemText@CSTGfxOutBarCtrl@@QAE?AV?$CStringT@DV?$StrTraitMFC_DLL@DV?$ChTraitsCRT@D@ATL@@@@@ATL@@H@Z 100055c0 f   STGfxOutBarCtrl.obj
 0001:00004660       ?GetLabelRect@CSTGfxOutBarCtrl@@QAEXHHAAVCRect@@@Z 10005660 f   STGfxOutBarCtrl.obj
 0001:00004810       ?GetMessageMap@CSTGfxOutBarCtrl@@MBEPBUAFX_MSGMAP@@XZ 10005810 f   STGfxOutBarCtrl.obj
 0001:00004820       ?GetRuntimeClass@CSTGfxOutBarCtrl@@UBEPAUCRuntimeClass@@XZ 10005820 f   STGfxOutBarCtrl.obj
 0001:00004830       ?GetSelFolder@CSTGfxOutBarCtrl@@QBEHXZ 10005830 f   STGfxOutBarCtrl.obj
 0001:00004840       ?GetThisClass@CSTGfxOutBarCtrl@@SGPAUCRuntimeClass@@XZ 10005840 f   STGfxOutBarCtrl.obj
 0001:00004850       ?GetThisMessageMap@CSTGfxOutBarCtrl@@KGPBUAFX_MSGMAP@@XZ 10005850 f   STGfxOutBarCtrl.obj
 0001:00004860       ?GetVisibleRange@CSTGfxOutBarCtrl@@QAEXHAAH0@Z 10005860 f   STGfxOutBarCtrl.obj
 0001:00004930       ?HighlightFolder@CSTGfxOutBarCtrl@@QAEXH@Z 10005930 f   STGfxOutBarCtrl.obj
 0001:00004b40       ?HighlightItem@CSTGfxOutBarCtrl@@QAEXH_N@Z 10005b40 f   STGfxOutBarCtrl.obj
 0001:00004d80       ?HitTestEx@CSTGfxOutBarCtrl@@QAEHABVCPoint@@AAH@Z 10005d80 f   STGfxOutBarCtrl.obj
 0001:00004fa0       ?InsertItem@CBarFolder@CSTGfxOutBarCtrl@@QAEHHPBDHK@Z 10005fa0 f   STGfxOutBarCtrl.obj
 0001:00005080       ?InsertItem@CSTGfxOutBarCtrl@@QAEHHHPBDHK@Z 10006080 f   STGfxOutBarCtrl.obj
 0001:00005180       ?IsSmallIconView@CSTGfxOutBarCtrl@@QBE_NXZ 10006180 f   STGfxOutBarCtrl.obj
 0001:00005190       ?IsValidItem@CSTGfxOutBarCtrl@@QBE_NH@Z 10006190 f   STGfxOutBarCtrl.obj
 0001:000051d0       ?ModifyFlag@CSTGfxOutBarCtrl@@QAEXABK0I@Z 100061d0 f   STGfxOutBarCtrl.obj
 0001:00005240       ?OnCommand@CSTGfxOutBarCtrl@@MAEHIJ@Z 10006240 f   STGfxOutBarCtrl.obj
 0001:000052e0       ?OnCreate@CSTGfxOutBarCtrl@@IAEHPAUtagCREATESTRUCTA@@@Z 100062e0 f   STGfxOutBarCtrl.obj
 0001:00005390       ?OnDestroy@CSTGfxOutBarCtrl@@IAEXXZ 10006390 f   STGfxOutBarCtrl.obj
 0001:000053b0       ?OnEraseBkgnd@CSTGfxOutBarCtrl@@IAEHPAVCDC@@@Z 100063b0 f   STGfxOutBarCtrl.obj
 0001:000053c0       ?OnLButtonDown@CSTGfxOutBarCtrl@@IAEXIVCPoint@@@Z 100063c0 f   STGfxOutBarCtrl.obj
 0001:00005de0       ?OnMouseMove@CSTGfxOutBarCtrl@@IAEXIVCPoint@@@Z 10006de0 f   STGfxOutBarCtrl.obj
 0001:00005df0       ?OnPaint@CSTGfxOutBarCtrl@@IAEXXZ 10006df0 f   STGfxOutBarCtrl.obj
 0001:000063a0       ?OnRButtonDown@CSTGfxOutBarCtrl@@IAEXIVCPoint@@@Z 100073a0 f   STGfxOutBarCtrl.obj
 0001:000063b0       ?OnSetCursor@CSTGfxOutBarCtrl@@IAEHPAVCWnd@@II@Z 100073b0 f   STGfxOutBarCtrl.obj
 0001:00006420       ?OnSize@CSTGfxOutBarCtrl@@IAEXIHH@Z 10007420 f   STGfxOutBarCtrl.obj
 0001:000064d0       ?OnTimer@CSTGfxOutBarCtrl@@IAEXI@Z 100074d0 f   STGfxOutBarCtrl.obj
 0001:00006610       ?PaintItems@CSTGfxOutBarCtrl@@QAEXPAVCDC@@HVCRect@@@Z 10007610 f   STGfxOutBarCtrl.obj
 0001:00006760       ?RemoveFolder@CSTGfxOutBarCtrl@@QAEXH@Z 10007760 f   STGfxOutBarCtrl.obj
 0001:000067e0       ?RemoveItem@CSTGfxOutBarCtrl@@QAEXH@Z 100077e0 f   STGfxOutBarCtrl.obj
 0001:00006880       ?SetAnimSelHighlight@CSTGfxOutBarCtrl@@QAEXH@Z 10007880 f   STGfxOutBarCtrl.obj
 0001:000068c0       ?SetFolderImageList@CImpl_IGfxOutBarCtrl@@UAGXPAVCImageList@@HHH@Z 100078c0 f   STGfxOutBarCtrl.obj
 0001:000068f0       ?SetFolderImageList@CSTGfxOutBarCtrl@@QAEPAVCImageList@@HPAV2@H@Z 100078f0 f   STGfxOutBarCtrl.obj
 0001:00006950       ?SetFolderImageList@CSTGfxOutBarCtrl@@QAEXPAVCImageList@@HHH@Z 10007950 f   STGfxOutBarCtrl.obj
 0001:00006980       ?SetFolderText@CSTGfxOutBarCtrl@@QAEXHPBD@Z 10007980 f   STGfxOutBarCtrl.obj
 0001:000069e0       ?SetImageList@CImpl_IGfxOutBarCtrl@@UAGPAVCImageList@@PAV2@H@Z 100079e0 f   STGfxOutBarCtrl.obj
 0001:00006a30       ?SetImageList@CSTGfxOutBarCtrl@@QAEPAVCImageList@@PAV2@H@Z 10007a30 f   STGfxOutBarCtrl.obj
 0001:00006a80       ?SetItemData@CSTGfxOutBarCtrl@@QAEXHK@Z 10007a80 f   STGfxOutBarCtrl.obj
 0001:00006ac0       ?SetItemImage@CSTGfxOutBarCtrl@@QAEXHH@Z 10007ac0 f   STGfxOutBarCtrl.obj
 0001:00006b00       ?SetItemText@CSTGfxOutBarCtrl@@QAEXHPBD@Z 10007b00 f   STGfxOutBarCtrl.obj
 0001:00006b70       ?SetSelFolder@CImpl_IGfxOutBarCtrl@@UAGXH@Z 10007b70 f   STGfxOutBarCtrl.obj
 0001:00006b90       ?SetSelFolder@CSTGfxOutBarCtrl@@QAEXH@Z 10007b90 f   STGfxOutBarCtrl.obj
 0001:00006ce0       ?SetSmallIconView@CSTGfxOutBarCtrl@@QAEX_N@Z 10007ce0 f   STGfxOutBarCtrl.obj
 0001:00006d60       ?Setcr3dFace@CImpl_IGfxOutBarCtrl@@UAGXK@Z 10007d60 f   STGfxOutBarCtrl.obj
 0001:00006d80       ?Setcr3dUnFace@CImpl_IGfxOutBarCtrl@@UAGXK@Z 10007d80 f   STGfxOutBarCtrl.obj
 0001:00006da0       ?_GetBaseClass@CSTGfxOutBarCtrl@@KGPAUCRuntimeClass@@XZ 10007da0 f   STGfxOutBarCtrl.obj
 0001:00006db0       ??0CStrategyLoader@@QAE@XZ 10007db0 f   StrategyLoader.obj
 0001:000071b0       ??1CStrategyLoader@@UAE@XZ 100081b0 f   StrategyLoader.obj
 0001:000071f0       ??_GCStrategyLoader@@UAEPAXI@Z 100081f0 f i StrategyLoader.obj
 0001:000071f0       ??_ECStrategyLoader@@UAEPAXI@Z 100081f0 f i StrategyLoader.obj
 0001:00007240       ?ComServerFromProgID@CProgIDInfo@@SAJPBDAAV?$CStringT@DV?$StrTraitMFC_DLL@DV?$ChTraitsCRT@D@ATL@@@@@ATL@@@Z 10008240 f i StrategyLoader.obj
 0001:00007450       ?GetStrategyItem@CStrategyLoader@@QAEPAVCIStrategyItem0001@@XZ 10008450 f   StrategyLoader.obj
 0001:00007460       ?LoadStrategyManager@CStrategyLoader@@AAEHXZ 10008460 f   StrategyLoader.obj
 0001:00007590       ?StringCLSIDFromProgID@CProgIDInfo@@SAJPBDAAV?$CStringT@DV?$StrTraitMFC_DLL@DV?$ChTraitsCRT@D@ATL@@@@@ATL@@@Z 10008590 f i StrategyLoader.obj
 0001:00007700       ?UnloadStrategyManager@CStrategyLoader@@AAEHXZ 10008700 f   StrategyLoader.obj
 0001:00007730       ___local_stdio_scanf_options 10008730 f i StrategyLoader.obj
 0001:00007740       _sscanf                    10008740 f i StrategyLoader.obj
 0001:00007770       ??0CSTBasicTree@@QAE@XZ    10008770 f   STTreeCtrl.obj
 0001:000077c0       ??0CSTExtTree@@QAE@XZ      100087c0 f   STTreeCtrl.obj
 0001:00007810       ??0CSTTreeCtrl@@QAE@XZ     10008810 f   STTreeCtrl.obj
 0001:00007860       ??1CSTBasicTree@@UAE@XZ    10008860 f   STTreeCtrl.obj
 0001:00007890       ??1CSTExtTree@@UAE@XZ      10008890 f   STTreeCtrl.obj
 0001:000078c0       ??1CSTTreeCtrl@@UAE@XZ     100088c0 f   STTreeCtrl.obj
 0001:000078f0       ??1STMNG_ITEMINFO_EX1@@QAE@XZ 100088f0 f i STTreeCtrl.obj
 0001:00007910       ??_ECSTBasicTree@@UAEPAXI@Z 10008910 f i STTreeCtrl.obj
 0001:00007910       ??_GCSTBasicTree@@UAEPAXI@Z 10008910 f i STTreeCtrl.obj
 0001:00007970       ??_ECSTExtTree@@UAEPAXI@Z  10008970 f i STTreeCtrl.obj
 0001:00007970       ??_GCSTExtTree@@UAEPAXI@Z  10008970 f i STTreeCtrl.obj
 0001:000079d0       ??_GCSTTreeCtrl@@UAEPAXI@Z 100089d0 f i STTreeCtrl.obj
 0001:000079d0       ??_ECSTTreeCtrl@@UAEPAXI@Z 100089d0 f i STTreeCtrl.obj
 0001:00007a30       ??_GCTreeCtrl@@UAEPAXI@Z   10008a30 f i STTreeCtrl.obj
 0001:00007a30       ??_ECTreeCtrl@@UAEPAXI@Z   10008a30 f i STTreeCtrl.obj
 0001:00007a70       ?AddSTItem@CSTTreeCtrl@@UAEHPBD0@Z 10008a70 f   STTreeCtrl.obj
 0001:00007b40       ?Create@CSTTreeCtrl@@QAEHKABUtagRECT@@PAVCWnd@@I@Z 10008b40 f   STTreeCtrl.obj
 0001:00007ba0       ?DeleteAllItemData@CSTTreeCtrl@@UAEXPAU_TREEITEM@@@Z 10008ba0 f   STTreeCtrl.obj
 0001:00007c20       ?DeleteInfo@CSTTreeCtrl@@UAEXPAUSTTREEBASE_INFO@@@Z 10008c20 f   STTreeCtrl.obj
 0001:00007c70       ?DeleteSTItem@CSTTreeCtrl@@UAEHPBD0@Z 10008c70 f   STTreeCtrl.obj
 0001:00007ce0       ?GetMessageMap@CSTBasicTree@@MBEPBUAFX_MSGMAP@@XZ 10008ce0 f   STTreeCtrl.obj
 0001:00007cf0       ?GetMessageMap@CSTExtTree@@MBEPBUAFX_MSGMAP@@XZ 10008cf0 f   STTreeCtrl.obj
 0001:00007d00       ?GetMessageMap@CSTTreeCtrl@@MBEPBUAFX_MSGMAP@@XZ 10008d00 f   STTreeCtrl.obj
 0001:00007d10       ?GetSTFolderList@CLoadSTFile@@SAHPBDAAVCStringArray@@@Z 10008d10 f i STTreeCtrl.obj
 0001:00007e60       ?GetThisMessageMap@CSTBasicTree@@KGPBUAFX_MSGMAP@@XZ 10008e60 f   STTreeCtrl.obj
 0001:00007e70       ?GetThisMessageMap@CSTExtTree@@KGPBUAFX_MSGMAP@@XZ 10008e70 f   STTreeCtrl.obj
 0001:00007e80       ?GetThisMessageMap@CSTTreeCtrl@@KGPBUAFX_MSGMAP@@XZ 10008e80 f   STTreeCtrl.obj
 0001:00007e90       ?LoadSTFolderList@CSTTreeCtrl@@UAEXPAU_TREEITEM@@PBDPAUSTTREEFOLDER_INFO@@H@Z 10008e90 f   STTreeCtrl.obj
 0001:00008250       ?LoadSTTree@CSTBasicTree@@UAEXXZ 10009250 f   STTreeCtrl.obj
 0001:00008470       ?LoadSTTree@CSTExtTree@@UAEXXZ 10009470 f   STTreeCtrl.obj
 0001:00008800       ?OnCreate@CSTTreeCtrl@@IAEHPAUtagCREATESTRUCTA@@@Z 10009800 f   STTreeCtrl.obj
 0001:000088f0       ?OnDblclk@CSTTreeCtrl@@IAEXPAUtagNMHDR@@PAJ@Z 100098f0 f   STTreeCtrl.obj
 0001:00008a80       ?OnDestroy@CSTTreeCtrl@@IAEXXZ 10009a80 f   STTreeCtrl.obj
 0001:00008ac0       ?OnLButtonDown@CSTTreeCtrl@@IAEXIVCPoint@@@Z 10009ac0 f   STTreeCtrl.obj
 0001:00008c80       ?SearchFolderItem@CSTTreeCtrl@@UAEPAU_TREEITEM@@PBD@Z 10009c80 f   STTreeCtrl.obj
 0001:00008d50       ?SearchItem@CSTTreeCtrl@@UAEPAU_TREEITEM@@PAU2@PBD@Z 10009d50 f   STTreeCtrl.obj
 0001:00008e60       ___local_stdio_printf_options 10009e60 f i STTreeCtrl.obj
 0001:00008e70       _sprintf                   10009e70 f i STTreeCtrl.obj
 0001:00008eb0       ??_ECMschart1@@UAEPAXI@Z   10009eb0 f i mschart1.obj
 0001:00008eb0       ??_GCMschart1@@UAEPAXI@Z   10009eb0 f i mschart1.obj
 0001:00008ef0       ?Create@CMschart1@@UAEHPBD0KABUtagRECT@@PAVCWnd@@IPAUCCreateContext@@@Z 10009ef0 f i mschart1.obj
 0001:00008f20       ?CreateObject@CMschart1@@SGPAVCObject@@XZ 10009f20 f   mschart1.obj
 0001:00008fa0       ?GetRuntimeClass@CMschart1@@UBEPAUCRuntimeClass@@XZ 10009fa0 f   mschart1.obj
 0001:00008fb0       ?GetThisClass@CMschart1@@SGPAUCRuntimeClass@@XZ 10009fb0 f   mschart1.obj
 0001:00008fc0       ?_GetBaseClass@CMschart1@@KGPAUCRuntimeClass@@XZ 10009fc0 f   mschart1.obj
 0001:00008fd0       ?AddXY@CSeries@@QAEJNNPBDK@Z 10009fd0 f   series.obj
 0001:00009010       ?Clear@CSeries@@QAEXXZ     1000a010 f   series.obj
 0001:00009030       ??_GCTChart@@UAEPAXI@Z     1000a030 f i tchart.obj
 0001:00009030       ??_ECTChart@@UAEPAXI@Z     1000a030 f i tchart.obj
 0001:00009070       ?AboutBox@CTChart@@QAEXXZ  1000a070 f   tchart.obj
 0001:00009090       ?AddSeries@CTChart@@QAEJJ@Z 1000a090 f   tchart.obj
 0001:000090c0       ?ApplyCustomPalette@CTChart@@QAEXABUtagVARIANT@@@Z 1000a0c0 f   tchart.obj
 0001:000090f0       ?ApplyPalette@CTChart@@QAEXJ@Z 1000a0f0 f   tchart.obj
 0001:00009120       ?ChangeSeriesType@CTChart@@QAEXJJ@Z 1000a120 f   tchart.obj
 0001:00009150       ?ChartRect@CTChart@@QAEXJJJJ@Z 1000a150 f   tchart.obj
 0001:00009180       ?ClearChart@CTChart@@QAEXXZ 1000a180 f   tchart.obj
 0001:000091a0       ?CloneSeries@CTChart@@QAEJJ@Z 1000a1a0 f   tchart.obj
 0001:000091d0       ?Create@CTChart@@UAEHPBD0KABUtagRECT@@PAVCWnd@@IPAUCCreateContext@@@Z 1000a1d0 f i tchart.obj
 0001:00009200       ?CreateObject@CTChart@@SGPAVCObject@@XZ 1000a200 f   tchart.obj
 0001:00009280       ?Draw@CTChart@@QAEXJJJJJ@Z 1000a280 f   tchart.obj
 0001:000092b0       ?EditOneSeries@CTChart@@QAEXJ@Z 1000a2b0 f   tchart.obj
 0001:000092d0       ?ExchangeSeries@CTChart@@QAEXJJ@Z 1000a2d0 f   tchart.obj
 0001:00009300       ?GetAutoRepaint@CTChart@@QAEHXZ 1000a300 f   tchart.obj
 0001:00009320       ?GetAxis@CTChart@@QAE?AVCAxes@@XZ 1000a320 f   tchart.obj
 0001:00009350       ?GetChartLink@CTChart@@QAEJXZ 1000a350 f   tchart.obj
 0001:00009370       ?GetClipPoints@CTChart@@QAEHXZ 1000a370 f   tchart.obj
 0001:00009390       ?GetCursor@CTChart@@QAEFXZ 1000a390 f   tchart.obj
 0001:000093c0       ?GetDateTimeStep@CTChart@@QAENJ@Z 1000a3c0 f   tchart.obj
 0001:000093f0       ?GetDragCursor@CTChart@@QAEFXZ 1000a3f0 f   tchart.obj
 0001:00009420       ?GetDragMode@CTChart@@QAEJXZ 1000a420 f   tchart.obj
 0001:00009440       ?GetEnabled@CTChart@@QAEHXZ 1000a440 f   tchart.obj
 0001:00009460       ?GetFreeSeriesColor@CTChart@@QAEKH@Z 1000a460 f   tchart.obj
 0001:00009490       ?GetHeight@CTChart@@QAEJXZ 1000a490 f   tchart.obj
 0001:000094b0       ?GetLabelsSeries@CTChart@@QAE?AVCSeries@@J@Z 1000a4b0 f   tchart.obj
 0001:000094f0       ?GetLeft@CTChart@@QAEJXZ   1000a4f0 f   tchart.obj
 0001:00009510       ?GetRuntimeClass@CTChart@@UBEPAUCRuntimeClass@@XZ 1000a510 f   tchart.obj
 0001:00009520       ?GetSeriesCount@CTChart@@QAEJXZ 1000a520 f   tchart.obj
 0001:00009540       ?GetThisClass@CTChart@@SGPAUCRuntimeClass@@XZ 1000a540 f   tchart.obj
 0001:00009550       ?GetTimerEnabled@CTChart@@QAEHXZ 1000a550 f   tchart.obj
 0001:00009570       ?GetTimerInterval@CTChart@@QAEJXZ 1000a570 f   tchart.obj
 0001:00009590       ?GetTop@CTChart@@QAEJXZ    1000a590 f   tchart.obj
 0001:000095b0       ?GetVisible@CTChart@@QAEHXZ 1000a5b0 f   tchart.obj
 0001:000095d0       ?GetWidth@CTChart@@QAEJXZ  1000a5d0 f   tchart.obj
 0001:000095f0       ?IsFreeSeriesColor@CTChart@@QAEHKH@Z 1000a5f0 f   tchart.obj
 0001:00009620       ?RefreshData@CTChart@@QAEXXZ 1000a620 f   tchart.obj
 0001:00009640       ?RemoveAllSeries@CTChart@@QAEXXZ 1000a640 f   tchart.obj
 0001:00009660       ?RemoveSeries@CTChart@@QAEXJ@Z 1000a660 f   tchart.obj
 0001:00009680       ?Repaint@CTChart@@QAEXXZ   1000a680 f   tchart.obj
 0001:000096a0       ?Series@CTChart@@QAE?AVCSeries@@J@Z 1000a6a0 f   tchart.obj
 0001:000096e0       ?SeriesTitleLegend@CTChart@@QAE?AV?$CStringT@DV?$StrTraitMFC_DLL@DV?$ChTraitsCRT@D@ATL@@@@@ATL@@J@Z 1000a6e0 f   tchart.obj
 0001:00009760       ?SetAutoRepaint@CTChart@@QAEXH@Z 1000a760 f   tchart.obj
 0001:00009780       ?SetClipPoints@CTChart@@QAEXH@Z 1000a780 f   tchart.obj
 0001:000097a0       ?SetCursor@CTChart@@QAEXF@Z 1000a7a0 f   tchart.obj
 0001:000097d0       ?SetDragCursor@CTChart@@QAEXF@Z 1000a7d0 f   tchart.obj
 0001:00009800       ?SetDragMode@CTChart@@QAEXJ@Z 1000a800 f   tchart.obj
 0001:00009820       ?SetEnabled@CTChart@@QAEXH@Z 1000a820 f   tchart.obj
 0001:00009840       ?SetHeight@CTChart@@QAEXJ@Z 1000a840 f   tchart.obj
 0001:00009860       ?SetLeft@CTChart@@QAEXJ@Z  1000a860 f   tchart.obj
 0001:00009880       ?SetTheme@CTChart@@QAEXJJ@Z 1000a880 f   tchart.obj
 0001:000098b0       ?SetTimerEnabled@CTChart@@QAEXH@Z 1000a8b0 f   tchart.obj
 0001:000098d0       ?SetTimerInterval@CTChart@@QAEXJ@Z 1000a8d0 f   tchart.obj
 0001:000098f0       ?SetTop@CTChart@@QAEXJ@Z   1000a8f0 f   tchart.obj
 0001:00009910       ?SetVisible@CTChart@@QAEXH@Z 1000a910 f   tchart.obj
 0001:00009930       ?SetWidth@CTChart@@QAEXJ@Z 1000a930 f   tchart.obj
 0001:00009950       ?ShowEditor@CTChart@@QAEXJ@Z 1000a950 f   tchart.obj
 0001:00009970       ?ShowThemesEditor@CTChart@@QAEXXZ 1000a970 f   tchart.obj
 0001:00009990       ?StopMouse@CTChart@@QAEXXZ 1000a990 f   tchart.obj
 0001:000099b0       ?_GetBaseClass@CTChart@@KGPAUCRuntimeClass@@XZ 1000a9b0 f   tchart.obj
 0001:000099c0       ??$SerializeElements@H@@YGXAAVCArchive@@PAHH@Z 1000a9c0 f i XTabCtrl.obj
 0001:00009a70       ??0?$CArray@HH@@QAE@XZ     1000aa70 f i XTabCtrl.obj
 0001:00009aa0       ??0CXTabCtrl@@QAE@XZ       1000aaa0 f   XTabCtrl.obj
 0001:00009bd0       ??1?$CArray@HH@@UAE@XZ     1000abd0 f i XTabCtrl.obj
 0001:00009bf0       ??1CXTabCtrl@@UAE@XZ       1000abf0 f   XTabCtrl.obj
 0001:00009c90       ??_E?$CArray@HH@@UAEPAXI@Z 1000ac90 f i XTabCtrl.obj
 0001:00009c90       ??_G?$CArray@HH@@UAEPAXI@Z 1000ac90 f i XTabCtrl.obj
 0001:00009ce0       ??_ECTabCtrl@@UAEPAXI@Z    1000ace0 f i XTabCtrl.obj
 0001:00009ce0       ??_GCTabCtrl@@UAEPAXI@Z    1000ace0 f i XTabCtrl.obj
 0001:00009d20       ??_GCXTabCtrl@@UAEPAXI@Z   1000ad20 f i XTabCtrl.obj
 0001:00009d20       ??_ECXTabCtrl@@UAEPAXI@Z   1000ad20 f i XTabCtrl.obj
 0001:00009e00       ?AddTab@CXTabCtrl@@QAEXPAVCWnd@@PADH@Z 1000ae00 f   XTabCtrl.obj
 0001:00009ee0       ?AfxCrtErrorCheck@@YAHH@Z  1000aee0 f i XTabCtrl.obj
 0001:00009f70       ?ChangeTab@CXTabCtrl@@QAEXHPAVCWnd@@PADH@Z 1000af70 f   XTabCtrl.obj
 0001:0000a030       ?DeleteAllTabs@CXTabCtrl@@QAEXXZ 1000b030 f   XTabCtrl.obj
 0001:0000a080       ?DeleteTab@CXTabCtrl@@QAEXH@Z 1000b080 f   XTabCtrl.obj
 0001:0000a120       ?DrawGradientTab@CXTabCtrl@@QAEXPAVCDC@@VCRect@@@Z 1000b120 f   XTabCtrl.obj
 0001:0000a2d0       ?DrawItem@CXTabCtrl@@MAEXPAUtagDRAWITEMSTRUCT@@@Z 1000b2d0 f   XTabCtrl.obj
 0001:0000a8c0       ?DrawLine@CXTabCtrl@@QAEXVCPoint@@0PAVCDC@@K@Z 1000b8c0 f   XTabCtrl.obj
 0001:0000a980       ?EnableTab@CXTabCtrl@@QAEXHH@Z 1000b980 f   XTabCtrl.obj
 0001:0000aa00       ?GetMessageMap@CXTabCtrl@@MBEPBUAFX_MSGMAP@@XZ 1000ba00 f   XTabCtrl.obj
 0001:0000aa10       ?GetThisMessageMap@CXTabCtrl@@KGPBUAFX_MSGMAP@@XZ 1000ba10 f   XTabCtrl.obj
 0001:0000aa20       ?IsTabEnabled@CXTabCtrl@@QAEHH@Z 1000ba20 f   XTabCtrl.obj
 0001:0000aa50       ?OnEraseBkgnd@CXTabCtrl@@IAEHPAVCDC@@@Z 1000ba50 f   XTabCtrl.obj
 0001:0000aab0       ?OnLButtonDown@CXTabCtrl@@IAEXIVCPoint@@@Z 1000bab0 f   XTabCtrl.obj
 0001:0000aaf0       ?OnLButtonUp@CXTabCtrl@@IAEXIVCPoint@@@Z 1000baf0 f   XTabCtrl.obj
 0001:0000ab30       ?OnMouseMove@CXTabCtrl@@IAEXIVCPoint@@@Z 1000bb30 f   XTabCtrl.obj
 0001:0000ab80       ?OnPaint@CXTabCtrl@@IAEXXZ 1000bb80 f   XTabCtrl.obj
 0001:0000ae40       ?OnSelchange@CXTabCtrl@@IAEHPAUtagNMHDR@@PAJ@Z 1000be40 f   XTabCtrl.obj
 0001:0000af50       ?OnSelchanging@CXTabCtrl@@IAEHPAUtagNMHDR@@PAJ@Z 1000bf50 f   XTabCtrl.obj
 0001:0000af90       ?OnSize@CXTabCtrl@@IAEXIHH@Z 1000bf90 f   XTabCtrl.obj
 0001:0000b010       ?OnTimer@CXTabCtrl@@IAEXI@Z 1000c010 f   XTabCtrl.obj
 0001:0000b0c0       ?PreSubclassWindow@CXTabCtrl@@MAEXXZ 1000c0c0 f   XTabCtrl.obj
 0001:0000b0e0       ?RemoveAt@?$CArray@HH@@QAEXHH@Z 1000c0e0 f i XTabCtrl.obj
 0001:0000b180       ?SelectNextTab@CXTabCtrl@@QAEHH@Z 1000c180 f   XTabCtrl.obj
 0001:0000b220       ?SelectTab@CXTabCtrl@@QAEHH@Z 1000c220 f   XTabCtrl.obj
 0001:0000b350       ?SelectTabByName@CXTabCtrl@@QAEHPBD@Z 1000c350 f   XTabCtrl.obj
 0001:0000b430       ?Serialize@?$CArray@HH@@UAEXAAVCArchive@@@Z 1000c430 f i XTabCtrl.obj
 0001:0000b510       ?SetAtGrow@?$CArray@HH@@QAEXHH@Z 1000c510 f i XTabCtrl.obj
 0001:0000b550       ?SetDisabledColor@CXTabCtrl@@QAEXK@Z 1000c550 f   XTabCtrl.obj
 0001:0000b570       ?SetMouseOverColor@CXTabCtrl@@QAEXK@Z 1000c570 f   XTabCtrl.obj
 0001:0000b590       ?SetNormalColor@CXTabCtrl@@QAEXKKK@Z 1000c590 f   XTabCtrl.obj
 0001:0000b5c0       ?SetPrevSelect@CXTabCtrl@@QAEXXZ 1000c5c0 f   XTabCtrl.obj
 0001:0000b610       ?SetSelectedColor@CXTabCtrl@@QAEXKK@Z 1000c610 f   XTabCtrl.obj
 0001:0000b630       ?SetSize@?$CArray@HH@@QAEXHH@Z 1000c630 f i XTabCtrl.obj
 0001:0000b810       ?SetTopLeftCorner@CXTabCtrl@@QAEXVCPoint@@@Z 1000c810 f   XTabCtrl.obj
 0001:0000b830       ??0CDlgInterface@@QAE@IPAVCWnd@@@Z 1000c830 f   DlgInterface.obj
 0001:0000b870       ??_GCDlgInterface@@UAEPAXI@Z 1000c870 f i DlgInterface.obj
 0001:0000b870       ??_ECDlgInterface@@UAEPAXI@Z 1000c870 f i DlgInterface.obj
 0001:0000b8b0       ??_GCEscDialog@@UAEPAXI@Z  1000c8b0 f i DlgInterface.obj
 0001:0000b8b0       ??_ECEscDialog@@UAEPAXI@Z  1000c8b0 f i DlgInterface.obj
 0001:0000b8f0       ?Create@CDialog@@UAEHIPAVCWnd@@@Z 1000c8f0 f i DlgInterface.obj
 0001:0000b900       ?DoDataExchange@CDlgInterface@@MAEXPAVCDataExchange@@@Z 1000c900 f   DlgInterface.obj
 0001:0000b910       ?GetComma@CDlgInterface@@QAE?AV?$CStringT@DV?$StrTraitMFC_DLL@DV?$ChTraitsCRT@D@ATL@@@@@ATL@@PBD@Z 1000c910 f   DlgInterface.obj
 0001:0000bbd0       ?GetMessageMap@CDlgInterface@@MBEPBUAFX_MSGMAP@@XZ 1000cbd0 f   DlgInterface.obj
 0001:0000bbe0       ?GetNumber@CDlgInterface@@QAE?AV?$CStringT@DV?$StrTraitMFC_DLL@DV?$ChTraitsCRT@D@ATL@@@@@ATL@@PBD@Z 1000cbe0 f   DlgInterface.obj
 0001:0000bca0       ?GetThisMessageMap@CDlgInterface@@KGPBUAFX_MSGMAP@@XZ 1000cca0 f   DlgInterface.obj
 0001:0000bcb0       ?GuganBtnUpdate@CDlgInterface@@UAEXXZ 1000ccb0 f i DlgInterface.obj
 0001:0000bcc0       ?ParsingComma@CDlgInterface@@QAE?AV?$CStringT@DV?$StrTraitMFC_DLL@DV?$ChTraitsCRT@D@ATL@@@@@ATL@@V23@@Z 1000ccc0 f   DlgInterface.obj
 0001:0000bd40       ?PreTranslateMessage@CEscDialog@@MAEHPAUtagMSG@@@Z 1000cd40 f i DlgInterface.obj
 0001:0000bdb0       ?SetChartFocus@CDlgInterface@@UAEXH@Z 1000cdb0 f i DlgInterface.obj
 0001:0000bdc0       ?UpdateDlg@CDlgInterface@@UAEXXZ 1000cdc0 f i DlgInterface.obj
 0001:0000bdd0       ??$SerializeElements@PAUSTMNG_ITEMINFO@@@@YGXAAVCArchive@@PAPAUSTMNG_ITEMINFO@@H@Z 1000cdd0 f i DlgOptimizer.obj
 0001:0000be80       ??$SerializeElements@PAUST_VALUE@@@@YGXAAVCArchive@@PAPAUST_VALUE@@H@Z 1000ce80 f i DlgOptimizer.obj
 0001:0000bf30       ??$SerializeElements@PAVCDialog@@@@YGXAAVCArchive@@PAPAVCDialog@@H@Z 1000cf30 f i DlgOptimizer.obj
 0001:0000bfe0       ??$SerializeElements@UST_GRIDDATA@@@@YGXAAVCArchive@@PAUST_GRIDDATA@@H@Z 1000cfe0 f i DlgOptimizer.obj
 0001:0000c090       ??$SerializeElements@UST_RUNVALUE@@@@YGXAAVCArchive@@PAUST_RUNVALUE@@H@Z 1000d090 f i DlgOptimizer.obj
 0001:0000c140       ??$SerializeElements@UST_STRGRIDDATA@@@@YGXAAVCArchive@@PAUST_STRGRIDDATA@@H@Z 1000d140 f i DlgOptimizer.obj
 0001:0000c1f0       ??$SerializeElements@UST_VALUEOPTIMAZE@@@@YGXAAVCArchive@@PAUST_VALUEOPTIMAZE@@H@Z 1000d1f0 f i DlgOptimizer.obj
 0001:0000c2b0       ??0?$CArray@PAUST_VALUE@@PAU1@@@QAE@XZ 1000d2b0 f i DlgOptimizer.obj
 0001:0000c2e0       ??0?$CArray@PAVCDialog@@PAV1@@@QAE@XZ 1000d2e0 f i DlgOptimizer.obj
 0001:0000c310       ??0?$CArray@UST_GRIDDATA@@U1@@@QAE@XZ 1000d310 f i DlgOptimizer.obj
 0001:0000c340       ??0?$CArray@UST_RUNVALUE@@U1@@@QAE@XZ 1000d340 f i DlgOptimizer.obj
 0001:0000c370       ??0?$CArray@UST_STRGRIDDATA@@U1@@@QAE@XZ 1000d370 f i DlgOptimizer.obj
 0001:0000c3a0       ??0?$CArray@UST_VALUEOPTIMAZE@@U1@@@QAE@XZ 1000d3a0 f i DlgOptimizer.obj
 0001:0000c3d0       ??0?$CList@PAUSTMNG_ITEMINFO@@PAU1@@@QAE@H@Z 1000d3d0 f i DlgOptimizer.obj
 0001:0000c410       ??0CDlgOptimizer@@QAE@PAVCWnd@@@Z 1000d410 f   DlgOptimizer.obj
 0001:0000c860       ??0ST_GRIDDATA@@QAE@XZ     1000d860 f i DlgOptimizer.obj
 0001:0000c9c0       ??1?$CArray@PAUST_VALUE@@PAU1@@@UAE@XZ 1000d9c0 f i DlgOptimizer.obj
 0001:0000c9e0       ??1?$CArray@PAVCDialog@@PAV1@@@UAE@XZ 1000d9e0 f i DlgOptimizer.obj
 0001:0000ca00       ??1?$CArray@UST_GRIDDATA@@U1@@@UAE@XZ 1000da00 f i DlgOptimizer.obj
 0001:0000ca50       ??1?$CArray@UST_RUNVALUE@@U1@@@UAE@XZ 1000da50 f i DlgOptimizer.obj
 0001:0000ca70       ??1?$CArray@UST_STRGRIDDATA@@U1@@@UAE@XZ 1000da70 f i DlgOptimizer.obj
 0001:0000cac0       ??1?$CArray@UST_VALUEOPTIMAZE@@U1@@@UAE@XZ 1000dac0 f i DlgOptimizer.obj
 0001:0000cb10       ??1?$CList@PAUSTMNG_ITEMINFO@@PAU1@@@UAE@XZ 1000db10 f i DlgOptimizer.obj
 0001:0000cb80       ??1CBrush@@UAE@XZ          1000db80 f i DlgOptimizer.obj
 0001:0000cb90       ??1CDlgOptimizer@@UAE@XZ   1000db90 f i DlgOptimizer.obj
 0001:0000cde0       ??1CEscDialog@@UAE@XZ      1000dde0 f i DlgOptimizer.obj
 0001:0000cdf0       ??1ST_GRIDDATA@@QAE@XZ     1000ddf0 f i DlgOptimizer.obj
 0001:0000cf50       ??1ST_VALUEOPTIMAZE@@QAE@XZ 1000df50 f i DlgOptimizer.obj
 0001:0000cf60       ??1_GV_ITEM@@QAE@XZ        1000df60 f i DlgOptimizer.obj
 0001:0000cf70       ??HATL@@YA?AV?$CStringT@DV?$StrTraitMFC_DLL@DV?$ChTraitsCRT@D@ATL@@@@@0@ABV10@0@Z 1000df70 f i DlgOptimizer.obj
 0001:0000cff0       ??HATL@@YA?AV?$CStringT@DV?$StrTraitMFC_DLL@DV?$ChTraitsCRT@D@ATL@@@@@0@ABV10@PBD@Z 1000dff0 f i DlgOptimizer.obj
 0001:0000d090       ??_G?$CArray@PAUST_VALUE@@PAU1@@@UAEPAXI@Z 1000e090 f i DlgOptimizer.obj
 0001:0000d090       ??_E?$CArray@PAUST_VALUE@@PAU1@@@UAEPAXI@Z 1000e090 f i DlgOptimizer.obj
 0001:0000d0e0       ??_G?$CArray@PAVCDialog@@PAV1@@@UAEPAXI@Z 1000e0e0 f i DlgOptimizer.obj
 0001:0000d0e0       ??_E?$CArray@PAVCDialog@@PAV1@@@UAEPAXI@Z 1000e0e0 f i DlgOptimizer.obj
 0001:0000d130       ??_E?$CArray@UST_GRIDDATA@@U1@@@UAEPAXI@Z 1000e130 f i DlgOptimizer.obj
 0001:0000d130       ??_G?$CArray@UST_GRIDDATA@@U1@@@UAEPAXI@Z 1000e130 f i DlgOptimizer.obj
 0001:0000d170       ??_G?$CArray@UST_RUNVALUE@@U1@@@UAEPAXI@Z 1000e170 f i DlgOptimizer.obj
 0001:0000d170       ??_E?$CArray@UST_RUNVALUE@@U1@@@UAEPAXI@Z 1000e170 f i DlgOptimizer.obj
 0001:0000d1c0       ??_G?$CArray@UST_STRGRIDDATA@@U1@@@UAEPAXI@Z 1000e1c0 f i DlgOptimizer.obj
 0001:0000d1c0       ??_E?$CArray@UST_STRGRIDDATA@@U1@@@UAEPAXI@Z 1000e1c0 f i DlgOptimizer.obj
 0001:0000d200       ??_E?$CArray@UST_VALUEOPTIMAZE@@U1@@@UAEPAXI@Z 1000e200 f i DlgOptimizer.obj
 0001:0000d200       ??_G?$CArray@UST_VALUEOPTIMAZE@@U1@@@UAEPAXI@Z 1000e200 f i DlgOptimizer.obj
 0001:0000d240       ??_G?$CList@PAUSTMNG_ITEMINFO@@PAU1@@@UAEPAXI@Z 1000e240 f i DlgOptimizer.obj
 0001:0000d240       ??_E?$CList@PAUSTMNG_ITEMINFO@@PAU1@@@UAEPAXI@Z 1000e240 f i DlgOptimizer.obj
 0001:0000d2f0       ??_ECBrush@@UAEPAXI@Z      1000e2f0 f i DlgOptimizer.obj
 0001:0000d2f0       ??_GCBrush@@UAEPAXI@Z      1000e2f0 f i DlgOptimizer.obj
 0001:0000d330       ??_GCDlgOptimizer@@UAEPAXI@Z 1000e330 f i DlgOptimizer.obj
 0001:0000d330       ??_ECDlgOptimizer@@UAEPAXI@Z 1000e330 f i DlgOptimizer.obj
 0001:0000d370       ??_ECListBox@@UAEPAXI@Z    1000e370 f i DlgOptimizer.obj
 0001:0000d370       ??_GCListBox@@UAEPAXI@Z    1000e370 f i DlgOptimizer.obj
 0001:0000d3b0       ??_H@YGXPAXIIP6EPAX0@Z@Z   1000e3b0 f i DlgOptimizer.obj
 0001:0000d3e0       ?AddTail@?$CList@PAUSTMNG_ITEMINFO@@PAU1@@@QAEPAU__POSITION@@PAUSTMNG_ITEMINFO@@@Z 1000e3e0 f i DlgOptimizer.obj
 0001:0000d540       ?AutoSizeColumns@CDlgOptimizer@@QAEXXZ 1000e540 f   DlgOptimizer.obj
 0001:0000d5e0       ?CalculateSendData@CDlgOptimizer@@QAEHXZ 1000e5e0 f   DlgOptimizer.obj
 0001:0000d5f0       ?Copy@?$CArray@UST_VALUEOPTIMAZE@@U1@@@QAEXABV1@@Z 1000e5f0 f i DlgOptimizer.obj
 0001:0000d690       ?CreateTImeSetupDlg@CDlgOptimizer@@QAEXXZ 1000e690 f   DlgOptimizer.obj
 0001:0000d950       ?DestoryTImeSetupDlg@CDlgOptimizer@@QAEXXZ 1000e950 f   DlgOptimizer.obj
 0001:0000d970       ?DoDataExchange@CDlgOptimizer@@MAEXPAVCDataExchange@@@Z 1000e970 f   DlgOptimizer.obj
 0001:0000da10       ?FormInit@CDlgOptimizer@@QAEXXZ 1000ea10 f   DlgOptimizer.obj
 0001:0000da20       ?FormLoad@CDlgOptimizer@@QAEXXZ 1000ea20 f   DlgOptimizer.obj
 0001:0000da30       ?GetChartData@CSTUserData@CDlgOptimizer@@UAGHAAJ000000AAH@Z 1000ea30 f   DlgOptimizer.obj
 0001:0000dd30       ?GetCount@CListBox@@QBEHXZ 1000ed30 f i DlgOptimizer.obj
 0001:0000dd50       ?GetJMNameAndGubunFromCode@CDlgOptimizer@@QAE?AV?$CStringT@DV?$StrTraitMFC_DLL@DV?$ChTraitsCRT@D@ATL@@@@@ATL@@V23@@Z 1000ed50 f   DlgOptimizer.obj
 0001:0000ddb0       ?GetMessageMap@CDlgOptimizer@@MBEPBUAFX_MSGMAP@@XZ 1000edb0 f   DlgOptimizer.obj
 0001:0000ddc0       ?GetThisMessageMap@CDlgOptimizer@@KGPBUAFX_MSGMAP@@XZ 1000edc0 f   DlgOptimizer.obj
 0001:0000ddd0       ?HideControl@CDlgOptimizer@@QAEXXZ 1000edd0 f   DlgOptimizer.obj
 0001:0000dde0       ?InitCodeInfo@CDlgOptimizer@@QAEXXZ 1000ede0 f   DlgOptimizer.obj
 0001:0000ddf0       ?InitControls@CDlgOptimizer@@QAEXXZ 1000edf0 f   DlgOptimizer.obj
 0001:0000de30       ?InitGrid@CDlgOptimizer@@QAEXXZ 1000ee30 f   DlgOptimizer.obj
 0001:0000dfb0       ?InitSkin@CDlgOptimizer@@QAEXXZ 1000efb0 f   DlgOptimizer.obj
 0001:0000dfc0       ?InitStrategy@CDlgOptimizer@@QAEXXZ 1000efc0 f   DlgOptimizer.obj
 0001:0000dfd0       ?InitTab@CDlgOptimizer@@QAEXXZ 1000efd0 f   DlgOptimizer.obj
 0001:0000e390       ?IsCurrentChartData@CDlgOptimizer@@QAEHV?$CStringT@DV?$StrTraitMFC_DLL@DV?$ChTraitsCRT@D@ATL@@@@@ATL@@@Z 1000f390 f   DlgOptimizer.obj
 0001:0000e3b0       ?IsNumber@CDlgOptimizer@@QAEHV?$CStringT@DV?$StrTraitMFC_DLL@DV?$ChTraitsCRT@D@ATL@@@@@ATL@@H@Z 1000f3b0 f   DlgOptimizer.obj
 0001:0000e410       ?LoadOutlookBar@CDlgOptimizer@@QAEXXZ 1000f410 f   DlgOptimizer.obj
 0001:0000e670       ?LoadSTList@CDlgOptimizer@@QAEXXZ 1000f670 f   DlgOptimizer.obj
 0001:0000e8a0       ?LoadSTList_SSStyle@CDlgOptimizer@@QAEXXZ 1000f8a0 f   DlgOptimizer.obj
 0001:0000e980       ?MedoMesuComboDataParsing@CDlgOptimizer@@QAEXXZ 1000f980 f   DlgOptimizer.obj
 0001:0000e990       ?NewNode@?$CList@PAUSTMNG_ITEMINFO@@PAU1@@@IAEPAUCNode@1@PAU21@0@Z 1000f990 f i DlgOptimizer.obj
 0001:0000ea00       ?OnBnClickedBtnAddall@CDlgOptimizer@@QAEXXZ 1000fa00 f   DlgOptimizer.obj
 0001:0000eb90       ?OnBnClickedBtnAddone@CDlgOptimizer@@QAEXXZ 1000fb90 f   DlgOptimizer.obj
 0001:0000ed20       ?OnBnClickedBtnDelall@CDlgOptimizer@@QAEXXZ 1000fd20 f   DlgOptimizer.obj
 0001:0000edb0       ?OnBnClickedBtnDelone@CDlgOptimizer@@QAEXXZ 1000fdb0 f   DlgOptimizer.obj
 0001:0000ee00       ?OnBtnOpt@CDlgOptimizer@@IAEXXZ 1000fe00 f   DlgOptimizer.obj
 0001:0000f9e0       ?OnBtnStop@CDlgOptimizer@@IAEXXZ 100109e0 f   DlgOptimizer.obj
 0001:0000fa40       ?OnCtlColor@CDlgOptimizer@@IAEPAUHBRUSH__@@PAVCDC@@PAVCWnd@@I@Z 10010a40 f   DlgOptimizer.obj
 0001:0000fa90       ?OnDestroy@CDlgOptimizer@@IAEXXZ 10010a90 f   DlgOptimizer.obj
 0001:0000fc50       ?OnInitDialog@CDlgOptimizer@@MAEHXZ 10010c50 f   DlgOptimizer.obj
 0001:0000feb0       ?OnLbnDblclkListSt@CDlgOptimizer@@QAEXXZ 10010eb0 f   DlgOptimizer.obj
 0001:0000ff00       ?OnNotify@CDlgOptimizer@@MAEHIJPAJ@Z 10010f00 f   DlgOptimizer.obj
 0001:000102f0       ?OnRmsgGetDllSize@CDlgOptimizer@@IAEJIJ@Z 100112f0 f   DlgOptimizer.obj
 0001:00010310       ?OnRmsgObItemDBClk@CDlgOptimizer@@IAEJIJ@Z 10011310 f   DlgOptimizer.obj
 0001:00010520       ?OnRmsgSTTreeItemDBClk@CDlgOptimizer@@QAEJIJ@Z 10011520 f   DlgOptimizer.obj
 0001:00010530       ?OnSTDataManagerMessagge@CDlgOptimizer@@IAEJIJ@Z 10011530 f   DlgOptimizer.obj
 0001:00010d70       ?OnSetKeyCodeChange@CDlgOptimizer@@IAEJIJ@Z 10011d70 f   DlgOptimizer.obj
 0001:00010d80       ?OnTimer@CDlgOptimizer@@IAEXI@Z 10011d80 f   DlgOptimizer.obj
 0001:00010d90       ?ReSize@CDlgOptimizer@@QAEXXZ 10011d90 f   DlgOptimizer.obj
 0001:000111e0       ?RemoveAll@?$CList@PAUSTMNG_ITEMINFO@@PAU1@@@QAEXXZ 100121e0 f i DlgOptimizer.obj
 0001:00011210       ?RemoveAllControlSet@CDlgOptimizer@@QAEXXZ 10012210 f   DlgOptimizer.obj
 0001:00011220       ?SearchFileToData@CDlgOptimizer@@QAE?AV?$CStringT@DV?$StrTraitMFC_DLL@DV?$ChTraitsCRT@D@ATL@@@@@ATL@@V23@0@Z 10012220 f   DlgOptimizer.obj
 0001:00011280       ?Serialize@?$CArray@PAUST_VALUE@@PAU1@@@UAEXAAVCArchive@@@Z 10012280 f i DlgOptimizer.obj
 0001:00011360       ?Serialize@?$CArray@PAVCDialog@@PAV1@@@UAEXAAVCArchive@@@Z 10012360 f i DlgOptimizer.obj
 0001:00011440       ?Serialize@?$CArray@UST_GRIDDATA@@U1@@@UAEXAAVCArchive@@@Z 10012440 f i DlgOptimizer.obj
 0001:00011520       ?Serialize@?$CArray@UST_RUNVALUE@@U1@@@UAEXAAVCArchive@@@Z 10012520 f i DlgOptimizer.obj
 0001:00011600       ?Serialize@?$CArray@UST_STRGRIDDATA@@U1@@@UAEXAAVCArchive@@@Z 10012600 f i DlgOptimizer.obj
 0001:000116e0       ?Serialize@?$CArray@UST_VALUEOPTIMAZE@@U1@@@UAEXAAVCArchive@@@Z 100126e0 f i DlgOptimizer.obj
 0001:000117c0       ?Serialize@?$CList@PAUSTMNG_ITEMINFO@@PAU1@@@UAEXAAVCArchive@@@Z 100127c0 f i DlgOptimizer.obj
 0001:000119d0       ?SetAtGrow@?$CArray@NN@@QAEXHN@Z 100129d0 f i DlgOptimizer.obj
 0001:00011a10       ?SetAtGrow@?$CArray@PAVCDialog@@PAV1@@@QAEXHPAVCDialog@@@Z 10012a10 f i DlgOptimizer.obj
 0001:00011a50       ?SetControlState@CDlgOptimizer@@QAEXH@Z 10012a50 f   DlgOptimizer.obj
 0001:00011a60       ?SetSTMessageType@CDlgOptimizer@@QAEXF@Z 10012a60 f   DlgOptimizer.obj
 0001:00011a80       ?SetSize@?$CArray@PAUST_VALUE@@PAU1@@@QAEXHH@Z 10012a80 f i DlgOptimizer.obj
 0001:00011c60       ?SetSize@?$CArray@PAVCDialog@@PAV1@@@QAEXHH@Z 10012c60 f i DlgOptimizer.obj
 0001:00011e40       ?SetSize@?$CArray@UST_GRIDDATA@@U1@@@QAEXHH@Z 10012e40 f i DlgOptimizer.obj
 0001:00012130       ?SetSize@?$CArray@UST_RUNVALUE@@U1@@@QAEXHH@Z 10013130 f i DlgOptimizer.obj
 0001:00012320       ?SetSize@?$CArray@UST_STRGRIDDATA@@U1@@@QAEXHH@Z 10013320 f i DlgOptimizer.obj
 0001:00012630       ?SetSize@?$CArray@UST_VALUEOPTIMAZE@@U1@@@QAEXHH@Z 10013630 f i DlgOptimizer.obj
 0001:00012960       ?SpreadGridData@CDlgOptimizer@@QAEXXZ 10013960 f   DlgOptimizer.obj
 0001:00012970       ?StartOpt@CDlgOptimizer@@QAEXXZ 10013970 f   DlgOptimizer.obj
 0001:000129a0       ?StartOptThread@@YAIPAX@Z  100139a0 f   DlgOptimizer.obj
 0001:000129d0       ?UnLoadSTList@CDlgOptimizer@@QAEXXZ 100139d0 f   DlgOptimizer.obj
 0001:00012a20       ?WindowProc@CDlgOptimizer@@MAEJIIJ@Z 10013a20 f   DlgOptimizer.obj
 0001:00012a30       ??0CDlgResult@@QAE@PAVCWnd@@@Z 10013a30 f   DlgResult.obj
 0001:00012ae0       ??1ST_DATAINDEX@@QAE@XZ    10013ae0 f i DlgResult.obj
 0001:00012b20       ??_GCDlgResult@@UAEPAXI@Z  10013b20 f i DlgResult.obj
 0001:00012b20       ??_ECDlgResult@@UAEPAXI@Z  10013b20 f i DlgResult.obj
 0001:00012ba0       ?DoDataExchange@CDlgResult@@MAEXPAVCDataExchange@@@Z 10013ba0 f   DlgResult.obj
 0001:00012bb0       ?GetComma@CDlgResult@@QAE?AV?$CStringT@DV?$StrTraitMFC_DLL@DV?$ChTraitsCRT@D@ATL@@@@@ATL@@PBD@Z 10013bb0 f   DlgResult.obj
 0001:00012e70       ?GetMessageMap@CDlgResult@@MBEPBUAFX_MSGMAP@@XZ 10013e70 f   DlgResult.obj
 0001:00012e80       ?GetNumber@CDlgResult@@QAE?AV?$CStringT@DV?$StrTraitMFC_DLL@DV?$ChTraitsCRT@D@ATL@@@@@ATL@@PBD@Z 10013e80 f   DlgResult.obj
 0001:00012f40       ?GetThisMessageMap@CDlgResult@@KGPBUAFX_MSGMAP@@XZ 10013f40 f   DlgResult.obj
 0001:00012f50       ?InitGrid@CDlgResult@@QAEXXZ 10013f50 f   DlgResult.obj
 0001:00013320       ?InitHtml@CDlgResult@@QAEXXZ 10014320 f   DlgResult.obj
 0001:00013460       ?MakeHtmlFile@CDlgResult@@QAEXXZ 10014460 f   DlgResult.obj
 0001:000136e0       ?OnDestroy@CDlgResult@@IAEXXZ 100146e0 f   DlgResult.obj
 0001:000136f0       ?OnInitDialog@CDlgResult@@MAEHXZ 100146f0 f   DlgResult.obj
 0001:00013720       ?OpenWebView@CDlgResult@@QAEXV?$CStringT@DV?$StrTraitMFC_DLL@DV?$ChTraitsCRT@D@ATL@@@@@ATL@@@Z 10014720 f   DlgResult.obj
 0001:00013730       ?ParsingstrHtml@CDlgResult@@QAE?AV?$CStringT@DV?$StrTraitMFC_DLL@DV?$ChTraitsCRT@D@ATL@@@@@ATL@@V23@@Z 10014730 f   DlgResult.obj
 0001:00013dc0       ?SetDataDir@CDlgResult@@QAEXV?$CStringT@DV?$StrTraitMFC_DLL@DV?$ChTraitsCRT@D@ATL@@@@@ATL@@@Z 10014dc0 f   DlgResult.obj
 0001:00013e20       ?SetDataSpreadGrid@CDlgResult@@QAEXXZ 10014e20 f   DlgResult.obj
 0001:00014590       ?SetOptimizer@CDlgResult@@QAEXPAVCDlgOptimizer@@@Z 10015590 f   DlgResult.obj
 0001:000145a0       _printf                    100155a0 f i DlgResult.obj
 0001:000145d0       ??$SerializeElements@PAVCCFGScanInfo@@@@YGXAAVCArchive@@PAPAVCCFGScanInfo@@H@Z 100155d0 f i DlgTimeSetup.obj
 0001:00014680       ??$SerializeElements@PAVCStatic@@@@YGXAAVCArchive@@PAPAVCStatic@@H@Z 10015680 f i DlgTimeSetup.obj
 0001:00014730       ??0?$CArray@PAVCStatic@@PAV1@@@QAE@XZ 10015730 f i DlgTimeSetup.obj
 0001:00014760       ??0?$CList@PAVCCFGScanInfo@@PAV1@@@QAE@H@Z 10015760 f i DlgTimeSetup.obj
 0001:000147a0       ??0CDlgTimeSetup@@QAE@PAVCWnd@@@Z 100157a0 f   DlgTimeSetup.obj
 0001:000149e0       ??1?$CArray@PAVCStatic@@PAV1@@@UAE@XZ 100159e0 f i DlgTimeSetup.obj
 0001:00014a00       ??1?$CList@PAVCCFGScanInfo@@PAV1@@@UAE@XZ 10015a00 f i DlgTimeSetup.obj
 0001:00014a70       ??1CCFGWndCreate@@QAE@XZ   10015a70 f i DlgTimeSetup.obj
 0001:00014b00       ??1CDlgTimeSetup@@UAE@XZ   10015b00 f   DlgTimeSetup.obj
 0001:00014be0       ??_G?$CArray@PAVCStatic@@PAV1@@@UAEPAXI@Z 10015be0 f i DlgTimeSetup.obj
 0001:00014be0       ??_E?$CArray@PAVCStatic@@PAV1@@@UAEPAXI@Z 10015be0 f i DlgTimeSetup.obj
 0001:00014c30       ??_E?$CList@PAVCCFGScanInfo@@PAV1@@@UAEPAXI@Z 10015c30 f i DlgTimeSetup.obj
 0001:00014c30       ??_G?$CList@PAVCCFGScanInfo@@PAV1@@@UAEPAXI@Z 10015c30 f i DlgTimeSetup.obj
 0001:00014ce0       ??_GCDlgTimeSetup@@UAEPAXI@Z 10015ce0 f i DlgTimeSetup.obj
 0001:00014ce0       ??_ECDlgTimeSetup@@UAEPAXI@Z 10015ce0 f i DlgTimeSetup.obj
 0001:00014df0       ??_GCStatic@@UAEPAXI@Z     10015df0 f i DlgTimeSetup.obj
 0001:00014df0       ??_ECStatic@@UAEPAXI@Z     10015df0 f i DlgTimeSetup.obj
 0001:00014e30       ?AddTail@?$CList@PAVCCFGScanInfo@@PAV1@@@QAEPAU__POSITION@@PAVCCFGScanInfo@@@Z 10015e30 f i DlgTimeSetup.obj
 0001:00014ec0       ?DeleteAllItems@CCFGSectionInfo@@QAEXXZ 10015ec0 f i DlgTimeSetup.obj
 0001:00014f50       ?DoDataExchange@CDlgTimeSetup@@MAEXPAVCDataExchange@@@Z 10015f50 f   DlgTimeSetup.obj
 0001:00015030       ?GetCount@CDlgTimeSetup@@QAEHXZ 10016030 f   DlgTimeSetup.obj
 0001:00015040       ?GetInputData@CDlgTimeSetup@@QAEHPAVCCFGSectionInfo@@@Z 10016040 f   DlgTimeSetup.obj
 0001:00015170       ?GetMessageMap@CDlgTimeSetup@@MBEPBUAFX_MSGMAP@@XZ 10016170 f   DlgTimeSetup.obj
 0001:00015180       ?GetRuntimeClass@CDlgTimeSetup@@UBEPAUCRuntimeClass@@XZ 10016180 f   DlgTimeSetup.obj
 0001:00015190       ?GetThisClass@CDlgTimeSetup@@SGPAUCRuntimeClass@@XZ 10016190 f   DlgTimeSetup.obj
 0001:000151a0       ?GetThisMessageMap@CDlgTimeSetup@@KGPBUAFX_MSGMAP@@XZ 100161a0 f   DlgTimeSetup.obj
 0001:000151b0       ?LoadCFG@CDlgTimeSetup@@QAEHPBD0@Z 100161b0 f   DlgTimeSetup.obj
 0001:000151c0       ?NewNode@?$CList@PAVCCFGScanInfo@@PAV1@@@IAEPAUCNode@1@PAU21@0@Z 100161c0 f i DlgTimeSetup.obj
 0001:00015230       ?OnCtlColor@CDlgTimeSetup@@QAEPAUHBRUSH__@@PAVCDC@@PAVCWnd@@I@Z 10016230 f   DlgTimeSetup.obj
 0001:00015280       ?OnInitDialog@CDlgTimeSetup@@MAEHXZ 10016280 f   DlgTimeSetup.obj
 0001:00015390       ?ParseCFG@CDlgTimeSetup@@QAEXXZ 10016390 f   DlgTimeSetup.obj
 0001:000156a0       ?PreTranslateMessage@CDlgTimeSetup@@UAEHPAUtagMSG@@@Z 100166a0 f   DlgTimeSetup.obj
 0001:00015720       ?ReadCFG@CCFGWndCreate@@QAEHPBD0@Z 10016720 f i DlgTimeSetup.obj
 0001:00015a20       ?RemoveAll@?$CArray@UST_VALUEOPTIMAZE@@U1@@@QAEXXZ 10016a20 f i DlgTimeSetup.obj
 0001:00015a70       ?RemoveAll@?$CList@PAVCCFGScanInfo@@PAV1@@@QAEXXZ 10016a70 f i DlgTimeSetup.obj
 0001:00015aa0       ?Reset@CDlgTimeSetup@@QAEXXZ 10016aa0 f   DlgTimeSetup.obj
 0001:00015b30       ?Serialize@?$CArray@PAVCStatic@@PAV1@@@UAEXAAVCArchive@@@Z 10016b30 f i DlgTimeSetup.obj
 0001:00015c10       ?Serialize@?$CList@PAVCCFGScanInfo@@PAV1@@@UAEXAAVCArchive@@@Z 10016c10 f i DlgTimeSetup.obj
 0001:00015da0       ?SetAtGrow@?$CArray@PAVCStatic@@PAV1@@@QAEXHPAVCStatic@@@Z 10016da0 f i DlgTimeSetup.obj
 0001:00015de0       ?SetAtGrow@?$CArray@UST_VALUEOPTIMAZE@@U1@@@QAEXHUST_VALUEOPTIMAZE@@@Z 10016de0 f i DlgTimeSetup.obj
 0001:00015ea0       ?SetInputData@CDlgTimeSetup@@QAEXXZ 10016ea0 f   DlgTimeSetup.obj
 0001:00016150       ?SetSize@?$CArray@PAVCStatic@@PAV1@@@QAEXHH@Z 10017150 f i DlgTimeSetup.obj
 0001:00016330       ?_GetBaseClass@CDlgTimeSetup@@KGPAUCRuntimeClass@@XZ 10017330 f   DlgTimeSetup.obj
 0001:00016340       ??0CDlgTrade@@QAE@PAVCWnd@@@Z 10017340 f   DlgTrade.obj
 0001:000163e0       ??1CDlgInterface@@UAE@XZ   100173e0 f i DlgTrade.obj
 0001:000163f0       ??_GCDlgTrade@@UAEPAXI@Z   100173f0 f i DlgTrade.obj
 0001:000163f0       ??_ECDlgTrade@@UAEPAXI@Z   100173f0 f i DlgTrade.obj
 0001:00016450       ?DoDataExchange@CDlgTrade@@MAEXPAVCDataExchange@@@Z 10017450 f   DlgTrade.obj
 0001:00016460       ?GetMessageMap@CDlgTrade@@MBEPBUAFX_MSGMAP@@XZ 10017460 f   DlgTrade.obj
 0001:00016470       ?GetSTMessageData@CDlgTrade@@QAEXXZ 10017470 f   DlgTrade.obj
 0001:00016fc0       ?GetThisMessageMap@CDlgTrade@@KGPBUAFX_MSGMAP@@XZ 10017fc0 f   DlgTrade.obj
 0001:00016fd0       ?InitGrid@CDlgTrade@@QAEXXZ 10017fd0 f   DlgTrade.obj
 0001:000171b0       ?InitHtml@CDlgTrade@@QAEXXZ 100181b0 f   DlgTrade.obj
 0001:000172f0       ?InsertDateGubun@CDlgTrade@@QAEXAAV?$CStringT@DV?$StrTraitMFC_DLL@DV?$ChTraitsCRT@D@ATL@@@@@ATL@@@Z 100182f0 f   DlgTrade.obj
 0001:00017320       ?InsertGubun@CDlgTrade@@QAEHAAV?$CStringT@DV?$StrTraitMFC_DLL@DV?$ChTraitsCRT@D@ATL@@@@@ATL@@H@Z 10018320 f   DlgTrade.obj
 0001:00017480       ?InsertMinuteGubun@CDlgTrade@@QAEXAAV?$CStringT@DV?$StrTraitMFC_DLL@DV?$ChTraitsCRT@D@ATL@@@@@ATL@@H@Z 10018480 f   DlgTrade.obj
 0001:00017500       ?InsertMonthGubun@CDlgTrade@@QAEXAAV?$CStringT@DV?$StrTraitMFC_DLL@DV?$ChTraitsCRT@D@ATL@@@@@ATL@@@Z 10018500 f   DlgTrade.obj
 0001:00017520       ?InsertTimeGubun@CDlgTrade@@QAEXAAV?$CStringT@DV?$StrTraitMFC_DLL@DV?$ChTraitsCRT@D@ATL@@@@@ATL@@@Z 10018520 f   DlgTrade.obj
 0001:00017570       ?OnDestroy@CDlgTrade@@IAEXXZ 10018570 f   DlgTrade.obj
 0001:00017580       ?OnInitDialog@CDlgTrade@@MAEHXZ 10018580 f   DlgTrade.obj
 0001:000175a0       ?OpenWebView@CDlgTrade@@QAEXV?$CStringT@DV?$StrTraitMFC_DLL@DV?$ChTraitsCRT@D@ATL@@@@@ATL@@@Z 100185a0 f   DlgTrade.obj
 0001:000175b0       ?SelectRunData@CDlgTrade@@QAEXV?$CStringT@DV?$StrTraitMFC_DLL@DV?$ChTraitsCRT@D@ATL@@@@@ATL@@@Z 100185b0 f   DlgTrade.obj
 0001:00017620       ?SetDataDir@CDlgTrade@@QAEXV?$CStringT@DV?$StrTraitMFC_DLL@DV?$ChTraitsCRT@D@ATL@@@@@ATL@@@Z 10018620 f   DlgTrade.obj
 0001:00017680       ?SetDataSpreadGrid@CDlgTrade@@QAEXXZ 10018680 f   DlgTrade.obj
 0001:00017da0       ?SetOptimizer@CDlgTrade@@QAEXPAVCDlgOptimizer@@@Z 10018da0 f   DlgTrade.obj
 0001:00017db0       ?SetStrategyItem@CDlgTrade@@QAEXPAVCIStrategyItem0001@@@Z 10018db0 f   DlgTrade.obj
 0001:00017dc0       ??0CGridCell@@QAE@XZ       10018dc0 f   GridCell.obj
 0001:00017e90       ??0CGridDefaultCell@@QAE@XZ 10018e90 f   GridCell.obj
 0001:000180a0       ??1CGridCell@@UAE@XZ       100190a0 f   GridCell.obj
 0001:000180d0       ??1CGridDefaultCell@@UAE@XZ 100190d0 f   GridCell.obj
 0001:00018150       ??4CGridCell@@QAEXABV0@@Z  10019150 f   GridCell.obj
 0001:00018170       ??_GCGridCell@@UAEPAXI@Z   10019170 f i GridCell.obj
 0001:00018170       ??_ECGridCell@@UAEPAXI@Z   10019170 f i GridCell.obj
 0001:000181d0       ??_GCGridDefaultCell@@UAEPAXI@Z 100191d0 f i GridCell.obj
 0001:000181d0       ??_ECGridDefaultCell@@UAEPAXI@Z 100191d0 f i GridCell.obj
 0001:00018280       ?CreateObject@CGridCell@@SGPAVCObject@@XZ 10019280 f   GridCell.obj
 0001:000182f0       ?CreateObject@CGridDefaultCell@@SGPAVCObject@@XZ 100192f0 f   GridCell.obj
 0001:00018360       ?Edit@CGridCell@@UAEHHHVCRect@@VCPoint@@II@Z 10019360 f   GridCell.obj
 0001:00018480       ?EndEdit@CGridCell@@UAEXXZ 10019480 f   GridCell.obj
 0001:00018490       ?GetBackClr@CGridCell@@UBEKXZ 10019490 f i GridCell.obj
 0001:000184a0       ?GetData@CGridCell@@UBEJXZ 100194a0 f i GridCell.obj
 0001:000184b0       ?GetEditWnd@CGridCell@@UBEPAVCWnd@@XZ 100194b0 f i GridCell.obj
 0001:000184c0       ?GetFont@CGridCell@@UBEPAUtagLOGFONTA@@XZ 100194c0 f   GridCell.obj
 0001:000184e0       ?GetFont@CGridDefaultCell@@UBEPAUtagLOGFONTA@@XZ 100194e0 f   GridCell.obj
 0001:000184f0       ?GetFontObject@CGridCell@@UBEPAVCFont@@XZ 100194f0 f   GridCell.obj
 0001:00018580       ?GetFontObject@CGridDefaultCell@@UBEPAVCFont@@XZ 10019580 f   GridCell.obj
 0001:00018590       ?GetFormat@CGridCell@@UBEKXZ 10019590 f   GridCell.obj
 0001:000185b0       ?GetGrid@CGridCell@@UBEPAVCGridCtrl@@XZ 100195b0 f i GridCell.obj
 0001:000185c0       ?GetHeight@CGridDefaultCell@@UBEHXZ 100195c0 f i GridCell.obj
 0001:000185d0       ?GetImage@CGridCell@@UBEHXZ 100195d0 f i GridCell.obj
 0001:000185e0       ?GetMargin@CGridCell@@UBEIXZ 100195e0 f   GridCell.obj
 0001:00018600       ?GetRuntimeClass@CGridCell@@UBEPAUCRuntimeClass@@XZ 10019600 f   GridCell.obj
 0001:00018610       ?GetRuntimeClass@CGridDefaultCell@@UBEPAUCRuntimeClass@@XZ 10019610 f   GridCell.obj
 0001:00018620       ?GetState@CGridCellBase@@UBEKXZ 10019620 f i GridCell.obj
 0001:00018630       ?GetState@CGridDefaultCell@@UBEKXZ 10019630 f i GridCell.obj
 0001:00018640       ?GetStyle@CGridDefaultCell@@UBEKXZ 10019640 f i GridCell.obj
 0001:00018650       ?GetText@CGridCell@@UBEPBDXZ 10019650 f i GridCell.obj
 0001:00018660       ?GetTextClr@CGridCell@@UBEKXZ 10019660 f i GridCell.obj
 0001:00018670       ?GetThisClass@CGridCell@@SGPAUCRuntimeClass@@XZ 10019670 f   GridCell.obj
 0001:00018680       ?GetThisClass@CGridDefaultCell@@SGPAUCRuntimeClass@@XZ 10019680 f   GridCell.obj
 0001:00018690       ?GetTipText@CGridCellBase@@UBEPBDXZ 10019690 f i GridCell.obj
 0001:000186a0       ?GetTipTextRect@CGridCellBase@@UAEHPAUtagRECT@@@Z 100196a0 f i GridCell.obj
 0001:000186b0       ?GetWidth@CGridDefaultCell@@UBEHXZ 100196b0 f i GridCell.obj
 0001:000186c0       ?IsDefaultFont@CGridCell@@UBEHXZ 100196c0 f i GridCell.obj
 0001:000186d0       ?IsDropHighlighted@CGridCellBase@@UBEHXZ 100196d0 f i GridCell.obj
 0001:000186e0       ?IsEditing@CGridCell@@UBEHXZ 100196e0 f i GridCell.obj
 0001:000186f0       ?IsFixed@CGridCellBase@@UBEHXZ 100196f0 f i GridCell.obj
 0001:00018700       ?IsFixedCol@CGridCellBase@@UBEHXZ 10019700 f i GridCell.obj
 0001:00018710       ?IsFixedRow@CGridCellBase@@UBEHXZ 10019710 f i GridCell.obj
 0001:00018720       ?IsFocused@CGridCellBase@@UBEHXZ 10019720 f i GridCell.obj
 0001:00018730       ?IsModified@CGridCellBase@@UBEHXZ 10019730 f i GridCell.obj
 0001:00018740       ?IsReadOnly@CGridCellBase@@UBEHXZ 10019740 f i GridCell.obj
 0001:00018750       ?IsSelected@CGridCellBase@@UBEHXZ 10019750 f i GridCell.obj
 0001:00018760       ?OnEndEdit@CGridCell@@MAEXXZ 10019760 f   GridCell.obj
 0001:00018770       ?Reset@CGridCell@@UAEXXZ   10019770 f   GridCell.obj
 0001:000187e0       ?SetBackClr@CGridCell@@UAEXK@Z 100197e0 f i GridCell.obj
 0001:000187f0       ?SetCoords@CGridCell@@UAEXHH@Z 100197f0 f i GridCell.obj
 0001:00018800       ?SetCoords@CGridDefaultCell@@UAEXHH@Z 10019800 f i GridCell.obj
 0001:00018810       ?SetData@CGridCell@@UAEXJ@Z 10019810 f i GridCell.obj
 0001:00018820       ?SetData@CGridDefaultCell@@UAEXJ@Z 10019820 f i GridCell.obj
 0001:00018830       ?SetFont@CGridCell@@UAEXPBUtagLOGFONTA@@@Z 10019830 f   GridCell.obj
 0001:000188a0       ?SetFont@CGridDefaultCell@@UAEXPBUtagLOGFONTA@@@Z 100198a0 f   GridCell.obj
 0001:000189c0       ?SetFormat@CGridCell@@UAEXK@Z 100199c0 f i GridCell.obj
 0001:000189d0       ?SetGrid@CGridCell@@UAEXPAVCGridCtrl@@@Z 100199d0 f i GridCell.obj
 0001:000189e0       ?SetHeight@CGridDefaultCell@@UAEXH@Z 100199e0 f i GridCell.obj
 0001:000189f0       ?SetImage@CGridCell@@UAEXH@Z 100199f0 f i GridCell.obj
 0001:00018a00       ?SetMargin@CGridCell@@UAEXI@Z 10019a00 f i GridCell.obj
 0001:00018a10       ?SetState@CGridCellBase@@UAEXK@Z 10019a10 f i GridCell.obj
 0001:00018a20       ?SetState@CGridDefaultCell@@UAEXK@Z 10019a20 f i GridCell.obj
 0001:00018a30       ?SetStyle@CGridDefaultCell@@UAEXK@Z 10019a30 f i GridCell.obj
 0001:00018a40       ?SetText@CGridCell@@UAEXPBD@Z 10019a40 f i GridCell.obj
 0001:00018a50       ?SetTextClr@CGridCell@@UAEXK@Z 10019a50 f i GridCell.obj
 0001:00018a60       ?SetWidth@CGridDefaultCell@@UAEXH@Z 10019a60 f i GridCell.obj
 0001:00018a70       ?_GetBaseClass@CGridCell@@KGPAUCRuntimeClass@@XZ 10019a70 f   GridCell.obj
 0001:00018a80       ?_GetBaseClass@CGridDefaultCell@@KGPAUCRuntimeClass@@XZ 10019a80 f   GridCell.obj
 0001:00018a90       ??0CGridCellBase@@QAE@XZ   10019a90 f   GridCellBase.obj
 0001:00018aa0       ??1AFX_EXCEPTION_LINK@@QAE@XZ 10019aa0 f i GridCellBase.obj
 0001:00018ae0       ??1CGridCellBase@@UAE@XZ   10019ae0 f   GridCellBase.obj
 0001:00018af0       ??4CGridCellBase@@UAEXABV0@@Z 10019af0 f   GridCellBase.obj
 0001:00018bb0       ??_ECGridCellBase@@UAEPAXI@Z 10019bb0 f i GridCellBase.obj
 0001:00018bb0       ??_GCGridCellBase@@UAEPAXI@Z 10019bb0 f i GridCellBase.obj
 0001:00018bf0       ?Draw@CGridCellBase@@UAEHPAVCDC@@HHVCRect@@H@Z 10019bf0 f   GridCellBase.obj
 0001:00019400       ?Edit@CGridCellBase@@UAEHHHVCRect@@VCPoint@@II@Z 1001a400 f i GridCellBase.obj
 0001:00019410       ?EndEdit@CGridCellBase@@UAEXXZ 1001a410 f i GridCellBase.obj
 0001:00019420       ?GetCellExtent@CGridCellBase@@UAE?AVCSize@@PAVCDC@@@Z 1001a420 f   GridCellBase.obj
 0001:00019500       ?GetCurrentPen@CDC@@QBEPAVCPen@@XZ 1001a500 f i GridCellBase.obj
 0001:00019520       ?GetDefaultCell@CGridCellBase@@UBEPAV1@XZ 1001a520 f   GridCellBase.obj
 0001:00019580       ?GetRuntimeClass@CGridCellBase@@UBEPAUCRuntimeClass@@XZ 1001a580 f   GridCellBase.obj
 0001:00019590       ?GetTextExtent@CDC@@QBE?AVCSize@@ABV?$CStringT@DV?$StrTraitMFC_DLL@DV?$ChTraitsCRT@D@ATL@@@@@ATL@@@Z 1001a590 f i GridCellBase.obj
 0001:000195c0       ?GetTextExtent@CGridCellBase@@UAE?AVCSize@@PBDPAVCDC@@@Z 1001a5c0 f   GridCellBase.obj
 0001:000198d0       ?GetTextRect@CGridCellBase@@UAEHPAUtagRECT@@@Z 1001a8d0 f   GridCellBase.obj
 0001:00019960       ?GetThisClass@CGridCellBase@@SGPAUCRuntimeClass@@XZ 1001a960 f   GridCellBase.obj
 0001:00019970       ?OnClick@CGridCellBase@@MAEXVCPoint@@@Z 1001a970 f   GridCellBase.obj
 0001:00019980       ?OnClickDown@CGridCellBase@@MAEXVCPoint@@@Z 1001a980 f   GridCellBase.obj
 0001:00019990       ?OnDblClick@CGridCellBase@@MAEXVCPoint@@@Z 1001a990 f   GridCellBase.obj
 0001:000199a0       ?OnEndEdit@CGridCellBase@@MAEXXZ 1001a9a0 f   GridCellBase.obj
 0001:000199b0       ?OnMouseEnter@CGridCellBase@@MAEXXZ 1001a9b0 f   GridCellBase.obj
 0001:000199c0       ?OnMouseLeave@CGridCellBase@@MAEXXZ 1001a9c0 f   GridCellBase.obj
 0001:000199d0       ?OnMouseOver@CGridCellBase@@MAEXXZ 1001a9d0 f   GridCellBase.obj
 0001:000199e0       ?OnRClick@CGridCellBase@@MAEXVCPoint@@@Z 1001a9e0 f   GridCellBase.obj
 0001:000199f0       ?OnSetCursor@CGridCellBase@@MAEHXZ 1001a9f0 f   GridCellBase.obj
 0001:00019a10       ?PrintCell@CGridCellBase@@UAEHPAVCDC@@HHVCRect@@@Z 1001aa10 f   GridCellBase.obj
 0001:00019e90       ?Reset@CGridCellBase@@UAEXXZ 1001ae90 f   GridCellBase.obj
 0001:00019ea0       ?SendMessageToParent@CGridCellBase@@QAEJHHH@Z 1001aea0 f   GridCellBase.obj
 0001:00019ec0       ?ValidateEdit@CGridCellBase@@UAEHPBD@Z 1001aec0 f   GridCellBase.obj
 0001:00019ed0       ?_GetBaseClass@CGridCellBase@@KGPAUCRuntimeClass@@XZ 1001aed0 f   GridCellBase.obj
 0001:00019ee0       ??$CompareElements@KK@@YGHPBK0@Z 1001aee0 f i GridCtrl.obj
 0001:00019f10       ??$SerializeElements@K@@YGXAAVCArchive@@PAKH@Z 1001af10 f i GridCtrl.obj
 0001:00019fc0       ??$SerializeElements@VCCellID@@@@YGXAAVCArchive@@PAVCCellID@@H@Z 1001afc0 f i GridCtrl.obj
 0001:0001a070       ??0?$CMap@KKVCCellID@@AAV1@@@QAE@H@Z 1001b070 f i GridCtrl.obj
 0001:0001a0b0       ??0CGridCtrl@@QAE@HHHH@Z   1001b0b0 f   GridCtrl.obj
 0001:0001a7a0       ??1?$CMap@KKVCCellID@@AAV1@@@UAE@XZ 1001b7a0 f i GridCtrl.obj
 0001:0001a820       ??1?$CTypedPtrArray@VCObArray@@PAV?$CTypedPtrArray@VCObArray@@PAVCGridCellBase@@@@@@UAE@XZ 1001b820 f i GridCtrl.obj
 0001:0001a830       ??1CCommonDialog@@UAE@XZ   1001b830 f i GridCtrl.obj
 0001:0001a840       ??1CException@@UAE@XZ      1001b840 f i GridCtrl.obj
 0001:0001a850       ??1CFileException@@UAE@XZ  1001b850 f i GridCtrl.obj
 0001:0001a860       ??1CGridCtrl@@UAE@XZ       1001b860 f   GridCtrl.obj
 0001:0001aa20       ??1CMemDC@@UAE@XZ          1001ba20 f i GridCtrl.obj
 0001:0001aae0       ??1COleDataObject@@QAE@XZ  1001bae0 f i GridCtrl.obj
 0001:0001ab20       ??1CPrintDialog@@UAE@XZ    1001bb20 f i GridCtrl.obj
 0001:0001ab30       ??1CWaitCursor@@QAE@XZ     1001bb30 f i GridCtrl.obj
 0001:0001ac40       ??8CCellID@@QBEHABV0@@Z    1001bc40 f i GridCtrl.obj
 0001:0001ac70       ??9CCellID@@QBEHABV0@@Z    1001bc70 f i GridCtrl.obj
 0001:0001aca0       ??A?$CMap@KKVCCellID@@AAV1@@@QAEAAVCCellID@@K@Z 1001bca0 f i GridCtrl.obj
 0001:0001adc0       ??A?$CTypedPtrArray@VCObArray@@PAV?$CTypedPtrArray@VCObArray@@PAVCGridCellBase@@@@@@QAEAAPAV?$CTypedPtrArray@VCObArray@@PAVCGridCellBase@@@@H@Z 1001bdc0 f i GridCtrl.obj
 0001:0001addf       ??_9CGridCtrl@@$BBIM@AE    1001bddf f i GridCtrl.obj
 0001:0001ade7       ??_9CGridCtrl@@$BBJA@AE    1001bde7 f i GridCtrl.obj
 0001:0001adef       ??_9CGridCtrl@@$BBJE@AE    1001bdef f i GridCtrl.obj
 0001:0001adf7       ??_9CGridCtrl@@$BBJI@AE    1001bdf7 f i GridCtrl.obj
 0001:0001ae00       ??_FCCellID@@QAEXXZ        1001be00 f i GridCtrl.obj
 0001:0001ae10       ??_G?$CMap@KKVCCellID@@AAV1@@@UAEPAXI@Z 1001be10 f i GridCtrl.obj
 0001:0001ae10       ??_E?$CMap@KKVCCellID@@AAV1@@@UAEPAXI@Z 1001be10 f i GridCtrl.obj
 0001:0001aed0       ??_G?$CTypedPtrArray@VCObArray@@PAV?$CTypedPtrArray@VCObArray@@PAVCGridCellBase@@@@@@UAEPAXI@Z 1001bed0 f i GridCtrl.obj
 0001:0001aed0       ??_E?$CTypedPtrArray@VCObArray@@PAV?$CTypedPtrArray@VCObArray@@PAVCGridCellBase@@@@@@UAEPAXI@Z 1001bed0 f i GridCtrl.obj
 0001:0001af10       ??_E?$CTypedPtrArray@VCObArray@@PAVCGridCellBase@@@@UAEPAXI@Z 1001bf10 f i GridCtrl.obj
 0001:0001af10       ??_G?$CTypedPtrArray@VCObArray@@PAVCGridCellBase@@@@UAEPAXI@Z 1001bf10 f i GridCtrl.obj
 0001:0001af50       ??_ECCommonDialog@@UAEPAXI@Z 1001bf50 f i GridCtrl.obj
 0001:0001af50       ??_GCCommonDialog@@UAEPAXI@Z 1001bf50 f i GridCtrl.obj
 0001:0001afa0       ??_GCFileException@@UAEPAXI@Z 1001bfa0 f i GridCtrl.obj
 0001:0001afa0       ??_ECFileException@@UAEPAXI@Z 1001bfa0 f i GridCtrl.obj
 0001:0001aff0       ??_ECGridCtrl@@UAEPAXI@Z   1001bff0 f i GridCtrl.obj
 0001:0001aff0       ??_GCGridCtrl@@UAEPAXI@Z   1001bff0 f i GridCtrl.obj
 0001:0001b030       ??_GCMemDC@@UAEPAXI@Z      1001c030 f i GridCtrl.obj
 0001:0001b030       ??_ECMemDC@@UAEPAXI@Z      1001c030 f i GridCtrl.obj
 0001:0001b070       ?AtlThrowImpl@ATL@@YGXJ@Z  1001c070 f i GridCtrl.obj
 0001:0001b090       ?AutoFill@CGridCtrl@@QAEXXZ 1001c090 f   GridCtrl.obj
 0001:0001b180       ?AutoSize@CGridCtrl@@QAEXI@Z 1001c180 f   GridCtrl.obj
 0001:0001b3c0       ?AutoSizeColumn@CGridCtrl@@QAEHHIH@Z 1001c3c0 f   GridCtrl.obj
 0001:0001b540       ?AutoSizeColumns@CGridCtrl@@QAEXI@Z 1001c540 f   GridCtrl.obj
 0001:0001b5a0       ?AutoSizeRow@CGridCtrl@@QAEHHH@Z 1001c5a0 f   GridCtrl.obj
 0001:0001b6e0       ?AutoSizeRows@CGridCtrl@@QAEXXZ 1001c6e0 f   GridCtrl.obj
 0001:0001b730       ?ClearCells@CGridCtrl@@QAEXVCCellRange@@@Z 1001c730 f   GridCtrl.obj
 0001:0001b7d0       ?CopyTextFromGrid@CGridCtrl@@UAEPAVCOleDataSource@@XZ 1001c7d0 f   GridCtrl.obj
 0001:0001ba40       ?Create@CGridCtrl@@QAEHABUtagRECT@@PAVCWnd@@IK@Z 1001ca40 f   GridCtrl.obj
 0001:0001bbb0       ?CreateCell@CGridCtrl@@MAEPAVCGridCellBase@@HH@Z 1001cbb0 f   GridCtrl.obj
 0001:0001bc60       ?CreateDragImage@CGridCtrl@@MAEPAVCImageList@@PAVCPoint@@@Z 1001cc60 f   GridCtrl.obj
 0001:0001be80       ?CreateObject@CGridCtrl@@SGPAVCObject@@XZ 1001ce80 f   GridCtrl.obj
 0001:0001bef0       ?CutSelectedText@CGridCtrl@@UAEXXZ 1001cef0 f   GridCtrl.obj
 0001:0001bf70       ?DeleteAllItems@CGridCtrl@@QAEHXZ 1001cf70 f   GridCtrl.obj
 0001:0001c080       ?DeleteColumn@CGridCtrl@@QAEHH@Z 1001d080 f   GridCtrl.obj
 0001:0001c180       ?DeleteNonFixedRows@CGridCtrl@@QAEHXZ 1001d180 f   GridCtrl.obj
 0001:0001c2b0       ?DeleteRow@CGridCtrl@@QAEHH@Z 1001d2b0 f   GridCtrl.obj
 0001:0001c3b0       ?DestroyCell@CGridCtrl@@MAEXHH@Z 1001d3b0 f   GridCtrl.obj
 0001:0001c3f0       ?DrawTextExA@CDC@@UAEHPADHPAUtagRECT@@IPAUtagDRAWTEXTPARAMS@@@Z 1001d3f0 f i GridCtrl.obj
 0001:0001c410       ?EnableScrollBars@CGridCtrl@@IAEXHH@Z 1001d410 f   GridCtrl.obj
 0001:0001c4c0       ?EndEditing@CGridCtrl@@MAEXXZ 1001d4c0 f   GridCtrl.obj
 0001:0001c500       ?EnsureVisible@CGridCtrl@@QAEXHH@Z 1001d500 f   GridCtrl.obj
 0001:0001c7b0       ?EraseBkgnd@CGridCtrl@@IAEXPAVCDC@@@Z 1001d7b0 f   GridCtrl.obj
 0001:0001ca50       ?Escape@CDC@@UAEHHHPBDPAX@Z 1001da50 f i GridCtrl.obj
 0001:0001ca70       ?ExpandColumnsToFit@CGridCtrl@@QAEXH@Z 1001da70 f   GridCtrl.obj
 0001:0001cc80       ?ExpandLastColumn@CGridCtrl@@QAEXXZ 1001dc80 f   GridCtrl.obj
 0001:0001cd70       ?ExpandRowsToFit@CGridCtrl@@QAEXH@Z 1001dd70 f   GridCtrl.obj
 0001:0001cf80       ?ExpandToFit@CGridCtrl@@QAEXH@Z 1001df80 f   GridCtrl.obj
 0001:0001cfd0       ?ExtTextOutA@CDC@@UAEHHHIPBUtagRECT@@PBDIPAH@Z 1001dfd0 f i GridCtrl.obj
 0001:0001d000       ?Format@COleDateTime@ATL@@QBE?AV?$CStringT@DV?$StrTraitMFC_DLL@DV?$ChTraitsCRT@D@ATL@@@@@2@PBD@Z 1001e000 f i GridCtrl.obj
 0001:0001d1a0       ?FreeAssoc@?$CMap@KKVCCellID@@AAV1@@@IAEXPAVCAssoc@1@@Z 1001e1a0 f i GridCtrl.obj
 0001:0001d200       ?GetAssocAt@?$CMap@KKVCCellID@@AAV1@@@IBEPAVCAssoc@1@KAAI0@Z 1001e200 f i GridCtrl.obj
 0001:0001d270       ?GetCell@CGridCtrl@@QBEPAVCGridCellBase@@HH@Z 1001e270 f i GridCtrl.obj
 0001:0001d660       ?GetCellFromPt@CGridCtrl@@QAE?AVCCellID@@VCPoint@@H@Z 1001e660 f   GridCtrl.obj
 0001:0001d840       ?GetCellOrigin@CGridCtrl@@QAEHABVCCellID@@PAUtagPOINT@@@Z 1001e840 f   GridCtrl.obj
 0001:0001d860       ?GetCellOrigin@CGridCtrl@@QAEHHHPAUtagPOINT@@@Z 1001e860 f   GridCtrl.obj
 0001:0001da90       ?GetCellRange@CGridCtrl@@QBE?AVCCellRange@@XZ 1001ea90 f   GridCtrl.obj
 0001:0001dac0       ?GetCellRangeRect@CGridCtrl@@IAEHABVCCellRange@@PAUtagRECT@@@Z 1001eac0 f   GridCtrl.obj
 0001:0001dbc0       ?GetCellRect@CGridCtrl@@QAEHABVCCellID@@PAUtagRECT@@@Z 1001ebc0 f   GridCtrl.obj
 0001:0001dbe0       ?GetCellRect@CGridCtrl@@QAEHHHPAUtagRECT@@@Z 1001ebe0 f   GridCtrl.obj
 0001:0001dc90       ?GetColumnWidth@CGridCtrl@@QBEHH@Z 1001ec90 f   GridCtrl.obj
 0001:0001dcd0       ?GetDefaultCell@CGridCtrl@@QBEPAVCGridCellBase@@HH@Z 1001ecd0 f i GridCtrl.obj
 0001:0001dd10       ?GetFixedColumnWidth@CGridCtrl@@QBEHXZ 1001ed10 f   GridCtrl.obj
 0001:0001dd60       ?GetFixedRowHeight@CGridCtrl@@QBEHXZ 1001ed60 f   GridCtrl.obj
 0001:0001ddb0       ?GetItem@CGridCtrl@@QAEHPAU_GV_ITEM@@@Z 1001edb0 f   GridCtrl.obj
 0001:0001df30       ?GetItemBkColour@CGridCtrl@@QBEKHH@Z 1001ef30 f   GridCtrl.obj
 0001:0001df60       ?GetItemData@CGridCtrl@@QBEJHH@Z 1001ef60 f   GridCtrl.obj
 0001:0001df90       ?GetItemFgColour@CGridCtrl@@QBEKHH@Z 1001ef90 f   GridCtrl.obj
 0001:0001dfc0       ?GetItemFont@CGridCtrl@@QAEPBUtagLOGFONTA@@HH@Z 1001efc0 f   GridCtrl.obj
 0001:0001e030       ?GetItemFormat@CGridCtrl@@QBEIHH@Z 1001f030 f   GridCtrl.obj
 0001:0001e060       ?GetItemImage@CGridCtrl@@QBEHHH@Z 1001f060 f   GridCtrl.obj
 0001:0001e090       ?GetItemState@CGridCtrl@@QBEIHH@Z 1001f090 f   GridCtrl.obj
 0001:0001e0c0       ?GetItemText@CGridCtrl@@QBE?AV?$CStringT@DV?$StrTraitMFC_DLL@DV?$ChTraitsCRT@D@ATL@@@@@ATL@@HH@Z 1001f0c0 f   GridCtrl.obj
 0001:0001e120       ?GetMessageMap@CGridCtrl@@MBEPBUAFX_MSGMAP@@XZ 1001f120 f   GridCtrl.obj
 0001:0001e130       ?GetModified@CGridCtrl@@QAEHHH@Z 1001f130 f   GridCtrl.obj
 0001:0001e180       ?GetMouseScrollLines@@YAIXZ 1001f180 f   GridCtrl.obj
 0001:0001e280       ?GetNextAssoc@?$CMap@KKVCCellID@@AAV1@@@QBEXAAPAU__POSITION@@AAKAAVCCellID@@@Z 1001f280 f i GridCtrl.obj
 0001:0001e310       ?GetNextItem@CGridCtrl@@QBE?AVCCellID@@AAV2@H@Z 1001f310 f   GridCtrl.obj
 0001:0001e670       ?GetPointClicked@CGridCtrl@@IAE?AVCPoint@@HHABV2@@Z 1001f670 f   GridCtrl.obj
 0001:0001e6d0       ?GetPrintMarginInfo@CGridCtrl@@QAEXAAH000000@Z 1001f6d0 f   GridCtrl.obj
 0001:0001e730       ?GetRowHeight@CGridCtrl@@QBEHH@Z 1001f730 f   GridCtrl.obj
 0001:0001e770       ?GetRuntimeClass@CGridCtrl@@UBEPAUCRuntimeClass@@XZ 1001f770 f   GridCtrl.obj
 0001:0001e780       ?GetScrollPos32@CGridCtrl@@IAEHHH@Z 1001f780 f   GridCtrl.obj
 0001:0001e800       ?GetSelectedCellRange@CGridCtrl@@QBE?AVCCellRange@@XZ 1001f800 f   GridCtrl.obj
 0001:0001e8c0       ?GetTextExtent@CGridCtrl@@QAE?AVCSize@@HHPBD@Z 1001f8c0 f   GridCtrl.obj
 0001:0001e900       ?GetTextRect@CGridCtrl@@QAEHABVCCellID@@PAUtagRECT@@@Z 1001f900 f   GridCtrl.obj
 0001:0001e960       ?GetTextRect@CGridCtrl@@QAEHHHPAUtagRECT@@@Z 1001f960 f   GridCtrl.obj
 0001:0001e9b0       ?GetThisClass@CGridCtrl@@SGPAUCRuntimeClass@@XZ 1001f9b0 f   GridCtrl.obj
 0001:0001e9c0       ?GetThisMessageMap@CGridCtrl@@KGPBUAFX_MSGMAP@@XZ 1001f9c0 f   GridCtrl.obj
 0001:0001e9d0       ?GetTopleftNonFixedCell@CGridCtrl@@IAE?AVCCellID@@H@Z 1001f9d0 f   GridCtrl.obj
 0001:0001eae0       ?GetUnobstructedNonFixedCellRange@CGridCtrl@@IAE?AVCCellRange@@H@Z 1001fae0 f   GridCtrl.obj
 0001:0001ec40       ?GetVirtualHeight@CGridCtrl@@QBEJXZ 1001fc40 f   GridCtrl.obj
 0001:0001ec80       ?GetVirtualWidth@CGridCtrl@@QBEJXZ 1001fc80 f   GridCtrl.obj
 0001:0001ecc0       ?GetVisibleNonFixedCellRange@CGridCtrl@@IAE?AVCCellRange@@PAUtagRECT@@H@Z 1001fcc0 f   GridCtrl.obj
 0001:0001ee40       ?GrayStringA@CDC@@UAEHPAVCBrush@@P6GHPAUHDC__@@JH@ZJHHHHH@Z 1001fe40 f i GridCtrl.obj
 0001:0001ee70       ?InitHashTable@?$CMap@KKVCCellID@@AAV1@@@QAEXIH@Z 1001fe70 f i GridCtrl.obj
 0001:0001eee0       ?Initialise@CGridCtrl@@IAEHXZ 1001fee0 f   GridCtrl.obj
 0001:0001efe0       ?InsertColumn@CGridCtrl@@QAEHPBDIH@Z 1001ffe0 f   GridCtrl.obj
 0001:0001f320       ?InsertRow@CGridCtrl@@QAEHPBDH@Z 10020320 f   GridCtrl.obj
 0001:0001f640       ?InvalidateCellRect@CGridCtrl@@IAEHABVCCellID@@@Z 10020640 f   GridCtrl.obj
 0001:0001f660       ?InvalidateCellRect@CGridCtrl@@IAEHABVCCellRange@@@Z 10020660 f   GridCtrl.obj
 0001:0001f7d0       ?InvalidateCellRect@CGridCtrl@@IAEHHH@Z 100207d0 f   GridCtrl.obj
 0001:0001f890       ?IsCellEditable@CGridCtrl@@QBEHAAVCCellID@@@Z 10020890 f   GridCtrl.obj
 0001:0001f8d0       ?IsCellEditable@CGridCtrl@@QBEHHH@Z 100208d0 f   GridCtrl.obj
 0001:0001f910       ?IsCellFixed@CGridCtrl@@QAEHHH@Z 10020910 f   GridCtrl.obj
 0001:0001f940       ?IsCellSelected@CGridCtrl@@QBEHAAVCCellID@@@Z 10020940 f   GridCtrl.obj
 0001:0001f960       ?IsCellSelected@CGridCtrl@@QBEHHH@Z 10020960 f   GridCtrl.obj
 0001:0001f9e0       ?IsCellVisible@CGridCtrl@@QAEHHH@Z 100209e0 f   GridCtrl.obj
 0001:0001fbe0       ?IsCellVisible@CGridCtrl@@QAEHVCCellID@@@Z 10020be0 f   GridCtrl.obj
 0001:0001fc00       ?IsItemEditing@CGridCtrl@@QAEHHH@Z 10020c00 f   GridCtrl.obj
 0001:0001fc30       ?IsValid@CGridCtrl@@QBEHABVCCellID@@@Z 10020c30 f   GridCtrl.obj
 0001:0001fc70       ?IsValid@CGridCtrl@@QBEHABVCCellRange@@@Z 10020c70 f   GridCtrl.obj
 0001:0001fcc0       ?IsValid@CGridCtrl@@QBEHHH@Z 10020cc0 f   GridCtrl.obj
 0001:0001fcf0       ?Load@CGridCtrl@@QAEHPBDD@Z 10020cf0 f   GridCtrl.obj
 0001:00020080       ?Lookup@?$CMap@KKVCCellID@@AAV1@@@QBEHKAAVCCellID@@@Z 10021080 f i GridCtrl.obj
 0001:000200c0       ?MouseOverColumnResizeArea@CGridCtrl@@IAEHAAVCPoint@@@Z 100210c0 f   GridCtrl.obj
 0001:00020180       ?MouseOverRowResizeArea@CGridCtrl@@IAEHAAVCPoint@@@Z 10021180 f   GridCtrl.obj
 0001:00020240       ?NewAssoc@?$CMap@KKVCCellID@@AAV1@@@IAEPAVCAssoc@1@K@Z 10021240 f i GridCtrl.obj
 0001:000202d0       ?OnBeginDrag@CGridCtrl@@UAEXXZ 100212d0 f   GridCtrl.obj
 0001:00020360       ?OnBeginPrinting@CGridCtrl@@UAEXPAVCDC@@PAUCPrintInfo@@@Z 10021360 f   GridCtrl.obj
 0001:00020720       ?OnCaptureChanged@CGridCtrl@@IAEXPAVCWnd@@@Z 10021720 f   GridCtrl.obj
 0001:00020780       ?OnChar@CGridCtrl@@IAEXIII@Z 10021780 f   GridCtrl.obj
 0001:000207e0       ?OnDragEnter@CGridCtrl@@UAEKPAVCOleDataObject@@KVCPoint@@@Z 100217e0 f   GridCtrl.obj
 0001:000208b0       ?OnDragLeave@CGridCtrl@@UAEXXZ 100218b0 f   GridCtrl.obj
 0001:00020920       ?OnDragOver@CGridCtrl@@UAEKPAVCOleDataObject@@KVCPoint@@@Z 10021920 f   GridCtrl.obj
 0001:00020a90       ?OnDraw@CGridCtrl@@MAEXPAVCDC@@@Z 10021a90 f   GridCtrl.obj
 0001:00021150       ?OnDrop@CGridCtrl@@UAEHPAVCOleDataObject@@KVCPoint@@@Z 10022150 f   GridCtrl.obj
 0001:000211d0       ?OnEditCell@CGridCtrl@@MAEXHHVCPoint@@I@Z 100221d0 f   GridCtrl.obj
 0001:000212b0       ?OnEditCopy@CGridCtrl@@UAEXXZ 100222b0 f   GridCtrl.obj
 0001:000212d0       ?OnEditCut@CGridCtrl@@UAEXXZ 100222d0 f   GridCtrl.obj
 0001:00021300       ?OnEditPaste@CGridCtrl@@UAEXXZ 10022300 f   GridCtrl.obj
 0001:00021490       ?OnEditSelectAll@CGridCtrl@@UAEXXZ 10022490 f   GridCtrl.obj
 0001:000214f0       ?OnEndEditCell@CGridCtrl@@MAEXHHV?$CStringT@DV?$StrTraitMFC_DLL@DV?$ChTraitsCRT@D@ATL@@@@@ATL@@@Z 100224f0 f   GridCtrl.obj
 0001:00021650       ?OnEndInPlaceEdit@CGridCtrl@@IAEXPAUtagNMHDR@@PAJ@Z 10022650 f   GridCtrl.obj
 0001:00021710       ?OnEndPrinting@CGridCtrl@@UAEXPAVCDC@@PAUCPrintInfo@@@Z 10022710 f   GridCtrl.obj
 0001:00021720       ?OnEraseBkgnd@CGridCtrl@@IAEHPAVCDC@@@Z 10022720 f   GridCtrl.obj
 0001:00021730       ?OnFixedColumnClick@CGridCtrl@@MAEXAAVCCellID@@@Z 10022730 f   GridCtrl.obj
 0001:000217a0       ?OnFixedRowClick@CGridCtrl@@MAEXAAVCCellID@@@Z 100227a0 f   GridCtrl.obj
 0001:000218a0       ?OnGetDlgCode@CGridCtrl@@IAEIXZ 100228a0 f   GridCtrl.obj
 0001:000218d0       ?OnGetFont@CGridCtrl@@IAEJIJ@Z 100228d0 f   GridCtrl.obj
 0001:000218f0       ?OnHScroll@CGridCtrl@@IAEXIIPAVCScrollBar@@@Z 100228f0 f   GridCtrl.obj
 0001:00021bb0       ?OnImeChar@CGridCtrl@@IAEJIJ@Z 10022bb0 f   GridCtrl.obj
 0001:00021c00       ?OnKeyDown@CGridCtrl@@IAEXIII@Z 10022c00 f   GridCtrl.obj
 0001:000224a0       ?OnKeyUp@CGridCtrl@@IAEXIII@Z 100234a0 f   GridCtrl.obj
 0001:000224b0       ?OnLButtonDblClk@CGridCtrl@@IAEXIVCPoint@@@Z 100234b0 f   GridCtrl.obj
 0001:000227a0       ?OnLButtonDown@CGridCtrl@@IAEXIVCPoint@@@Z 100237a0 f   GridCtrl.obj
 0001:00022fe0       ?OnLButtonUp@CGridCtrl@@IAEXIVCPoint@@@Z 10023fe0 f   GridCtrl.obj
 0001:00023470       ?OnMouseMove@CGridCtrl@@IAEXIVCPoint@@@Z 10024470 f   GridCtrl.obj
 0001:000238c0       ?OnMouseWheel@CGridCtrl@@IAEHIFVCPoint@@@Z 100248c0 f   GridCtrl.obj
 0001:000239c0       ?OnPaint@CGridCtrl@@IAEXXZ 100249c0 f   GridCtrl.obj
 0001:00023b50       ?OnPrint@CGridCtrl@@UAEXPAVCDC@@PAUCPrintInfo@@@Z 10024b50 f   GridCtrl.obj
 0001:00024140       ?OnRButtonDown@CGridCtrl@@IAEXIVCPoint@@@Z 10025140 f   GridCtrl.obj
 0001:00024160       ?OnRButtonUp@CGridCtrl@@IAEXIVCPoint@@@Z 10025160 f   GridCtrl.obj
 0001:00024260       ?OnSelecting@CGridCtrl@@IAEXABVCCellID@@@Z 10025260 f   GridCtrl.obj
 0001:00024340       ?OnSetCursor@CGridCtrl@@IAEHPAVCWnd@@II@Z 10025340 f   GridCtrl.obj
[...]
 0002:0000d2d8       __ehfuncinfo$?AfxGetPctrData@@YGJH@Z 100442d8     IndexOptimizer.obj
 0002:0000d2fc       __unwindtable$?fnInit@@YGJPAUSTODINIT_IN@@PAUSTODINIT_OUT@@PAXH@Z 100442fc     IndexOptimizer.obj
 0002:0000d31c       __ehfuncinfo$?fnInit@@YGJPAUSTODINIT_IN@@PAUSTODINIT_OUT@@PAXH@Z 1004431c     IndexOptimizer.obj
 0002:0000d340       __unwindtable$?fnLoad@@YGJPAUSTODCREATEINFO_IN@@PAUSTODCREATEINFO_OUT@@@Z 10044340     IndexOptimizer.obj
 0002:0000d348       __ehfuncinfo$?fnLoad@@YGJPAUSTODCREATEINFO_IN@@PAUSTODCREATEINFO_OUT@@@Z 10044348     IndexOptimizer.obj
 0002:0000d36c       __unwindtable$?fnFuncCall@@YGJPAXPBD1AAUtagVARIANT@@@Z 1004436c     IndexOptimizer.obj
 0002:0000d374       __ehfuncinfo$?fnFuncCall@@YGJPAXPBD1AAUtagVARIANT@@@Z 10044374     IndexOptimizer.obj
 0002:0000d398       __unwindtable$??__F_AtlComModule@ATL@@YAXXZ 10044398     StdAfx.obj
 0002:0000d3a0       __ehfuncinfo$??__F_AtlComModule@ATL@@YAXXZ 100443a0     StdAfx.obj
 0002:0000d3c4       __unwindtable$??1CSeries@@QAE@XZ 100443c4     TabEarnChart.obj
 0002:0000d3cc       __ehfuncinfo$??1CSeries@@QAE@XZ 100443cc     TabEarnChart.obj
 0002:0000d3f0       __unwindtable$??0CTabSoonikChart@@QAE@PAVCWnd@@@Z 100443f0     TabEarnChart.obj
 0002:0000d410       __ehfuncinfo$??0CTabSoonikChart@@QAE@PAVCWnd@@@Z 10044410     TabEarnChart.obj
 0002:0000d434       __ehfuncinfo$??1CTabSoonikChart@@UAE@XZ 10044434     TabEarnChart.obj
 0002:0000d458       __unwindtable$?ShowData1Chart@CTabSoonikChart@@QAEXJ@Z 10044458     TabEarnChart.obj
 0002:0000d478       __ehfuncinfo$?ShowData1Chart@CTabSoonikChart@@QAEXJ@Z 10044478     TabEarnChart.obj
 0002:0000d49c       __unwindtable$?ShowData2Chart@CTabSoonikChart@@QAEXAAVCStringArray@@H@Z 1004449c     TabEarnChart.obj
 0002:0000d4ac       __ehfuncinfo$?ShowData2Chart@CTabSoonikChart@@QAEXAAVCStringArray@@H@Z 100444ac     TabEarnChart.obj
 0002:0000d4d0       __unwindtable$??_GCTabSoonikChart@@UAEPAXI@Z 100444d0     TabEarnChart.obj
 0002:0000d4d8       __ehfuncinfo$??_GCTabSoonikChart@@UAEPAXI@Z 100444d8     TabEarnChart.obj
 0002:0000d4fc       __ehfuncinfo$??0CTabSonikChart@@QAE@PAVCWnd@@@Z 100444fc     TabSonikChart.obj
 0002:0000d520       __unwindtable$??0CTabSonikChart@@QAE@PAVCWnd@@@Z 10044520     TabSonikChart.obj
 0002:0000d558       __ehfuncinfo$??1CTabSonikChart@@UAE@XZ 10044558     TabSonikChart.obj
 0002:0000d57c       __unwindtable$?ShowData1Chart@CTabSonikChart@@QAEXJ@Z 1004457c     TabSonikChart.obj
 0002:0000d584       __ehfuncinfo$?ShowData1Chart@CTabSonikChart@@QAEXJ@Z 10044584     TabSonikChart.obj
 0002:0000d5a8       __ehfuncinfo$?DisplayData2Chart@CTabSonikChart@@QAEXPAHHH@Z 100445a8     TabSonikChart.obj
 0002:0000d5cc       __unwindtable$?DisplayData2Chart@CTabSonikChart@@QAEXPAHHH@Z 100445cc     TabSonikChart.obj
 0002:0000d604       __unwindtable$??_GCTabSonikChart@@UAEPAXI@Z 10044604     TabSonikChart.obj
 0002:0000d60c       __ehfuncinfo$??_GCTabSonikChart@@UAEPAXI@Z 1004460c     TabSonikChart.obj
 0002:0000d630       __unwindtable$??0CExDrawButton@@QAE@H@Z 10044630     ExControl:ExDrawButton.obj
 0002:0000d640       __ehfuncinfo$??0CExDrawButton@@QAE@H@Z 10044640     ExControl:ExDrawButton.obj
 0002:0000d664       __unwindtable$??1CExDrawButton@@UAE@XZ 10044664     ExControl:ExDrawButton.obj
 0002:0000d66c       __ehfuncinfo$??1CExDrawButton@@UAE@XZ 1004466c     ExControl:ExDrawButton.obj
 0002:0000d690       __unwindtable$??_GCExDrawButton@@UAEPAXI@Z 10044690     ExControl:ExDrawButton.obj
 0002:0000d698       __ehfuncinfo$??_GCExDrawButton@@UAEPAXI@Z 10044698     ExControl:ExDrawButton.obj
 0002:0000d6bc       __ehfuncinfo$??0CLoaderDrawButton@@QAE@PAXH@Z 100446bc     ExControl:ExDrawButton.obj
 0002:0000d6e0       __unwindtable$??0CLoaderDrawButton@@QAE@PAXH@Z 100446e0     ExControl:ExDrawButton.obj
 0002:0000d708       __unwindtable$?CreateObject@?$CThreadLocal@VAFX_MODULE_THREAD_STATE@@@@SGPAVCNoTrackObject@@XZ 10044708     ExControl:StdAfx.obj
 0002:0000d710       __ehfuncinfo$?CreateObject@?$CThreadLocal@VAFX_MODULE_THREAD_STATE@@@@SGPAVCNoTrackObject@@XZ 10044710     ExControl:StdAfx.obj
 0002:0000d734       __unwindtable$??__F_AtlComModule@ATL@@YAXXZ 10044734     ExControl:StdAfx.obj
 0002:0000d73c       __ehfuncinfo$??__F_AtlComModule@ATL@@YAXXZ 1004473c     ExControl:StdAfx.obj
 0002:0000d760       __unwindtable$?CompareParamter@@YAHPADV?$CStringT@DV?$StrTraitMFC_DLL@DV?$ChTraitsCRT@D@ATL@@@@@ATL@@@Z 10044760     ExControl:StdAfx.obj
 0002:0000d770       __ehfuncinfo$?CompareParamter@@YAHPADV?$CStringT@DV?$StrTraitMFC_DLL@DV?$ChTraitsCRT@D@ATL@@@@@ATL@@@Z 10044770     ExControl:StdAfx.obj
 0002:0000d794       __unwindtable$?GetParamterValue@@YAXPBDAAV?$CStringT@DV?$StrTraitMFC_DLL@DV?$ChTraitsCRT@D@ATL@@@@@ATL@@V12@@Z 10044794     ExControl:StdAfx.obj
 0002:0000d7ac       __ehfuncinfo$?GetParamterValue@@YAXPBDAAV?$CStringT@DV?$StrTraitMFC_DLL@DV?$ChTraitsCRT@D@ATL@@@@@ATL@@V12@@Z 100447ac     ExControl:StdAfx.obj
 0002:0000d7d0       __sehtable$_WinbaseIsolationAwarePrivatetRgzlnPgpgk@0 100447d0     mfcs140:nolib.obj
 0002:0000d7f0       __sehtable$_IsolationAwareUnregisterClassA@8 100447f0     mfcs140:nolib.obj
 0002:0000d80c       __ehfuncinfo$??1CAtlComModule@ATL@@QAE@XZ 1004480c     mfcs140:nolib.obj
 0002:0000d830       __unwindtable$??__F_AtlComModule@ATL@@YAXXZ 10044830     mfcs140:nolib.obj
 0002:0000d838       __ehfuncinfo$??__F_AtlComModule@ATL@@YAXXZ 10044838     mfcs140:nolib.obj
 0002:0000d85c       __ehfuncinfo$??_Estringdispid@CComTypeInfoHolder@ATL@@QAEPAXI@Z 1004485c     mfcs140:nolib.obj
 0002:0000d880       __unwindtable$??__F_AtlComModule@ATL@@YAXXZ 10044880     mfcs140:stdafx.obj
 0002:0000d888       __ehfuncinfo$??__F_AtlComModule@ATL@@YAXXZ 10044888     mfcs140:stdafx.obj
 0002:0000d8b0       __sehtable$___scrt_is_nonwritable_in_current_image 100448b0     msvcrt:utility.obj
 0002:0000d8d0       __sehtable$??_M@YGXPAXIIP6EX0@Z@Z 100448d0     msvcrt:ehvecdtr.obj
 0002:0000d8f0       __sehtable$?__ArrayUnwind@@YGXPAXIIP6EX0@Z@Z 100448f0     msvcrt:ehvecdtr.obj
 0002:0000d910       __sehtable$?dllmain_crt_process_attach@@YAHQAUHINSTANCE__@@QAX@Z 10044910     msvcrt:dll_dllmain.obj
 0002:0000d930       __sehtable$?dllmain_crt_process_detach@@YAH_N@Z 10044930     msvcrt:dll_dllmain.obj
 0002:0000d958       __sehtable$?dllmain_dispatch@@YAHQAUHINSTANCE__@@KQAX@Z 10044958     msvcrt:dll_dllmain.obj
 0002:0000d980       .edata                     10044980     IndexOptimizer.exp
 0002:0000d9a8       rgpv                       100449a8     IndexOptimizer.exp
 0002:0000d9c4       rgszName                   100449c4     IndexOptimizer.exp
 0002:0000d9e0       rgwOrd                     100449e0     IndexOptimizer.exp
 0002:0000d9ee       szName                     100449ee     IndexOptimizer.exp
 0002:0000da01       $N00004                    10044a01     IndexOptimizer.exp
 0002:0000da0c       $N00001                    10044a0c     IndexOptimizer.exp
 0002:0000da13       $N00002                    10044a13     IndexOptimizer.exp
 0002:0000da1a       $N00003                    10044a1a     IndexOptimizer.exp
 0002:0000da23       $N00005                    10044a23     IndexOptimizer.exp
 0002:0000da32       $N00007                    10044a32     IndexOptimizer.exp
 0002:0000da44       $N00006                    10044a44     IndexOptimizer.exp
 0002:0000e5c0       .idata$6                   100455c0     mfc140:mfc140.dll
 0002:0000ea5c       .idata$6                   10045a5c     kernel32:KERNEL32.dll
 0002:0000ede8       .idata$6                   10045de8     user32:USER32.dll
 0002:0000ef90       .idata$6                   10045f90     gdi32:GDI32.dll
 0002:0000efcc       .idata$6                   10045fcc     advapi32:ADVAPI32.dll
 0002:0000f01c       .idata$6                   1004601c     comctl32:COMCTL32.dll
 0002:0000f05e       .idata$6                   1004605e     ole32:ole32.dll
 0002:0000f068       .idata$6                   10046068     oleaut32:OLEAUT32.dll
 0002:0000f140       .idata$6                   10046140     vcruntime:VCRUNTIME140.dll
 0002:0000f34c       .idata$6                   1004634c     ucrt:api-ms-win-crt-runtime-l1-1-0.dll
 0002:0000f36e       .idata$6                   1004636e     ucrt:api-ms-win-crt-stdio-l1-1-0.dll
 0002:0000f38e       .idata$6                   1004638e     ucrt:api-ms-win-crt-string-l1-1-0.dll
 0002:0000f3b0       .idata$6                   100463b0     ucrt:api-ms-win-crt-convert-l1-1-0.dll
 0002:0000f3d2       .idata$6                   100463d2     ucrt:api-ms-win-crt-multibyte-l1-1-0.dll
 0002:0000f3f6       .idata$6                   100463f6     ucrt:api-ms-win-crt-time-l1-1-0.dll
 0002:0000f416       .idata$6                   10046416     ucrt:api-ms-win-crt-heap-l1-1-0.dll
 0002:0000f436       .idata$6                   10046436     ucrt:api-ms-win-crt-utility-l1-1-0.dll
 0002:0000f458       .idata$6                   10046458     ucrt:api-ms-win-crt-math-l1-1-0.dll
 0003:00000000       ?parms@?1??AddXY@CSeries@@QAEJNNPBDK@Z@4PAEA 10047000     series.obj
 0003:00000008       ?parms@?1??SetClipPoints@CTChart@@QAEXH@Z@4PAEA 10047008     tchart.obj
 0003:0000000c       ?parms@?1??SetCursor@CTChart@@QAEXF@Z@4PAEA 1004700c     tchart.obj
 0003:00000010       ?parms@?1??SetDragCursor@CTChart@@QAEXF@Z@4PAEA 10047010     tchart.obj
 0003:00000014       ?parms@?1??SetDragMode@CTChart@@QAEXJ@Z@4PAEA 10047014     tchart.obj
 0003:00000018       ?parms@?1??SetEnabled@CTChart@@QAEXH@Z@4PAEA 10047018     tchart.obj
 0003:0000001c       ?parms@?1??SetHeight@CTChart@@QAEXJ@Z@4PAEA 1004701c     tchart.obj
 0003:00000020       ?parms@?1??SetLeft@CTChart@@QAEXJ@Z@4PAEA 10047020     tchart.obj
 0003:00000024       ?parms@?1??SetTop@CTChart@@QAEXJ@Z@4PAEA 10047024     tchart.obj
 0003:00000028       ?parms@?1??SetVisible@CTChart@@QAEXH@Z@4PAEA 10047028     tchart.obj
 0003:0000002c       ?parms@?1??SetWidth@CTChart@@QAEXJ@Z@4PAEA 1004702c     tchart.obj
 0003:00000030       ?parms@?1??AddSeries@CTChart@@QAEJJ@Z@4PAEA 10047030     tchart.obj
 0003:00000034       ?parms@?1??ChangeSeriesType@CTChart@@QAEXJJ@Z@4PAEA 10047034     tchart.obj
 0003:00000038       ?parms@?1??CloneSeries@CTChart@@QAEJJ@Z@4PAEA 10047038     tchart.obj
 0003:0000003c       ?parms@?1??Draw@CTChart@@QAEXJJJJJ@Z@4PAEA 1004703c     tchart.obj
 0003:00000044       ?parms@?1??ExchangeSeries@CTChart@@QAEXJJ@Z@4PAEA 10047044     tchart.obj
 0003:00000048       ?parms@?1??GetDateTimeStep@CTChart@@QAENJ@Z@4PAEA 10047048     tchart.obj
 0003:0000004c       ?parms@?1??GetFreeSeriesColor@CTChart@@QAEKH@Z@4PAEA 1004704c     tchart.obj
 0003:00000050       ?parms@?1??GetLabelsSeries@CTChart@@QAE?AVCSeries@@J@Z@4PAEA 10047050     tchart.obj
 0003:00000054       ?parms@?1??IsFreeSeriesColor@CTChart@@QAEHKH@Z@4PAEA 10047054     tchart.obj
 0003:00000058       ?parms@?1??RemoveSeries@CTChart@@QAEXJ@Z@4PAEA 10047058     tchart.obj
 0003:0000005c       ?parms@?1??SeriesTitleLegend@CTChart@@QAE?AV?$CStringT@DV?$StrTraitMFC_DLL@DV?$ChTraitsCRT@D@ATL@@@@@ATL@@J@Z@4PAEA 1004705c     tchart.obj
 0003:00000060       ?parms@?1??ShowEditor@CTChart@@QAEXJ@Z@4PAEA 10047060     tchart.obj
 0003:00000064       ?parms@?1??SetTimerEnabled@CTChart@@QAEXH@Z@4PAEA 10047064     tchart.obj
 0003:00000068       ?parms@?1??SetTimerInterval@CTChart@@QAEXJ@Z@4PAEA 10047068     tchart.obj
 0003:0000006c       ?parms@?1??SetAutoRepaint@CTChart@@QAEXH@Z@4PAEA 1004706c     tchart.obj
 0003:00000070       ?parms@?1??EditOneSeries@CTChart@@QAEXJ@Z@4PAEA 10047070     tchart.obj
 0003:00000074       ?parms@?1??ChartRect@CTChart@@QAEXJJJJ@Z@4PAEA 10047074     tchart.obj
 0003:0000007c       ?parms@?1??Series@CTChart@@QAE?AVCSeries@@J@Z@4PAEA 1004707c     tchart.obj
 0003:00000080       ?parms@?1??SetTheme@CTChart@@QAEXJJ@Z@4PAEA 10047080     tchart.obj
 0003:00000084       ?parms@?1??ApplyPalette@CTChart@@QAEXJ@Z@4PAEA 10047084     tchart.obj
 0003:00000088       ?parms@?1??ApplyCustomPalette@CTChart@@QAEXABUtagVARIANT@@@Z@4PAEA 10047088     tchart.obj
 0003:00000100       ?Font@?8??GetFontObject@CGridCell@@UBEPAVCFont@@XZ@4V3@A 10047100     GridCell.obj
 0003:00000c30       ?bOldPressed@?1??HighlightItem@CSTGfxOutBarCtrl@@QAEXH_N@Z@4_NA 10047c30     STGfxOutBarCtrl.obj
 0003:00000c50       ?RMSG_STTREE_ITEMCLICK@@3IB 10047c50     STTreeCtrl.obj
 0003:00000c54       ?RMSG_STTREE_ITEMDBLCLK@@3IB 10047c54     STTreeCtrl.obj
 0003:00000c58       ?RMSG_OPENNEWMAP@@3IB      10047c58     STTreeCtrl.obj
 0003:00000c64       ?RMSG_STTREE_ITEMCLICK@@3IB 10047c64     DlgOptimizer.obj
 0003:00000c68       ?RMSG_STTREE_ITEMDBLCLK@@3IB 10047c68     DlgOptimizer.obj
 0003:00000c6c       ?RMSG_STDATAMANAGER_RESULTDATA@@3IB 10047c6c     DlgOptimizer.obj
 0003:00000c70       ?RMSG_OB_ITEMDBLCLK@@3IB   10047c70     DlgOptimizer.obj
 0003:00000c74       ?RMSG_GETDLLSIZE@@3IB      10047c74     DlgOptimizer.obj
 0003:00000c78       ?RMSG_GETPCTRDATA@@3IB     10047c78     DlgOptimizer.obj
 0003:00000c7c       ?RMSG_STTREE_ITEMCLICK@@3IB 10047c7c     DlgResult.obj
 0003:00000c80       ?RMSG_STTREE_ITEMDBLCLK@@3IB 10047c80     DlgResult.obj
 0003:00000c84       ?RMSG_STTREE_ITEMCLICK@@3IB 10047c84     DlgTimeSetup.obj
 0003:00000c88       ?RMSG_STTREE_ITEMDBLCLK@@3IB 10047c88     DlgTimeSetup.obj
 0003:00000c8c       ?RMSG_STTREE_ITEMCLICK@@3IB 10047c8c     DlgTrade.obj
 0003:00000c90       ?RMSG_STTREE_ITEMDBLCLK@@3IB 10047c90     DlgTrade.obj
 0003:00000c94       ?$TSS0@?8??GetFontObject@CGridCell@@UBEPAVCFont@@XZ@4HA 10047c94     GridCell.obj
 0003:00000d4c       ?bInProcedure@?1??Initialise@CGridCtrl@@IAEHXZ@4HA 10047d4c     GridCtrl.obj
 0003:00000d50       ?bAlreadyInsideThisProcedure@?1??OnSize@CGridCtrl@@IAEXIHH@Z@4HA 10047d50     GridCtrl.obj
 0003:00000d54       ?bInProcedure@?1??Register@CGridDropTarget@@QAEHPAVCGridCtrl@@@Z@4HA 10047d54     GridDropTarget.obj
 0003:00000d58       ?bAlreadyEnding@?1??EndEdit@CInPlaceEdit@@QAEXXZ@4HA 10047d58     InPlaceEdit.obj
 0003:00000d60       ?RMSG_STTREE_ITEMCLICK@@3IB 10047d60     IndexOptimizer.obj
 0003:00000d64       ?RMSG_STTREE_ITEMDBLCLK@@3IB 10047d64     IndexOptimizer.obj
 0003:00000d68       ?RMSG_GETPCTRDATA@@3IB     10047d68     IndexOptimizer.obj
 0003:00000d6c       ?IndexOptimizerDLL@@3UAFX_EXTENSION_MODULE@@A 10047d6c     IndexOptimizer.obj
 0003:00000e30       ?RMSG_EVENT_SPININPUT@@3IB 10047e30     StdAfx.obj
 0003:00000e34       ?RMSG_EVENT_CODEINPUT@@3IB 10047e34     StdAfx.obj
 0003:00000e38       ?RMSG_ENDSCROLLPOS@@3IB    10047e38     StdAfx.obj
 0003:00000e3c       ?RMSG_FORMINITIALCOMPLETED@@3IB 10047e3c     StdAfx.obj
 0003:00000e40       ?RMSG_GETPCTRDATA@@3IB     10047e40     StdAfx.obj
 0003:00000e44       ?RMSG_LSHAREDCHANGED@@3IB  10047e44     StdAfx.obj
 0003:00000e48       ?RMSG_EVENT_ACCTINPUT@@3IB 10047e48     StdAfx.obj
 0003:00000e4c       ?RMSG_SETPCTRDATA@@3IB     10047e4c     StdAfx.obj
 0003:00000e50       ?RMSG_INTERFACE@@3IB       10047e50     StdAfx.obj
 0003:00000e54       ?RMSG_FORMSTATECHANGE@@3IB 10047e54     StdAfx.obj
 0003:00000e58       ?RMSG_LBTNDOWN@@3IB        10047e58     StdAfx.obj
 0003:00000e5c       ?RMSG_LBTNDBLCLICK@@3IB    10047e5c     StdAfx.obj
 0003:00000e60       ?RMSG_TABSTOP@@3IB         10047e60     StdAfx.obj
 0003:00000e64       ?RMSG_EVENT_SIGNAL@@3IB    10047e64     StdAfx.obj
 0003:00000e68       ?RMSG_INTERFACE@@3IB       10047e68     ExControl:ExDrawButton.obj
 0003:00000e6c       ?RMSG_GETPCTRDATA@@3IB     10047e6c     ExControl:ExDrawButton.obj
 0003:00000e70       ?RMSG_SETPCTRDATA@@3IB     10047e70     ExControl:ExDrawButton.obj
 0003:00000e74       ?RMSG_INTERFACE@@3IB       10047e74     ExControl:ExButton.obj
 0003:00000e78       ?RMSG_GETPCTRDATA@@3IB     10047e78     ExControl:ExButton.obj
 0003:00000e7c       ?RMSG_SETPCTRDATA@@3IB     10047e7c     ExControl:ExButton.obj
 0003:00000e84       ?RMSG_EVENT_SPININPUT@@3IB 10047e84     ExControl:StdAfx.obj
 0003:00000e88       ?RMSG_EVENT_CODEINPUT@@3IB 10047e88     ExControl:StdAfx.obj
 0003:00000e8c       ?RMSG_ENDSCROLLPOS@@3IB    10047e8c     ExControl:StdAfx.obj
 0003:00000e90       ?RMSG_FORMINITIALCOMPLETED@@3IB 10047e90     ExControl:StdAfx.obj
 0003:00000e94       ?RMSG_GETPCTRDATA@@3IB     10047e94     ExControl:StdAfx.obj
 0003:00000e98       ?RMSG_LSHAREDCHANGED@@3IB  10047e98     ExControl:StdAfx.obj
 0003:00000e9c       ?RMSG_EVENT_ACCTINPUT@@3IB 10047e9c     ExControl:StdAfx.obj
 0003:00000ea0       ?RMSG_SETPCTRDATA@@3IB     10047ea0     ExControl:StdAfx.obj
 0003:00000ea4       ?RMSG_INTERFACE@@3IB       10047ea4     ExControl:StdAfx.obj
 0003:00000ea8       ?RMSG_FORMSTATECHANGE@@3IB 10047ea8     ExControl:StdAfx.obj
 0003:00000eac       ?RMSG_LBTNDOWN@@3IB        10047eac     ExControl:StdAfx.obj
 0003:00000eb0       ?RMSG_LBTNDBLCLICK@@3IB    10047eb0     ExControl:StdAfx.obj
 0003:00000eb4       ?RMSG_TABSTOP@@3IB         10047eb4     ExControl:StdAfx.obj
 0003:00000eb8       ?RMSG_EVENT_SIGNAL@@3IB    10047eb8     ExControl:StdAfx.obj
 0003:00000ef8       ?is_initialized_as_dll@@3_NA 10047ef8     msvcrt:utility.obj
 0003:00000ef9       ?module_local_atexit_table_initialized@@3_NA 10047ef9     msvcrt:utility.obj
 0003:00000efc       ?module_local_atexit_table@@3U_onexit_table_t@@A 10047efc     msvcrt:utility.obj
 0003:00000f08       ?module_local_at_quick_exit_table@@3U_onexit_table_t@@A 10047f08     msvcrt:utility.obj
 0003:00000f14       ?g_tss_cv@@3U_RTL_CONDITION_VARIABLE@@A 10047f14     msvcrt:thread_safe_statics.obj
 0003:00000f18       ?g_tss_event@@3PAXA        10047f18     msvcrt:thread_safe_statics.obj
 0003:00000f1c       ?g_tss_mutex@@3U_RTL_CRITICAL_SECTION@@A 10047f1c     msvcrt:thread_safe_statics.obj
 0003:00000f34       ?g_sleep_condition_variable_cs@@3P6GHPAU_RTL_CONDITION_VARIABLE@@PAU_RTL_CRITICAL_SECTION@@K@ZA 10047f34     msvcrt:thread_safe_statics.obj
 0003:00000f38       ?g_wake_all_condition_variable@@3P6GXPAU_RTL_CONDITION_VARIABLE@@@ZA 10047f38     msvcrt:thread_safe_statics.obj
 0003:00000f40       ?__proc_attached@@3HA      10047f40     msvcrt:dll_dllmain.obj
 0003:00000f48       _GS_ExceptionRecord        10047f48     msvcrt:gs_report.obj
 0003:00000f98       _GS_ContextRecord          10047f98     msvcrt:gs_report.obj
 0004:00000250       $R000000                   10049250     IndexOptimizer.res
 0004:00000528       $R0002D8                   10049528     IndexOptimizer.res
 0004:00000800       $R0005B0                   10049800     IndexOptimizer.res
 0004:00000830       $R0005E0                   10049830     IndexOptimizer.res
 0004:00000990       $R000740                   10049990     IndexOptimizer.res
 0004:000009d8       $R000788                   100499d8     IndexOptimizer.res
 0004:00000c10       $R0009C0                   10049c10     IndexOptimizer.res
 0004:000010b0       $R000E60                   1004a0b0     IndexOptimizer.res
 0004:00003978       $R003728                   1004c978     IndexOptimizer.res
 0004:00003ef8       $R003CA8                   1004cef8     IndexOptimizer.res

 Exports

  ordinal    name

        1    ?fnInit@@YGJPAUSTODINIT_IN@@PAUSTODINIT_OUT@@PAXH@Z (long __stdcall fnInit(struct STODINIT_IN *,struct STODINIT_OUT *,void *,int))
               exported name: fnInit
        2    ?fnLoad@@YGJPAUSTODCREATEINFO_IN@@PAUSTODCREATEINFO_OUT@@@Z (long __stdcall fnLoad(struct STODCREATEINFO_IN *,struct STODCREATEINFO_OUT *))
               exported name: fnLoad
        3    ?fnUnLoad@@YGJPAX@Z (long __stdcall fnUnLoad(void *))
               exported name: fnUnLoad
        4    ?fnFuncCall@@YGJPAXPBD1AAUtagVARIANT@@@Z (long __stdcall fnFuncCall(void *,char const *,char const *,struct tagVARIANT &))
               exported name: fnFuncCall
        5    _CREATE_TRADING
               exported name: CREATE_TRADING
        6    _DESTROY_TRADING
               exported name: DESTROY_TRADING
        7    _CREATE_TRADING_EX
               exported name: CREATE_TRADING_EX
