 PARTNERMNG

 Timestamp is 641272d9 (Thu Mar 16 10:37:29 2023)

 Preferred load address is 10000000

 Start         Length     Name                   Class
 0001:00000000 00000fb0H .text$di                CODE
 0001:00000fb0 00031580H .text$mn                CODE
 0001:00032530 00005370H .text$x                 CODE
 0001:000378a0 00000302H .text$yd                CODE
 0002:00000000 00000450H .idata$5                DATA
 0002:00000450 00000008H .00cfg                  DATA
 0002:00000458 00000004H .CRT$XCA                DATA
 0002:0000045c 00000008H .CRT$XCL                DATA
 0002:00000464 00000188H .CRT$XCU                DATA
 0002:000005ec 00000004H .CRT$XCZ                DATA
 0002:000005f0 00000004H .CRT$XIA                DATA
 0002:000005f4 00000004H .CRT$XIC                DATA
 0002:000005f8 00000004H .CRT$XIZ                DATA
 0002:000005fc 00000004H .CRT$XLA                DATA
 0002:00000600 00000004H .CRT$XLZ                DATA
 0002:00000604 00000004H .CRT$XPA                DATA
 0002:00000608 00000004H .CRT$XPZ                DATA
 0002:0000060c 00000004H .CRT$XTA                DATA
 0002:00000610 00000010H .CRT$XTZ                DATA
 0002:00000614 00000000H .gfids$y                DATA
 0002:00000620 00007820H .rdata                  DATA
 0002:00007e40 00000004H .rdata$CastGuardVftablesA DATA
 0002:00007e44 00000004H .rdata$CastGuardVftablesC DATA
 0002:00007e48 00000018H .rdata$T                DATA
 0002:00007e60 00000d20H .rdata$r                DATA
 0002:00008b80 000001d4H .rdata$sxdata           DATA
 0002:00008d54 00000038H .rdata$voltmd           DATA
 0002:00008d8c 00000430H .rdata$zzzdbg           DATA
 0002:000091bc 00000004H .rtc$IAA                DATA
 0002:000091c0 00000004H .rtc$IZZ                DATA
 0002:000091c4 00000004H .rtc$TAA                DATA
 0002:000091c8 00000004H .rtc$TZZ                DATA
 0002:000091cc 00000004H .tls                    DATA
 0002:000091d0 00000004H .tls$                   DATA
 0002:000091d4 00000004H .tls$ZZZ                DATA
 0002:000091d8 00003954H .xdata$x                DATA
 0002:0000cb2c 00000004H ATL$__a                 DATA
 0002:0000cb30 00000010H ATL$__z                 DATA
 0002:0000cb40 00000080H .edata                  DATA
 0002:0000cbc0 000000f0H .idata$2                DATA
 0002:0000ccb0 00000014H .idata$3                DATA
 0002:0000ccc4 00000450H .idata$4                DATA
 0002:0000d114 0000084cH .idata$6                DATA
 0003:00000000 00000868H .data                   DATA
 0003:00000868 00000040H .data$r                 DATA
 0003:000008a8 00000668H .data$rs                DATA
 0003:00000f10 00000890H .bss                    DATA
 0004:00000000 000000a0H .rsrc$01                DATA
 0004:000000a0 00000580H .rsrc$02                DATA

  Address         Publics by Value              Rva+Base       Lib:Object

 0000:00000000       ___guard_fids_table        00000000     <absolute>
 0000:00000000       ___guard_eh_cont_count     00000000     <absolute>
 0000:00000000       ___guard_fids_count        00000000     <absolute>
 0000:00000000       ___arm64x_redirection_metadata 00000000     <absolute>
 0000:00000000       ___enclave_config          00000000     <absolute>
 0000:00000000       ___dynamic_value_reloc_table 00000000     <absolute>
 0000:00000000       ___guard_eh_cont_table     00000000     <absolute>
 0000:00000000       ___arm64x_extra_rfe_table  00000000     <absolute>
 0000:00000000       ___guard_iat_count         00000000     <absolute>
 0000:00000000       ___hybrid_auxiliary_iat    00000000     <absolute>
 0000:00000000       ___guard_check_icall_a64n_fptr 00000000     <absolute>
 0000:00000000       ___hybrid_auxiliary_iat_copy 00000000     <absolute>
 0000:00000000       ___arm64x_native_entrypoint 00000000     <absolute>
 0000:00000000       ___arm64x_redirection_metadata_count 00000000     <absolute>
 0000:00000000       ___arm64x_extra_rfe_table_size 00000000     <absolute>
 0000:00000000       ___guard_longjmp_table     00000000     <absolute>
 0000:00000000       ___x64_code_ranges_to_entry_points 00000000     <absolute>
 0000:00000000       ___hybrid_code_map         00000000     <absolute>
 0000:00000000       ___guard_longjmp_count     00000000     <absolute>
 0000:00000000       ___hybrid_code_map_count   00000000     <absolute>
 0000:00000000       ___x64_code_ranges_to_entry_points_count 00000000     <absolute>
 0000:00000000       ___guard_iat_table         00000000     <absolute>
 0000:00000000       ___AbsoluteZero            00000000     <absolute>
 0000:0000002c       __tls_array                0000002c     <absolute>
 0000:00000075       ___safe_se_handler_count   00000075     <absolute>
 0000:00000100       ___guard_flags             00000100     <absolute>
 0000:00000000       ___ImageBase               10000000     <linker-defined>
 0001:00000fb0       ??0CChartItemDollar@@QAE@XZ 10001fb0 f   ChartItemDollar.obj
 0001:00000ff0       ??1CChartItemDollar@@UAE@XZ 10001ff0 f   ChartItemDollar.obj
 0001:00001000       ??_GCChartItemDollar@@UAEPAXI@Z 10002000 f i ChartItemDollar.obj
 0001:00001000       ??_ECChartItemDollar@@UAEPAXI@Z 10002000 f i ChartItemDollar.obj
 0001:00001030       ?Convert2Struct@CChartItemDollar@@QAEPADPAEHHAAH@Z 10002030 f   ChartItemDollar.obj
 0001:00001200       ?Convert@CChartItemDollar@@QAE?AV?$CStringT@DV?$StrTraitMFC_DLL@DV?$ChTraitsCRT@D@ATL@@@@@ATL@@XZ 10002200 f   ChartItemDollar.obj
 0001:00001330       ?SetInData@CChartItemDollar@@QAEXPAUKB_d1018_InRec@@@Z 10002330 f   ChartItemDollar.obj
 0001:00001350       ?__empty_global_delete@@YAXPAX@Z 10002350 f i ChartItemDollar.obj
 0001:00001360       ?__global_delete@@YAXPAXI@Z 10002360 f i ChartItemDollar.obj
 0001:00001360       ?__empty_global_delete@@YAXPAXI@Z 10002360 f i ChartItemDollar.obj
 0001:00001370       ??0CChartItemFO@@QAE@XZ    10002370 f   ChartItemFO.obj
 0001:00001510       ??1CChartBozoInput@@QAE@XZ 10002510 f i ChartItemFO.obj
 0001:00001610       ??1CChartItemFO@@UAE@XZ    10002610 f   ChartItemFO.obj
 0001:00001620       ??4CChartBozoInput@@UAEAAV0@ABV0@@Z 10002620 f i ChartItemFO.obj
 0001:00001640       ??_GCChartItemFO@@UAEPAXI@Z 10002640 f i ChartItemFO.obj
 0001:00001640       ??_ECChartItemFO@@UAEPAXI@Z 10002640 f i ChartItemFO.obj
 0001:00001670       ?Convert2Struct@CChartItemFO@@QAEPADPAEHHAAH@Z 10002670 f   ChartItemFO.obj
 0001:000032f0       ?Convert@CChartItemFO@@QAE?AV?$CStringT@DV?$StrTraitMFC_DLL@DV?$ChTraitsCRT@D@ATL@@@@@ATL@@XZ 100042f0 f   ChartItemFO.obj
 0001:000034a0       ?ConvertCommodity@CChartItemFO@@QAE?AV?$CStringT@DV?$StrTraitMFC_DLL@DV?$ChTraitsCRT@D@ATL@@@@@ATL@@XZ 100044a0 f   ChartItemFO.obj
 0001:00004010       ?ConvertFuture@CChartItemFO@@QAE?AV?$CStringT@DV?$StrTraitMFC_DLL@DV?$ChTraitsCRT@D@ATL@@@@@ATL@@XZ 10005010 f   ChartItemFO.obj
 0001:00004ba0       ?ConvertOption@CChartItemFO@@QAE?AV?$CStringT@DV?$StrTraitMFC_DLL@DV?$ChTraitsCRT@D@ATL@@@@@ATL@@XZ 10005ba0 f   ChartItemFO.obj
 0001:00005770       ?Copy@CChartBozoInput@@UAEXABV1@@Z 10006770 f i ChartItemFO.obj
 0001:000059b0       ?SetInData@CChartItemFO@@QAEXPAUKB_p0604_InRec1@@@Z 100069b0 f   ChartItemFO.obj
 0001:000059f0       ___local_stdio_printf_options 100069f0 f i ChartItemFO.obj
 0001:00005a00       ___local_stdio_scanf_options 10006a00 f i ChartItemFO.obj
 0001:00005a10       _sprintf                   10006a10 f i ChartItemFO.obj
 0001:00005a50       _sscanf                    10006a50 f i ChartItemFO.obj
 0001:00005a80       ??$SerializeElements@PAVCChartBozoItem@@@@YGXAAVCArchive@@PAPAVCChartBozoItem@@H@Z 10006a80 f i ChartItemFOForeign.obj
 0001:00005b30       ??0?$CList@PAVCChartBozoItem@@PAV1@@@QAE@H@Z 10006b30 f i ChartItemFOForeign.obj
 0001:00005b70       ??0CChartItemFOForeign@@QAE@XZ 10006b70 f   ChartItemFOForeign.obj
 0001:00005db0       ??1?$CList@PAVCChartBozoItem@@PAV1@@@UAE@XZ 10006db0 f i ChartItemFOForeign.obj
 0001:00005e20       ??1CChartItemFOForeign@@UAE@XZ 10006e20 f   ChartItemFOForeign.obj
 0001:00005e40       ??1CObject@@UAE@XZ         10006e40 f i ChartItemFOForeign.obj
 0001:00005e50       ??_G?$CList@PAVCChartBozoItem@@PAV1@@@UAEPAXI@Z 10006e50 f i ChartItemFOForeign.obj
 0001:00005e50       ??_E?$CList@PAVCChartBozoItem@@PAV1@@@UAEPAXI@Z 10006e50 f i ChartItemFOForeign.obj
 0001:00005f00       ??_GCChartItemFOForeign@@UAEPAXI@Z 10006f00 f i ChartItemFOForeign.obj
 0001:00005f00       ??_ECChartItemFOForeign@@UAEPAXI@Z 10006f00 f i ChartItemFOForeign.obj
 0001:00005f40       ?AddTail@?$CList@PAVCChartBozoItem@@PAV1@@@QAEPAU__POSITION@@PAVCChartBozoItem@@@Z 10006f40 f i ChartItemFOForeign.obj
 0001:00005fd0       ?AssertValid@CObject@@UBEXXZ 10006fd0 f i ChartItemFOForeign.obj
 0001:00005ff0       ?Convert2Struct@CChartItemFOForeign@@QAEPADPAEHHAAH@Z 10006ff0 f   ChartItemFOForeign.obj
 0001:00007eb0       ?Convert@CChartItemFOForeign@@QAE?AV?$CStringT@DV?$StrTraitMFC_DLL@DV?$ChTraitsCRT@D@ATL@@@@@ATL@@XZ 10008eb0 f   ChartItemFOForeign.obj
 0001:000089a0       ?Dump@CObject@@UBEXAAVCDumpContext@@@Z 100099a0 f i ChartItemFOForeign.obj
 0001:000089b0       ?NewNode@?$CList@PAVCChartBozoItem@@PAV1@@@IAEPAUCNode@1@PAU21@0@Z 100099b0 f i ChartItemFOForeign.obj
 0001:00008a20       ?RemoveAll@?$CList@PAVCChartBozoItem@@PAV1@@@QAEXXZ 10009a20 f i ChartItemFOForeign.obj
 0001:00008a50       ?Serialize@?$CList@PAVCChartBozoItem@@PAV1@@@UAEXAAVCArchive@@@Z 10009a50 f i ChartItemFOForeign.obj
 0001:00008be0       ?Serialize@CObject@@UAEXAAVCArchive@@@Z 10009be0 f i ChartItemFOForeign.obj
 0001:00008bf0       ?SetInData@CChartItemFOForeign@@QAEXPAU_HCQ03010_IN@@@Z 10009bf0 f   ChartItemFOForeign.obj
 0001:00008c20       ??0CChartItemFOForeignHoga@@QAE@XZ 10009c20 f   ChartItemFOForeignHoga.obj
 0001:00008da0       ??1CChartItemFOForeignHoga@@UAE@XZ 10009da0 f   ChartItemFOForeignHoga.obj
 0001:00008db0       ??_GCChartItemFOForeignHoga@@UAEPAXI@Z 10009db0 f i ChartItemFOForeignHoga.obj
 0001:00008db0       ??_ECChartItemFOForeignHoga@@UAEPAXI@Z 10009db0 f i ChartItemFOForeignHoga.obj
 0001:00008de0       ?Convert2Struct@CChartItemFOForeignHoga@@QAEPADPAEHHAAH@Z 10009de0 f   ChartItemFOForeignHoga.obj
 0001:000099d0       ?Convert@CChartItemFOForeignHoga@@QAE?AV?$CStringT@DV?$StrTraitMFC_DLL@DV?$ChTraitsCRT@D@ATL@@@@@ATL@@XZ 1000a9d0 f   ChartItemFOForeignHoga.obj
 0001:00009b00       ?SetInData@CChartItemFOForeignHoga@@QAEXPAU_HCQ01112_IN@@@Z 1000ab00 f   ChartItemFOForeignHoga.obj
 0001:00009b30       ??0CChartItemFOHoga@@QAE@XZ 1000ab30 f   ChartItemFOHoga.obj
 0001:00009b60       ??1CChartItemFOHoga@@UAE@XZ 1000ab60 f   ChartItemFOHoga.obj
 0001:00009b70       ??_GCChartItemFOHoga@@UAEPAXI@Z 1000ab70 f i ChartItemFOHoga.obj
 0001:00009b70       ??_ECChartItemFOHoga@@UAEPAXI@Z 1000ab70 f i ChartItemFOHoga.obj
 0001:00009ba0       ?Convert2Struct@CChartItemFOHoga@@QAEPADPAEHV?$CStringT@DV?$StrTraitMFC_DLL@DV?$ChTraitsCRT@D@ATL@@@@@ATL@@AAH@Z 1000aba0 f   ChartItemFOHoga.obj
 0001:0000a080       ?Convert@CChartItemFOHoga@@QAE?AV?$CStringT@DV?$StrTraitMFC_DLL@DV?$ChTraitsCRT@D@ATL@@@@@ATL@@XZ 1000b080 f   ChartItemFOHoga.obj
 0001:0000a2b0       ?ConvertFuture@CChartItemFOHoga@@QAE?AV?$CStringT@DV?$StrTraitMFC_DLL@DV?$ChTraitsCRT@D@ATL@@@@@ATL@@XZ 1000b2b0 f   ChartItemFOHoga.obj
 0001:0000a3a0       ?ConvertOption@CChartItemFOHoga@@QAE?AV?$CStringT@DV?$StrTraitMFC_DLL@DV?$ChTraitsCRT@D@ATL@@@@@ATL@@XZ 1000b3a0 f   ChartItemFOHoga.obj
 0001:0000a490       ?SetInData@CChartItemFOHoga@@QAEXPAUKB_f0201_InRec1@@@Z 1000b490 f   ChartItemFOHoga.obj
 0001:0000a4b0       ??0CChartItemFOJipyo@@QAE@XZ 1000b4b0 f   ChartItemFOJipyo.obj
 0001:0000a670       ??1CChartItemFOJipyo@@UAE@XZ 1000b670 f   ChartItemFOJipyo.obj
 0001:0000a680       ??_ECChartItemFOJipyo@@UAEPAXI@Z 1000b680 f i ChartItemFOJipyo.obj
 0001:0000a680       ??_GCChartItemFOJipyo@@UAEPAXI@Z 1000b680 f i ChartItemFOJipyo.obj
 0001:0000a6b0       ?Convert2Struct@CChartItemFOJipyo@@QAEPADPAEHHAAH@Z 1000b6b0 f   ChartItemFOJipyo.obj
 0001:0000b790       ?Convert@CChartItemFOJipyo@@QAE?AV?$CStringT@DV?$StrTraitMFC_DLL@DV?$ChTraitsCRT@D@ATL@@@@@ATL@@XZ 1000c790 f   ChartItemFOJipyo.obj
 0001:0000bd30       ?SetInData@CChartItemFOJipyo@@QAEXPAUKB_p0515_InRec@@@Z 1000cd30 f   ChartItemFOJipyo.obj
 0001:0000bd70       ??0CChartItemForeign@@QAE@XZ 1000cd70 f   ChartItemForeign.obj
 0001:0000bf00       ??1CChartItemForeign@@UAE@XZ 1000cf00 f   ChartItemForeign.obj
 0001:0000bf10       ??_ECChartItemForeign@@UAEPAXI@Z 1000cf10 f i ChartItemForeign.obj
 0001:0000bf10       ??_GCChartItemForeign@@UAEPAXI@Z 1000cf10 f i ChartItemForeign.obj
 0001:0000bf40       ?Convert2Struct@CChartItemForeign@@QAEPADPAEHHAAH@Z 1000cf40 f   ChartItemForeign.obj
 0001:0000d5a0       ?Convert@CChartItemForeign@@QAE?AV?$CStringT@DV?$StrTraitMFC_DLL@DV?$ChTraitsCRT@D@ATL@@@@@ATL@@XZ 1000e5a0 f   ChartItemForeign.obj
 0001:0000dc70       ?SetInData@CChartItemForeign@@QAEXPAUKB_p0606_InRec1@@@Z 1000ec70 f   ChartItemForeign.obj
 0001:0000dca0       ??0CChartBozoInput@@QAE@XZ 1000eca0 f i ChartItemFX.obj
 0001:0000ddf0       ??0CChartItemFX@@QAE@XZ    1000edf0 f   ChartItemFX.obj
 0001:0000de50       ??1CChartItemFX@@UAE@XZ    1000ee50 f   ChartItemFX.obj
 0001:0000de70       ??_GCChartItemFX@@UAEPAXI@Z 1000ee70 f i ChartItemFX.obj
 0001:0000de70       ??_ECChartItemFX@@UAEPAXI@Z 1000ee70 f i ChartItemFX.obj
 0001:0000dec0       ?Convert2Struct@CChartItemFX@@QAEPADPAEHHAAH@Z 1000eec0 f   ChartItemFX.obj
 0001:0000f7b0       ?Convert@CChartItemFX@@QAE?AV?$CStringT@DV?$StrTraitMFC_DLL@DV?$ChTraitsCRT@D@ATL@@@@@ATL@@XZ 100107b0 f   ChartItemFX.obj
 0001:000100f0       ?SetInData@CChartItemFX@@QAEXPAUSM_fx112_InRec1@@@Z 100110f0 f   ChartItemFX.obj
 0001:000101e0       ??0CChartItemFXChe@@QAE@XZ 100111e0 f   ChartItemFXChe.obj
 0001:00010220       ??1CChartItemFXChe@@UAE@XZ 10011220 f   ChartItemFXChe.obj
 0001:00010230       ??_ECChartItemFXChe@@UAEPAXI@Z 10011230 f i ChartItemFXChe.obj
 0001:00010230       ??_GCChartItemFXChe@@UAEPAXI@Z 10011230 f i ChartItemFXChe.obj
 0001:00010260       ?Convert2Struct@CChartItemFXChe@@QAEPADPAEHHAAH@Z 10011260 f   ChartItemFXChe.obj
 0001:00010c90       ?Convert@CChartItemFXChe@@QAE?AV?$CStringT@DV?$StrTraitMFC_DLL@DV?$ChTraitsCRT@D@ATL@@@@@ATL@@XZ 10011c90 f   ChartItemFXChe.obj
 0001:000114e0       ?SetInData@CChartItemFXChe@@QAEXPAUFX_CHE_RQ_INPUT@@@Z 100124e0 f   ChartItemFXChe.obj
 0001:000115d0       ?SetTR@CChartItemFXChe@@QAEXV?$CStringT@DV?$StrTraitMFC_DLL@DV?$ChTraitsCRT@D@ATL@@@@@ATL@@@Z 100125d0 f   ChartItemFXChe.obj
 0001:00011620       ??0CChartItemFXJan@@QAE@XZ 10012620 f   ChartItemFXJan.obj
 0001:00011660       ??1CChartItemFXJan@@UAE@XZ 10012660 f   ChartItemFXJan.obj
 0001:00011680       ??_GCChartItemFXJan@@UAEPAXI@Z 10012680 f i ChartItemFXJan.obj
 0001:00011680       ??_ECChartItemFXJan@@UAEPAXI@Z 10012680 f i ChartItemFXJan.obj
 0001:000116c0       ?Convert2Struct@CChartItemFXJan@@QAEPADPAEHHAAH@Z 100126c0 f   ChartItemFXJan.obj
 0001:00011c80       ?Convert@CChartItemFXJan@@QAE?AV?$CStringT@DV?$StrTraitMFC_DLL@DV?$ChTraitsCRT@D@ATL@@@@@ATL@@XZ 10012c80 f   ChartItemFXJan.obj
 0001:00012260       ?SetInData@CChartItemFXJan@@QAEXPAUFX_CHE_RQ_INPUT@@@Z 10013260 f   ChartItemFXJan.obj
 0001:00012350       ?SetTR@CChartItemFXJan@@QAEXV?$CStringT@DV?$StrTraitMFC_DLL@DV?$ChTraitsCRT@D@ATL@@@@@ATL@@@Z 10013350 f   ChartItemFXJan.obj
 0001:000123b0       ??0CChartItemMarket@@QAE@XZ 100133b0 f   ChartItemMarket.obj
 0001:000123c0       ??1CChartItemMarket@@UAE@XZ 100133c0 f   ChartItemMarket.obj
 0001:000123d0       ??_GCChartItemMarket@@UAEPAXI@Z 100133d0 f i ChartItemMarket.obj
 0001:000123d0       ??_ECChartItemMarket@@UAEPAXI@Z 100133d0 f i ChartItemMarket.obj
 0001:00012400       ?Convert2Struct@CChartItemMarket@@QAEPADPAEHHAAH@Z 10013400 f   ChartItemMarket.obj
 0001:00013900       ?Convert@CChartItemMarket@@QAE?AV?$CStringT@DV?$StrTraitMFC_DLL@DV?$ChTraitsCRT@D@ATL@@@@@ATL@@XZ 10014900 f   ChartItemMarket.obj
 0001:00013b40       ?GetSendDataType@CChartItemMarket@@QAE?AV?$CStringT@DV?$StrTraitMFC_DLL@DV?$ChTraitsCRT@D@ATL@@@@@ATL@@H@Z 10014b40 f   ChartItemMarket.obj
 0001:00013bc0       ?GetSendDataType@CChartItemMarket@@QAEHXZ 10014bc0 f   ChartItemMarket.obj
 0001:00014070       ?MakeDataOfSuspensSeContract@CChartItemMarket@@IAEXAAV?$CStringT@DV?$StrTraitMFC_DLL@DV?$ChTraitsCRT@D@ATL@@@@@ATL@@PAVCStringArray@@@Z 10015070 f   ChartItemMarket.obj
 0001:00014500       ?SetInData@CChartItemMarket@@QAEXPAUKB_d1015_InRec1@@@Z 10015500 f   ChartItemMarket.obj
 0001:00014540       ?fnStructType1@CChartItemMarket@@QAE?AV?$CStringT@DV?$StrTraitMFC_DLL@DV?$ChTraitsCRT@D@ATL@@@@@ATL@@V23@H@Z 10015540 f   ChartItemMarket.obj
 0001:00015270       ?fnStructType2@CChartItemMarket@@QAE?AV?$CStringT@DV?$StrTraitMFC_DLL@DV?$ChTraitsCRT@D@ATL@@@@@ATL@@V23@H@Z 10016270 f   ChartItemMarket.obj
 0001:000158c0       ??0CChartItemPreFO@@QAE@XZ 100168c0 f   ChartItemPreFO.obj
 0001:00015a50       ??1CChartItemPreFO@@UAE@XZ 10016a50 f   ChartItemPreFO.obj
 0001:00015a60       ??_GCChartItemPreFO@@UAEPAXI@Z 10016a60 f i ChartItemPreFO.obj
 0001:00015a60       ??_ECChartItemPreFO@@UAEPAXI@Z 10016a60 f i ChartItemPreFO.obj
 0001:00015a90       ?Convert2Struct@CChartItemPreFO@@QAEPADPAEHHAAH@Z 10016a90 f   ChartItemPreFO.obj
 0001:00016ba0       ?Convert@CChartItemPreFO@@QAE?AV?$CStringT@DV?$StrTraitMFC_DLL@DV?$ChTraitsCRT@D@ATL@@@@@ATL@@XZ 10017ba0 f   ChartItemPreFO.obj
 0001:000175a0       ?SetInData@CChartItemPreFO@@QAEXPAUKB_p0604_InRec1@@@Z 100185a0 f   ChartItemPreFO.obj
 0001:000175e0       ??0CChartItemSFO@@QAE@XZ   100185e0 f   ChartItemSFO.obj
 0001:00017770       ??1CChartItemSFO@@UAE@XZ   10018770 f   ChartItemSFO.obj
 0001:00017780       ??_GCChartItemSFO@@UAEPAXI@Z 10018780 f i ChartItemSFO.obj
 0001:00017780       ??_ECChartItemSFO@@UAEPAXI@Z 10018780 f i ChartItemSFO.obj
 0001:000177b0       ?Convert2Struct@CChartItemSFO@@QAEPADPAEHHAAH@Z 100187b0 f   ChartItemSFO.obj
 0001:00019190       ?Convert@CChartItemSFO@@QAE?AV?$CStringT@DV?$StrTraitMFC_DLL@DV?$ChTraitsCRT@D@ATL@@@@@ATL@@XZ 1001a190 f   ChartItemSFO.obj
 0001:00019e50       ?SetInData@CChartItemSFO@@QAEXPAUKB_d1013_InRec1@@@Z 1001ae50 f   ChartItemSFO.obj
 0001:00019e90       ??0CChartItemSHoga@@QAE@XZ 1001ae90 f   ChartItemSHoga.obj
 0001:00019ec0       ??1CChartItemSHoga@@UAE@XZ 1001aec0 f   ChartItemSHoga.obj
 0001:00019ed0       ??_ECChartItemSHoga@@UAEPAXI@Z 1001aed0 f i ChartItemSHoga.obj
 0001:00019ed0       ??_GCChartItemSHoga@@UAEPAXI@Z 1001aed0 f i ChartItemSHoga.obj
 0001:00019f10       ?Convert2Struct@CChartItemSHoga@@QAEPADPAEHHAAH@Z 1001af10 f   ChartItemSHoga.obj
 0001:0001b1a0       ?Convert@CChartItemSHoga@@QAE?AV?$CStringT@DV?$StrTraitMFC_DLL@DV?$ChTraitsCRT@D@ATL@@@@@ATL@@XZ 1001c1a0 f   ChartItemSHoga.obj
 0001:0001b2d0       ?SetInData@CChartItemSHoga@@QAEXPAU_k01230In1@@@Z 1001c2d0 f   ChartItemSHoga.obj
 0001:0001b300       ??0CChartItemStock@@QAE@XZ 1001c300 f   ChartItemStock.obj
 0001:0001b5a0       ??1CChartItemStock@@UAE@XZ 1001c5a0 f   ChartItemStock.obj
 0001:0001b5b0       ??_ECChartItemStock@@UAEPAXI@Z 1001c5b0 f i ChartItemStock.obj
 0001:0001b5b0       ??_GCChartItemStock@@UAEPAXI@Z 1001c5b0 f i ChartItemStock.obj
 0001:0001b5f0       ?Convert2Struct@CChartItemStock@@QAEPADPAEHHAAH@Z 1001c5f0 f   ChartItemStock.obj
 0001:0001d5e0       ?Convert@CChartItemStock@@QAE?AV?$CStringT@DV?$StrTraitMFC_DLL@DV?$ChTraitsCRT@D@ATL@@@@@ATL@@XZ 1001e5e0 f   ChartItemStock.obj
 0001:0001e3c0       ?SetInData@CChartItemStock@@QAEXPAUKB_p0602_InRec1@@@Z 1001f3c0 f   ChartItemStock.obj
 0001:0001e4b0       ??0CChartItemUpjong@@QAE@XZ 1001f4b0 f   ChartItemUpjong.obj
 0001:0001e630       ??1CChartItemUpjong@@UAE@XZ 1001f630 f   ChartItemUpjong.obj
 0001:0001e640       ??_GCChartItemUpjong@@UAEPAXI@Z 1001f640 f i ChartItemUpjong.obj
 0001:0001e640       ??_ECChartItemUpjong@@UAEPAXI@Z 1001f640 f i ChartItemUpjong.obj
 0001:0001e670       ?Convert2Struct@CChartItemUpjong@@QAEPADPAEHHAAH@Z 1001f670 f   ChartItemUpjong.obj
 0001:0001ff70       ?Convert@CChartItemUpjong@@QAE?AV?$CStringT@DV?$StrTraitMFC_DLL@DV?$ChTraitsCRT@D@ATL@@@@@ATL@@XZ 10020f70 f   ChartItemUpjong.obj
 0001:00020960       ?SetInData@CChartItemUpjong@@QAEXPAUKB_p0603_InRec1@@@Z 10021960 f   ChartItemUpjong.obj
 0001:00020990       ??0CChartReplay@@QAE@XZ    10021990 f   ChartReplay.obj
 0001:000209c0       ??1CChartReplay@@UAE@XZ    100219c0 f   ChartReplay.obj
 0001:000209d0       ??_GCChartReplay@@UAEPAXI@Z 100219d0 f i ChartReplay.obj
 0001:000209d0       ??_ECChartReplay@@UAEPAXI@Z 100219d0 f i ChartReplay.obj
 0001:00020a00       ?Convert2Struct@CChartReplay@@QAEPADPAEHHAAH@Z 10021a00 f   ChartReplay.obj
 0001:00021180       ?Convert@CChartReplay@@QAE?AV?$CStringT@DV?$StrTraitMFC_DLL@DV?$ChTraitsCRT@D@ATL@@@@@ATL@@XZ 10022180 f   ChartReplay.obj
 0001:00021af0       ?SetInData@CChartReplay@@QAEXPAUKB_d1016_InRec1@@@Z 10022af0 f   ChartReplay.obj
 0001:00021b20       ??0CChartBozoInput@@QAE@ABV0@@Z 10022b20 f i DataConverter.obj
 0001:00021c90       ??0CDataConverter@@QAE@XZ  10022c90 f   DataConverter.obj
 0001:00021e00       ??1CDataConverter@@UAE@XZ  10022e00 f   DataConverter.obj
 0001:00021ef0       ??_GCDataConverter@@UAEPAXI@Z 10022ef0 f i DataConverter.obj
 0001:00021ef0       ??_ECDataConverter@@UAEPAXI@Z 10022ef0 f i DataConverter.obj
 0001:00021ff0       ?Char2Double@CDataConverter@@SANPADH@Z 10022ff0 f   DataConverter.obj
 0001:00022070       ?Char2Int@CDataConverter@@SAHPADH@Z 10023070 f   DataConverter.obj
 0001:000220f0       ?Char2Long@CDataConverter@@SAJPADH@Z 100230f0 f   DataConverter.obj
 0001:00022170       ?Char2String@CDataConverter@@SA?AV?$CStringT@DV?$StrTraitMFC_DLL@DV?$ChTraitsCRT@D@ATL@@@@@ATL@@PADH@Z 10023170 f   DataConverter.obj
 0001:000221f0       ?Convert2Struct@CDataConverter@@QAEPADPAEHHAAH@Z 100231f0 f   DataConverter.obj
 0001:000224b0       ?Convert2Struct@CDataConverter@@QAEPADPAEHV?$CStringT@DV?$StrTraitMFC_DLL@DV?$ChTraitsCRT@D@ATL@@@@@ATL@@AAH@Z 100234b0 f   DataConverter.obj
 0001:00022560       ?ConvertToFid@CDataConverter@@QAE?AV?$CStringT@DV?$StrTraitMFC_DLL@DV?$ChTraitsCRT@D@ATL@@@@@ATL@@V23@PAXH@Z 10023560 f   DataConverter.obj
 0001:00022a90       ?DataSeparation@CDataConverter@@SANV?$CStringT@DV?$StrTraitMFC_DLL@DV?$ChTraitsCRT@D@ATL@@@@@ATL@@H@Z 10023a90 f   DataConverter.obj
 0001:00022b50       ?GetBozoData@CDataConverter@@QAE?AVCChartBozoInput@@H@Z 10023b50 f   DataConverter.obj
 0001:00022c90       ?GetCodeType@CDataConverter@@QAEHV?$CStringT@DV?$StrTraitMFC_DLL@DV?$ChTraitsCRT@D@ATL@@@@@ATL@@@Z 10023c90 f   DataConverter.obj
 0001:00022dc0       ?GetConv2StructGuideLine@CDataConverter@@QAEPADHAAH@Z 10023dc0 f   DataConverter.obj
 0001:00023450       ?GetDecimalRate@CDataConverter@@SADV?$CStringT@DV?$StrTraitMFC_DLL@DV?$ChTraitsCRT@D@ATL@@@@@ATL@@AAHAANAAV23@@Z 10024450 f   DataConverter.obj
 0001:00023670       ?GetTimeIndexInfo@CDataConverter@@SA?AV?$CStringT@DV?$StrTraitMFC_DLL@DV?$ChTraitsCRT@D@ATL@@@@@ATL@@HH@Z 10024670 f   DataConverter.obj
 0001:00023b60       ?GetTrNo@CDataConverter@@QAE?AV?$CStringT@DV?$StrTraitMFC_DLL@DV?$ChTraitsCRT@D@ATL@@@@@ATL@@H@Z 10024b60 f   DataConverter.obj
 0001:00023e70       ?Get_PercentData@CDataConverter@@SA?AV?$CStringT@DV?$StrTraitMFC_DLL@DV?$ChTraitsCRT@D@ATL@@@@@ATL@@PADNH@Z 10024e70 f   DataConverter.obj
 0001:00023f40       ?Get_RateData@CDataConverter@@SA?AV?$CStringT@DV?$StrTraitMFC_DLL@DV?$ChTraitsCRT@D@ATL@@@@@ATL@@PADNH@Z 10024f40 f   DataConverter.obj
 0001:00023fe0       ?Parser2@CDataConverter@@SAHPADDAAV?$CStringT@DV?$StrTraitMFC_DLL@DV?$ChTraitsCRT@D@ATL@@@@@ATL@@@Z 10024fe0 f   DataConverter.obj
 0001:000240e0       ?Parser@CDataConverter@@SA?AV?$CStringT@DV?$StrTraitMFC_DLL@DV?$ChTraitsCRT@D@ATL@@@@@ATL@@AAV23@V23@@Z 100250e0 f   DataConverter.obj
 0001:000241f0       ?TbondPrcLToF@CDataConverter@@SAHDHNAAV?$CStringT@DV?$StrTraitMFC_DLL@DV?$ChTraitsCRT@D@ATL@@@@@ATL@@@Z 100251f0 f   DataConverter.obj
 0001:00024360       ??0CDRDebugerLoader@@QAE@H@Z 10025360 f i PartnerMng.obj
 0001:000245b0       ??0CPartnerMngApp@@QAE@XZ  100255b0 f   PartnerMng.obj
 0001:000246e0       ??1CPartnerMngApp@@UAE@XZ  100256e0 f i PartnerMng.obj
 0001:00024780       ??1CPartnerUtilManager@@QAE@XZ 10025780 f i PartnerMng.obj
 0001:000247a0       ??_ECPartnerMngApp@@UAEPAXI@Z 100257a0 f i PartnerMng.obj
 0001:000247a0       ??_GCPartnerMngApp@@UAEPAXI@Z 100257a0 f i PartnerMng.obj
 0001:000248b0       ?DoGetMapStrObj_UpDnInfo@CPartnerMngApp@@QAEXPBDAAV?$CStringT@DV?$StrTraitMFC_DLL@DV?$ChTraitsCRT@D@ATL@@@@@ATL@@1@Z 100258b0 f   PartnerMng.obj
 0001:00024980       ?DoGetPctrInterface@CPartnerMngApp@@QAEJH@Z 10025980 f   PartnerMng.obj
 0001:000249c0       ?DoMapStrObj_UpDnInfo@CPartnerMngApp@@QAEXPBD00@Z 100259c0 f   PartnerMng.obj
 0001:00024a50       ?ExitInstance@CPartnerMngApp@@UAEHXZ 10025a50 f   PartnerMng.obj
 0001:00024ab0       ?GetApplicationRecoveryParameter@CWinApp@@UAEPAXXZ 10025ab0 f i PartnerMng.obj
 0001:00024ac0       ?GetApplicationRecoveryPingInterval@CWinApp@@UAEKXZ 10025ac0 f i PartnerMng.obj
 0001:00024ad0       ?GetApplicationRestartFlags@CWinApp@@UAEKXZ 10025ad0 f i PartnerMng.obj
 0001:00024ae0       ?GetInferface@@YGJHJ@Z     10025ae0 f   PartnerMng.obj
 0001:00024b00       ?GetMessageMap@CPartnerMngApp@@MBEPBUAFX_MSGMAP@@XZ 10025b00 f   PartnerMng.obj
 0001:00024b10       ?GetThisMessageMap@CPartnerMngApp@@KGPBUAFX_MSGMAP@@XZ 10025b10 f   PartnerMng.obj
 0001:00024b20       ?InitInstance@CPartnerMngApp@@UAEHXZ 10025b20 f   PartnerMng.obj
 0001:00024bc0       ?ReopenPreviousFilesAtRestart@CWinApp@@UBEHXZ 10025bc0 f i PartnerMng.obj
 0001:00024bd0       ?RestoreAutosavedFilesAtRestart@CWinApp@@UBEHXZ 10025bd0 f i PartnerMng.obj
 0001:00024be0       ?SetInferface@@YGJHJ@Z     10025be0 f   PartnerMng.obj
 0001:00024bf0       ?SetPcTrInterface@@YGXHJ@Z 10025bf0 f   PartnerMng.obj
 0001:00024c10       ?SupportsApplicationRecovery@CWinApp@@UBEHXZ 10025c10 f i PartnerMng.obj
 0001:00024c20       ?SupportsAutosaveAtInterval@CWinApp@@UBEHXZ 10025c20 f i PartnerMng.obj
 0001:00024c30       ?SupportsAutosaveAtRestart@CWinApp@@UBEHXZ 10025c30 f i PartnerMng.obj
 0001:00024c40       ?SupportsRestartManager@CWinApp@@UBEHXZ 10025c40 f i PartnerMng.obj
 0001:00024c50       ??$SerializeElements@VCRealCounterItem@@@@YGXAAVCArchive@@PAVCRealCounterItem@@H@Z 10025c50 f i RealCounter.obj
 0001:00024d00       ??0?$CList@VCRealCounterItem@@AAV1@@@QAE@H@Z 10025d00 f i RealCounter.obj
 0001:00024d40       ??0CRealCounterItem@@QAE@XZ 10025d40 f i RealCounter.obj
 0001:00024d60       ??0CRealCounterMng@@QAE@XZ 10025d60 f   RealCounter.obj
 0001:00024da0       ??1?$CList@VCRealCounterItem@@AAV1@@@UAE@XZ 10025da0 f i RealCounter.obj
 0001:00024df0       ??1CRealCounterItem@@QAE@XZ 10025df0 f i RealCounter.obj
 0001:00024e00       ??1CRealCounterMng@@QAE@XZ 10025e00 f   RealCounter.obj
 0001:00024e60       ??_E?$CList@VCRealCounterItem@@AAV1@@@UAEPAXI@Z 10025e60 f i RealCounter.obj
 0001:00024e60       ??_G?$CList@VCRealCounterItem@@AAV1@@@UAEPAXI@Z 10025e60 f i RealCounter.obj
 0001:00024ef0       ?AddItem@CRealCounterMng@@QAEHPBD@Z 10025ef0 f   RealCounter.obj
 0001:00024fb0       ?AddTail@?$CList@VCRealCounterItem@@AAV1@@@QAEPAU__POSITION@@AAVCRealCounterItem@@@Z 10025fb0 f i RealCounter.obj
 0001:00025060       ?FindItem@CRealCounterMng@@QAEPAU__POSITION@@PBD@Z 10026060 f   RealCounter.obj
 0001:00025160       ?FreeNode@?$CList@VCRealCounterItem@@AAV1@@@IAEXPAUCNode@1@@Z 10026160 f i RealCounter.obj
 0001:00025190       ?NewNode@?$CList@VCRealCounterItem@@AAV1@@@IAEPAUCNode@1@PAU21@0@Z 10026190 f i RealCounter.obj
 0001:00025210       ?RemoveAll@?$CList@VCRealCounterItem@@AAV1@@@QAEXXZ 10026210 f i RealCounter.obj
 0001:00025260       ?RemoveAll@CRealCounterMng@@QAEXXZ 10026260 f   RealCounter.obj
 0001:00025270       ?RemoveAt@?$CList@VCRealCounterItem@@AAV1@@@QAEXPAU__POSITION@@@Z 10026270 f i RealCounter.obj
 0001:000252d0       ?RemoveItem@CRealCounterMng@@QAEHPBD@Z 100262d0 f   RealCounter.obj
 0001:000253b0       ?Serialize@?$CList@VCRealCounterItem@@AAV1@@@UAEXAAVCArchive@@@Z 100263b0 f i RealCounter.obj
 0001:000255a0       ?Allocate@CAtlStringMgr@ATL@@UAEPAUCStringData@2@HH@Z 100265a0 f i StdAfx.obj
 0001:00025610       ?Free@CAtlStringMgr@ATL@@UAEXPAUCStringData@2@@Z 10026610 f i StdAfx.obj
 0001:00025620       ?Reallocate@CAtlStringMgr@ATL@@UAEPAUCStringData@2@PAU32@HH@Z 10026620 f i StdAfx.obj
 0001:00025680       ?GetNilString@CAtlStringMgr@ATL@@UAEPAUCStringData@2@XZ 10026680 f i StdAfx.obj
 0001:00025690       ?Clone@CAtlStringMgr@ATL@@UAEPAUIAtlStringMgr@2@XZ 10026690 f i StdAfx.obj
 0001:000256a0       ??_GCAtlStringMgr@ATL@@UAEPAXI@Z 100266a0 f i StdAfx.obj
 0001:000256a0       ??_ECAtlStringMgr@ATL@@UAEPAXI@Z 100266a0 f i StdAfx.obj
 0001:000256d0       ?_AfxInitManaged@@YAHXZ    100266d0 f i StdAfx.obj
 0001:000256e0       ?Allocate@CWin32Heap@ATL@@UAEPAXI@Z 100266e0 f i StdAfx.obj
 0001:00025700       ?Free@CWin32Heap@ATL@@UAEXPAX@Z 10026700 f i StdAfx.obj
 0001:00025720       ?Reallocate@CWin32Heap@ATL@@UAEPAXPAXI@Z 10026720 f i StdAfx.obj
 0001:00025760       ?GetSize@CWin32Heap@ATL@@UAEIPAX@Z 10026760 f i StdAfx.obj
 0001:00025780       ??_GCWin32Heap@ATL@@UAEPAXI@Z 10026780 f i StdAfx.obj
 0001:00025780       ??_ECWin32Heap@ATL@@UAEPAXI@Z 10026780 f i StdAfx.obj
 0001:000257c0       ??1CAtlStringMgr@ATL@@UAE@XZ 100267c0 f i StdAfx.obj
 0001:000257d0       ??1CWin32Heap@ATL@@UAE@XZ  100267d0 f i StdAfx.obj
 0001:000257f0       ??_H@YGXPAXIIP6EPAX0@Z@Z   100267f0 f i StdAfx.obj
 0001:00025820       ?EnsureLinked@CAtlStringMgrStaticInitializer@ATLImplementationDetails@ATL@@QAEPAXXZ 10026820 f i StdAfx.obj
 0001:00025830       ?_AtlInitializeCriticalSectionEx@ATL@@YAHPAU_RTL_CRITICAL_SECTION@@KK@Z 10026830 f i StdAfx.obj
 0001:00025850       ?_AtlRaiseException@ATL@@YAXKK@Z 10026850 f i StdAfx.obj
 0001:00025870       ??0CChartBozoManager@@QAE@XZ 10026870 f   _ChartBozoManager.obj
 0001:00025880       ?ChangeChartBozoMsg@CChartBozoManager@@UAGHAAV?$CStringT@DV?$StrTraitMFC_DLL@DV?$ChTraitsCRT@D@ATL@@@@@ATL@@PAV?$CList@PAVCChartBozoItem@@PAV1@@@@Z 10026880 f   _ChartBozoManager.obj
 0001:00025a60       ?GetChartBozoMsg@CChartBozoManager@@UAGHPBDPAVCChartBozoInput@@AAV?$CStringT@DV?$StrTraitMFC_DLL@DV?$ChTraitsCRT@D@ATL@@@@@ATL@@H@Z 10026a60 f   _ChartBozoManager.obj
 0001:00025d90       ?GetFidType@CChartBozoManager@@UAGHH@Z 10026d90 f   _ChartBozoManager.obj
 0001:00025e70       ?GetFidType@CChartBozoManager@@UAGHPBD@Z 10026e70 f   _ChartBozoManager.obj
 0001:00025e90       ?GetTrType@CChartBozoManager@@UAGHPBD@Z 10026e90 f   _ChartBozoManager.obj
 0001:00025ea0       ?MakeChtBojo_ctcme@CChartBozoManager@@UAGHPAVCChartBozoInput@@AAV?$CStringT@DV?$StrTraitMFC_DLL@DV?$ChTraitsCRT@D@ATL@@@@@ATL@@H@Z 10026ea0 f   _ChartBozoManager.obj
 0001:00026390       ?MakeChtBojo_ctfo@CChartBozoManager@@UAGHPAVCChartBozoInput@@AAV?$CStringT@DV?$StrTraitMFC_DLL@DV?$ChTraitsCRT@D@ATL@@@@@ATL@@H@Z 10027390 f   _ChartBozoManager.obj
 0001:00026c30       ?MakeChtBojo_ctfofor@CChartBozoManager@@UAGHPAVCChartBozoInput@@AAV?$CStringT@DV?$StrTraitMFC_DLL@DV?$ChTraitsCRT@D@ATL@@@@@ATL@@H@Z 10027c30 f   _ChartBozoManager.obj
 0001:00027210       ?MakeChtBojo_ctfrn@CChartBozoManager@@UAGHPAVCChartBozoInput@@AAV?$CStringT@DV?$StrTraitMFC_DLL@DV?$ChTraitsCRT@D@ATL@@@@@ATL@@H@Z 10028210 f   _ChartBozoManager.obj
 0001:00027740       ?MakeChtBojo_ctfx@CChartBozoManager@@UAGHPAVCChartBozoInput@@AAV?$CStringT@DV?$StrTraitMFC_DLL@DV?$ChTraitsCRT@D@ATL@@@@@ATL@@H@Z 10028740 f   _ChartBozoManager.obj
 0001:00027be0       ?MakeChtBojo_ctsfo@CChartBozoManager@@UAGHPAVCChartBozoInput@@AAV?$CStringT@DV?$StrTraitMFC_DLL@DV?$ChTraitsCRT@D@ATL@@@@@ATL@@H@Z 10028be0 f   _ChartBozoManager.obj
 0001:00027ff0       ?MakeChtBojo_ctstk@CChartBozoManager@@UAGHPAVCChartBozoInput@@AAV?$CStringT@DV?$StrTraitMFC_DLL@DV?$ChTraitsCRT@D@ATL@@@@@ATL@@H@Z 10028ff0 f   _ChartBozoManager.obj
 0001:000285f0       ?MakeChtBojo_ctup@CChartBozoManager@@UAGHPAVCChartBozoInput@@AAV?$CStringT@DV?$StrTraitMFC_DLL@DV?$ChTraitsCRT@D@ATL@@@@@ATL@@H@Z 100295f0 f   _ChartBozoManager.obj
 0001:00028be0       ?MakeChtBojo_market@CChartBozoManager@@UAGHPAVCChartBozoInput@@AAV?$CStringT@DV?$StrTraitMFC_DLL@DV?$ChTraitsCRT@D@ATL@@@@@ATL@@H@Z 10029be0 f   _ChartBozoManager.obj
 0001:00028c20       ?_DoCalcBozoSize@CChartBozoManager@@IAEHAAV?$CStringT@DV?$StrTraitMFC_DLL@DV?$ChTraitsCRT@D@ATL@@@@@ATL@@@Z 10029c20 f   _ChartBozoManager.obj
 0001:00028c90       ?_DoPre_GetChartBozoMsg@CChartBozoManager@@IAEXPAVCChartBozoInput@@@Z 10029c90 f   _ChartBozoManager.obj
 0001:00028cc0       ?_FindKeyInBozoString@CChartBozoManager@@IAEHAAV?$CStringT@DV?$StrTraitMFC_DLL@DV?$ChTraitsCRT@D@ATL@@@@@ATL@@PBDAAH2@Z 10029cc0 f   _ChartBozoManager.obj
 0001:00028d60       ?GetInterface@CGateManager@@UAGJHJ@Z 10029d60 f   _GateManager.obj
 0001:00028d80       ??$CompareElements@V?$CStringT@DV?$StrTraitMFC_DLL@DV?$ChTraitsCRT@D@ATL@@@@@ATL@@PBD@@YGHPBV?$CStringT@DV?$StrTraitMFC_DLL@DV?$ChTraitsCRT@D@ATL@@@@@ATL@@PBQBD@Z 10029d80 f i _PartnerManager.obj
 0001:00028db0       ??$SerializeElements@H@@YGXAAVCArchive@@PAHH@Z 10029db0 f i _PartnerManager.obj
 0001:00028e60       ??$SerializeElements@UFID_SENDDATA@@@@YGXAAVCArchive@@PAUFID_SENDDATA@@H@Z 10029e60 f i _PartnerManager.obj
 0001:00028f00       ??0?$CArray@UFID_SENDDATA@@AAU1@@@QAE@XZ 10029f00 f i _PartnerManager.obj
 0001:00028f30       ??0?$CMap@V?$CStringT@DV?$StrTraitMFC_DLL@DV?$ChTraitsCRT@D@ATL@@@@@ATL@@PBDHH@@QAE@H@Z 10029f30 f i _PartnerManager.obj
 0001:00028f70       ??0CPartnerManager@@QAE@XZ 10029f70 f   _PartnerManager.obj
 0001:00029140       ??0CPartnerManagerSubDataA@@QAE@XZ 1002a140 f   _PartnerManager.obj
 0001:00029160       ??0CPartnerSvrManager@@QAE@XZ 1002a160 f   _PartnerManager.obj
 0001:000291c0       ??1?$CArray@UFID_SENDDATA@@AAU1@@@UAE@XZ 1002a1c0 f i _PartnerManager.obj
 0001:00029210       ??1?$CMap@V?$CStringT@DV?$StrTraitMFC_DLL@DV?$ChTraitsCRT@D@ATL@@@@@ATL@@PBDHH@@UAE@XZ 1002a210 f i _PartnerManager.obj
 0001:00029260       ??1CCriticalSection@@UAE@XZ 1002a260 f i _PartnerManager.obj
 0001:00029280       ??1CPartnerSvrManager@@QAE@XZ 1002a280 f   _PartnerManager.obj
 0001:000292a0       ??1CRealData_Common@@QAE@XZ 1002a2a0 f i _PartnerManager.obj
 0001:00029310       ??1CRegisterCodeMng@@QAE@XZ 1002a310 f   _PartnerManager.obj
 0001:00029360       ??1FID_SENDDATA@@QAE@XZ    1002a360 f i _PartnerManager.obj
 0001:00029370       ??8ATL@@YA_NABV?$CStringT@DV?$StrTraitMFC_DLL@DV?$ChTraitsCRT@D@ATL@@@@@0@D@Z 1002a370 f i _PartnerManager.obj
 0001:000293a0       ??A?$CMap@V?$CStringT@DV?$StrTraitMFC_DLL@DV?$ChTraitsCRT@D@ATL@@@@@ATL@@PBDHH@@QAEAAHPBD@Z 1002a3a0 f i _PartnerManager.obj
 0001:000294b0       ??_E?$CArray@UFID_SENDDATA@@AAU1@@@UAEPAXI@Z 1002a4b0 f i _PartnerManager.obj
 0001:000294b0       ??_G?$CArray@UFID_SENDDATA@@AAU1@@@UAEPAXI@Z 1002a4b0 f i _PartnerManager.obj
 0001:000294f0       ??_E?$CMap@V?$CStringT@DV?$StrTraitMFC_DLL@DV?$ChTraitsCRT@D@ATL@@@@@ATL@@PBDHH@@UAEPAXI@Z 1002a4f0 f i _PartnerManager.obj
 0001:000294f0       ??_G?$CMap@V?$CStringT@DV?$StrTraitMFC_DLL@DV?$ChTraitsCRT@D@ATL@@@@@ATL@@PBDHH@@UAEPAXI@Z 1002a4f0 f i _PartnerManager.obj
 0001:00029580       ??_GCCriticalSection@@UAEPAXI@Z 1002a580 f i _PartnerManager.obj
 0001:00029580       ??_ECCriticalSection@@UAEPAXI@Z 1002a580 f i _PartnerManager.obj
 0001:000295d0       ?AddCode@CRegisterCodeMng@@QAEXPBDH@Z 1002a5d0 f   _PartnerManager.obj
 0001:00029600       ?AdviseManager@CPartnerSvrManager@@UAGPAUIPartnerManager@@PAUHWND__@@0@Z 1002a600 f   _PartnerManager.obj
 0001:00029680       ?AfxCrtErrorCheck@@YAHH@Z  1002a680 f i _PartnerManager.obj
 0001:000297e0       ?AtlThrowImpl@ATL@@YGXJ@Z  1002a7e0 f i _PartnerManager.obj
 0001:00029800       ?FindCode@CRegisterCodeMng@@QAEPAU__POSITION@@PBD@Z 1002a800 f   _PartnerManager.obj
 0001:00029820       ?FindRealKey@CPartnerManager@@QAEHPBD@Z 1002a820 f   _PartnerManager.obj
 0001:00029870       ?FreeAssoc@?$CMap@V?$CStringT@DV?$StrTraitMFC_DLL@DV?$ChTraitsCRT@D@ATL@@@@@ATL@@PBDHH@@IAEXPAVCAssoc@1@@Z 1002a870 f i _PartnerManager.obj
 0001:000298a0       ?GetAssocAt@?$CMap@V?$CStringT@DV?$StrTraitMFC_DLL@DV?$ChTraitsCRT@D@ATL@@@@@ATL@@PBDHH@@IBEPAVCAssoc@1@PBDAAI1@Z 1002a8a0 f i _PartnerManager.obj
 0001:00029900       ?GetAt@?$CArray@UFID_SENDDATA@@AAU1@@@QAEAAUFID_SENDDATA@@H@Z 1002a900 f i _PartnerManager.obj
 0001:00029920       ?GetInerInterface@CPartnerSvrManager@@UAGJHJ@Z 1002a920 f   _PartnerManager.obj
 0001:00029930       ?GetParentHandle@CPartnerSvrManager@@UAGHHAAPAUHWND__@@@Z 1002a930 f   _PartnerManager.obj
 0001:000299c0       ?GetRealKey@CPartnerManager@@QAEHEPBDH@Z 1002a9c0 f   _PartnerManager.obj
 0001:00029b50       ?GetSite@CPartnerManager@@UAGPAUIPartnerSite@@XZ 1002ab50 f i _PartnerManager.obj
 0001:00029b60       ?GetTrKey@CPartnerManager@@QAEHV?$CStringT@DV?$StrTraitMFC_DLL@DV?$ChTraitsCRT@D@ATL@@@@@ATL@@PAUFID_SENDDATA@@@Z 1002ab60 f   _PartnerManager.obj
 0001:00029f30       ?InitHashTable@?$CMap@V?$CStringT@DV?$StrTraitMFC_DLL@DV?$ChTraitsCRT@D@ATL@@@@@ATL@@PBDHH@@QAEXIH@Z 1002af30 f i _PartnerManager.obj
 0001:00029fa0       ?IsRegisterCode@CPartnerManager@@UAGHPBD@Z 1002afa0 f   _PartnerManager.obj
 0001:0002a130       ?Lock@CCriticalSection@@UAEHK@Z 1002b130 f i _PartnerManager.obj
 0001:0002a150       ?Lookup@?$CMap@V?$CStringT@DV?$StrTraitMFC_DLL@DV?$ChTraitsCRT@D@ATL@@@@@ATL@@PBDHH@@QBEHPBDAAH@Z 1002b150 f i _PartnerManager.obj
 0001:0002a190       ?NewAssoc@?$CMap@V?$CStringT@DV?$StrTraitMFC_DLL@DV?$ChTraitsCRT@D@ATL@@@@@ATL@@PBDHH@@IAEPAVCAssoc@1@PBD@Z 1002b190 f i _PartnerManager.obj
 0001:0002a210       ?ReceiveNoticeData@CPartnerManager@@UAGHIJ@Z 1002b210 f   _PartnerManager.obj
 0001:0002ad50       ?ReceiveRealData@CPartnerManager@@UAGHIJ@Z 1002bd50 f   _PartnerManager.obj
 0001:0002ad60       ?ReceiveRealDataEx@CPartnerManager@@UAGHIJ@Z 1002bd60 f   _PartnerManager.obj
 0001:0002af90       ?ReceiveRealDataEx_Sub@CPartnerManager@@IAEHAAV?$CStringT@DV?$StrTraitMFC_DLL@DV?$ChTraitsCRT@D@ATL@@@@@ATL@@HHPAK@Z 1002bf90 f   _PartnerManager.obj
 0001:0002b940       ?ReceiveTRData@CPartnerManager@@UAGHPBDPAEHH@Z 1002c940 f   _PartnerManager.obj
 0001:0002bc50       ?RemoveAll@?$CMap@V?$CStringT@DV?$StrTraitMFC_DLL@DV?$ChTraitsCRT@D@ATL@@@@@ATL@@PBDHH@@QAEXXZ 1002cc50 f i _PartnerManager.obj
 0001:0002bcc0       ?RemoveAll@CPartnerSvrManager@@QAEXXZ 1002ccc0 f   _PartnerManager.obj
 0001:0002bd60       ?RemoveCode@CRegisterCodeMng@@QAEXPBD@Z 1002cd60 f   _PartnerManager.obj
 0001:0002bd90       ?RemoveItem@CPartnerSvrManager@@QAEHPAUHWND__@@0@Z 1002cd90 f   _PartnerManager.obj
 0001:0002be40       ?RemoveKey@?$CMap@V?$CStringT@DV?$StrTraitMFC_DLL@DV?$ChTraitsCRT@D@ATL@@@@@ATL@@PBDHH@@QAEHPBD@Z 1002ce40 f i _PartnerManager.obj
 0001:0002bee0       ?RequestMChartReal@CPartnerManager@@UAGHEPBD0@Z 1002cee0 f   _PartnerManager.obj
 0001:0002c420       ?SendFidData@CPartnerManager@@UAGHPBDPAEHAAHH@Z 1002d420 f   _PartnerManager.obj
 0001:0002c680       ?SendFidDataEx@CPartnerManager@@UAGHJPAEHAAHH@Z 1002d680 f   _PartnerManager.obj
 0001:0002c690       ?SendTR@CPartnerManager@@QAEHV?$CStringT@DV?$StrTraitMFC_DLL@DV?$ChTraitsCRT@D@ATL@@@@@ATL@@PADHHH@Z 1002d690 f   _PartnerManager.obj
 0001:0002c7c0       ?SendTrData@CPartnerManager@@UAGHPBDPAEHAAHH@Z 1002d7c0 f   _PartnerManager.obj
 0001:0002c820       ?SendTrDataEx@CPartnerManager@@UAGHJPAEHAAHH@Z 1002d820 f   _PartnerManager.obj
 0001:0002c830       ?Serialize@?$CArray@UFID_SENDDATA@@AAU1@@@UAEXAAVCArchive@@@Z 1002d830 f i _PartnerManager.obj
 0001:0002c910       ?Serialize@?$CMap@V?$CStringT@DV?$StrTraitMFC_DLL@DV?$ChTraitsCRT@D@ATL@@@@@ATL@@PBDHH@@UAEXAAVCArchive@@@Z 1002d910 f i _PartnerManager.obj
 0001:0002ccd0       ?SetAt@?$CArray@UFID_SENDDATA@@AAU1@@@QAEXHAAUFID_SENDDATA@@@Z 1002dcd0 f i _PartnerManager.obj
 0001:0002cd20       ?SetAt@?$CMap@V?$CStringT@DV?$StrTraitMFC_DLL@DV?$ChTraitsCRT@D@ATL@@@@@ATL@@PBDHH@@QAEXPBDH@Z 1002dd20 f i _PartnerManager.obj
 0001:0002ce30       ?SetAtGrow@?$CArray@UFID_SENDDATA@@AAU1@@@QAEXHAAUFID_SENDDATA@@@Z 1002de30 f i _PartnerManager.obj
 0001:0002ce80       ?SetParentHandle@CPartnerSvrManager@@UAGHEPAUHWND__@@0@Z 1002de80 f   _PartnerManager.obj
 0001:0002cf80       ?SetSendHandle@CPartnerManager@@QAEPAUHWND__@@PAU2@@Z 1002df80 f   _PartnerManager.obj
 0001:0002cf90       ?SetSite@CPartnerManager@@UAGXPAUIPartnerSite@@@Z 1002df90 f   _PartnerManager.obj
 0001:0002cfa0       ?SetSize@?$CArray@UFID_SENDDATA@@AAU1@@@QAEXHH@Z 1002dfa0 f i _PartnerManager.obj
 0001:0002d260       ?UnAdviseManager@CPartnerSvrManager@@UAGHPAUHWND__@@0@Z 1002e260 f   _PartnerManager.obj
 0001:0002d2f0       ?Unlock@CCriticalSection@@UAEHXZ 1002e2f0 f i _PartnerManager.obj
 0001:0002d300       ?Unlock@CSyncObject@@UAEHJPAJ@Z 1002e300 f i _PartnerManager.obj
 0001:0002d310       ?_DoGetCodeType@CPartnerManager@@IAEHPBD@Z 1002e310 f   _PartnerManager.obj
 0001:0002d4e0       ?_DoParser@CPartnerManager@@IAEHDPADAAHH0@Z 1002e4e0 f   _PartnerManager.obj
 0001:0002d540       ?_DoPreReceiveData@CPartnerManager@@IAEXPBDPAEH@Z 1002e540 f   _PartnerManager.obj
 0001:0002d970       ?_DoRealDataParsing@CPartnerManager@@IAEHPADPAVCMapStringToString@@@Z 1002e970 f   _PartnerManager.obj
 0001:0002dab0       ?directSendFID@CPartnerManager@@UAGHJ@Z 1002eab0 f   _PartnerManager.obj
 0001:0002db60       ??0CPartnerUtilManager@@QAE@XZ 1002eb60 f   _PartnerUtilManager.obj
 0001:0002dba0       ??1CMenu@@UAE@XZ           1002eba0 f i _PartnerUtilManager.obj
 0001:0002dbf0       ??_ECMenu@@UAEPAXI@Z       1002ebf0 f i _PartnerUtilManager.obj
 0001:0002dbf0       ??_GCMenu@@UAEPAXI@Z       1002ebf0 f i _PartnerUtilManager.obj
 0001:0002dc80       ?AddToHistory@CPartnerUtilManager@@UAGHPAUHWND__@@PBD@Z 1002ec80 f   _PartnerUtilManager.obj
 0001:0002dd70       ?DoPlatformMenu@CPartnerUtilManager@@UAGHPAUHWND__@@PAVCWnd@@VCPoint@@PBD@Z 1002ed70 f   _PartnerUtilManager.obj
 0001:0002df70       ?DoWinixVariant@CPartnerUtilManager@@UAGJPAUHWND__@@HV?$CStringT@DV?$StrTraitMFC_DLL@DV?$ChTraitsCRT@D@ATL@@@@@ATL@@@Z 1002ef70 f   _PartnerUtilManager.obj
 0001:0002dfd0       ?GetAxColor@CPartnerUtilManager@@UAGKPAUHWND__@@H@Z 1002efd0 f   _PartnerUtilManager.obj
 0001:0002e020       ?GetAxFont@CPartnerUtilManager@@UAGPAVCFont@@PAUHWND__@@V?$CStringT@DV?$StrTraitMFC_DLL@DV?$ChTraitsCRT@D@ATL@@@@@ATL@@H_N2@Z 1002f020 f   _PartnerUtilManager.obj
 0001:0002e0a0       ?GetBitmap@CPartnerUtilManager@@UAGPAUHBITMAP__@@PAUHWND__@@V?$CStringT@DV?$StrTraitMFC_DLL@DV?$ChTraitsCRT@D@ATL@@@@@ATL@@@Z 1002f0a0 f   _PartnerUtilManager.obj
 0001:0002e110       ?GetBrush@CPartnerUtilManager@@UAGPAVCBrush@@PAUHWND__@@K@Z 1002f110 f   _PartnerUtilManager.obj
 0001:0002e160       ?GetCaptionTitle@CPartnerUtilManager@@UAGHPAUHWND__@@PBD@Z 1002f160 f   _PartnerUtilManager.obj
 0001:0002e170       ?GetChartMarketFromSymbol@CPartnerUtilManager@@UAGHAAEPBD@Z 1002f170 f   _PartnerUtilManager.obj
 0001:0002e220       ?GetCodeInfoFromShared@CPartnerUtilManager@@UAGHV?$CStringT@DV?$StrTraitMFC_DLL@DV?$ChTraitsCRT@D@ATL@@@@@ATL@@AAV23@1@Z 1002f220 f   _PartnerUtilManager.obj
 0001:0002e2c0       ?GetCurrentPalette@CPartnerUtilManager@@UAG?AV?$CStringT@DV?$StrTraitMFC_DLL@DV?$ChTraitsCRT@D@ATL@@@@@ATL@@XZ 1002f2c0 f   _PartnerUtilManager.obj
 0001:0002e390       ?GetLinkScreenInfo@CPartnerUtilManager@@UAGHPBDAAVCStringList@@@Z 1002f390 f   _PartnerUtilManager.obj
 0001:0002e610       ?GetLinkScreenOpen@CPartnerUtilManager@@UAGHPAUHWND__@@PBDHH@Z 1002f610 f   _PartnerUtilManager.obj
 0001:0002e760       ?GetRealSymbolCode@CPartnerUtilManager@@UAGHEAAV?$CStringT@DV?$StrTraitMFC_DLL@DV?$ChTraitsCRT@D@ATL@@@@@ATL@@@Z 1002f760 f   _PartnerUtilManager.obj
 0001:0002e860       ?GetSiteUpKode@CPartnerUtilManager@@QAEHPBDAAV?$CStringT@DV?$StrTraitMFC_DLL@DV?$ChTraitsCRT@D@ATL@@@@@ATL@@@Z 1002f860 f   _PartnerUtilManager.obj
 0001:0002e8a0       ?GetSymbolCode@CPartnerUtilManager@@UAGHEAAV?$CStringT@DV?$StrTraitMFC_DLL@DV?$ChTraitsCRT@D@ATL@@@@@ATL@@@Z 1002f8a0 f   _PartnerUtilManager.obj
 0001:0002e9d0       ?GetSymbolCode@CPartnerUtilManager@@UAGHPBDAAV?$CStringT@DV?$StrTraitMFC_DLL@DV?$ChTraitsCRT@D@ATL@@@@@ATL@@@Z 1002f9d0 f   _PartnerUtilManager.obj
 0001:0002ea20       ?GetTRCodeFromCode@CPartnerUtilManager@@UAGHEPBDAAV?$CStringT@DV?$StrTraitMFC_DLL@DV?$ChTraitsCRT@D@ATL@@@@@ATL@@@Z 1002fa20 f   _PartnerUtilManager.obj
 0001:0002eb30       ?GetTabColor@CPartnerUtilManager@@UAGHV?$CStringT@DV?$StrTraitMFC_DLL@DV?$ChTraitsCRT@D@ATL@@@@@ATL@@HAAK1@Z 1002fb30 f   _PartnerUtilManager.obj
 0001:0002eca0       ?IsCodeSymbol@CPartnerUtilManager@@UAGHPBD@Z 1002fca0 f   _PartnerUtilManager.obj
 0001:0002ef90       ?OpenScreen@CPartnerUtilManager@@UAGHPAUHWND__@@PBD@Z 1002ff90 f   _PartnerUtilManager.obj
 0001:0002f040       ?ShareCode@CPartnerUtilManager@@UAGHPAUHWND__@@PBD@Z 10030040 f   _PartnerUtilManager.obj
 0001:0002f160       ?Variant@CPartnerUtilManager@@UAG?AV?$CStringT@DV?$StrTraitMFC_DLL@DV?$ChTraitsCRT@D@ATL@@@@@ATL@@PAUHWND__@@HV23@@Z 10030160 f   _PartnerUtilManager.obj
 0001:0002f1e0       ?_DoGetRootDir@CPartnerUtilManager@@IAEPBDXZ 100301e0 f   _PartnerUtilManager.obj
 0001:0002f210       ?_GetIniSectList@CPartnerUtilManager@@IAEHPBD0AAVCStringList@@@Z 10030210 f   _PartnerUtilManager.obj
 0001:0002f380       ?_GetSiteHandle@CPartnerUtilManager@@IAEPAUHWND__@@XZ 10030380 f   _PartnerUtilManager.obj
 0001:0002f3b0       ?_IsFileExist@CPartnerUtilManager@@IAEHPBD@Z 100303b0 f   _PartnerUtilManager.obj
 0001:0002f410       ??_U@YAPAXI@Z              10030410 f   mfc140:mfc140.dll
 0001:0002f416       ??0?$CStringT@DV?$StrTraitMFC_DLL@DV?$ChTraitsCRT@D@ATL@@@@@ATL@@QAE@XZ 10030416 f   mfc140:mfc140.dll
 0001:0002f41c       ??0?$CStringT@DV?$StrTraitMFC_DLL@DV?$ChTraitsCRT@D@ATL@@@@@ATL@@QAE@ABV01@@Z 1003041c f   mfc140:mfc140.dll
 0001:0002f422       ??0?$CStringT@DV?$StrTraitMFC_DLL@DV?$ChTraitsCRT@D@ATL@@@@@ATL@@QAE@PBD@Z 10030422 f   mfc140:mfc140.dll
 0001:0002f428       ??0?$CStringT@DV?$StrTraitMFC_DLL@DV?$ChTraitsCRT@D@ATL@@@@@ATL@@QAE@DH@Z 10030428 f   mfc140:mfc140.dll
 0001:0002f42e       ??1?$CStringT@DV?$StrTraitMFC_DLL@DV?$ChTraitsCRT@D@ATL@@@@@ATL@@QAE@XZ 1003042e f   mfc140:mfc140.dll
 0001:0002f434       ??4?$CStringT@DV?$StrTraitMFC_DLL@DV?$ChTraitsCRT@D@ATL@@@@@ATL@@QAEAAV01@ABV01@@Z 10030434 f   mfc140:mfc140.dll
 0001:0002f43a       ??Y?$CStringT@DV?$StrTraitMFC_DLL@DV?$ChTraitsCRT@D@ATL@@@@@ATL@@QAEAAV01@ABV?$CSimpleStringT@D$00@1@@Z 1003043a f   mfc140:mfc140.dll
 0001:0002f440       ??Y?$CStringT@DV?$StrTraitMFC_DLL@DV?$ChTraitsCRT@D@ATL@@@@@ATL@@QAEAAV01@PBD@Z 10030440 f   mfc140:mfc140.dll
 0001:0002f446       ??Y?$CStringT@DV?$StrTraitMFC_DLL@DV?$ChTraitsCRT@D@ATL@@@@@ATL@@QAEAAV01@D@Z 10030446 f   mfc140:mfc140.dll
 0001:0002f44c       ?Format@?$CStringT@DV?$StrTraitMFC_DLL@DV?$ChTraitsCRT@D@ATL@@@@@ATL@@QAAXPBDZZ 1003044c f   mfc140:mfc140.dll
 0001:0002f452       ??3@YAXPAX@Z               10030452 f   mfc140:mfc140.dll
 0001:0002f458       ?AfxThrowInvalidArgException@@YGXXZ 10030458 f   mfc140:mfc140.dll
 0001:0002f45e       ??A?$CSimpleStringT@D$00@ATL@@QBEDH@Z 1003045e f   mfc140:mfc140.dll
 0001:0002f464       ?Concatenate@?$CSimpleStringT@D$00@ATL@@KAXAAV12@PBDH1H@Z 10030464 f   mfc140:mfc140.dll
 0001:0002f46a       ??0?$CStringT@DV?$StrTraitMFC_DLL@DV?$ChTraitsCRT@D@ATL@@@@@ATL@@QAE@PAUIAtlStringMgr@1@@Z 1003046a f   mfc140:mfc140.dll
 0001:0002f470       ??0?$CStringT@DV?$StrTraitMFC_DLL@DV?$ChTraitsCRT@D@ATL@@@@@ATL@@QAE@PBDH@Z 10030470 f   mfc140:mfc140.dll
 0001:0002f476       ??4?$CStringT@DV?$StrTraitMFC_DLL@DV?$ChTraitsCRT@D@ATL@@@@@ATL@@QAEAAV01@PBD@Z 10030476 f   mfc140:mfc140.dll
 0001:0002f47c       ??4?$CStringT@DV?$StrTraitMFC_DLL@DV?$ChTraitsCRT@D@ATL@@@@@ATL@@QAEAAV01@D@Z 1003047c f   mfc140:mfc140.dll
 0001:0002f482       ?GetManager@?$CStringT@DV?$StrTraitMFC_DLL@DV?$ChTraitsCRT@D@ATL@@@@@ATL@@QBEPAUIAtlStringMgr@2@XZ 10030482 f   mfc140:mfc140.dll
 0001:0002f488       ?Compare@?$CStringT@DV?$StrTraitMFC_DLL@DV?$ChTraitsCRT@D@ATL@@@@@ATL@@QBEHPBD@Z 10030488 f   mfc140:mfc140.dll
 0001:0002f48e       ?Delete@?$CStringT@DV?$StrTraitMFC_DLL@DV?$ChTraitsCRT@D@ATL@@@@@ATL@@QAEHHH@Z 1003048e f   mfc140:mfc140.dll
 0001:0002f494       ?Remove@?$CStringT@DV?$StrTraitMFC_DLL@DV?$ChTraitsCRT@D@ATL@@@@@ATL@@QAEHD@Z 10030494 f   mfc140:mfc140.dll
 0001:0002f49a       ?Find@?$CStringT@DV?$StrTraitMFC_DLL@DV?$ChTraitsCRT@D@ATL@@@@@ATL@@QBEHDH@Z 1003049a f   mfc140:mfc140.dll
 0001:0002f4a0       ?TrimRight@?$CStringT@DV?$StrTraitMFC_DLL@DV?$ChTraitsCRT@D@ATL@@@@@ATL@@QAEAAV12@XZ 100304a0 f   mfc140:mfc140.dll
 0001:0002f4a6       ?TrimLeft@?$CStringT@DV?$StrTraitMFC_DLL@DV?$ChTraitsCRT@D@ATL@@@@@ATL@@QAEAAV12@XZ 100304a6 f   mfc140:mfc140.dll
 0001:0002f4ac       ?Mid@?$CStringT@DV?$StrTraitMFC_DLL@DV?$ChTraitsCRT@D@ATL@@@@@ATL@@QBE?AV12@H@Z 100304ac f   mfc140:mfc140.dll
 0001:0002f4b2       ?Right@?$CStringT@DV?$StrTraitMFC_DLL@DV?$ChTraitsCRT@D@ATL@@@@@ATL@@QBE?AV12@H@Z 100304b2 f   mfc140:mfc140.dll
 0001:0002f4b8       ?Left@?$CStringT@DV?$StrTraitMFC_DLL@DV?$ChTraitsCRT@D@ATL@@@@@ATL@@QBE?AV12@H@Z 100304b8 f   mfc140:mfc140.dll
 0001:0002f4be       ??0CStringArray@@QAE@XZ    100304be f   mfc140:mfc140.dll
 0001:0002f4c4       ?SetAtGrow@CStringArray@@QAEXHABV?$CStringT@DV?$StrTraitMFC_DLL@DV?$ChTraitsCRT@D@ATL@@@@@ATL@@@Z 100304c4 f   mfc140:mfc140.dll
 0001:0002f4ca       ??1CStringArray@@UAE@XZ    100304ca f   mfc140:mfc140.dll
 0001:0002f4d0       ??2@YAPAXI@Z               100304d0 f   mfc140:mfc140.dll
 0001:0002f4d6       ??_V@YAXPAX@Z              100304d6 f   mfc140:mfc140.dll
 0001:0002f4dc       ?AfxThrowArchiveException@@YGXHPBD@Z 100304dc f   mfc140:mfc140.dll
 0001:0002f4e2       ?GetRuntimeClass@CObject@@UBEPAUCRuntimeClass@@XZ 100304e2 f   mfc140:mfc140.dll
 0001:0002f4e8       ?Read@CArchive@@QAEIPAXI@Z 100304e8 f   mfc140:mfc140.dll
 0001:0002f4ee       ?Write@CArchive@@QAEXPBXI@Z 100304ee f   mfc140:mfc140.dll
 0001:0002f4f4       ?ReadCount@CArchive@@QAEKXZ 100304f4 f   mfc140:mfc140.dll
 0001:0002f4fa       ?WriteCount@CArchive@@QAEXK@Z 100304fa f   mfc140:mfc140.dll
 0001:0002f500       ?Create@CPlex@@SGPAU1@AAPAU1@II@Z 10030500 f   mfc140:mfc140.dll
 0001:0002f506       ?FreeDataChain@CPlex@@QAEXXZ 10030506 f   mfc140:mfc140.dll
 0001:0002f50c       ?Find@?$CStringT@DV?$StrTraitMFC_DLL@DV?$ChTraitsCRT@D@ATL@@@@@ATL@@QBEHPBDH@Z 1003050c f   mfc140:mfc140.dll
 0001:0002f512       ?Empty@?$CSimpleStringT@D$00@ATL@@QAEXXZ 10030512 f   mfc140:mfc140.dll
 0001:0002f518       ?GetAt@?$CSimpleStringT@D$00@ATL@@QBEDH@Z 10030518 f   mfc140:mfc140.dll
 0001:0002f51e       ?CompareNoCase@?$CStringT@DV?$StrTraitMFC_DLL@DV?$ChTraitsCRT@D@ATL@@@@@ATL@@QBEHPBD@Z 1003051e f   mfc140:mfc140.dll
 0001:0002f524       ?ReverseFind@?$CStringT@DV?$StrTraitMFC_DLL@DV?$ChTraitsCRT@D@ATL@@@@@ATL@@QBEHD@Z 10030524 f   mfc140:mfc140.dll
 0001:0002f52a       ??0CMapStringToOb@@QAE@H@Z 1003052a f   mfc140:mfc140.dll
 0001:0002f530       ??1CMapStringToOb@@UAE@XZ  10030530 f   mfc140:mfc140.dll
 0001:0002f536       ??0CMapStringToString@@QAE@H@Z 10030536 f   mfc140:mfc140.dll
 0001:0002f53c       ?Lookup@CMapStringToString@@QBEHPBDAAV?$CStringT@DV?$StrTraitMFC_DLL@DV?$ChTraitsCRT@D@ATL@@@@@ATL@@@Z 1003053c f   mfc140:mfc140.dll
 0001:0002f542       ??ACMapStringToString@@QAEAAV?$CStringT@DV?$StrTraitMFC_DLL@DV?$ChTraitsCRT@D@ATL@@@@@ATL@@PBD@Z 10030542 f   mfc140:mfc140.dll
 0001:0002f548       ??1CMapStringToString@@UAE@XZ 10030548 f   mfc140:mfc140.dll
 0001:0002f54e       ?OnCmdMsg@CCmdTarget@@UAEHIHPAXPAUAFX_CMDHANDLERINFO@@@Z 1003054e f   mfc140:mfc140.dll
 0001:0002f554       ?OnFinalRelease@CCmdTarget@@UAEXXZ 10030554 f   mfc140:mfc140.dll
 0001:0002f55a       ?IsInvokeAllowed@CCmdTarget@@UAEHJ@Z 1003055a f   mfc140:mfc140.dll
 0001:0002f560       ?GetDispatchIID@CCmdTarget@@UAEHPAU_GUID@@@Z 10030560 f   mfc140:mfc140.dll
 0001:0002f566       ?GetTypeInfoCount@CCmdTarget@@UAEIXZ 10030566 f   mfc140:mfc140.dll
 0001:0002f56c       ?GetTypeLibCache@CCmdTarget@@UAEPAVCTypeLibCache@@XZ 1003056c f   mfc140:mfc140.dll
 0001:0002f572       ?GetTypeLib@CCmdTarget@@UAEJKPAPAUITypeLib@@@Z 10030572 f   mfc140:mfc140.dll
 0001:0002f578       ?GetCommandMap@CCmdTarget@@MBEPBUAFX_OLECMDMAP@@XZ 10030578 f   mfc140:mfc140.dll
 0001:0002f57e       ?GetDispatchMap@CCmdTarget@@MBEPBUAFX_DISPMAP@@XZ 1003057e f   mfc140:mfc140.dll
 0001:0002f584       ?GetConnectionMap@CCmdTarget@@MBEPBUAFX_CONNECTIONMAP@@XZ 10030584 f   mfc140:mfc140.dll
 0001:0002f58a       ?GetInterfaceMap@CCmdTarget@@MBEPBUAFX_INTERFACEMAP@@XZ 1003058a f   mfc140:mfc140.dll
 0001:0002f590       ?GetEventSinkMap@CCmdTarget@@MBEPBUAFX_EVENTSINKMAP@@XZ 10030590 f   mfc140:mfc140.dll
 0001:0002f596       ?OnCreateAggregates@CCmdTarget@@UAEHXZ 10030596 f   mfc140:mfc140.dll
 0001:0002f59c       ?GetInterfaceHook@CCmdTarget@@UAEPAUIUnknown@@PBX@Z 1003059c f   mfc140:mfc140.dll
 0001:0002f5a2       ?GetExtraConnectionPoints@CCmdTarget@@MAEHPAVCPtrArray@@@Z 100305a2 f   mfc140:mfc140.dll
 0001:0002f5a8       ?GetConnectionHook@CCmdTarget@@MAEPAUIConnectionPoint@@ABU_GUID@@@Z 100305a8 f   mfc140:mfc140.dll
 0001:0002f5ae       ?PreTranslateMessage@CWinThread@@UAEHPAUtagMSG@@@Z 100305ae f   mfc140:mfc140.dll
 0001:0002f5b4       ?PumpMessage@CWinThread@@UAEHXZ 100305b4 f   mfc140:mfc140.dll
 0001:0002f5ba       ?IsIdleMessage@CWinThread@@UAEHPAUtagMSG@@@Z 100305ba f   mfc140:mfc140.dll
 0001:0002f5c0       ?ProcessMessageFilter@CWinThread@@UAEHHPAUtagMSG@@@Z 100305c0 f   mfc140:mfc140.dll
 0001:0002f5c6       ?GetMainWnd@CWinThread@@UAEPAVCWnd@@XZ 100305c6 f   mfc140:mfc140.dll
 0001:0002f5cc       ?Delete@CWinThread@@UAEXXZ 100305cc f   mfc140:mfc140.dll
 0001:0002f5d2       ?GetRuntimeClass@CWinApp@@UBEPAUCRuntimeClass@@XZ 100305d2 f   mfc140:mfc140.dll
 0001:0002f5d8       ??0CWinApp@@QAE@PBD@Z      100305d8 f   mfc140:mfc140.dll
 0001:0002f5de       ?GetProfileIntA@CWinApp@@UAEIPBD0H@Z 100305de f   mfc140:mfc140.dll
 0001:0002f5e4       ?WriteProfileInt@CWinApp@@UAEHPBD0H@Z 100305e4 f   mfc140:mfc140.dll
 0001:0002f5ea       ?GetProfileStringA@CWinApp@@UAE?AV?$CStringT@DV?$StrTraitMFC_DLL@DV?$ChTraitsCRT@D@ATL@@@@@ATL@@PBD00@Z 100305ea f   mfc140:mfc140.dll
 0001:0002f5f0       ?WriteProfileStringA@CWinApp@@UAEHPBD00@Z 100305f0 f   mfc140:mfc140.dll
 0001:0002f5f6       ?GetProfileBinary@CWinApp@@UAEHPBD0PAPAEPAI@Z 100305f6 f   mfc140:mfc140.dll
 0001:0002f5fc       ?WriteProfileBinary@CWinApp@@UAEHPBD0PAEI@Z 100305fc f   mfc140:mfc140.dll
 0001:0002f602       ?InitLibId@CWinApp@@UAEXXZ 10030602 f   mfc140:mfc140.dll
 0001:0002f608       ?Register@CWinApp@@UAEHXZ  10030608 f   mfc140:mfc140.dll
 0001:0002f60e       ?Unregister@CWinApp@@UAEHXZ 1003060e f   mfc140:mfc140.dll
 0001:0002f614       ?OpenDocumentFile@CWinApp@@UAEPAVCDocument@@PBD@Z 10030614 f   mfc140:mfc140.dll
 0001:0002f61a       ?OpenDocumentFile@CWinApp@@UAEPAVCDocument@@PBDH@Z 1003061a f   mfc140:mfc140.dll
 0001:0002f620       ?AddToRecentFileList@CWinApp@@UAEXPBD@Z 10030620 f   mfc140:mfc140.dll
 0001:0002f626       ?InitApplication@CWinApp@@UAEHXZ 10030626 f   mfc140:mfc140.dll
 0001:0002f62c       ?SaveAllModified@CWinApp@@UAEHXZ 1003062c f   mfc140:mfc140.dll
 0001:0002f632       ?DoMessageBox@CWinApp@@UAEHPBDII@Z 10030632 f   mfc140:mfc140.dll
 0001:0002f638       ?DoWaitCursor@CWinApp@@UAEXH@Z 10030638 f   mfc140:mfc140.dll
 0001:0002f63e       ?OnDDECommand@CWinApp@@UAEHPAD@Z 1003063e f   mfc140:mfc140.dll
 0001:0002f644       ?WinHelpA@CWinApp@@UAEXKI@Z 10030644 f   mfc140:mfc140.dll
 0001:0002f64a       ?HtmlHelpA@CWinApp@@UAEXKI@Z 1003064a f   mfc140:mfc140.dll
 0001:0002f650       ?WinHelpInternal@CWinApp@@UAEXKI@Z 10030650 f   mfc140:mfc140.dll
 0001:0002f656       ?RegisterWithRestartManager@CWinApp@@UAEJHABV?$CStringT@DV?$StrTraitMFC_DLL@DV?$ChTraitsCRT@D@ATL@@@@@ATL@@@Z 10030656 f   mfc140:mfc140.dll
 0001:0002f65c       ?RegisterWithRestartManager@CWinApp@@UAEJPB_WKP6GKPAX@Z1KK@Z 1003065c f   mfc140:mfc140.dll
 0001:0002f662       ?ApplicationRecoveryCallback@CWinApp@@UAEKPAX@Z 10030662 f   mfc140:mfc140.dll
 0001:0002f668       ?GetDataRecoveryHandler@CWinApp@@UAEPAVCDataRecoveryHandler@@XZ 10030668 f   mfc140:mfc140.dll
 0001:0002f66e       ?IsTaskbarInteractionEnabled@CWinApp@@UAEHXZ 1003066e f   mfc140:mfc140.dll
 0001:0002f674       ?InitInstance@CWinApp@@UAEHXZ 10030674 f   mfc140:mfc140.dll
 0001:0002f67a       ?ExitInstance@CWinApp@@UAEHXZ 1003067a f   mfc140:mfc140.dll
 0001:0002f680       ?RestartInstance@CWinApp@@UAEHXZ 10030680 f   mfc140:mfc140.dll
 0001:0002f686       ?Run@CWinApp@@UAEHXZ       10030686 f   mfc140:mfc140.dll
 0001:0002f68c       ?OnIdle@CWinApp@@UAEHJ@Z   1003068c f   mfc140:mfc140.dll
 0001:0002f692       ?ProcessWndProcException@CWinApp@@UAEJPAVCException@@PBUtagMSG@@@Z 10030692 f   mfc140:mfc140.dll
 0001:0002f698       ?LoadAppLangResourceDLL@CWinApp@@UAEPAUHINSTANCE__@@XZ 10030698 f   mfc140:mfc140.dll
 0001:0002f69e       ??1CWinApp@@UAE@XZ         1003069e f   mfc140:mfc140.dll
 0001:0002f6a4       ?GetThisMessageMap@CWinApp@@KGPBUAFX_MSGMAP@@XZ 100306a4 f   mfc140:mfc140.dll
 0001:0002f6aa       ?LoadSysPolicies@CWinApp@@UAEHXZ 100306aa f   mfc140:mfc140.dll
 0001:0002f6b0       ?SetAt@?$CSimpleStringT@D$00@ATL@@QAEXHD@Z 100306b0 f   mfc140:mfc140.dll
 0001:0002f6b6       ?Replace@?$CStringT@DV?$StrTraitMFC_DLL@DV?$ChTraitsCRT@D@ATL@@@@@ATL@@QAEHPBD0@Z 100306b6 f   mfc140:mfc140.dll
 0001:0002f6bc       ?Mid@?$CStringT@DV?$StrTraitMFC_DLL@DV?$ChTraitsCRT@D@ATL@@@@@ATL@@QBE?AV12@HH@Z 100306bc f   mfc140:mfc140.dll
 0001:0002f6c2       ?AfxThrowMemoryException@@YGXXZ 100306c2 f   mfc140:mfc140.dll
 0001:0002f6c8       ?AfxThrowOleException@@YGXJ@Z 100306c8 f   mfc140:mfc140.dll
 0001:0002f6ce       ?RemoveAt@CStringArray@@QAEXHH@Z 100306ce f   mfc140:mfc140.dll
 0001:0002f6d4       ??0CStringList@@QAE@H@Z    100306d4 f   mfc140:mfc140.dll
 0001:0002f6da       ?AddHead@CStringList@@QAEPAU__POSITION@@PBD@Z 100306da f   mfc140:mfc140.dll
 0001:0002f6e0       ?RemoveAll@CStringList@@QAEXXZ 100306e0 f   mfc140:mfc140.dll
 0001:0002f6e6       ?RemoveAt@CStringList@@QAEXPAU__POSITION@@@Z 100306e6 f   mfc140:mfc140.dll
 0001:0002f6ec       ?Find@CStringList@@QBEPAU__POSITION@@PBDPAU2@@Z 100306ec f   mfc140:mfc140.dll
 0001:0002f6f2       ??1CStringList@@UAE@XZ     100306f2 f   mfc140:mfc140.dll
 0001:0002f6f8       ??0CMapStringToPtr@@QAE@H@Z 100306f8 f   mfc140:mfc140.dll
 0001:0002f6fe       ?Lookup@CMapStringToPtr@@QBEHPBDAAPAX@Z 100306fe f   mfc140:mfc140.dll
 0001:0002f704       ??ACMapStringToPtr@@QAEAAPAXPBD@Z 10030704 f   mfc140:mfc140.dll
 0001:0002f70a       ?RemoveKey@CMapStringToPtr@@QAEHPBD@Z 1003070a f   mfc140:mfc140.dll
 0001:0002f710       ?RemoveAll@CMapStringToPtr@@QAEXXZ 10030710 f   mfc140:mfc140.dll
 0001:0002f716       ?GetNextAssoc@CMapStringToPtr@@QBEXAAPAU__POSITION@@AAV?$CStringT@DV?$StrTraitMFC_DLL@DV?$ChTraitsCRT@D@ATL@@@@@ATL@@AAPAX@Z 10030716 f   mfc140:mfc140.dll
 0001:0002f71c       ??1CMapStringToPtr@@UAE@XZ 1003071c f   mfc140:mfc140.dll
 0001:0002f722       ??$SerializeElements@V?$CStringT@DV?$StrTraitMFC_DLL@DV?$ChTraitsCRT@D@ATL@@@@@ATL@@@@YGXAAVCArchive@@PAV?$CStringT@DV?$StrTraitMFC_DLL@DV?$ChTraitsCRT@D@ATL@@@@@ATL@@H@Z 10030722 f   mfc140:mfc140.dll
 0001:0002f728       ??$HashKey@PBD@@YGIPBD@Z   10030728 f   mfc140:mfc140.dll
 0001:0002f72e       ?AfxMessageBox@@YGHPBDII@Z 1003072e f   mfc140:mfc140.dll
 0001:0002f734       ??0CSyncObject@@QAE@PBD@Z  10030734 f   mfc140:mfc140.dll
 0001:0002f73a       ??1CSyncObject@@UAE@XZ     1003073a f   mfc140:mfc140.dll
 0001:0002f740       ?GetRuntimeClass@CCriticalSection@@UBEPAUCRuntimeClass@@XZ 10030740 f   mfc140:mfc140.dll
 0001:0002f746       ??0CFileFind@@QAE@XZ       10030746 f   mfc140:mfc140.dll
 0001:0002f74c       ??1CFileFind@@UAE@XZ       1003074c f   mfc140:mfc140.dll
 0001:0002f752       ?FindFile@CFileFind@@UAEHPBDK@Z 10030752 f   mfc140:mfc140.dll
 0001:0002f758       ?AddTail@CStringList@@QAEPAU__POSITION@@ABV?$CStringT@DV?$StrTraitMFC_DLL@DV?$ChTraitsCRT@D@ATL@@@@@ATL@@@Z 10030758 f   mfc140:mfc140.dll
 0001:0002f75e       ?FindIndex@CStringList@@QBEPAU__POSITION@@H@Z 1003075e f   mfc140:mfc140.dll
 0001:0002f764       ?GetRuntimeClass@CMenu@@UBEPAUCRuntimeClass@@XZ 10030764 f   mfc140:mfc140.dll
 0001:0002f76a       ?DestroyMenu@CMenu@@QAEHXZ 1003076a f   mfc140:mfc140.dll
 0001:0002f770       ?Attach@CMenu@@QAEHPAUHMENU__@@@Z 10030770 f   mfc140:mfc140.dll
 0001:0002f776       ?TrackPopupMenu@CMenu@@QAEHIHHPAVCWnd@@PBUtagRECT@@@Z 10030776 f   mfc140:mfc140.dll
 0001:0002f77c       ?DrawItem@CMenu@@UAEXPAUtagDRAWITEMSTRUCT@@@Z 1003077c f   mfc140:mfc140.dll
 0001:0002f782       ?MeasureItem@CMenu@@UAEXPAUtagMEASUREITEMSTRUCT@@@Z 10030782 f   mfc140:mfc140.dll
 0001:0002f788       ??$AtlAdd@H@ATL@@YAJPAHHH@Z 10030788 f i mfcs140:nolib.obj
 0001:0002f7ae       ??$AtlAdd@I@ATL@@YAJPAIII@Z 100307ae f i mfcs140:nolib.obj
 0001:0002f7d1       ??$AtlAdd@K@ATL@@YAJPAKKK@Z 100307d1 f i mfcs140:nolib.obj
 0001:0002f7f4       ??$AtlAlignUp@H@ATL@@YGHHK@Z 100307f4 f i mfcs140:nolib.obj
 0001:0002f808       ??$AtlMultiply@I@ATL@@YAJPAIII@Z 10030808 f i mfcs140:nolib.obj
 0001:0002f82a       ??$AtlMultiply@K@ATL@@YAJPAKKK@Z 1003082a f i mfcs140:nolib.obj
 0001:0002f84c       ??0?$CSimpleArray@GV?$CSimpleArrayEqualHelper@G@ATL@@@ATL@@QAE@XZ 1003084c f i mfcs140:nolib.obj
 0001:0002f859       ??0?$CTraceCategoryEx@$00$0A@@ATL@@QAE@PBD@Z 10030859 f i mfcs140:nolib.obj
 0001:0002f85e       ??0?$CTraceCategoryEx@$01$0A@@ATL@@QAE@PBD@Z 1003085e f i mfcs140:nolib.obj
 0001:0002f863       ??0?$CTraceCategoryEx@$03$0A@@ATL@@QAE@PBD@Z 10030863 f i mfcs140:nolib.obj
 0001:0002f868       ??0?$CTraceCategoryEx@$07$0A@@ATL@@QAE@PBD@Z 10030868 f i mfcs140:nolib.obj
 0001:0002f86d       ??0?$CTraceCategoryEx@$0BA@$0A@@ATL@@QAE@PBD@Z 1003086d f i mfcs140:nolib.obj
 0001:0002f872       ??0?$CTraceCategoryEx@$0BAA@$0A@@ATL@@QAE@PBD@Z 10030872 f i mfcs140:nolib.obj
 0001:0002f877       ??0?$CTraceCategoryEx@$0BAAA@$0A@@ATL@@QAE@PBD@Z 10030877 f i mfcs140:nolib.obj
 0001:0002f87c       ??0?$CTraceCategoryEx@$0BAAAA@$0A@@ATL@@QAE@PBD@Z 1003087c f i mfcs140:nolib.obj
 0001:0002f881       ??0?$CTraceCategoryEx@$0BAAAAA@$0A@@ATL@@QAE@PBD@Z 10030881 f i mfcs140:nolib.obj
 0001:0002f886       ??0?$CTraceCategoryEx@$0CA@$0A@@ATL@@QAE@PBD@Z 10030886 f i mfcs140:nolib.obj
 0001:0002f88b       ??0?$CTraceCategoryEx@$0CAA@$0A@@ATL@@QAE@PBD@Z 1003088b f i mfcs140:nolib.obj
 0001:0002f890       ??0?$CTraceCategoryEx@$0CAAA@$0A@@ATL@@QAE@PBD@Z 10030890 f i mfcs140:nolib.obj
 0001:0002f895       ??0?$CTraceCategoryEx@$0CAAAA@$0A@@ATL@@QAE@PBD@Z 10030895 f i mfcs140:nolib.obj
 0001:0002f89a       ??0?$CTraceCategoryEx@$0CAAAAA@$0A@@ATL@@QAE@PBD@Z 1003089a f i mfcs140:nolib.obj
 0001:0002f89f       ??0?$CTraceCategoryEx@$0EA@$0A@@ATL@@QAE@PBD@Z 1003089f f i mfcs140:nolib.obj
 0001:0002f8a4       ??0?$CTraceCategoryEx@$0EAA@$0A@@ATL@@QAE@PBD@Z 100308a4 f i mfcs140:nolib.obj
 0001:0002f8a9       ??0?$CTraceCategoryEx@$0EAAA@$0A@@ATL@@QAE@PBD@Z 100308a9 f i mfcs140:nolib.obj
 0001:0002f8ae       ??0?$CTraceCategoryEx@$0EAAAA@$0A@@ATL@@QAE@PBD@Z 100308ae f i mfcs140:nolib.obj
 0001:0002f8b3       ??0?$CTraceCategoryEx@$0EAAAAA@$0A@@ATL@@QAE@PBD@Z 100308b3 f i mfcs140:nolib.obj
 0001:0002f8b8       ??0?$CTraceCategoryEx@$0IA@$0A@@ATL@@QAE@PBD@Z 100308b8 f i mfcs140:nolib.obj
 0001:0002f8bd       ??0?$CTraceCategoryEx@$0IAA@$0A@@ATL@@QAE@PBD@Z 100308bd f i mfcs140:nolib.obj
 0001:0002f8c2       ??0?$CTraceCategoryEx@$0IAAA@$0A@@ATL@@QAE@PBD@Z 100308c2 f i mfcs140:nolib.obj
 0001:0002f8c7       ??0?$CTraceCategoryEx@$0IAAAA@$0A@@ATL@@QAE@PBD@Z 100308c7 f i mfcs140:nolib.obj
 0001:0002f8cc       ??0CAtlComModule@ATL@@QAE@XZ 100308cc f i mfcs140:nolib.obj
 0001:0002f90b       ??0CAtlStringMgr@ATL@@QAE@PAUIAtlMemMgr@1@@Z 1003090b f i mfcs140:nolib.obj
 0001:0002f937       ??0CAtlStringMgrStaticInitializer@ATLImplementationDetails@ATL@@QAE@XZ 10030937 f i mfcs140:nolib.obj
 0001:0002f943       ??0CAtlWinModule@ATL@@QAE@XZ 10030943 f i mfcs140:nolib.obj
 0001:0002f971       ??0CComCriticalSection@ATL@@QAE@XZ 10030971 f i mfcs140:nolib.obj
 0001:0002f985       ??0CNilStringData@ATL@@QAE@XZ 10030985 f i mfcs140:nolib.obj
 0001:0002f99c       ??0CWin32Heap@ATL@@QAE@PAX@Z 1003099c f i mfcs140:nolib.obj
 0001:0002f9b5       ??0_ATL_COM_MODULE70@ATL@@QAE@XZ 100309b5 f i mfcs140:nolib.obj
 0001:0002f9cc       ??0_ATL_WIN_MODULE70@ATL@@QAE@XZ 100309cc f i mfcs140:nolib.obj
 0001:0002f9f7       ??1?$CSimpleArray@GV?$CSimpleArrayEqualHelper@G@ATL@@@ATL@@QAE@XZ 100309f7 f i mfcs140:nolib.obj
 0001:0002f9fc       ??1CAtlComModule@ATL@@QAE@XZ 100309fc f i mfcs140:nolib.obj
 0001:0002fa35       ??1CAtlWinModule@ATL@@QAE@XZ 10030a35 f i mfcs140:nolib.obj
 0001:0002fa4d       ??1CComBSTR@ATL@@QAE@XZ    10030a4d f i mfcs140:nolib.obj
 0001:0002fa56       ??1CComCriticalSection@ATL@@QAE@XZ 10030a56 f i mfcs140:nolib.obj
 0001:0002fa59       ??1_ATL_COM_MODULE70@ATL@@QAE@XZ 10030a59 f i mfcs140:nolib.obj
 0001:0002fa5c       ??1_ATL_WIN_MODULE70@ATL@@QAE@XZ 10030a5c f i mfcs140:nolib.obj
 0001:0002fa64       ??1stringdispid@CComTypeInfoHolder@ATL@@QAE@XZ 10030a64 f i mfcs140:nolib.obj
 0001:0002fa6d       ??A?$CSimpleArray@GV?$CSimpleArrayEqualHelper@G@ATL@@@ATL@@QAEAAGH@Z 10030a6d f i mfcs140:nolib.obj
 0001:0002fa92       ??_Estringdispid@CComTypeInfoHolder@ATL@@QAEPAXI@Z 10030a92 f i mfcs140:nolib.obj
 0001:0002fb1d       ?AddRef@CStringData@ATL@@QAEXXZ 10030b1d f i mfcs140:nolib.obj
 0001:0002fb22       ?AtlWinModuleInit@ATL@@YGJPAU_ATL_WIN_MODULE70@1@@Z 10030b22 f i mfcs140:nolib.obj
 0001:0002fb48       ?AtlWinModuleTerm@ATL@@YGJPAU_ATL_WIN_MODULE70@1@PAUHINSTANCE__@@@Z 10030b48 f i mfcs140:nolib.obj
 0001:0002fbaa       ?GetInstance@CAtlStringMgr@ATL@@SAPAUIAtlStringMgr@2@XZ 10030baa f i mfcs140:nolib.obj
 0001:0002fc14       ?GetModuleInstance@CAtlBaseModule@ATL@@QAEPAUHINSTANCE__@@XZ 10030c14 f i mfcs140:nolib.obj
 0001:0002fc18       ?GetSize@?$CSimpleArray@GV?$CSimpleArrayEqualHelper@G@ATL@@@ATL@@QBEHXZ 10030c18 f i mfcs140:nolib.obj
 0001:0002fc1c       ?Init@CComCriticalSection@ATL@@QAEJXZ 10030c1c f i mfcs140:nolib.obj
 0001:0002fc44       ?RemoveAll@?$CSimpleArray@GV?$CSimpleArrayEqualHelper@G@ATL@@@ATL@@QAEXXZ 10030c44 f i mfcs140:nolib.obj
 0001:0002fc62       ?SetManager@CNilStringData@ATL@@QAEXPAUIAtlStringMgr@2@@Z 10030c62 f i mfcs140:nolib.obj
 0001:0002fc6e       ?Term@CAtlComModule@ATL@@QAEXXZ 10030c6e f i mfcs140:nolib.obj
 0001:0002fccd       ?Term@CAtlWinModule@ATL@@QAEXXZ 10030ccd f i mfcs140:nolib.obj
 0001:0002fcda       ?Term@CComCriticalSection@ATL@@QAEJXZ 10030cda f i mfcs140:nolib.obj
 0001:0002fce4       _HRESULT_FROM_WIN32        10030ce4 f i mfcs140:nolib.obj
 0001:0002fcf8       _IsolationAwareActivateActCtx@8 10030cf8 f i mfcs140:nolib.obj
 0001:0002fd3b       _IsolationAwareCreateActCtxW@4 10030d3b f i mfcs140:nolib.obj
 0001:0002fd80       _IsolationAwareDeactivateActCtx@8 10030d80 f i mfcs140:nolib.obj
 0001:0002fdc3       _IsolationAwareFindActCtxSectionStringW@20 10030dc3 f i mfcs140:nolib.obj
 0001:0002fe0f       _IsolationAwarePrivatenPgViNgRzlnPgpgk@4 10030e0f f i mfcs140:nolib.obj
 0001:0002fe8a       _IsolationAwarePrivatezltRgCebPnQQeRff@12 10030e8a f i mfcs140:nolib.obj
 0001:0002fec8       _IsolationAwarePrivatezltRgzbQhYRuNaQYRJ@4 10030ec8 f i mfcs140:nolib.obj
 0001:0002fed2       _IsolationAwarePrivatezltRgzbQhYRuNaQYRn@4 10030ed2 f i mfcs140:nolib.obj
 0001:0002fedc       _IsolationAwareQueryActCtxW@28 10030edc f i mfcs140:nolib.obj
 0001:0002ff2e       _IsolationAwareUnregisterClassA@8 10030f2e f i mfcs140:nolib.obj
 0001:0002ffd8       _WinbaseIsolationAwarePrivatetRgCebPnQQeRff_xReaRYQP_QYY@4 10030fd8 f i mfcs140:nolib.obj
 0001:0002fff1       _WinbaseIsolationAwarePrivatetRgzlnPgpgk@0 10030ff1 f i mfcs140:nolib.obj
 0001:000301bd       _RawDllMain@12             100311bd f   mfcs140:dllmodul.obj
 0001:00030210       ??0_AFX_DLL_MODULE_STATE@@QAE@XZ 10031210 f i mfcs140:dllmodul.obj
 0001:00030238       ??1_AFX_DLL_MODULE_STATE@@UAE@XZ 10031238 f i mfcs140:dllmodul.obj
 0001:0003023d       ??_E_AFX_DLL_MODULE_STATE@@UAEPAXI@Z 1003123d f i mfcs140:dllmodul.obj
 0001:0003023d       ??_G_AFX_DLL_MODULE_STATE@@UAEPAXI@Z 1003123d f i mfcs140:dllmodul.obj
 0001:00030270       ?AfxGetStaticModuleState@@YGPAVAFX_MODULE_STATE@@XZ 10031270 f   mfcs140:dllmodul.obj
 0001:00030276       ?AfxWndProcDllStatic@@YGJPAUHWND__@@IIJ@Z 10031276 f   mfcs140:dllmodul.obj
 0001:000302bd       _DllMain@12                100312bd f   mfcs140:dllmodul.obj
 0001:00030306       _InternalDllMain@12        10031306 f   mfcs140:dllmodul.obj
 0001:0003048c       ??2CObject@@SGPAXI@Z       1003148c f i mfcs140:dllmodulx.obj
 0001:0003049c       ??3CObject@@SGXPAX@Z       1003149c f i mfcs140:dllmodulx.obj
 0001:000304ac       ?AfxGetApp@@YGPAVCWinApp@@XZ 100314ac f i mfcs140:dllmodulx.obj
 0001:000304b5       __AfxDllModulHelper        100314b5 f   mfcs140:dllmodulx.obj
 0001:00030502       ??3@YAXPAXI@Z              10031502 f   msvcrt:delete_scalar_size.obj
 0001:00030510       @__security_check_cookie@4 10031510 f   msvcrt:secchk.obj
 0001:0003051e       ??1type_info@@UAE@XZ       1003151e f   msvcrt:std_type_info_static.obj
 0001:00030525       ??_Gtype_info@@UAEPAXI@Z   10031525 f i msvcrt:std_type_info_static.obj
 0001:00030525       ??_Etype_info@@UAEPAXI@Z   10031525 f i msvcrt:std_type_info_static.obj
 0001:00030548       ??_L@YGXPAXIHP6EX0@Z1@Z    10031548 f   msvcrt:ehvecctr.obj
 0001:0003054d       ??_L@YGXPAXIIP6EX0@Z1@Z    1003154d f   msvcrt:ehvecctr.obj
 0001:000305c1       ??_M@YGXPAXIHP6EX0@Z@Z     100315c1 f   msvcrt:ehvecdtr.obj
 0001:000305c6       ??_M@YGXPAXIIP6EX0@Z@Z     100315c6 f   msvcrt:ehvecdtr.obj
 0001:0003067a       ?__ArrayUnwind@@YGXPAXIIP6EX0@Z@Z 1003167a f   msvcrt:ehvecdtr.obj
 0001:0003070a       ?configure_argv@__scrt_narrow_argv_policy@@SAHXZ 1003170a f i msvcrt:utility.obj
 0001:0003075b       ?initialize_environment@__scrt_narrow_environment_policy@@SAHXZ 1003175b f i msvcrt:utility.obj
 0001:00030794       _NtCurrentTeb              10031794 f i msvcrt:utility.obj
 0001:0003079b       ___scrt_acquire_startup_lock 1003179b f   msvcrt:utility.obj
 0001:000307cd       ___scrt_dllmain_after_initialize_c 100317cd f   msvcrt:utility.obj
 0001:000307f8       ___scrt_dllmain_before_initialize_c 100317f8 f   msvcrt:utility.obj
 0001:00030806       ___scrt_dllmain_crt_thread_attach 10031806 f   msvcrt:utility.obj
 0001:00030825       ___scrt_dllmain_crt_thread_detach 10031825 f   msvcrt:utility.obj
 0001:00030832       ___scrt_dllmain_exception_filter 10031832 f   msvcrt:utility.obj
 0001:00030866       ___scrt_dllmain_uninitialize_c 10031866 f   msvcrt:utility.obj
 0001:00030889       ___scrt_dllmain_uninitialize_critical 10031889 f   msvcrt:utility.obj
 0001:00030896       ___scrt_initialize_crt     10031896 f   msvcrt:utility.obj
 0001:000308cf       ___scrt_initialize_onexit_tables 100318cf f   msvcrt:utility.obj
 0001:00030956       ___scrt_is_nonwritable_in_current_image 10031956 f   msvcrt:utility.obj
 0001:000309ea       ___scrt_release_startup_lock 100319ea f   msvcrt:utility.obj
 0001:00030a07       ___scrt_uninitialize_crt   10031a07 f   msvcrt:utility.obj
 0001:00030a2f       __onexit                   10031a2f f   msvcrt:utility.obj
 0001:00030a5c       _at_quick_exit             10031a5c f   msvcrt:utility.obj
 0001:00030a7f       _atexit                    10031a7f f   msvcrt:utility.obj
 0001:00030b59       __Init_thread_abort        10031b59 f   msvcrt:thread_safe_statics.obj
 0001:00030b7d       __Init_thread_footer       10031b7d f   msvcrt:thread_safe_statics.obj
 0001:00030bc7       __Init_thread_header       10031bc7 f   msvcrt:thread_safe_statics.obj
 0001:00030c19       __Init_thread_lock         10031c19 f   msvcrt:thread_safe_statics.obj
 0001:00030c25       __Init_thread_notify       10031c25 f   msvcrt:thread_safe_statics.obj
 0001:00030c5b       __Init_thread_unlock       10031c5b f   msvcrt:thread_safe_statics.obj
 0001:00030c67       __Init_thread_wait         10031c67 f   msvcrt:thread_safe_statics.obj
 0001:00030ff5       __CRT_INIT@12              10031ff5 f   msvcrt:dll_dllmain.obj
 0001:00030ffe       __DllMainCRTStartup@12     10031ffe f   msvcrt:dll_dllmain.obj
 0001:00031021       ??_V@YAXPAXI@Z             10032021 f   msvcrt:delete_array_size.obj
 0001:0003102f       __EH_epilog3               1003202f f   msvcrt:ehprolg3.obj
 0001:00031043       __EH_epilog3_GS            10032043 f   msvcrt:ehprolg3.obj
 0001:00031052       __EH_epilog3_catch_GS      10032052 f   msvcrt:ehprolg3.obj
 0001:00031061       __EH_prolog3               10032061 f   msvcrt:ehprolg3.obj
 0001:00031094       __EH_prolog3_GS            10032094 f   msvcrt:ehprolg3.obj
 0001:000310ca       __EH_prolog3_catch         100320ca f   msvcrt:ehprolg3.obj
 0001:00031100       __EH_prolog3_catch_GS      10032100 f   msvcrt:ehprolg3.obj
 0001:00031140       __SEH_prolog4              10032140 f   msvcrt:sehprolg4.obj
 0001:00031190       __SEH_epilog4              10032190 f   msvcrt:sehprolg4.obj
 0001:000311b0       __SEH_prolog4_GS           100321b0 f   msvcrt:sehprolg4gs.obj
 0001:00031200       __SEH_epilog4_GS           10032200 f   msvcrt:sehprolg4gs.obj
 0001:0003120f       __except_handler4          1003220f f   msvcrt:chandler4gs.obj
 0001:0003123e       @_guard_check_icall_nop@4  1003223e f i msvcrt:guard_support.obj
 0001:00031241       _ReadNoFence               10032241 f i msvcrt:guard_support.obj
 0001:0003124b       _ReadPointerNoFence        1003224b f i msvcrt:guard_support.obj
 0001:00031255       ___castguard_check_failure_debugbreak 10032255 f i msvcrt:guard_support.obj
 0001:00031270       ___castguard_check_failure_fastfail 10032270 f i msvcrt:guard_support.obj
 0001:0003128f       ___castguard_check_failure_nop 1003228f f i msvcrt:guard_support.obj
 0001:00031292       ___castguard_check_failure_os_handled 10032292 f i msvcrt:guard_support.obj
 0001:000312e6       ___castguard_slow_path_check_debugbreak 100322e6 f i msvcrt:guard_support.obj
 0001:00031313       ___castguard_slow_path_check_fastfail 10032313 f i msvcrt:guard_support.obj
 0001:00031344       ___castguard_slow_path_check_nop 10032344 f i msvcrt:guard_support.obj
 0001:00031347       ___castguard_slow_path_check_os_handled 10032347 f i msvcrt:guard_support.obj
 0001:000313ad       __guard_icall_checks_enforced 100323ad f i msvcrt:guard_support.obj
 0001:000313bf       ___raise_securityfailure   100323bf f   msvcrt:gs_report.obj
 0001:000313e7       ___report_gsfailure        100323e7 f   msvcrt:gs_report.obj
 0001:000314e1       ___report_rangecheckfailure 100324e1 f   msvcrt:gs_report.obj
 0001:000314ed       ___report_securityfailure  100324ed f   msvcrt:gs_report.obj
 0001:000315bc       ___report_securityfailureEx 100325bc f   msvcrt:gs_report.obj
 0001:000316d1       ___isa_available_init      100326d1 f   msvcrt:cpu_disp.obj
 0001:000318a2       __get_startup_argv_mode    100328a2 f   msvcrt:argv_mode.obj
 0001:000318a6       ___scrt_is_ucrt_dll_in_use 100328a6 f   msvcrt:ucrt_detection.obj
 0001:000318b2       ___scrt_fastfail           100328b2 f   msvcrt:utility_desktop.obj
 0001:000319cd       ___scrt_get_show_window_mode 100329cd f   msvcrt:utility_desktop.obj
 0001:000319fe       ___scrt_initialize_mta     100329fe f   msvcrt:utility_desktop.obj
 0001:00031a03       ___scrt_initialize_winrt   10032a03 f   msvcrt:utility_desktop.obj
 0001:00031a06       ___scrt_is_managed_app     10032a06 f   msvcrt:utility_desktop.obj
 0001:00031a49       ___scrt_set_unhandled_exception_filter 10032a49 f   msvcrt:utility_desktop.obj
 0001:00031a55       ___scrt_stub_for_initialize_mta 10032a55 f   msvcrt:utility_desktop.obj
 0001:00031a55       ___scrt_exe_initialize_mta 10032a55 f   msvcrt:utility_desktop.obj
 0001:00031a58       ___scrt_unhandled_exception_filter@4 10032a58 f   msvcrt:utility_desktop.obj
 0001:00031aae       __crt_debugger_hook        10032aae f   msvcrt:utility_desktop.obj
 0001:00031b03       ___security_init_cookie    10032b03 f   msvcrt:gs_support.obj
 0001:00031b4e       ?__scrt_initialize_type_info@@YAXXZ 10032b4e f   msvcrt:tncleanup.obj
 0001:00031b5a       ?__scrt_uninitialize_type_info@@YAXXZ 10032b5a f   msvcrt:tncleanup.obj
 0001:00031b66       ___scrt_initialize_default_local_stdio_options 10032b66 f   msvcrt:default_local_stdio_options.obj
 0001:00031b83       ___scrt_get_dyn_tls_init_callback 10032b83 f   msvcrt:dyn_tls_init.obj
 0001:00031b89       __RTC_Initialize           10032b89 f   msvcrt:initsect.obj
 0001:00031bb5       __RTC_Terminate            10032bb5 f   msvcrt:initsect.obj
 0001:00031be1       _GetEnvironmentVariableA@12 10032be1 f   kernel32:KERNEL32.dll
 0001:00031be7       _GetModuleHandleA@4        10032be7 f   kernel32:KERNEL32.dll
 0001:00031bed       _GetProcAddress@8          10032bed f   kernel32:KERNEL32.dll
 0001:00031bf3       _GetModuleFileNameA@12     10032bf3 f   kernel32:KERNEL32.dll
 0001:00031bf9       _GetPrivateProfileIntA@16  10032bf9 f   kernel32:KERNEL32.dll
 0001:00031bff       _GetPrivateProfileStringA@24 10032bff f   kernel32:KERNEL32.dll
 0001:00031c05       _FreeLibrary@4             10032c05 f   kernel32:KERNEL32.dll
 0001:00031c0b       _LoadLibraryA@4            10032c0b f   kernel32:KERNEL32.dll
 0001:00031c11       _DecodePointer@4           10032c11 f   kernel32:KERNEL32.dll
 0001:00031c17       _RaiseException@16         10032c17 f   kernel32:KERNEL32.dll
 0001:00031c1d       _GetLastError@0            10032c1d f   kernel32:KERNEL32.dll
 0001:00031c23       _HeapDestroy@4             10032c23 f   kernel32:KERNEL32.dll
 0001:00031c29       _HeapAlloc@12              10032c29 f   kernel32:KERNEL32.dll
 0001:00031c2f       _HeapReAlloc@16            10032c2f f   kernel32:KERNEL32.dll
 0001:00031c35       _HeapFree@12               10032c35 f   kernel32:KERNEL32.dll
 0001:00031c3b       _HeapSize@12               10032c3b f   kernel32:KERNEL32.dll
 0001:00031c41       _GetProcessHeap@0          10032c41 f   kernel32:KERNEL32.dll
 0001:00031c47       _InitializeCriticalSectionEx@12 10032c47 f   kernel32:KERNEL32.dll
 0001:00031c4d       _DeleteCriticalSection@4   10032c4d f   kernel32:KERNEL32.dll
 0001:00031c53       _EnterCriticalSection@4    10032c53 f   kernel32:KERNEL32.dll
 0001:00031c59       _LeaveCriticalSection@4    10032c59 f   kernel32:KERNEL32.dll
 0001:00031c5f       _InitializeCriticalSectionAndSpinCount@8 10032c5f f   kernel32:KERNEL32.dll
 0001:00031c65       _WritePrivateProfileStringA@16 10032c65 f   kernel32:KERNEL32.dll
 0001:00031c6b       _GetPrivateProfileSectionA@16 10032c6b f   kernel32:KERNEL32.dll
 0001:00031c71       _OutputDebugStringA@4      10032c71 f   kernel32:KERNEL32.dll
 0001:00031c77       _SetLastError@4            10032c77 f   kernel32:KERNEL32.dll
 0001:00031c7d       _GetModuleFileNameW@12     10032c7d f   kernel32:KERNEL32.dll
 0001:00031c83       _GetModuleHandleW@4        10032c83 f   kernel32:KERNEL32.dll
 0001:00031c89       _LoadLibraryW@4            10032c89 f   kernel32:KERNEL32.dll
 0001:00031c8f       _LocalAlloc@8              10032c8f f   kernel32:KERNEL32.dll
 0001:00031c95       _LocalFree@4               10032c95 f   kernel32:KERNEL32.dll
 0001:00031c9b       _CloseHandle@4             10032c9b f   kernel32:KERNEL32.dll
 0001:00031ca1       _SetEvent@4                10032ca1 f   kernel32:KERNEL32.dll
 0001:00031ca7       _ResetEvent@4              10032ca7 f   kernel32:KERNEL32.dll
 0001:00031cad       _WaitForSingleObjectEx@12  10032cad f   kernel32:KERNEL32.dll
 0001:00031cb3       _CreateEventW@16           10032cb3 f   kernel32:KERNEL32.dll
 0001:00031cb9       _UnhandledExceptionFilter@4 10032cb9 f   kernel32:KERNEL32.dll
 0001:00031cbf       _SetUnhandledExceptionFilter@4 10032cbf f   kernel32:KERNEL32.dll
 0001:00031cc5       _GetCurrentProcess@0       10032cc5 f   kernel32:KERNEL32.dll
[...]
 0002:0000c2e8       __ehfuncinfo$?FindItem@CRealCounterMng@@QAEPAU__POSITION@@PBD@Z 100452e8     RealCounter.obj
 0002:0000c30c       __unwindtable$?AddItem@CRealCounterMng@@QAEHPBD@Z 1004530c     RealCounter.obj
 0002:0000c31c       __ehfuncinfo$?AddItem@CRealCounterMng@@QAEHPBD@Z 1004531c     RealCounter.obj
 0002:0000c340       __unwindtable$?RemoveItem@CRealCounterMng@@QAEHPBD@Z 10045340     RealCounter.obj
 0002:0000c348       __ehfuncinfo$?RemoveItem@CRealCounterMng@@QAEHPBD@Z 10045348     RealCounter.obj
 0002:0000c36c       __unwindtable$??__F_AtlComModule@ATL@@YAXXZ 1004536c     StdAfx.obj
 0002:0000c374       __ehfuncinfo$??__F_AtlComModule@ATL@@YAXXZ 10045374     StdAfx.obj
 0002:0000c398       __unwindtable$?_FindKeyInBozoString@CChartBozoManager@@IAEHAAV?$CStringT@DV?$StrTraitMFC_DLL@DV?$ChTraitsCRT@D@ATL@@@@@ATL@@PBDAAH2@Z 10045398     _ChartBozoManager.obj
 0002:0000c3a0       __ehfuncinfo$?_FindKeyInBozoString@CChartBozoManager@@IAEHAAV?$CStringT@DV?$StrTraitMFC_DLL@DV?$ChTraitsCRT@D@ATL@@@@@ATL@@PBDAAH2@Z 100453a0     _ChartBozoManager.obj
 0002:0000c3c4       __unwindtable$?AfxGetPctrInterface@@YGJH@Z 100453c4     _PartnerManager.obj
 0002:0000c3cc       __ehfuncinfo$?AfxGetPctrInterface@@YGJH@Z 100453cc     _PartnerManager.obj
 0002:0000c3f0       __ehfuncinfo$??1CRegisterCodeMng@@QAE@XZ 100453f0     _PartnerManager.obj
 0002:0000c414       __ehfuncinfo$??0CPartnerManager@@QAE@XZ 10045414     _PartnerManager.obj
 0002:0000c438       __unwindtable$??0CPartnerManager@@QAE@XZ 10045438     _PartnerManager.obj
 0002:0000c470       __unwindtable$?SendTR@CPartnerManager@@QAEHV?$CStringT@DV?$StrTraitMFC_DLL@DV?$ChTraitsCRT@D@ATL@@@@@ATL@@PADHHH@Z 10045470     _PartnerManager.obj
 0002:0000c488       __ehfuncinfo$?SendTR@CPartnerManager@@QAEHV?$CStringT@DV?$StrTraitMFC_DLL@DV?$ChTraitsCRT@D@ATL@@@@@ATL@@PADHHH@Z 10045488     _PartnerManager.obj
 0002:0000c4ac       __unwindtable$?GetTrKey@CPartnerManager@@QAEHV?$CStringT@DV?$StrTraitMFC_DLL@DV?$ChTraitsCRT@D@ATL@@@@@ATL@@PAUFID_SENDDATA@@@Z 100454ac     _PartnerManager.obj
 0002:0000c4bc       __ehfuncinfo$?GetTrKey@CPartnerManager@@QAEHV?$CStringT@DV?$StrTraitMFC_DLL@DV?$ChTraitsCRT@D@ATL@@@@@ATL@@PAUFID_SENDDATA@@@Z 100454bc     _PartnerManager.obj
 0002:0000c4e0       __unwindtable$?GetRealKey@CPartnerManager@@QAEHEPBDH@Z 100454e0     _PartnerManager.obj
 0002:0000c4f0       __ehfuncinfo$?GetRealKey@CPartnerManager@@QAEHEPBDH@Z 100454f0     _PartnerManager.obj
 0002:0000c514       __ehfuncinfo$?ReceiveRealDataEx_Sub@CPartnerManager@@IAEHAAV?$CStringT@DV?$StrTraitMFC_DLL@DV?$ChTraitsCRT@D@ATL@@@@@ATL@@HHPAK@Z 10045514     _PartnerManager.obj
 0002:0000c538       __unwindtable$?ReceiveRealDataEx_Sub@CPartnerManager@@IAEHAAV?$CStringT@DV?$StrTraitMFC_DLL@DV?$ChTraitsCRT@D@ATL@@@@@ATL@@HHPAK@Z 10045538     _PartnerManager.obj
 0002:0000c5a8       __unwindtable$?_DoRealDataParsing@CPartnerManager@@IAEHPADPAVCMapStringToString@@@Z 100455a8     _PartnerManager.obj
 0002:0000c5b8       __ehfuncinfo$?_DoRealDataParsing@CPartnerManager@@IAEHPADPAVCMapStringToString@@@Z 100455b8     _PartnerManager.obj
 0002:0000c5dc       __ehfuncinfo$?_DoGetCodeType@CPartnerManager@@IAEHPBD@Z 100455dc     _PartnerManager.obj
 0002:0000c600       __unwindtable$?_DoGetCodeType@CPartnerManager@@IAEHPBD@Z 10045600     _PartnerManager.obj
 0002:0000c630       __ehfuncinfo$?_DoPreReceiveData@CPartnerManager@@IAEXPBDPAEH@Z 10045630     _PartnerManager.obj
 0002:0000c654       __unwindtable$?_DoPreReceiveData@CPartnerManager@@IAEXPBDPAEH@Z 10045654     _PartnerManager.obj
 0002:0000c684       __ehfuncinfo$??1?$CMap@V?$CStringT@DV?$StrTraitMFC_DLL@DV?$ChTraitsCRT@D@ATL@@@@@ATL@@PBDHH@@UAE@XZ 10045684     _PartnerManager.obj
 0002:0000c6a8       __unwindtable$?Serialize@?$CMap@V?$CStringT@DV?$StrTraitMFC_DLL@DV?$ChTraitsCRT@D@ATL@@@@@ATL@@PBDHH@@UAEXAAVCArchive@@@Z 100456a8     _PartnerManager.obj
 0002:0000c6b0       __ehfuncinfo$?Serialize@?$CMap@V?$CStringT@DV?$StrTraitMFC_DLL@DV?$ChTraitsCRT@D@ATL@@@@@ATL@@PBDHH@@UAEXAAVCArchive@@@Z 100456b0     _PartnerManager.obj
 0002:0000c6d4       __unwindtable$??_G?$CMap@V?$CStringT@DV?$StrTraitMFC_DLL@DV?$ChTraitsCRT@D@ATL@@@@@ATL@@PBDHH@@UAEPAXI@Z 100456d4     _PartnerManager.obj
 0002:0000c6dc       __ehfuncinfo$??_G?$CMap@V?$CStringT@DV?$StrTraitMFC_DLL@DV?$ChTraitsCRT@D@ATL@@@@@ATL@@PBDHH@@UAEPAXI@Z 100456dc     _PartnerManager.obj
 0002:0000c700       __unwindtable$??0CPartnerSvrManager@@QAE@XZ 10045700     _PartnerManager.obj
 0002:0000c708       __ehfuncinfo$??0CPartnerSvrManager@@QAE@XZ 10045708     _PartnerManager.obj
 0002:0000c72c       __unwindtable$?RemoveItem@CPartnerSvrManager@@QAEHPAUHWND__@@0@Z 1004572c     _PartnerManager.obj
 0002:0000c734       __ehfuncinfo$?RemoveItem@CPartnerSvrManager@@QAEHPAUHWND__@@0@Z 10045734     _PartnerManager.obj
 0002:0000c758       __unwindtable$?RemoveAll@CPartnerSvrManager@@QAEXXZ 10045758     _PartnerManager.obj
 0002:0000c760       __ehfuncinfo$?RemoveAll@CPartnerSvrManager@@QAEXXZ 10045760     _PartnerManager.obj
 0002:0000c784       __ehfuncinfo$??1CMenu@@UAE@XZ 10045784     _PartnerUtilManager.obj
 0002:0000c7a8       __unwindtable$??_GCMenu@@UAEPAXI@Z 100457a8     _PartnerUtilManager.obj
 0002:0000c7b0       __ehfuncinfo$??_GCMenu@@UAEPAXI@Z 100457b0     _PartnerUtilManager.obj
 0002:0000c7d4       __unwindtable$?DoPlatformMenu@CPartnerUtilManager@@UAGHPAUHWND__@@PAVCWnd@@VCPoint@@PBD@Z 100457d4     _PartnerUtilManager.obj
 0002:0000c7e4       __ehfuncinfo$?DoPlatformMenu@CPartnerUtilManager@@UAGHPAUHWND__@@PAVCWnd@@VCPoint@@PBD@Z 100457e4     _PartnerUtilManager.obj
 0002:0000c808       __unwindtable$?_IsFileExist@CPartnerUtilManager@@IAEHPBD@Z 10045808     _PartnerUtilManager.obj
 0002:0000c810       __ehfuncinfo$?_IsFileExist@CPartnerUtilManager@@IAEHPBD@Z 10045810     _PartnerUtilManager.obj
 0002:0000c834       __unwindtable$?_GetIniSectList@CPartnerUtilManager@@IAEHPBD0AAVCStringList@@@Z 10045834     _PartnerUtilManager.obj
 0002:0000c83c       __ehfuncinfo$?_GetIniSectList@CPartnerUtilManager@@IAEHPBD0AAVCStringList@@@Z 1004583c     _PartnerUtilManager.obj
 0002:0000c860       __sehtable$_WinbaseIsolationAwarePrivatetRgzlnPgpgk@0 10045860     mfcs140:nolib.obj
 0002:0000c880       __sehtable$_IsolationAwareUnregisterClassA@8 10045880     mfcs140:nolib.obj
 0002:0000c89c       __ehfuncinfo$??1CAtlComModule@ATL@@QAE@XZ 1004589c     mfcs140:nolib.obj
 0002:0000c8c0       __unwindtable$??__F_AtlComModule@ATL@@YAXXZ 100458c0     mfcs140:nolib.obj
 0002:0000c8c8       __ehfuncinfo$??__F_AtlComModule@ATL@@YAXXZ 100458c8     mfcs140:nolib.obj
 0002:0000c8ec       __ehfuncinfo$??_Estringdispid@CComTypeInfoHolder@ATL@@QAEPAXI@Z 100458ec     mfcs140:nolib.obj
 0002:0000c910       __unwindtable$??__F_AtlComModule@ATL@@YAXXZ 10045910     mfcs140:dllmodul.obj
 0002:0000c918       __ehfuncinfo$??__F_AtlComModule@ATL@@YAXXZ 10045918     mfcs140:dllmodul.obj
 0002:0000c93c       __unwindtable$?AfxWndProcDllStatic@@YGJPAUHWND__@@IIJ@Z 1004593c     mfcs140:dllmodul.obj
 0002:0000c944       __ehfuncinfo$?AfxWndProcDllStatic@@YGJPAUHWND__@@IIJ@Z 10045944     mfcs140:dllmodul.obj
 0002:0000c968       __catchsym$_InternalDllMain@12$7 10045968     mfcs140:dllmodul.obj
 0002:0000c978       __tryblocktable$_InternalDllMain@12 10045978     mfcs140:dllmodul.obj
 0002:0000c98c       __unwindtable$_InternalDllMain@12 1004598c     mfcs140:dllmodul.obj
 0002:0000c9ac       __ehfuncinfo$_InternalDllMain@12 100459ac     mfcs140:dllmodul.obj
 0002:0000c9d0       __unwindtable$??__F_AtlComModule@ATL@@YAXXZ 100459d0     mfcs140:stdafx.obj
 0002:0000c9d8       __ehfuncinfo$??__F_AtlComModule@ATL@@YAXXZ 100459d8     mfcs140:stdafx.obj
 0002:0000c9fc       __unwindtable$??__F_AtlComModule@ATL@@YAXXZ 100459fc     mfcs140:dllmodulx.obj
 0002:0000ca04       __ehfuncinfo$??__F_AtlComModule@ATL@@YAXXZ 10045a04     mfcs140:dllmodulx.obj
 0002:0000ca28       __sehtable$??_L@YGXPAXIIP6EX0@Z1@Z 10045a28     msvcrt:ehvecctr.obj
 0002:0000ca48       __sehtable$??_M@YGXPAXIIP6EX0@Z@Z 10045a48     msvcrt:ehvecdtr.obj
 0002:0000ca68       __sehtable$?__ArrayUnwind@@YGXPAXIIP6EX0@Z@Z 10045a68     msvcrt:ehvecdtr.obj
 0002:0000ca88       __sehtable$___scrt_is_nonwritable_in_current_image 10045a88     msvcrt:utility.obj
 0002:0000caa8       __sehtable$?dllmain_crt_process_attach@@YAHQAUHINSTANCE__@@QAX@Z 10045aa8     msvcrt:dll_dllmain.obj
 0002:0000cac8       __sehtable$?dllmain_crt_process_detach@@YAH_N@Z 10045ac8     msvcrt:dll_dllmain.obj
 0002:0000caf0       __sehtable$?dllmain_dispatch@@YAHQAUHINSTANCE__@@KQAX@Z 10045af0     msvcrt:dll_dllmain.obj
 0002:0000cb10       __sehtable$__IsNonwritableInCurrentImage 10045b10     mfcs140:rawdllmainproxy.obj
 0002:0000cb40       .edata                     10045b40     PARTNERMNG.exp
 0002:0000cb68       rgpv                       10045b68     PARTNERMNG.exp
 0002:0000cb74       rgszName                   10045b74     PARTNERMNG.exp
 0002:0000cb80       rgwOrd                     10045b80     PARTNERMNG.exp
 0002:0000cb86       szName                     10045b86     PARTNERMNG.exp
 0002:0000cb95       $N00001                    10045b95     PARTNERMNG.exp
 0002:0000cba2       $N00002                    10045ba2     PARTNERMNG.exp
 0002:0000cbaf       $N00003                    10045baf     PARTNERMNG.exp
 0002:0000d114       .idata$6                   10046114     mfc140:mfc140.dll
 0002:0000d4f8       .idata$6                   100464f8     kernel32:KERNEL32.dll
 0002:0000d58a       .idata$6                   1004658a     user32:USER32.dll
 0002:0000d596       .idata$6                   10046596     oleaut32:OLEAUT32.dll
 0002:0000d658       .idata$6                   10046658     vcruntime:VCRUNTIME140.dll
 0002:0000d864       .idata$6                   10046864     ucrt:api-ms-win-crt-stdio-l1-1-0.dll
 0002:0000d884       .idata$6                   10046884     ucrt:api-ms-win-crt-convert-l1-1-0.dll
 0002:0000d8a6       .idata$6                   100468a6     ucrt:api-ms-win-crt-math-l1-1-0.dll
 0002:0000d8c6       .idata$6                   100468c6     ucrt:api-ms-win-crt-heap-l1-1-0.dll
 0002:0000d8e6       .idata$6                   100468e6     ucrt:api-ms-win-crt-runtime-l1-1-0.dll
 0002:0000d908       .idata$6                   10046908     ucrt:api-ms-win-crt-string-l1-1-0.dll
 0002:0000d92a       .idata$6                   1004692a     ucrt:api-ms-win-crt-time-l1-1-0.dll
 0003:00000f10       ?RMSG_INTERFACE@@3IB       10047f10     ChartItemDollar.obj
 0003:00000f14       ?RMSG_GETPCTRDATA@@3IB     10047f14     ChartItemDollar.obj
 0003:00000f18       ?RMSG_SETPCTRDATA@@3IB     10047f18     ChartItemDollar.obj
 0003:00000f1c       ?RMSG_GETSIGNAL_REAL@@3IB  10047f1c     ChartItemDollar.obj
 0003:00000f30       ?RMSG_INTERFACE@@3IB       10047f30     ChartItemFO.obj
 0003:00000f34       ?RMSG_GETPCTRDATA@@3IB     10047f34     ChartItemFO.obj
 0003:00000f38       ?RMSG_SETPCTRDATA@@3IB     10047f38     ChartItemFO.obj
 0003:00000f3c       ?RMSG_GETSIGNAL_REAL@@3IB  10047f3c     ChartItemFO.obj
 0003:00000f40       ?RMSG_INTERFACE@@3IB       10047f40     ChartItemFOForeign.obj
 0003:00000f44       ?RMSG_GETPCTRDATA@@3IB     10047f44     ChartItemFOForeign.obj
 0003:00000f48       ?RMSG_SETPCTRDATA@@3IB     10047f48     ChartItemFOForeign.obj
 0003:00000f4c       ?RMSG_GETSIGNAL_REAL@@3IB  10047f4c     ChartItemFOForeign.obj
 0003:00000f50       ?RMSG_INTERFACE@@3IB       10047f50     ChartItemFOForeignHoga.obj
 0003:00000f54       ?RMSG_GETPCTRDATA@@3IB     10047f54     ChartItemFOForeignHoga.obj
 0003:00000f58       ?RMSG_SETPCTRDATA@@3IB     10047f58     ChartItemFOForeignHoga.obj
 0003:00000f5c       ?RMSG_GETSIGNAL_REAL@@3IB  10047f5c     ChartItemFOForeignHoga.obj
 0003:00000f60       ?RMSG_INTERFACE@@3IB       10047f60     ChartItemFOHoga.obj
 0003:00000f64       ?RMSG_GETPCTRDATA@@3IB     10047f64     ChartItemFOHoga.obj
 0003:00000f68       ?RMSG_SETPCTRDATA@@3IB     10047f68     ChartItemFOHoga.obj
 0003:00000f6c       ?RMSG_GETSIGNAL_REAL@@3IB  10047f6c     ChartItemFOHoga.obj
 0003:00000f70       ?RMSG_INTERFACE@@3IB       10047f70     ChartItemFOJipyo.obj
 0003:00000f74       ?RMSG_GETPCTRDATA@@3IB     10047f74     ChartItemFOJipyo.obj
 0003:00000f78       ?RMSG_SETPCTRDATA@@3IB     10047f78     ChartItemFOJipyo.obj
 0003:00000f7c       ?RMSG_GETSIGNAL_REAL@@3IB  10047f7c     ChartItemFOJipyo.obj
 0003:00000f80       ?RMSG_INTERFACE@@3IB       10047f80     ChartItemForeign.obj
 0003:00000f84       ?RMSG_GETPCTRDATA@@3IB     10047f84     ChartItemForeign.obj
 0003:00000f88       ?RMSG_SETPCTRDATA@@3IB     10047f88     ChartItemForeign.obj
 0003:00000f8c       ?RMSG_GETSIGNAL_REAL@@3IB  10047f8c     ChartItemForeign.obj
 0003:00000f90       ?RMSG_INTERFACE@@3IB       10047f90     ChartItemFX.obj
 0003:00000f94       ?RMSG_GETPCTRDATA@@3IB     10047f94     ChartItemFX.obj
 0003:00000f98       ?RMSG_SETPCTRDATA@@3IB     10047f98     ChartItemFX.obj
 0003:00000f9c       ?RMSG_GETSIGNAL_REAL@@3IB  10047f9c     ChartItemFX.obj
 0003:00000fa0       ?RMSG_INTERFACE@@3IB       10047fa0     ChartItemFXChe.obj
 0003:00000fa4       ?RMSG_GETPCTRDATA@@3IB     10047fa4     ChartItemFXChe.obj
 0003:00000fa8       ?RMSG_SETPCTRDATA@@3IB     10047fa8     ChartItemFXChe.obj
 0003:00000fac       ?RMSG_GETSIGNAL_REAL@@3IB  10047fac     ChartItemFXChe.obj
 0003:00000fb0       ?RMSG_INTERFACE@@3IB       10047fb0     ChartItemFXJan.obj
 0003:00000fb4       ?RMSG_GETPCTRDATA@@3IB     10047fb4     ChartItemFXJan.obj
 0003:00000fb8       ?RMSG_SETPCTRDATA@@3IB     10047fb8     ChartItemFXJan.obj
 0003:00000fbc       ?RMSG_GETSIGNAL_REAL@@3IB  10047fbc     ChartItemFXJan.obj
 0003:00000fc0       ?RMSG_INTERFACE@@3IB       10047fc0     ChartItemMarket.obj
 0003:00000fc4       ?RMSG_GETPCTRDATA@@3IB     10047fc4     ChartItemMarket.obj
 0003:00000fc8       ?RMSG_SETPCTRDATA@@3IB     10047fc8     ChartItemMarket.obj
 0003:00000fcc       ?RMSG_GETSIGNAL_REAL@@3IB  10047fcc     ChartItemMarket.obj
 0003:00000fd0       ?RMSG_INTERFACE@@3IB       10047fd0     ChartItemPreFO.obj
 0003:00000fd4       ?RMSG_GETPCTRDATA@@3IB     10047fd4     ChartItemPreFO.obj
 0003:00000fd8       ?RMSG_SETPCTRDATA@@3IB     10047fd8     ChartItemPreFO.obj
 0003:00000fdc       ?RMSG_GETSIGNAL_REAL@@3IB  10047fdc     ChartItemPreFO.obj
 0003:00000fe0       ?RMSG_INTERFACE@@3IB       10047fe0     ChartItemSFO.obj
 0003:00000fe4       ?RMSG_GETPCTRDATA@@3IB     10047fe4     ChartItemSFO.obj
 0003:00000fe8       ?RMSG_SETPCTRDATA@@3IB     10047fe8     ChartItemSFO.obj
 0003:00000fec       ?RMSG_GETSIGNAL_REAL@@3IB  10047fec     ChartItemSFO.obj
 0003:00000ff0       ?RMSG_INTERFACE@@3IB       10047ff0     ChartItemSHoga.obj
 0003:00000ff4       ?RMSG_GETPCTRDATA@@3IB     10047ff4     ChartItemSHoga.obj
 0003:00000ff8       ?RMSG_SETPCTRDATA@@3IB     10047ff8     ChartItemSHoga.obj
 0003:00000ffc       ?RMSG_GETSIGNAL_REAL@@3IB  10047ffc     ChartItemSHoga.obj
 0003:00001000       ?RMSG_INTERFACE@@3IB       10048000     ChartItemStock.obj
 0003:00001004       ?RMSG_GETPCTRDATA@@3IB     10048004     ChartItemStock.obj
 0003:00001008       ?RMSG_SETPCTRDATA@@3IB     10048008     ChartItemStock.obj
 0003:0000100c       ?RMSG_GETSIGNAL_REAL@@3IB  1004800c     ChartItemStock.obj
 0003:00001010       ?RMSG_INTERFACE@@3IB       10048010     ChartItemUpjong.obj
 0003:00001014       ?RMSG_GETPCTRDATA@@3IB     10048014     ChartItemUpjong.obj
 0003:00001018       ?RMSG_SETPCTRDATA@@3IB     10048018     ChartItemUpjong.obj
 0003:0000101c       ?RMSG_GETSIGNAL_REAL@@3IB  1004801c     ChartItemUpjong.obj
 0003:00001020       ?RMSG_INTERFACE@@3IB       10048020     ChartReplay.obj
 0003:00001024       ?RMSG_GETPCTRDATA@@3IB     10048024     ChartReplay.obj
 0003:00001028       ?RMSG_SETPCTRDATA@@3IB     10048028     ChartReplay.obj
 0003:0000102c       ?RMSG_GETSIGNAL_REAL@@3IB  1004802c     ChartReplay.obj
 0003:00001030       ?RMSG_INTERFACE@@3IB       10048030     DataConverter.obj
 0003:00001034       ?RMSG_GETPCTRDATA@@3IB     10048034     DataConverter.obj
 0003:00001038       ?RMSG_SETPCTRDATA@@3IB     10048038     DataConverter.obj
 0003:0000103c       ?RMSG_GETSIGNAL_REAL@@3IB  1004803c     DataConverter.obj
 0003:00001040       ?RMSG_INTERFACE@@3IB       10048040     PartnerMng.obj
 0003:00001044       ?RMSG_GETPCTRDATA@@3IB     10048044     PartnerMng.obj
 0003:00001048       ?RMSG_SETPCTRDATA@@3IB     10048048     PartnerMng.obj
 0003:0000104c       ?RMSG_GETSIGNAL_REAL@@3IB  1004804c     PartnerMng.obj
 0003:000012a0       ?RMSG_INTERFACE@@3IB       100482a0     _ChartBozoManager.obj
 0003:000012a4       ?RMSG_GETPCTRDATA@@3IB     100482a4     _ChartBozoManager.obj
 0003:000012a8       ?RMSG_SETPCTRDATA@@3IB     100482a8     _ChartBozoManager.obj
 0003:000012ac       ?RMSG_GETSIGNAL_REAL@@3IB  100482ac     _ChartBozoManager.obj
 0003:000012b0       ?RMSG_INTERFACE@@3IB       100482b0     _GateManager.obj
 0003:000012b4       ?RMSG_GETPCTRDATA@@3IB     100482b4     _GateManager.obj
 0003:000012b8       ?RMSG_SETPCTRDATA@@3IB     100482b8     _GateManager.obj
 0003:000012bc       ?RMSG_GETSIGNAL_REAL@@3IB  100482bc     _GateManager.obj
 0003:000012c0       ?RMSG_INTERFACE@@3IB       100482c0     _PartnerManager.obj
 0003:000012c4       ?RMSG_GETPCTRDATA@@3IB     100482c4     _PartnerManager.obj
 0003:000012c8       ?RMSG_SETPCTRDATA@@3IB     100482c8     _PartnerManager.obj
 0003:000012cc       ?RMSG_GETSIGNAL_REAL@@3IB  100482cc     _PartnerManager.obj
 0003:000012d0       ?RMSG_RECEIVE_DIRECT@@3IB  100482d0     _PartnerManager.obj
 0003:000012d4       ?RMSG_INTERFACE@@3IB       100482d4     _PartnerUtilManager.obj
 0003:000012d8       ?RMSG_GETPCTRDATA@@3IB     100482d8     _PartnerUtilManager.obj
 0003:000012dc       ?RMSG_SETPCTRDATA@@3IB     100482dc     _PartnerUtilManager.obj
 0003:000012e0       ?RMSG_GETSIGNAL_REAL@@3IB  100482e0     _PartnerUtilManager.obj
 0003:0000131c       ?controlDLL@@3UAFX_EXTENSION_MODULE@@A 1004831c     mfcs140:dllmodul.obj
 0003:00001330       ?afxModuleState@@3V_AFX_DLL_MODULE_STATE@@A 10048330     mfcs140:dllmodul.obj
 0003:000013cc       ?pafxModuleStatePrev@@3PAVAFX_MODULE_STATE@@A 100483cc     mfcs140:dllmodul.obj
 0003:000013e0       ?is_initialized_as_dll@@3_NA 100483e0     msvcrt:utility.obj
 0003:000013e1       ?module_local_atexit_table_initialized@@3_NA 100483e1     msvcrt:utility.obj
 0003:000013e4       ?module_local_atexit_table@@3U_onexit_table_t@@A 100483e4     msvcrt:utility.obj
 0003:000013f0       ?module_local_at_quick_exit_table@@3U_onexit_table_t@@A 100483f0     msvcrt:utility.obj
 0003:000013fc       ?g_tss_cv@@3U_RTL_CONDITION_VARIABLE@@A 100483fc     msvcrt:thread_safe_statics.obj
 0003:00001400       ?g_tss_event@@3PAXA        10048400     msvcrt:thread_safe_statics.obj
 0003:00001404       ?g_tss_mutex@@3U_RTL_CRITICAL_SECTION@@A 10048404     msvcrt:thread_safe_statics.obj
 0003:0000141c       ?g_sleep_condition_variable_cs@@3P6GHPAU_RTL_CONDITION_VARIABLE@@PAU_RTL_CRITICAL_SECTION@@K@ZA 1004841c     msvcrt:thread_safe_statics.obj
 0003:00001420       ?g_wake_all_condition_variable@@3P6GXPAU_RTL_CONDITION_VARIABLE@@@ZA 10048420     msvcrt:thread_safe_statics.obj
 0003:00001428       ?__proc_attached@@3HA      10048428     msvcrt:dll_dllmain.obj
 0003:00001430       _GS_ExceptionRecord        10048430     msvcrt:gs_report.obj
 0003:00001480       _GS_ContextRecord          10048480     msvcrt:gs_report.obj
 0004:000000a0       $R000000                   100490a0     PartnerMng.res
 0004:000003f8       $R000358                   100493f8     PartnerMng.res

 Exports

  ordinal    name

        1    ?GetInferface@@YGJHJ@Z (long __stdcall GetInferface(int,long))
               exported name: GetInferface
        2    ?SetInferface@@YGJHJ@Z (long __stdcall SetInferface(int,long))
               exported name: SetInferface
        3    ?SetPcTrInterface@@YGXHJ@Z (void __stdcall SetPcTrInterface(int,long))
               exported name: SetPcTrInterface
