 PCTRMNG

 Timestamp is 64bdd9c0 (Mon Jul 24 10:54:08 2023)

 Preferred load address is 10000000

 Start         Length     Name                   Class
 0001:00000000 00001450H .text$di                CODE
 0001:00001450 0001d9f0H .text$mn                CODE
 0001:0001ee40 00002400H .text$x                 CODE
 0001:00021240 0000031bH .text$yd                CODE
 0002:00000000 000006a4H .idata$5                DATA
 0002:000006a4 00000008H .00cfg                  DATA
 0002:000006ac 00000004H .CRT$XCA                DATA
 0002:000006b0 00000008H .CRT$XCL                DATA
 0002:000006b8 00000238H .CRT$XCU                DATA
 0002:000008f0 00000004H .CRT$XCZ                DATA
 0002:000008f4 00000004H .CRT$XIA                DATA
 0002:000008f8 00000004H .CRT$XIC                DATA
 0002:000008fc 00000004H .CRT$XIZ                DATA
 0002:00000900 00000004H .CRT$XLA                DATA
 0002:00000904 00000004H .CRT$XLZ                DATA
 0002:00000908 00000004H .CRT$XPA                DATA
 0002:0000090c 00000004H .CRT$XPZ                DATA
 0002:00000910 00000004H .CRT$XTA                DATA
 0002:00000914 0000000cH .CRT$XTZ                DATA
 0002:00000918 00000000H .gfids$y                DATA
 0002:00000920 00006620H .rdata                  DATA
 0002:00006f40 00000004H .rdata$CastGuardVftablesA DATA
 0002:00006f44 00000004H .rdata$CastGuardVftablesC DATA
 0002:00006f48 00000018H .rdata$T                DATA
 0002:00006f60 000015f4H .rdata$r                DATA
 0002:00008554 0000022cH .rdata$sxdata           DATA
 0002:00008780 00000038H .rdata$voltmd           DATA
 0002:000087b8 0000042cH .rdata$zzzdbg           DATA
 0002:00008be4 00000004H .rtc$IAA                DATA
 0002:00008be8 00000004H .rtc$IZZ                DATA
 0002:00008bec 00000004H .rtc$TAA                DATA
 0002:00008bf0 00000004H .rtc$TZZ                DATA
 0002:00008bf4 00000004H .tls                    DATA
 0002:00008bf8 00000004H .tls$                   DATA
 0002:00008bfc 00000004H .tls$ZZZ                DATA
 0002:00008c00 00001f2cH .xdata$x                DATA
 0002:0000ab2c 00000004H ATL$__a                 DATA
 0002:0000ab30 00000010H ATL$__z                 DATA
 0002:0000ab40 00000094H .edata                  DATA
 0002:0000abd4 00000140H .idata$2                DATA
 0002:0000ad14 00000014H .idata$3                DATA
 0002:0000ad28 000006a4H .idata$4                DATA
 0002:0000b3cc 00000af8H .idata$6                DATA
 0003:00000000 00000638H .data                   DATA
 0003:00000638 00000020H .data$r                 DATA
 0003:00000658 00000b28H .data$rs                DATA
 0003:00001180 00000c70H .bss                    DATA
 0004:00000000 000000a0H .rsrc$01                DATA
 0004:000000a0 00000560H .rsrc$02                DATA

  Address         Publics by Value              Rva+Base       Lib:Object

 0000:00000000       ___guard_check_icall_a64n_fptr 00000000     <absolute>
 0000:00000000       ___guard_fids_table        00000000     <absolute>
 0000:00000000       ___guard_longjmp_count     00000000     <absolute>
 0000:00000000       ___hybrid_code_map_count   00000000     <absolute>
 0000:00000000       ___enclave_config          00000000     <absolute>
 0000:00000000       ___guard_eh_cont_count     00000000     <absolute>
 0000:00000000       ___guard_longjmp_table     00000000     <absolute>
 0000:00000000       ___guard_iat_table         00000000     <absolute>
 0000:00000000       ___arm64x_redirection_metadata_count 00000000     <absolute>
 0000:00000000       ___guard_fids_count        00000000     <absolute>
 0000:00000000       ___arm64x_extra_rfe_table  00000000     <absolute>
 0000:00000000       ___x64_code_ranges_to_entry_points_count 00000000     <absolute>
 0000:00000000       ___hybrid_code_map         00000000     <absolute>
 0000:00000000       ___x64_code_ranges_to_entry_points 00000000     <absolute>
 0000:00000000       ___arm64x_native_entrypoint 00000000     <absolute>
 0000:00000000       ___hybrid_auxiliary_iat_copy 00000000     <absolute>
 0000:00000000       ___AbsoluteZero            00000000     <absolute>
 0000:00000000       ___guard_eh_cont_table     00000000     <absolute>
 0000:00000000       ___arm64x_redirection_metadata 00000000     <absolute>
 0000:00000000       ___dynamic_value_reloc_table 00000000     <absolute>
 0000:00000000       ___hybrid_auxiliary_iat    00000000     <absolute>
 0000:00000000       ___guard_iat_count         00000000     <absolute>
 0000:00000000       ___arm64x_extra_rfe_table_size 00000000     <absolute>
 0000:0000002c       __tls_array                0000002c     <absolute>
 0000:0000008b       ___safe_se_handler_count   0000008b     <absolute>
 0000:00000100       ___guard_flags             00000100     <absolute>
 0000:00000000       ___ImageBase               10000000     <linker-defined>
 0001:00001450       ?GetDispid@CMainExInfoManager@@UAGJH@Z 10002450 f   #SiteDependency.obj
 0001:00001460       ?SetDispid@CMainExInfoManager@@UAGXH@Z 10002460 f   #SiteDependency.obj
 0001:00001470       ?__empty_global_delete@@YAXPAX@Z 10002470 f i #SiteDependency.obj
 0001:00001480       ?__empty_global_delete@@YAXPAXI@Z 10002480 f i #SiteDependency.obj
 0001:00001480       ?__global_delete@@YAXPAXI@Z 10002480 f i #SiteDependency.obj
 0001:00001490       ??0CDispDesk@@QAE@XZ       10002490 f   DispDesk.obj
 0001:000014c0       ??1CDispDesk@@QAE@XZ       100024c0 f   DispDesk.obj
 0001:00001530       ?AddUserScriptItem@CDispDesk@@QAEJPBDPAUIDispatch@@@Z 10002530 f   DispDesk.obj
 0001:00001560       ?Blank@CDispDesk@@QAEXXZ   10002560 f   DispDesk.obj
 0001:00001580       ?CallCommand@CDispDesk@@QAEXPBD@Z 10002580 f   DispDesk.obj
 0001:000015b0       ?CallFunction@CDispDesk@@QAEHPBD0F@Z 100025b0 f   DispDesk.obj
 0001:000015f0       ?ChangeTRInOut@CDispDesk@@QAEXPBD00F@Z 100025f0 f   DispDesk.obj
 0001:00001630       ?DebugTrData@CDispDesk@@QAEXPBD@Z 10002630 f   DispDesk.obj
 0001:00001660       ?EnableFocus@CDispDesk@@QAEHPBDF@Z 10002660 f   DispDesk.obj
 0001:00001690       ?ExcuteScript@CDispDesk@@QAEJPBD00@Z 10002690 f   DispDesk.obj
 0001:000016d0       ?FormUnLoad@CDispDesk@@QAEXXZ 100026d0 f   DispDesk.obj
 0001:000016f0       ?GetCtrlHwndFromName@CDispDesk@@QAEJPBD@Z 100026f0 f   DispDesk.obj
 0001:00001720       ?GetCtrlNameFromHwnd@CDispDesk@@QAE?AV?$CStringT@DV?$StrTraitMFC_DLL@DV?$ChTraitsCRT@D@ATL@@@@@ATL@@J@Z 10002720 f   DispDesk.obj
 0001:000017a0       ?GetCtrlTypeFromHwnd@CDispDesk@@QAE?AV?$CStringT@DV?$StrTraitMFC_DLL@DV?$ChTraitsCRT@D@ATL@@@@@ATL@@J@Z 100027a0 f   DispDesk.obj
 0001:00001820       ?GetCtrlTypeFromName@CDispDesk@@QAE?AV?$CStringT@DV?$StrTraitMFC_DLL@DV?$ChTraitsCRT@D@ATL@@@@@ATL@@PBD@Z 10002820 f   DispDesk.obj
 0001:000018a0       ?GetCurrentMsgCode@CDispDesk@@QAE?AV?$CStringT@DV?$StrTraitMFC_DLL@DV?$ChTraitsCRT@D@ATL@@@@@ATL@@XZ 100028a0 f   DispDesk.obj
 0001:00001920       ?GetCurrentTrMessage@CDispDesk@@QAE?AV?$CStringT@DV?$StrTraitMFC_DLL@DV?$ChTraitsCRT@D@ATL@@@@@ATL@@XZ 10002920 f   DispDesk.obj
 0001:000019a0       ?GetDispFromName@CDispDesk@@QAEPAUIDispatch@@PBD@Z 100029a0 f   DispDesk.obj
 0001:000019d0       ?GetFormTrData@CDispDesk@@QAEHPBDPAPA_WPAF@Z 100029d0 f   DispDesk.obj
 0001:00001a00       ?GetKeyData@CDispDesk@@QAEJPBDPAF@Z 10002a00 f   DispDesk.obj
 0001:00001a30       ?GetMapData@CDispDesk@@QAE?AV?$CStringT@DV?$StrTraitMFC_DLL@DV?$ChTraitsCRT@D@ATL@@@@@ATL@@XZ 10002a30 f   DispDesk.obj
 0001:00001ab0       ?GetMapInfo@CDispDesk@@QAEHPBDPAUtagVARIANT@@@Z 10002ab0 f   DispDesk.obj
 0001:00001ae0       ?GetMapName@CDispDesk@@QAE?AV?$CStringT@DV?$StrTraitMFC_DLL@DV?$ChTraitsCRT@D@ATL@@@@@ATL@@XZ 10002ae0 f   DispDesk.obj
 0001:00001b60       ?GetMapSize@CDispDesk@@QAEHPAUtagVARIANT@@0@Z 10002b60 f   DispDesk.obj
 0001:00001b90       ?GetOpenMapData@CDispDesk@@QAE?AV?$CStringT@DV?$StrTraitMFC_DLL@DV?$ChTraitsCRT@D@ATL@@@@@ATL@@XZ 10002b90 f   DispDesk.obj
 0001:00001c10       ?GetRootPath@CDispDesk@@QAE?AV?$CStringT@DV?$StrTraitMFC_DLL@DV?$ChTraitsCRT@D@ATL@@@@@ATL@@PBD@Z 10002c10 f   DispDesk.obj
 0001:00001c90       ?GetSocketHandle@CDispDesk@@QAEJPBD@Z 10002c90 f   DispDesk.obj
 0001:00001cc0       ?GetTrList@CDispDesk@@QAE?AV?$CStringT@DV?$StrTraitMFC_DLL@DV?$ChTraitsCRT@D@ATL@@@@@ATL@@XZ 10002cc0 f   DispDesk.obj
 0001:00001d40       ?GetUserColor@CDispDesk@@QAEKFPBDF@Z 10002d40 f   DispDesk.obj
 0001:00001d80       ?GotoFocus@CDispDesk@@QAEXPBD@Z 10002d80 f   DispDesk.obj
 0001:00001db0       ?InitInterfaceName@CDispDesk@@QAEXPAUIDispatch@@@Z 10002db0 f   DispDesk.obj
 0001:00001e10       ?IsDeskActive@CDispDesk@@QAEHXZ 10002e10 f   DispDesk.obj
 0001:00001e40       ?LoadXfmEx@CDispDesk@@QAEHJ@Z 10002e40 f   DispDesk.obj
 0001:00001e70       ?MainKeyPress@CDispDesk@@QAEXPBD@Z 10002e70 f   DispDesk.obj
 0001:00001ea0       ?MoveControl@CDispDesk@@QAEHPBDJJ@Z 10002ea0 f   DispDesk.obj
 0001:00001ee0       ?NotifyFromMain@CDispDesk@@QAEXPBD0@Z 10002ee0 f   DispDesk.obj
 0001:00001f10       ?NotifyGShareData@CDispDesk@@QAEXPBD0@Z 10002f10 f   DispDesk.obj
 0001:00001f40       ?ReceiveTR@CDispDesk@@QAEFPBDJF@Z 10002f40 f   DispDesk.obj
 0001:00001f80       ?ResizeControl@CDispDesk@@QAEHPBDJJ@Z 10002f80 f   DispDesk.obj
 0001:00001fc0       ?ResizeFont@CDispDesk@@QAEXFFPBD@Z 10002fc0 f   DispDesk.obj
 0001:00002000       ?SelectPacketCommand@CDispDesk@@QAEFF@Z 10003000 f   DispDesk.obj
 0001:00002030       ?SendDataToOpener@CDispDesk@@QAEHPBDF@Z 10003030 f   DispDesk.obj
 0001:00002060       ?SendTR@CDispDesk@@QAEFPBD@Z 10003060 f   DispDesk.obj
 0001:00002090       ?SendTRForCert@CDispDesk@@QAEFPBD@Z 10003090 f   DispDesk.obj
 0001:000020c0       ?SendTrDirect@CDispDesk@@QAEFPBD0F@Z 100030c0 f   DispDesk.obj
 0001:00002100       ?SetCtrlResizeFlag@CDispDesk@@QAEHPBDHHHH@Z 10003100 f   DispDesk.obj
 0001:00002140       ?SetFlag@CDispDesk@@QAEXPBDF@Z 10003140 f   DispDesk.obj
 0001:00002170       ?SetFormTrData@CDispDesk@@QAEHPBD0F@Z 10003170 f   DispDesk.obj
 0001:000021b0       ?SetGSharedNotifyFlag@CDispDesk@@QAEXF@Z 100031b0 f   DispDesk.obj
 0001:000021e0       ?SetInitFont@CDispDesk@@QAEXFFPBD@Z 100031e0 f   DispDesk.obj
 0001:00002220       ?SetKeyData@CDispDesk@@QAEXPBDJF@Z 10003220 f   DispDesk.obj
 0001:00002250       ?SetMonitoringHandle@CDispDesk@@QAEXJ@Z 10003250 f   DispDesk.obj
 0001:00002280       ?SetNotifyCommand@CDispDesk@@QAEJPBD@Z 10003280 f   DispDesk.obj
 0001:000022b0       ?SetOpenMapData2@CDispDesk@@QAEXJ@Z 100032b0 f   DispDesk.obj
 0001:000022e0       ?SetOpenMapData@CDispDesk@@QAEXFPBD0F0@Z 100032e0 f   DispDesk.obj
 0001:00002320       ?SetParentDispatch@CDispDesk@@QAEXPAUIDispatch@@@Z 10003320 f   DispDesk.obj
 0001:00002350       ?SetRscMng@CDispDesk@@QAEXJ@Z 10003350 f   DispDesk.obj
 0001:00002380       ?SetSendCountFlag@CDispDesk@@QAEFF@Z 10003380 f   DispDesk.obj
 0001:000023b0       ?SetSharedInterface@CDispDesk@@QAEJJ@Z 100033b0 f   DispDesk.obj
 0001:000023e0       ?SetSocketHandle@CDispDesk@@QAEXPBDJ@Z 100033e0 f   DispDesk.obj
 0001:00002410       ?SetTabStop@CDispDesk@@QAEXF@Z 10003410 f   DispDesk.obj
 0001:00002440       ?ShowMessageBox@CDispDesk@@QAEFFPBD@Z 10003440 f   DispDesk.obj
 0001:00002470       ?ShowTrMessage@CDispDesk@@QAEXPBD@Z 10003470 f   DispDesk.obj
 0001:000024a0       ?UnLoadScript@CDispDesk@@QAEXXZ 100034a0 f   DispDesk.obj
 0001:000024c0       ??0CDispFormData@@QAE@XZ   100034c0 f   DispFormData.obj
 0001:000024e0       ?GetMapCfgFile@CDispFormData@@QAE?AV?$CStringT@DV?$StrTraitMFC_DLL@DV?$ChTraitsCRT@D@ATL@@@@@ATL@@XZ 100034e0 f   DispFormData.obj
 0001:00002560       ?GetPrivateDataString@CDispFormData@@QAE?AV?$CStringT@DV?$StrTraitMFC_DLL@DV?$ChTraitsCRT@D@ATL@@@@@ATL@@PBD000@Z 10003560 f   DispFormData.obj
 0001:000025f0       ?GetUserDataPath@CDispFormData@@QAE?AV?$CStringT@DV?$StrTraitMFC_DLL@DV?$ChTraitsCRT@D@ATL@@@@@ATL@@PBD@Z 100035f0 f   DispFormData.obj
 0001:00002670       ?InitInterfaceName@CDispFormData@@QAEXPAUIDispatch@@@Z 10003670 f   DispFormData.obj
 0001:000026c0       ?LoadData@CDispFormData@@QAEHPBD0ABUtagVARIANT@@@Z 100036c0 f   DispFormData.obj
 0001:00002700       ?LoadIniData@CDispFormData@@QAEHPBD00PAUtagVARIANT@@@Z 10003700 f   DispFormData.obj
 0001:00002740       ?LoadIntDataInCfg@CDispFormData@@QAEHPBD0FPAUtagVARIANT@@@Z 10003740 f   DispFormData.obj
 0001:00002780       ?LoadStringDataInCfg@CDispFormData@@QAE?AV?$CStringT@DV?$StrTraitMFC_DLL@DV?$ChTraitsCRT@D@ATL@@@@@ATL@@PBD00@Z 10003780 f   DispFormData.obj
 0001:00002800       ?SaveData@CDispFormData@@QAEHPBD0ABUtagVARIANT@@@Z 10003800 f   DispFormData.obj
 0001:00002840       ?SaveIniData@CDispFormData@@QAEHPBD00ABUtagVARIANT@@@Z 10003840 f   DispFormData.obj
 0001:00002880       ?SaveIntDataToCfg@CDispFormData@@QAEHPBD0F@Z 10003880 f   DispFormData.obj
 0001:000028c0       ?SaveStringDataToCfg@CDispFormData@@QAEHPBD00@Z 100038c0 f   DispFormData.obj
 0001:000028f0       ?WritePrivateDataString@CDispFormData@@QAEFPBD000@Z 100038f0 f   DispFormData.obj
 0001:00002930       ?WritePrivateDelete@CDispFormData@@QAEXPBD0@Z 10003930 f   DispFormData.obj
 0001:00002960       ??0CDispFormOpen@@QAE@XZ   10003960 f   DispFormOpen.obj
 0001:00002980       ?CloseMap@CDispFormOpen@@QAEXXZ 10003980 f   DispFormOpen.obj
 0001:000029a0       ?DialogMap@CDispFormOpen@@QAEXPBD0F@Z 100039a0 f   DispFormOpen.obj
 0001:000029d0       ?InitInterfaceName@CDispFormOpen@@QAEXPAUIDispatch@@@Z 100039d0 f   DispFormOpen.obj
 0001:00002a20       ?LoadMap@CDispFormOpen@@QAEXPBD0F@Z 10003a20 f   DispFormOpen.obj
 0001:00002a50       ?OpenMap@CDispFormOpen@@QAEXPBD0F@Z 10003a50 f   DispFormOpen.obj
 0001:00002a80       ?PopupMap@CDispFormOpen@@QAEXPBD0F@Z 10003a80 f   DispFormOpen.obj
 0001:00002ab0       ?ReLoadMap@CDispFormOpen@@QAEXPBD0F@Z 10003ab0 f   DispFormOpen.obj
 0001:00002ae0       ?SinglePopupMap@CDispFormOpen@@QAEXPBD0F@Z 10003ae0 f   DispFormOpen.obj
 0001:00002b10       ??0CDispFrame@@QAE@XZ      10003b10 f   DispFrame.obj
 0001:00002b30       ?ChangeFrameSize@CDispFrame@@QAEXFFF@Z 10003b30 f   DispFrame.obj
 0001:00002b60       ?GetDataSaveType@CDispFrame@@QAEFXZ 10003b60 f   DispFrame.obj
 0001:00002b90       ?GetFontSize@CDispFrame@@QAEFXZ 10003b90 f   DispFrame.obj
 0001:00002bc0       ?GetFrameInfoFile@CDispFrame@@QAE?AV?$CStringT@DV?$StrTraitMFC_DLL@DV?$ChTraitsCRT@D@ATL@@@@@ATL@@XZ 10003bc0 f   DispFrame.obj
 0001:00002c40       ?GetFrameScrNum@CDispFrame@@QAE?AV?$CStringT@DV?$StrTraitMFC_DLL@DV?$ChTraitsCRT@D@ATL@@@@@ATL@@XZ 10003c40 f   DispFrame.obj
 0001:00002cc0       ?InitInterfaceName@CDispFrame@@QAEXPAUIDispatch@@@Z 10003cc0 f   DispFrame.obj
 0001:00002d10       ??0CDispMain@@QAE@XZ       10003d10 f   DispMain.obj
 0001:00002d30       ?ChangeFrameSize@CDispMain@@QAEXFFF@Z 10003d30 f   DispMain.obj
 0001:00002d70       ?ChangeTabProperty@CDispMain@@QAEHFFFF@Z 10003d70 f   DispMain.obj
 0001:00002db0       ?ClearMessageBar@CDispMain@@QAEXXZ 10003db0 f   DispMain.obj
 0001:00002dd0       ?CloseMain@CDispMain@@QAEXF@Z 10003dd0 f   DispMain.obj
 0001:00002e00       ?GetAcctList@CDispMain@@QAE?AV?$CStringT@DV?$StrTraitMFC_DLL@DV?$ChTraitsCRT@D@ATL@@@@@ATL@@XZ 10003e00 f   DispMain.obj
 0001:00002e80       ?GetAcctPasswd@CDispMain@@QAE?AV?$CStringT@DV?$StrTraitMFC_DLL@DV?$ChTraitsCRT@D@ATL@@@@@ATL@@PBD@Z 10003e80 f   DispMain.obj
 0001:00002f00       ?GetBatchAcctInfo@CDispMain@@QAE?AV?$CStringT@DV?$StrTraitMFC_DLL@DV?$ChTraitsCRT@D@ATL@@@@@ATL@@PBD@Z 10003f00 f   DispMain.obj
 0001:00002f80       ?GetFrameSize@CDispMain@@QAE?AV?$CStringT@DV?$StrTraitMFC_DLL@DV?$ChTraitsCRT@D@ATL@@@@@ATL@@F@Z 10003f80 f   DispMain.obj
 0001:00003000       ?GetFrameVariable@CDispMain@@QAE?AV?$CStringT@DV?$StrTraitMFC_DLL@DV?$ChTraitsCRT@D@ATL@@@@@ATL@@PBD@Z 10004000 f   DispMain.obj
 0001:00003080       ?GetGShareData@CDispMain@@QAE?AV?$CStringT@DV?$StrTraitMFC_DLL@DV?$ChTraitsCRT@D@ATL@@@@@ATL@@PBD@Z 10004080 f   DispMain.obj
 0001:00003100       ?GetGwanCode@CDispMain@@QAE?AV?$CStringT@DV?$StrTraitMFC_DLL@DV?$ChTraitsCRT@D@ATL@@@@@ATL@@PBD@Z 10004100 f   DispMain.obj
 0001:00003180       ?GetGwanCodeOneGroup@CDispMain@@QAE?AV?$CStringT@DV?$StrTraitMFC_DLL@DV?$ChTraitsCRT@D@ATL@@@@@ATL@@PBD0@Z 10004180 f   DispMain.obj
 0001:00003200       ?GetGwanList@CDispMain@@QAE?AV?$CStringT@DV?$StrTraitMFC_DLL@DV?$ChTraitsCRT@D@ATL@@@@@ATL@@XZ 10004200 f   DispMain.obj
 0001:00003280       ?GetMapInfo@CDispMain@@QAE?AV?$CStringT@DV?$StrTraitMFC_DLL@DV?$ChTraitsCRT@D@ATL@@@@@ATL@@F@Z 10004280 f   DispMain.obj
 0001:00003300       ?GetMasterData@CDispMain@@QAE?AV?$CStringT@DV?$StrTraitMFC_DLL@DV?$ChTraitsCRT@D@ATL@@@@@ATL@@F@Z 10004300 f   DispMain.obj
 0001:00003380       ?GetUserInfo@CDispMain@@QAE?AV?$CStringT@DV?$StrTraitMFC_DLL@DV?$ChTraitsCRT@D@ATL@@@@@ATL@@F@Z 10004380 f   DispMain.obj
 0001:00003400       ?IHAddSection@CDispMain@@QAEFPBD00@Z 10004400 f   DispMain.obj
 0001:00003430       ?IHDeleteSection@CDispMain@@QAEFPBD00@Z 10004430 f   DispMain.obj
 0001:00003460       ?IHGetSectionData@CDispMain@@QAE?AV?$CStringT@DV?$StrTraitMFC_DLL@DV?$ChTraitsCRT@D@ATL@@@@@ATL@@PBD0000@Z 10004460 f   DispMain.obj
 0001:000034f0       ?IHGetSectionNames@CDispMain@@QAE?AV?$CStringT@DV?$StrTraitMFC_DLL@DV?$ChTraitsCRT@D@ATL@@@@@ATL@@PBD0@Z 100044f0 f   DispMain.obj
 0001:00003570       ?IHRenameSection@CDispMain@@QAEFPBD000@Z 10004570 f   DispMain.obj
 0001:000035b0       ?IHWriteSectionData@CDispMain@@QAEFPBD0000@Z 100045b0 f   DispMain.obj
 0001:000035f0       ?InitInterfaceName@CDispMain@@QAEXPAUIDispatch@@@Z 100045f0 f   DispMain.obj
 0001:00003650       ?MsgBox@CDispMain@@QAEFPBD0F@Z 10004650 f   DispMain.obj
 0001:00003690       ?NotifyEvent@CDispMain@@QAEXPBD0@Z 10004690 f   DispMain.obj
 0001:000036c0       ?RemoveGlobalData@CDispMain@@QAEHPBD0@Z 100046c0 f   DispMain.obj
 0001:000036f0       ?ReportCall@CDispMain@@QAEXPBDJ0@Z 100046f0 f   DispMain.obj
 0001:00003720       ?Restart@CDispMain@@QAEXXZ 10004720 f   DispMain.obj
 0001:00003740       ?SetAcctPasswd@CDispMain@@QAEXPBD0@Z 10004740 f   DispMain.obj
 0001:00003770       ?SetBatchAcctInfo@CDispMain@@QAEXPBD@Z 10004770 f   DispMain.obj
 0001:000037a0       ?SetFrameVariable@CDispMain@@QAEXPBD0@Z 100047a0 f   DispMain.obj
 0001:000037d0       ?SetGShareData@CDispMain@@QAEXPBD0F@Z 100047d0 f   DispMain.obj
 0001:00003800       ?SetOpenMapStyle2@CDispMain@@QAEXFFFFF@Z 10004800 f   DispMain.obj
 0001:00003840       ?SetOpenMapStyle@CDispMain@@QAEXFFFF@Z 10004840 f   DispMain.obj
 0001:00003880       ?ShowDialog@CDispMain@@QAEFPBDFF@Z 10004880 f   DispMain.obj
 0001:000038c0       ??0CDispPrimLib@@QAE@XZ    100048c0 f   DispPrimLib.obj
 0001:000038e0       ?ChangeInputRangeResize@CDispPrimLib@@QAEXPBD@Z 100048e0 f   DispPrimLib.obj
 0001:00003910       ?DefaultSetUp@CDispPrimLib@@QAEXPBD0000000@Z 10004910 f   DispPrimLib.obj
 0001:00003950       ?DeleteSplit@CDispPrimLib@@QAEXPBD@Z 10004950 f   DispPrimLib.obj
 0001:00003980       ?InitInterfaceName@CDispPrimLib@@QAEXPAUIDispatch@@@Z 10004980 f   DispPrimLib.obj
 0001:000039d0       ?InsertSplit@CDispPrimLib@@QAEXPBD0000@Z 100049d0 f   DispPrimLib.obj
 0001:00003a00       ?IsUserDefinedMode@CDispPrimLib@@QAEFPBDF@Z 10004a00 f   DispPrimLib.obj
 0001:00003a30       ?MapSwitch@CDispPrimLib@@QAEXPBD@Z 10004a30 f   DispPrimLib.obj
 0001:00003a60       ?ReLoadOtherMap@CDispPrimLib@@QAEXPBD@Z 10004a60 f   DispPrimLib.obj
 0001:00003a90       ?SetActiveTab@CDispPrimLib@@QAEXPBD@Z 10004a90 f   DispPrimLib.obj
 0001:00003ac0       ?SetMessage@CDispPrimLib@@QAEXPBD@Z 10004ac0 f   DispPrimLib.obj
 0001:00003af0       ?SplitResizeOption@CDispPrimLib@@QAEXPBD00@Z 10004af0 f   DispPrimLib.obj
 0001:00003b20       ?TabToggle@CDispPrimLib@@QAEXPBD@Z 10004b20 f   DispPrimLib.obj
 0001:00003b50       ?ToggleWindow@CDispPrimLib@@QAEXPBD00@Z 10004b50 f   DispPrimLib.obj
 0001:00003b80       ??0CDispView@@QAE@XZ       10004b80 f   DispView.obj
 0001:00003ba0       ?InitInterfaceName@CDispView@@QAEXPAUIDispatch@@@Z 10004ba0 f   DispView.obj
 0001:00003bf0       ?MsgBoxID@CDispView@@QAEFFPBD0F@Z 10004bf0 f   DispView.obj
 0001:00003c30       ?ShowDialog@CDispView@@QAEFPBDF@Z 10004c30 f   DispView.obj
 0001:00003c60       ??0CDispCodeOcx@@QAE@XZ    10004c60 f   CodeOcx.obj
 0001:00003c80       ??1CDispCodeOcx@@QAE@XZ    10004c80 f   CodeOcx.obj
 0001:00003ce0       ?GetBaseCodeTable@CDispCodeOcx@@QAEJXZ 10004ce0 f   CodeOcx.obj
 0001:00003d10       ?GetCodeInfo@CDispCodeOcx@@QAE?AV?$CStringT@DV?$StrTraitMFC_DLL@DV?$ChTraitsCRT@D@ATL@@@@@ATL@@PBDF0@Z 10004d10 f   CodeOcx.obj
 0001:00003d90       ?GetCodePointer@CDispCodeOcx@@QAEJPBD@Z 10004d90 f   CodeOcx.obj
 0001:00003dc0       ?GetGlobalDataTypeList@CDispCodeOcx@@QAEJXZ 10004dc0 f   CodeOcx.obj
 0001:00003df0       ?GetHistoryList@CDispCodeOcx@@QAE?AV?$CStringT@DV?$StrTraitMFC_DLL@DV?$ChTraitsCRT@D@ATL@@@@@ATL@@FJ@Z 10004df0 f   CodeOcx.obj
 0001:00003e70       ?GetMaxHangSaGa@CDispCodeOcx@@QAE?AV?$CStringT@DV?$StrTraitMFC_DLL@DV?$ChTraitsCRT@D@ATL@@@@@ATL@@XZ 10004e70 f   CodeOcx.obj
 0001:00003ef0       ?GetRscMng@CDispCodeOcx@@QAEXJ@Z 10004ef0 f   CodeOcx.obj
 0001:00003f20       ?InitData@CDispCodeOcx@@QAEHPBD@Z 10004f20 f   CodeOcx.obj
 0001:00003f50       ?InitInterfaceName@CDispCodeOcx@@QAEXPAUIDispatch@@@Z 10004f50 f   CodeOcx.obj
 0001:00003fa0       ?InsertHistory@CDispCodeOcx@@QAEHFJPBD0@Z 10004fa0 f   CodeOcx.obj
 0001:00003fe0       ?RemoveAllListData@CDispCodeOcx@@QAEHXZ 10004fe0 f   CodeOcx.obj
 0001:00004010       ?SetDataString@CDispCodeOcx@@QAEXFPBD@Z 10005010 f   CodeOcx.obj
 0001:00004040       ?SetInfo@CDispCodeOcx@@QAEXJ@Z 10005040 f   CodeOcx.obj
 0001:00004070       ?SetPosition@CDispCodeOcx@@QAEXPBDFF@Z 10005070 f   CodeOcx.obj
 0001:000040a0       ?ShowCodeTable@CDispCodeOcx@@QAEJPBDABUtagVARIANT@@@Z 100050a0 f   CodeOcx.obj
 0001:000040d0       ?ShowCodeTableWithPosition@CDispCodeOcx@@QAEJPBDABUtagVARIANT@@FF@Z 100050d0 f   CodeOcx.obj
 0001:00004110       ?ShowModeCodeTable@CDispCodeOcx@@QAEJPBDABUtagVARIANT@@@Z 10005110 f   CodeOcx.obj
 0001:00004140       ??0CControlPos@@QAE@PAVCWnd@@@Z 10005140 f   ControlPos.obj
 0001:00004210       ??1CControlPos@@UAE@XZ     10005210 f   ControlPos.obj
 0001:00004260       ??_ECControlPos@@UAEPAXI@Z 10005260 f i ControlPos.obj
 0001:00004260       ??_GCControlPos@@UAEPAXI@Z 10005260 f i ControlPos.obj
 0001:000042d0       ?AddControl@CControlPos@@QAEHABIABK@Z 100052d0 f   ControlPos.obj
 0001:00004380       ?AddControl@CControlPos@@QAEHABIABKV?$CStringT@DV?$StrTraitMFC_DLL@DV?$ChTraitsCRT@D@ATL@@@@@ATL@@@Z 10005380 f   ControlPos.obj
 0001:000044b0       ?AddControl@CControlPos@@QAEHPAVCWnd@@ABK@Z 100054b0 f   ControlPos.obj
 0001:00004530       ?AddControl@CControlPos@@QAEHPAVCWnd@@ABKV?$CStringT@DV?$StrTraitMFC_DLL@DV?$ChTraitsCRT@D@ATL@@@@@ATL@@@Z 10005530 f   ControlPos.obj
 0001:00004610       ?GetNegativeMoves@CControlPos@@QBEHXZ 10005610 f   ControlPos.obj
 0001:00004620       ?GetSafeHwnd@CWnd@@QBEPAUHWND__@@XZ 10005620 f i ControlPos.obj
 0001:00004630       ?MoveControls@CControlPos@@UAEXXZ 10005630 f   ControlPos.obj
 0001:00004880       ?RemoveControl@CControlPos@@QAEHABI@Z 10005880 f   ControlPos.obj
 0001:00004920       ?RemoveControl@CControlPos@@QAEHPAVCWnd@@@Z 10005920 f   ControlPos.obj
 0001:000049a0       ?ResetControls@CControlPos@@QAEXXZ 100059a0 f   ControlPos.obj
 0001:000049f0       ?ResizeControls@CControlPos@@QAEXHHHH@Z 100059f0 f   ControlPos.obj
 0001:00004c00       ?SetNegativeMoves@CControlPos@@QAEXABH@Z 10005c00 f   ControlPos.obj
 0001:00004c10       ?SetParent@CControlPos@@QAEXPAVCWnd@@PAVCSize@@@Z 10005c10 f   ControlPos.obj
 0001:00004d10       ?UpdateParentSize@CControlPos@@MAEXXZ 10005d10 f   ControlPos.obj
 0001:00004d20       ?GetPcIP@CSystemInfo@@SA?AV?$CStringT@DV?$StrTraitMFC_DLL@DV?$ChTraitsCRT@D@ATL@@@@@ATL@@XZ 10005d20 f   EtcUtil.obj
 0001:00004d40       ?RegGetIP@CSystemInfo@@SA?AV?$CStringT@DV?$StrTraitMFC_DLL@DV?$ChTraitsCRT@D@ATL@@@@@ATL@@XZ 10005d40 f   EtcUtil.obj
 0001:00004e60       ??0CGwanWnd@@QAE@XZ        10005e60 f   GwanWnd.obj
 0001:00004e90       ??1CGwanWnd@@UAE@XZ        10005e90 f   GwanWnd.obj
 0001:00004ea0       ??_ECGwanWnd@@UAEPAXI@Z    10005ea0 f i GwanWnd.obj
 0001:00004ea0       ??_GCGwanWnd@@UAEPAXI@Z    10005ea0 f i GwanWnd.obj
 0001:00004ef0       ?AssertValid@CObject@@UBEXXZ 10005ef0 f i GwanWnd.obj
 0001:00004f00       ?BeginModalState@CWnd@@UAEXXZ 10005f00 f i GwanWnd.obj
 0001:00004f10       ?ClearAllList@CGwanWnd@@QAEXXZ 10005f10 f   GwanWnd.obj
 0001:00004f20       ?ClearList@CGwanWnd@@QAEXH@Z 10005f20 f   GwanWnd.obj
 0001:00004f30       ?DestroyWindow@CGwanWnd@@UAEHXZ 10005f30 f   GwanWnd.obj
 0001:00004f40       ?DoDataExchange@CWnd@@MAEXPAVCDataExchange@@@Z 10005f40 f i GwanWnd.obj
 0001:00004f50       ?Dump@CObject@@UBEXAAVCDumpContext@@@Z 10005f50 f i GwanWnd.obj
 0001:00004f60       ?EndModalState@CWnd@@UAEXXZ 10005f60 f i GwanWnd.obj
 0001:00004f70       ?GetMessageMap@CGwanWnd@@MBEPBUAFX_MSGMAP@@XZ 10005f70 f   GwanWnd.obj
 0001:00004f80       ?GetThisMessageMap@CGwanWnd@@KGPBUAFX_MSGMAP@@XZ 10005f80 f   GwanWnd.obj
 0001:00004f90       ?GwanAdvise@CGwanWnd@@QAEXXZ 10005f90 f   GwanWnd.obj
 0001:00004fa0       ?GwanUnAdvise@CGwanWnd@@QAEXH@Z 10005fa0 f   GwanWnd.obj
 0001:00004fb0       ?OnEugeneGwansim@CGwanWnd@@IAEJIJ@Z 10005fb0 f   GwanWnd.obj
 0001:00004fc0       ?OpenWindow@CGwanWnd@@QAEHXZ 10005fc0 f   GwanWnd.obj
 0001:00005060       ?Serialize@CObject@@UAEXAAVCArchive@@@Z 10006060 f i GwanWnd.obj
 0001:00005070       ??0CNewsMoniterWnd@@QAE@XZ 10006070 f   NewsMoniterWnd.obj
 0001:000050a0       ??1CNewsMoniterWnd@@UAE@XZ 100060a0 f   NewsMoniterWnd.obj
 0001:000050c0       ??_GCNewsMoniterWnd@@UAEPAXI@Z 100060c0 f i NewsMoniterWnd.obj
 0001:000050c0       ??_ECNewsMoniterWnd@@UAEPAXI@Z 100060c0 f i NewsMoniterWnd.obj
 0001:00005110       ?GetDummyHwnd@CNewsMoniterWnd@@QAEPAUHWND__@@XZ 10006110 f   NewsMoniterWnd.obj
 0001:00005130       ?GetFilterData@CNewsMoniterWnd@@QAEXAAJ@Z 10006130 f   NewsMoniterWnd.obj
 0001:00005160       ?GetMessageMap@CNewsMoniterWnd@@MBEPBUAFX_MSGMAP@@XZ 10006160 f   NewsMoniterWnd.obj
 0001:00005170       ?GetSiganlTable@CNewsMoniterWnd@@QAEHV?$CStringT@DV?$StrTraitMFC_DLL@DV?$ChTraitsCRT@D@ATL@@@@@ATL@@AAVCStringArray@@@Z 10006170 f   NewsMoniterWnd.obj
 0001:000051f0       ?GetSignalData@CNewsMoniterWnd@@QAEXV?$CStringT@DV?$StrTraitMFC_DLL@DV?$ChTraitsCRT@D@ATL@@@@@ATL@@AAVCMapStringToPtr@@@Z 100061f0 f   NewsMoniterWnd.obj
 0001:00005270       ?GetThisMessageMap@CNewsMoniterWnd@@KGPBUAFX_MSGMAP@@XZ 10006270 f   NewsMoniterWnd.obj
 0001:00005280       ?OnCreate@CNewsMoniterWnd@@IAEHPAUtagCREATESTRUCTA@@@Z 10006280 f   NewsMoniterWnd.obj
 0001:00005370       ?OnDestroy@CNewsMoniterWnd@@IAEXXZ 10006370 f   NewsMoniterWnd.obj
 0001:000053b0       ?OpenWindow@CNewsMoniterWnd@@QAEHXZ 100063b0 f   NewsMoniterWnd.obj
 0001:00005450       ?PreCreateWindow@CNewsMoniterWnd@@MAEHAAUtagCREATESTRUCTA@@@Z 10006450 f   NewsMoniterWnd.obj
 0001:00005460       ?SetFilterData@CNewsMoniterWnd@@QAEXPAJ@Z 10006460 f   NewsMoniterWnd.obj
 0001:00005490       ?SetSignalData@CNewsMoniterWnd@@QAEXV?$CStringT@DV?$StrTraitMFC_DLL@DV?$ChTraitsCRT@D@ATL@@@@@ATL@@PAVCMapStringToPtr@@@Z 10006490 f   NewsMoniterWnd.obj
 0001:00005510       ?SetSingSiganl@CNewsMoniterWnd@@QAEHHPAVCWnd@@V?$CStringT@DV?$StrTraitMFC_DLL@DV?$ChTraitsCRT@D@ATL@@@@@ATL@@1@Z 10006510 f   NewsMoniterWnd.obj
 0001:000055c0       ??0CPCtrMainWnd@@QAE@XZ    100065c0 f   PCtrMainWnd.obj
 0001:000055e0       ??_ECPCtrMainWnd@@UAEPAXI@Z 100065e0 f i PCtrMainWnd.obj
 0001:000055e0       ??_GCPCtrMainWnd@@UAEPAXI@Z 100065e0 f i PCtrMainWnd.obj
 0001:00005620       ?GetMessageMap@CPCtrMainWnd@@MBEPBUAFX_MSGMAP@@XZ 10006620 f   PCtrMainWnd.obj
 0001:00005630       ?GetThisMessageMap@CPCtrMainWnd@@KGPBUAFX_MSGMAP@@XZ 10006630 f   PCtrMainWnd.obj
 0001:00005640       ?OpenWindow@CPCtrMainWnd@@QAEHXZ 10006640 f   PCtrMainWnd.obj
 0001:000056e0       ?WindowProc@CPCtrMainWnd@@MAEJIIJ@Z 100066e0 f   PCtrMainWnd.obj
 0001:00005740       ??$SerializeElements@PAVCSTManager_Info@@@@YGXAAVCArchive@@PAPAVCSTManager_Info@@H@Z 10006740 f i PcTrMng.obj
 0001:000057f0       ??0?$CList@PAVCSTManager_Info@@PAV1@@@QAE@H@Z 100067f0 f i PcTrMng.obj
 0001:00005830       ??0CPcTrMngApp@@QAE@XZ     10006830 f   PcTrMng.obj
 0001:00005b50       ??1?$CList@PAVCSTManager_Info@@PAV1@@@UAE@XZ 10006b50 f i PcTrMng.obj
 0001:00005bc0       ??1CObject@@UAE@XZ         10006bc0 f i PcTrMng.obj
 0001:00005bd0       ??1CPcTrMngApp@@UAE@XZ     10006bd0 f   PcTrMng.obj
 0001:00005c80       ??3CObject@@SGXPAX@Z       10006c80 f i PcTrMng.obj
 0001:00005ca0       ??_E?$CList@PAVCSTManager_Info@@PAV1@@@UAEPAXI@Z 10006ca0 f i PcTrMng.obj
 0001:00005ca0       ??_G?$CList@PAVCSTManager_Info@@PAV1@@@UAEPAXI@Z 10006ca0 f i PcTrMng.obj
 0001:00005d50       ??_GCPcTrMngApp@@UAEPAXI@Z 10006d50 f i PcTrMng.obj
 0001:00005d50       ??_ECPcTrMngApp@@UAEPAXI@Z 10006d50 f i PcTrMng.obj
 0001:00005d90       ?AddTail@?$CList@PAVCSTManager_Info@@PAV1@@@QAEPAU__POSITION@@PAVCSTManager_Info@@@Z 10006d90 f i PcTrMng.obj
 0001:00005e20       ?DOChartOCXRegister@CPcTrMngApp@@QAEHXZ 10006e20 f   PcTrMng.obj
 0001:00005ff0       ?ExitInstance@CPcTrMngApp@@UAEHXZ 10006ff0 f   PcTrMng.obj
 0001:000061c0       ?GetApplicationRecoveryParameter@CWinApp@@UAEPAXXZ 100071c0 f i PcTrMng.obj
 0001:000061d0       ?GetApplicationRecoveryPingInterval@CWinApp@@UAEKXZ 100071d0 f i PcTrMng.obj
 0001:000061e0       ?GetApplicationRestartFlags@CWinApp@@UAEKXZ 100071e0 f i PcTrMng.obj
 0001:000061f0       ?GetDir_DrfnRoot@@YAXAAV?$CStringT@DV?$StrTraitMFC_DLL@DV?$ChTraitsCRT@D@ATL@@@@@ATL@@@Z 100071f0 f i PcTrMng.obj
 0001:00006320       ?GetInferface@@YGJIJ@Z     10007320 f   PcTrMng.obj
 0001:00006340       ?GetMessageMap@CPcTrMngApp@@MBEPBUAFX_MSGMAP@@XZ 10007340 f   PcTrMng.obj
 0001:00006350       ?GetPCTrData@@YGPAXIJ@Z    10007350 f   PcTrMng.obj
 0001:00006380       ?GetThisMessageMap@CPcTrMngApp@@KGPBUAFX_MSGMAP@@XZ 10007380 f   PcTrMng.obj
 0001:00006390       ?InitInstance@CPcTrMngApp@@UAEHXZ 10007390 f   PcTrMng.obj
 0001:00006bc0       ?LoadDefaultColorTable@CPcTrMngApp@@QAEXXZ 10007bc0 f   PcTrMng.obj
 0001:00006c50       ?LoadTestDLL@CPcTrMngApp@@QAEXXZ 10007c50 f   PcTrMng.obj
 0001:00006c60       ?NewNode@?$CList@PAVCSTManager_Info@@PAV1@@@IAEPAUCNode@1@PAU21@0@Z 10007c60 f i PcTrMng.obj
 0001:00006cd0       ?NotifyPCTrState@@YGJIJ@Z  10007cd0 f   PcTrMng.obj
 0001:00006ce0       ?PctrGetMainHandle@CPcTrMngApp@@QAEPAUHWND__@@XZ 10007ce0 f   PcTrMng.obj
 0001:00006d10       ?PctrGetMainWnd@CPcTrMngApp@@QAEPAVCWnd@@XZ 10007d10 f   PcTrMng.obj
 0001:00006d40       ?RemoveAll@?$CList@PAVCSTManager_Info@@PAV1@@@QAEXXZ 10007d40 f i PcTrMng.obj
 0001:00006d70       ?ReopenPreviousFilesAtRestart@CWinApp@@UBEHXZ 10007d70 f i PcTrMng.obj
 0001:00006d80       ?RestoreAutosavedFilesAtRestart@CWinApp@@UBEHXZ 10007d80 f i PcTrMng.obj
 0001:00006d90       ?Serialize@?$CList@PAVCSTManager_Info@@PAV1@@@UAEXAAVCArchive@@@Z 10007d90 f i PcTrMng.obj
 0001:00006fa0       ?SetHanaroEnvSetting@CPcTrMngApp@@QAEHPAUHWND__@@PBD@Z 10007fa0 f   PcTrMng.obj
 0001:00007060       ?SetHanaroGateMngHandle@CPcTrMngApp@@QAEXXZ 10008060 f   PcTrMng.obj
 0001:00007110       ?SetPCTrData@@YGJIJ@Z      10008110 f   PcTrMng.obj
 0001:00007160       ?SupportsApplicationRecovery@CWinApp@@UBEHXZ 10008160 f i PcTrMng.obj
 0001:00007170       ?SupportsAutosaveAtInterval@CWinApp@@UBEHXZ 10008170 f i PcTrMng.obj
 0001:00007180       ?SupportsAutosaveAtRestart@CWinApp@@UBEHXZ 10008180 f i PcTrMng.obj
 0001:00007190       ?SupportsRestartManager@CWinApp@@UBEHXZ 10008190 f i PcTrMng.obj
 0001:000071a0       ?UnLoadTestDLL@CPcTrMngApp@@QAEXXZ 100081a0 f   PcTrMng.obj
 0001:000071b0       ?_DoClearDataFile@CPcTrMngApp@@QAEXXZ 100081b0 f   PcTrMng.obj
 0001:000075b0       ?_DoPrepareData@CPcTrMngApp@@QAEXXZ 100085b0 f   PcTrMng.obj
 0001:00007700       ?_WinixVariant@CPcTrMngApp@@QAE?AV?$CStringT@DV?$StrTraitMFC_DLL@DV?$ChTraitsCRT@D@ATL@@@@@ATL@@PAUHWND__@@HV23@@Z 10008700 f   PcTrMng.obj
 0001:00007770       ___local_stdio_printf_options 10008770 f i PcTrMng.obj
 0001:00007780       _sprintf                   10008780 f i PcTrMng.obj
 0001:000077c0       ?Allocate@CAtlStringMgr@ATL@@UAEPAUCStringData@2@HH@Z 100087c0 f i StdAfx.obj
 0001:00007830       ?Free@CAtlStringMgr@ATL@@UAEXPAUCStringData@2@@Z 10008830 f i StdAfx.obj
 0001:00007840       ?Reallocate@CAtlStringMgr@ATL@@UAEPAUCStringData@2@PAU32@HH@Z 10008840 f i StdAfx.obj
 0001:000078a0       ?GetNilString@CAtlStringMgr@ATL@@UAEPAUCStringData@2@XZ 100088a0 f i StdAfx.obj
 0001:000078b0       ?Clone@CAtlStringMgr@ATL@@UAEPAUIAtlStringMgr@2@XZ 100088b0 f i StdAfx.obj
 0001:000078c0       ??_GCAtlStringMgr@ATL@@UAEPAXI@Z 100088c0 f i StdAfx.obj
 0001:000078c0       ??_ECAtlStringMgr@ATL@@UAEPAXI@Z 100088c0 f i StdAfx.obj
 0001:000078f0       ?_AfxInitManaged@@YAHXZ    100088f0 f i StdAfx.obj
 0001:00007900       ?Allocate@CWin32Heap@ATL@@UAEPAXI@Z 10008900 f i StdAfx.obj
 0001:00007920       ?Free@CWin32Heap@ATL@@UAEXPAX@Z 10008920 f i StdAfx.obj
 0001:00007940       ?Reallocate@CWin32Heap@ATL@@UAEPAXPAXI@Z 10008940 f i StdAfx.obj
 0001:00007980       ?GetSize@CWin32Heap@ATL@@UAEIPAX@Z 10008980 f i StdAfx.obj
 0001:000079a0       ??_ECWin32Heap@ATL@@UAEPAXI@Z 100089a0 f i StdAfx.obj
 0001:000079a0       ??_GCWin32Heap@ATL@@UAEPAXI@Z 100089a0 f i StdAfx.obj
 0001:000079e0       ??1CAtlStringMgr@ATL@@UAE@XZ 100089e0 f i StdAfx.obj
 0001:000079f0       ??1CWin32Heap@ATL@@UAE@XZ  100089f0 f i StdAfx.obj
 0001:00007a10       ??_H@YGXPAXIIP6EPAX0@Z@Z   10008a10 f i StdAfx.obj
 0001:00007a40       ?EnsureLinked@CAtlStringMgrStaticInitializer@ATLImplementationDetails@ATL@@QAEPAXXZ 10008a40 f i StdAfx.obj
 0001:00007a50       ?_AtlInitializeCriticalSectionEx@ATL@@YAHPAU_RTL_CRITICAL_SECTION@@KK@Z 10008a50 f i StdAfx.obj
 0001:00007a70       ?_AtlRaiseException@ATL@@YAXKK@Z 10008a70 f i StdAfx.obj
 0001:00007a90       ??0CTracer@@QAE@XZ         10008a90 f   Tracer.obj
 0001:00007aa0       ??1CTracer@@UAE@XZ         10008aa0 f   Tracer.obj
 0001:00007ac0       ??_ECTracer@@UAEPAXI@Z     10008ac0 f i Tracer.obj
 0001:00007ac0       ??_GCTracer@@UAEPAXI@Z     10008ac0 f i Tracer.obj
 0001:00007b00       ?Connect@CTracer@@QAE_NXZ  10008b00 f   Tracer.obj
 0001:00007b30       ?DisConnect@CTracer@@QAEXXZ 10008b30 f   Tracer.obj
 0001:00007b50       ?MakeTrace@CTracer@@QBA_NPBDZZ 10008b50 f   Tracer.obj
 0001:00007c00       ?Create@CTRComm@@UAEHPAVCWnd@@@Z 10008c00 f   TrComm.obj
 0001:00007cc0       ?GetBaseData@CTRComm@@QAEXPBDAAV?$CStringT@DV?$StrTraitMFC_DLL@DV?$ChTraitsCRT@D@ATL@@@@@ATL@@@Z 10008cc0 f   TrComm.obj
 0001:00007cf0       ?GetMessageMap@CTRComm@@MBEPBUAFX_MSGMAP@@XZ 10008cf0 f   TrComm.obj
 0001:00007d00       ?GetPacketUniqueID@CTRComm@@QAEHH@Z 10008d00 f   TrComm.obj
 0001:00007d30       ?GetThisMessageMap@CTRComm@@KGPBUAFX_MSGMAP@@XZ 10008d30 f   TrComm.obj
 0001:00007d40       ?NotifyParent@CTRComm@@IAEHPBD00PAXJ@Z 10008d40 f   TrComm.obj
 0001:00007d80       ?OnDestroy@CTRComm@@IAEXXZ 10008d80 f   TrComm.obj
 0001:00007db0       ?OnGetMsg@CTRComm@@IAEJIJ@Z 10008db0 f   TrComm.obj
 0001:00007dc0       ?OnTimer@CTRComm@@IAEXI@Z  10008dc0 f   TrComm.obj
 0001:00007e00       ?Send2Server@CTRComm@@QAEHPAXHH@Z 10008e00 f   TrComm.obj
 0001:00007ea0       ?Send2ServerWithKey@CTRComm@@QAEHPAXHH@Z 10008ea0 f   TrComm.obj
 0001:00007f20       ?Send_MessageData@CTRComm@@QAEJPBD00@Z 10008f20 f   TrComm.obj
 0001:00007f50       ?Send_PacketData@CTRComm@@QAEJPAEHPBD11@Z 10008f50 f   TrComm.obj
 0001:00007f60       ?SetBaseData@CTRComm@@QAEXPBD0@Z 10008f60 f   TrComm.obj
 0001:00007fd0       ?SetBaseDataLong@CTRComm@@QAEXPBDJ@Z 10008fd0 f   TrComm.obj
 0001:00008020       ?SetTR@CTRComm@@QAEXPBDH@Z 10009020 f   TrComm.obj
 0001:000080f0       ?StartTRTimer@CTRComm@@IAEXXZ 100090f0 f   TrComm.obj
 0001:00008130       ?StopTRTimer@CTRComm@@IAEXXZ 10009130 f   TrComm.obj
 0001:00008160       ?WaitResult@CTRComm@@IAEHXZ 10009160 f   TrComm.obj
 0001:00008210       ?_DoPreCheck@CTRComm@@IAEHPAEJHAAH@Z 10009210 f   TrComm.obj
 0001:00008510       ?_DoPreCheck_Dollar@CTRComm@@IAEHPAEJPBDAAH@Z 10009510 f   TrComm.obj
 0001:000085b0       ?_DoPreCheck_MstCode@CTRComm@@IAEHPAEJPBDAAH@Z 100095b0 f   TrComm.obj
 0001:00008710       ?_DoPreCheck_WorkDate@CTRComm@@IAEHPAEJPBDAAH@Z 10009710 f   TrComm.obj
 0001:000087b0       ___local_stdio_scanf_options 100097b0 f i TrComm.obj
 0001:000087c0       _sscanf                    100097c0 f i TrComm.obj
 0001:000087f0       ??0CCompanyManager@@QAE@XZ 100097f0 f   _CompanyManager.obj
 0001:00008820       ??1CCompanyManager@@QAE@XZ 10009820 f   _CompanyManager.obj
 0001:00008840       ?AddTail@?$CList@PAUSTACC_SSDATA@@PAU1@@@QAEPAU__POSITION@@PAUSTACC_SSDATA@@@Z 10009840 f i _CompanyManager.obj
 0001:000088d0       ?CreateChkSysWnd@CCompanyManager@@QAEHXZ 100098d0 f   _CompanyManager.obj
 0001:000088e0       ?GetAcctCode@CCompanyManager@@UAGHAAVCStringList@@0@Z 100098e0 f   _CompanyManager.obj
 0001:00008950       ?GetAcctCodeEx@CCompanyManager@@UAGHAAV?$CList@PAUSTACC_SSDATA@@PAU1@@@H@Z 10009950 f   _CompanyManager.obj
 0001:000089e0       ?GetAcctInfo@CCompanyManager@@UAGPBDPBDHH@Z 100099e0 f   _CompanyManager.obj
 0001:00008a10       ?GetEugeneAcctCode@CCompanyManager@@QAEHAAVCStringList@@0@Z 10009a10 f   _CompanyManager.obj
 0001:00008ab0       ?GetEugeneAcctCodeEx@CCompanyManager@@QAEHAAV?$CList@PAUSTACC_SSDATA@@PAU1@@@H@Z 10009ab0 f   _CompanyManager.obj
 0001:00008b40       ?GetEugeneAcctInfo@CCompanyManager@@QAEPBDPBDHH@Z 10009b40 f   _CompanyManager.obj
 0001:00008b70       ?GetID@CCompanyManager@@UAGHXZ 10009b70 f   _CompanyManager.obj
 0001:00008b80       ?GetName@CCompanyManager@@UAGPBDH@Z 10009b80 f   _CompanyManager.obj
 0001:00008c10       ?GetPwd@CCompanyManager@@UAG?AV?$CStringT@DV?$StrTraitMFC_DLL@DV?$ChTraitsCRT@D@ATL@@@@@ATL@@XZ 10009c10 f   _CompanyManager.obj
 0001:00008c30       ?GetSamsungAcctCode@CCompanyManager@@QAEHAAVCStringList@@0@Z 10009c30 f   _CompanyManager.obj
 0001:00008c40       ?GetSamsungAcctCodeEx@CCompanyManager@@QAEHAAV?$CList@PAUSTACC_SSDATA@@PAU1@@@H@Z 10009c40 f   _CompanyManager.obj
 0001:00008c50       ?GetSamsungAcctInfo@CCompanyManager@@QAEPBDPBDHH@Z 10009c50 f   _CompanyManager.obj
 0001:00008c60       ?GetSysEdu@CCompanyManager@@UAGHPBDJJP6GXJ0JJ@Z@Z 10009c60 f   _CompanyManager.obj
 0001:00008cb0       ?NewNode@?$CList@PAUSTACC_SSDATA@@PAU1@@@IAEPAUCNode@1@PAU21@0@Z 10009cb0 f i _CompanyManager.obj
 0001:00008d20       ?RemoveSysEdu@CCompanyManager@@UAGXPBDJJP6GXJ0JJ@Z@Z 10009d20 f   _CompanyManager.obj
 0001:00008d30       ??$SerializeElements@VCDMMngInfo@@@@YGXAAVCArchive@@PAVCDMMngInfo@@H@Z 10009d30 f i _DataMonitorManager.obj
 0001:00008dd0       ??0?$CList@VCDMMngInfo@@V1@@@QAE@H@Z 10009dd0 f i _DataMonitorManager.obj
 0001:00008e10       ??0CAUDataMonitorManager@@QAE@XZ 10009e10 f   _DataMonitorManager.obj
 0001:00008e60       ??0CDMMngInfo@@QAE@PBDJJP6GX0JJJJ@Z@Z 10009e60 f   _DataMonitorManager.obj
 0001:00008ed0       ??0CDMMngInfo@@QAE@XZ      10009ed0 f   _DataMonitorManager.obj
 0001:00008f00       ??1?$CList@VCDMMngInfo@@V1@@@UAE@XZ 10009f00 f i _DataMonitorManager.obj
 0001:00008f50       ??1CAUDataMonitorManager@@QAE@XZ 10009f50 f   _DataMonitorManager.obj
 0001:00008fb0       ??1CDMMngInfo@@QAE@XZ      10009fb0 f i _DataMonitorManager.obj
 0001:00008fc0       ??_E?$CList@VCDMMngInfo@@V1@@@UAEPAXI@Z 10009fc0 f i _DataMonitorManager.obj
 0001:00008fc0       ??_G?$CList@VCDMMngInfo@@V1@@@UAEPAXI@Z 10009fc0 f i _DataMonitorManager.obj
 0001:00009050       ?AddTail@?$CList@VCDMMngInfo@@V1@@@QAEPAU__POSITION@@VCDMMngInfo@@@Z 1000a050 f i _DataMonitorManager.obj
 0001:00009150       ?Advise@CAUDataMonitorManager@@UAGJPBDJJP6GX0JJJJ@Z@Z 1000a150 f   _DataMonitorManager.obj
 0001:000091c0       ?ClearListAll@CAUDataMonitorManager@@QAEXXZ 1000a1c0 f   _DataMonitorManager.obj
 0001:000091d0       ?FreeNode@?$CList@VCDMMngInfo@@V1@@@IAEXPAUCNode@1@@Z 1000a1d0 f i _DataMonitorManager.obj
 0001:00009200       ?NewNode@?$CList@VCDMMngInfo@@V1@@@IAEPAUCNode@1@PAU21@0@Z 1000a200 f i _DataMonitorManager.obj
 0001:00009290       ?NotifyData@CAUDataMonitorManager@@UAGXPBDJJ@Z 1000a290 f   _DataMonitorManager.obj
 0001:00009310       ?RemoveAll@?$CList@VCDMMngInfo@@V1@@@QAEXXZ 1000a310 f i _DataMonitorManager.obj
 0001:00009360       ?RemoveAt@?$CList@VCDMMngInfo@@V1@@@QAEXPAU__POSITION@@@Z 1000a360 f i _DataMonitorManager.obj
 0001:000093c0       ?Serialize@?$CList@VCDMMngInfo@@V1@@@UAEXAAVCArchive@@@Z 1000a3c0 f i _DataMonitorManager.obj
 0001:000095d0       ?UnAdvise@CAUDataMonitorManager@@UAGXJ@Z 1000a5d0 f   _DataMonitorManager.obj
 0001:00009630       ??HATL@@YA?AV?$CStringT@DV?$StrTraitMFC_DLL@DV?$ChTraitsCRT@D@ATL@@@@@0@ABV10@0@Z 1000a630 f i _DataUtilManager.obj
 0001:000096b0       ?AddDashToAccount@CDataUtilManager@@UAGXPBDAAV?$CStringT@DV?$StrTraitMFC_DLL@DV?$ChTraitsCRT@D@ATL@@@@@ATL@@@Z 1000a6b0 f   _DataUtilManager.obj
 0001:00009700       ?AdjustMask@CDataUtilManager@@UAG?AV?$CStringT@DV?$StrTraitMFC_DLL@DV?$ChTraitsCRT@D@ATL@@@@@ATL@@V23@0@Z 1000a700 f   _DataUtilManager.obj
 0001:00009a70       ?AdjustMask@CDataUtilManager@@UAG?AV?$CStringT@DV?$StrTraitMFC_DLL@DV?$ChTraitsCRT@D@ATL@@@@@ATL@@V23@H@Z 1000aa70 f   _DataUtilManager.obj
 0001:00009ae0       ?Color2String@CDataUtilManager@@UAG?AV?$CStringT@DV?$StrTraitMFC_DLL@DV?$ChTraitsCRT@D@ATL@@@@@ATL@@K@Z 1000aae0 f   _DataUtilManager.obj
 0001:00009b30       ?ConvertIntToPoint@CDataUtilManager@@UAG?AV?$CStringT@DV?$StrTraitMFC_DLL@DV?$ChTraitsCRT@D@ATL@@@@@ATL@@V23@HH@Z 1000ab30 f   _DataUtilManager.obj
 0001:0000a110       ?ConvertPointToInt@CDataUtilManager@@UAG?AV?$CStringT@DV?$StrTraitMFC_DLL@DV?$ChTraitsCRT@D@ATL@@@@@ATL@@V23@H@Z 1000b110 f   _DataUtilManager.obj
 0001:0000a320       ?DoParsing@CDataUtilManager@@UAGHDPADAAHH0@Z 1000b320 f   _DataUtilManager.obj
 0001:0000a380       ?DoubleToStrComma@CDataUtilManager@@UAG?AV?$CStringT@DV?$StrTraitMFC_DLL@DV?$ChTraitsCRT@D@ATL@@@@@ATL@@NHH@Z 1000b380 f   _DataUtilManager.obj
 0001:0000a4f0       ?GetComma@CDataUtilManager@@UAG?AV?$CStringT@DV?$StrTraitMFC_DLL@DV?$ChTraitsCRT@D@ATL@@@@@ATL@@PBD@Z 1000b4f0 f   _DataUtilManager.obj
 0001:0000a7a0       ?GetFillString@CDataUtilManager@@UAGHAAV?$CStringT@DV?$StrTraitMFC_DLL@DV?$ChTraitsCRT@D@ATL@@@@@ATL@@HHH@Z 1000b7a0 f   _DataUtilManager.obj
 0001:0000a860       ?GetFutureString@CDataUtilManager@@UAG?AV?$CStringT@DV?$StrTraitMFC_DLL@DV?$ChTraitsCRT@D@ATL@@@@@ATL@@V23@H@Z 1000b860 f   _DataUtilManager.obj
 0001:0000ae10       ?GetMakeText@CDataUtilManager@@UAG?AV?$CStringT@DV?$StrTraitMFC_DLL@DV?$ChTraitsCRT@D@ATL@@@@@ATL@@DH@Z 1000be10 f   _DataUtilManager.obj
 0001:0000ae50       ?GetNumber@CDataUtilManager@@UAG?AV?$CStringT@DV?$StrTraitMFC_DLL@DV?$ChTraitsCRT@D@ATL@@@@@ATL@@PBD@Z 1000be50 f   _DataUtilManager.obj
 0001:0000aec0       ?GetOnlyNumber@CDataUtilManager@@UAG?AV?$CStringT@DV?$StrTraitMFC_DLL@DV?$ChTraitsCRT@D@ATL@@@@@ATL@@PBD@Z 1000bec0 f   _DataUtilManager.obj
 0001:0000af10       ?GetRegKey@CDataUtilManager@@UAGHPBD0AAV?$CStringT@DV?$StrTraitMFC_DLL@DV?$ChTraitsCRT@D@ATL@@@@@ATL@@@Z 1000bf10 f   _DataUtilManager.obj
 0001:0000b000       ?GetSignSimbol@CDataUtilManager@@UAG?AV?$CStringT@DV?$StrTraitMFC_DLL@DV?$ChTraitsCRT@D@ATL@@@@@ATL@@H@Z 1000c000 f   _DataUtilManager.obj
 0001:0000b0a0       ?GetString@CDataUtilManager@@UAGHAAV?$CStringT@DV?$StrTraitMFC_DLL@DV?$ChTraitsCRT@D@ATL@@@@@ATL@@0D@Z 1000c0a0 f   _DataUtilManager.obj
 0001:0000b110       ?GetStringData@CDataUtilManager@@UAG?AV?$CStringT@DV?$StrTraitMFC_DLL@DV?$ChTraitsCRT@D@ATL@@@@@ATL@@AAV23@ABV23@_N@Z 1000c110 f   _DataUtilManager.obj
 0001:0000b210       ?GetWord@CDataUtilManager@@UAGXPAD0D@Z 1000c210 f   _DataUtilManager.obj
 0001:0000b270       ?InsertComma@CDataUtilManager@@UAGXAAV?$CStringT@DV?$StrTraitMFC_DLL@DV?$ChTraitsCRT@D@ATL@@@@@ATL@@@Z 1000c270 f   _DataUtilManager.obj
 0001:0000b5d0       ?IntToStrComma@CDataUtilManager@@UAG?AV?$CStringT@DV?$StrTraitMFC_DLL@DV?$ChTraitsCRT@D@ATL@@@@@ATL@@HH@Z 1000c5d0 f   _DataUtilManager.obj
 0001:0000b660       ?IsNumber@CDataUtilManager@@UAGHI@Z 1000c660 f   _DataUtilManager.obj
 0001:0000b680       ?IsOnlyNumber@CDataUtilManager@@UAGHPBD@Z 1000c680 f   _DataUtilManager.obj
 0001:0000b6c0       ?IsSign@CDataUtilManager@@UAGHPBD@Z 1000c6c0 f   _DataUtilManager.obj
 0001:0000b6e0       ?Remove@CDataUtilManager@@UAGHAAV?$CStringT@DV?$StrTraitMFC_DLL@DV?$ChTraitsCRT@D@ATL@@@@@ATL@@DH@Z 1000c6e0 f   _DataUtilManager.obj
 0001:0000b7a0       ?RemoveAll@CDataUtilManager@@UAGHAAV?$CStringT@DV?$StrTraitMFC_DLL@DV?$ChTraitsCRT@D@ATL@@@@@ATL@@D@Z 1000c7a0 f   _DataUtilManager.obj
 0001:0000b830       ?RemoveChar@CDataUtilManager@@UAG?AV?$CStringT@DV?$StrTraitMFC_DLL@DV?$ChTraitsCRT@D@ATL@@@@@ATL@@PBDD@Z 1000c830 f   _DataUtilManager.obj
 0001:0000b870       ?RemoveCharAll@CDataUtilManager@@UAGXAAV?$CStringT@DV?$StrTraitMFC_DLL@DV?$ChTraitsCRT@D@ATL@@@@@ATL@@D@Z 1000c870 f   _DataUtilManager.obj
 0001:0000b8f0       ?RemoveFront@CDataUtilManager@@UAGPADPBDD@Z 1000c8f0 f   _DataUtilManager.obj
 0001:0000b950       ?SetLengthString@CDataUtilManager@@UAG?AV?$CStringT@DV?$StrTraitMFC_DLL@DV?$ChTraitsCRT@D@ATL@@@@@ATL@@PBDH@Z 1000c950 f   _DataUtilManager.obj
 0001:0000b980       ?Str2Boolean@CDataUtilManager@@UAGHAAV?$CStringT@DV?$StrTraitMFC_DLL@DV?$ChTraitsCRT@D@ATL@@@@@ATL@@@Z 1000c980 f   _DataUtilManager.obj
 0001:0000b9d0       ?Str2CommaStr@CDataUtilManager@@UAGHPAD0I@Z 1000c9d0 f   _DataUtilManager.obj
 0001:0000bae0       ?Str2Int@CDataUtilManager@@UAGHAAV?$CStringT@DV?$StrTraitMFC_DLL@DV?$ChTraitsCRT@D@ATL@@@@@ATL@@@Z 1000cae0 f   _DataUtilManager.obj
 0001:0000bb20       ?Str2LogFont@CDataUtilManager@@UAG?AUtagLOGFONTA@@AAV?$CStringT@DV?$StrTraitMFC_DLL@DV?$ChTraitsCRT@D@ATL@@@@@ATL@@@Z 1000cb20 f   _DataUtilManager.obj
 0001:0000bc40       ?Str2Long@CDataUtilManager@@UAGJAAV?$CStringT@DV?$StrTraitMFC_DLL@DV?$ChTraitsCRT@D@ATL@@@@@ATL@@@Z 1000cc40 f   _DataUtilManager.obj
 0001:0000bc80       ?Str2RGBColor@CDataUtilManager@@UAGKAAV?$CStringT@DV?$StrTraitMFC_DLL@DV?$ChTraitsCRT@D@ATL@@@@@ATL@@@Z 1000cc80 f   _DataUtilManager.obj
 0001:0000bcc0       ?Str2RGBColor@CDataUtilManager@@UAGKPAD@Z 1000ccc0 f   _DataUtilManager.obj
 0001:0000bd00       ?Str2Rect@CDataUtilManager@@UAG?AVCRect@@AAV?$CStringT@DV?$StrTraitMFC_DLL@DV?$ChTraitsCRT@D@ATL@@@@@ATL@@@Z 1000cd00 f   _DataUtilManager.obj
 0001:0000bd60       ?Str2Size@CDataUtilManager@@UAG?AVCSize@@AAV?$CStringT@DV?$StrTraitMFC_DLL@DV?$ChTraitsCRT@D@ATL@@@@@ATL@@@Z 1000cd60 f   _DataUtilManager.obj
 0001:0000bdc0       ?StrToStrComma@CDataUtilManager@@UAGXPBDAAV?$CStringT@DV?$StrTraitMFC_DLL@DV?$ChTraitsCRT@D@ATL@@@@@ATL@@@Z 1000cdc0 f   _DataUtilManager.obj
 0001:0000bee0       ?String2Olechar@CDataUtilManager@@UAGXPBDAA_WH@Z 1000cee0 f   _DataUtilManager.obj
 0001:0000bf00       ?TrimRight@CDataUtilManager@@UAGXPAD@Z 1000cf00 f   _DataUtilManager.obj
 0001:0000bf60       ?ValidNumber@CDataUtilManager@@UAGHPBD@Z 1000cf60 f   _DataUtilManager.obj
 0001:0000c0b0       ?chars_atof@CDataUtilManager@@UAGNPADI@Z 1000d0b0 f   _DataUtilManager.obj
 0001:0000c110       ?chars_atoi@CDataUtilManager@@UAGHPADI@Z 1000d110 f   _DataUtilManager.obj
 0001:0000c170       ??0CDebugManager@@QAE@XZ   1000d170 f   _DebugManager.obj
 0001:0000c180       ??1CDebugManager@@QAE@XZ   1000d180 f   _DebugManager.obj
 0001:0000c1e0       ?DoMessageToCompDataWnd@CDebugManager@@QAEHEEPBDKPAE@Z 1000d1e0 f   _DebugManager.obj
 0001:0000c1f0       ?DoMessageToDebugWnd@CDebugManager@@QAEXEEPBDKPAE@Z 1000d1f0 f   _DebugManager.obj
 0001:0000c200       ?GetDRDebuger@CDebugManager@@UAGJXZ 1000d200 f   _DebugManager.obj
 0001:0000c430       ?LoadLib@CDRDebugerLoader@@QAEPAUHINSTANCE__@@XZ 1000d430 f i _DebugManager.obj
 0001:0000c4d0       ?ShowOutputDebugString@CDebugManager@@UAAXPBDZZ 1000d4d0 f   _DebugManager.obj
 0001:0000c550       ?Trace@CDebugManager@@UAAXHPBDZZ 1000d550 f   _DebugManager.obj
 0001:0000c560       ?Trace@CDebugManager@@UAAXPBDZZ 1000d560 f   _DebugManager.obj
 0001:0000c620       ?TraceCompData@CDebugManager@@UAGHEPBDKPAE@Z 1000d620 f   _DebugManager.obj
 0001:0000c630       ?TraceEx@CDebugManager@@UAGXEEPBDKPAE@Z 1000d630 f   _DebugManager.obj
 0001:0000c640       ?TraceReal@CDebugManager@@UAGXPBDKPAE@Z 1000d640 f   _DebugManager.obj
 0001:0000c690       ?TraceSR@CDebugManager@@UAGXEEPBDPAUHWND__@@G@Z 1000d690 f   _DebugManager.obj
 0001:0000c6a0       ?TraceTran@CDebugManager@@UAGXEPBDKPAE@Z 1000d6a0 f   _DebugManager.obj
 0001:0000c720       ?WriteLogFile@CDebugManager@@UAGXPAXHPBDH1@Z 1000d720 f   _DebugManager.obj
 0001:0000c7a0       ??$SerializeElements@PAUIDrdsLib@@@@YGXAAVCArchive@@PAPAUIDrdsLib@@H@Z 1000d7a0 f i _DrdsManager.obj
 0001:0000c850       ??0?$CList@PAUIDrdsLib@@PAU1@@@QAE@H@Z 1000d850 f i _DrdsManager.obj
 0001:0000c890       ??0CAUDrdsManager@@QAE@XZ  1000d890 f   _DrdsManager.obj
 0001:0000c8e0       ??0CDrdsLib@@QAE@XZ        1000d8e0 f   _DrdsManager.obj
 0001:0000c900       ??1?$CList@PAUIDrdsLib@@PAU1@@@UAE@XZ 1000d900 f i _DrdsManager.obj
 0001:0000c970       ??1CAUDrdsManager@@QAE@XZ  1000d970 f   _DrdsManager.obj
 0001:0000c9f0       ??1CDrdsLib@@QAE@XZ        1000d9f0 f   _DrdsManager.obj
 0001:0000ca00       ??_G?$CList@PAUIDrdsLib@@PAU1@@@UAEPAXI@Z 1000da00 f i _DrdsManager.obj
 0001:0000ca00       ??_E?$CList@PAUIDrdsLib@@PAU1@@@UAEPAXI@Z 1000da00 f i _DrdsManager.obj
 0001:0000cab0       ?AddTail@?$CList@PAUIDrdsLib@@PAU1@@@QAEPAU__POSITION@@PAUIDrdsLib@@@Z 1000dab0 f i _DrdsManager.obj
 0001:0000cb40       ?AdviseDrdsLib@CAUDrdsManager@@UAGPAUIDrdsLib@@XZ 1000db40 f   _DrdsManager.obj
 0001:0000cb70       ?AdviseRealCodeData@CDrdsLib@@UAGHHHPAD0@Z 1000db70 f   _DrdsManager.obj
 0001:0000cb80       ?ConvertToRealStruct@CDrdsLib@@UAGHIJPADH@Z 1000db80 f   _DrdsManager.obj
 0001:0000cb90       ?DrdsAdvise@CDrdsLib@@UAGHIPAD00@Z 1000db90 f   _DrdsManager.obj
 0001:0000cc70       ?DrdsAdviseEx@CDrdsLib@@UAGHHPAUHWND__@@IPAD111@Z 1000dc70 f   _DrdsManager.obj
 0001:0000cc80       ?DrdsClose@CDrdsLib@@UAGHPAD@Z 1000dc80 f   _DrdsManager.obj
 0001:0000cc90       ?DrdsConnect@CDrdsLib@@UAGHPAD@Z 1000dc90 f   _DrdsManager.obj
 0001:0000cca0       ?DrdsInit@CDrdsLib@@UAGPAXPAUHWND__@@@Z 1000dca0 f   _DrdsManager.obj
 0001:0000ccc0       ?DrdsPropertySet@CDrdsLib@@UAGXXZ 1000dcc0 f   _DrdsManager.obj
 0001:0000ccd0       ?DrdsRequest@CDrdsLib@@UAGHPAXPAUHWND__@@IPAD22@Z 1000dcd0 f   _DrdsManager.obj
 0001:0000cce0       ?DrdsSendCode@CDrdsLib@@UAGXXZ 1000dce0 f   _DrdsManager.obj
 0001:0000ccf0       ?DrdsSetFlag@CDrdsLib@@UAGX_N@Z 1000dcf0 f   _DrdsManager.obj
 0001:0000cd00       ?DrdsSetSocketHandle@CDrdsLib@@UAGHPAUHWND__@@@Z 1000dd00 f   _DrdsManager.obj
 0001:0000cd10       ?DrdsTerm@CDrdsLib@@UAGHXZ 1000dd10 f   _DrdsManager.obj
 0001:0000cd20       ?DrdsTraceOff@CDrdsLib@@UAGXXZ 1000dd20 f   _DrdsManager.obj
 0001:0000cd30       ?DrdsTraceOn@CDrdsLib@@UAGXXZ 1000dd30 f   _DrdsManager.obj
 0001:0000cd40       ?DrdsUnadvise@CDrdsLib@@UAGHIPAD00@Z 1000dd40 f   _DrdsManager.obj
 0001:0000ce20       ?DrdsUnadviseEx@CDrdsLib@@UAGHHPAUHWND__@@IPAD111@Z 1000de20 f   _DrdsManager.obj
 0001:0000ce30       ?Drds_GetInterface@CDrdsLib@@UAGJI@Z 1000de30 f   _DrdsManager.obj
 0001:0000ce40       ?Drds_OpenSignalMng@CDrdsLib@@UAGHPADJ@Z 1000de40 f   _DrdsManager.obj
 0001:0000ce50       ?Drds_SetInterface@CDrdsLib@@UAGHIJ@Z 1000de50 f   _DrdsManager.obj
 0001:0000ce60       ?Drds_SignalMng_SetNewRealData@CDrdsLib@@UAGHPADHHH@Z 1000de60 f   _DrdsManager.obj
 0001:0000ce70       ?GetRealStructData@CDrdsLib@@UAGHIJAAPADAAH@Z 1000de70 f   _DrdsManager.obj
 0001:0000ce80       ?NewNode@?$CList@PAUIDrdsLib@@PAU1@@@IAEPAUCNode@1@PAU21@0@Z 1000de80 f i _DrdsManager.obj
 0001:0000cef0       ?RemoveAll@?$CList@PAUIDrdsLib@@PAU1@@@QAEXXZ 1000def0 f i _DrdsManager.obj
 0001:0000cf20       ?Serialize@?$CList@PAUIDrdsLib@@PAU1@@@UAEXAAVCArchive@@@Z 1000df20 f i _DrdsManager.obj
 0001:0000d130       ?SetNewRealData@CDrdsLib@@UAGHPADHHH@Z 1000e130 f   _DrdsManager.obj
 0001:0000d140       ?SetUserDefData@CDrdsLib@@UAGHPAD0@Z 1000e140 f   _DrdsManager.obj
 0001:0000d150       ?UDPCreate2@CDrdsLib@@UAGXPAD0@Z 1000e150 f   _DrdsManager.obj
 0001:0000d160       ?UDPCreate@CDrdsLib@@UAGXXZ 1000e160 f   _DrdsManager.obj
 0001:0000d170       ?UDPDestroy@CDrdsLib@@UAGXXZ 1000e170 f   _DrdsManager.obj
 0001:0000d180       ?UdpCreate3@CDrdsLib@@UAGXPAD@Z 1000e180 f   _DrdsManager.obj
 0001:0000d190       ?UnadviseDrdsLib@CAUDrdsManager@@UAGXPAUIDrdsLib@@@Z 1000e190 f   _DrdsManager.obj
 0001:0000d1b0       ?GetInterface@CGateManager@@UAGJHJ@Z 1000e1b0 f   _GateManager.obj
 0001:0000d390       ??$SerializeElements@PAUST_FOR_UserData@@@@YGXAAVCArchive@@PAPAUST_FOR_UserData@@H@Z 1000e390 f i _MainExInfoManager.obj
 0001:0000d440       ??$SerializeElements@UTR_CODEINFOEX@@@@YGXAAVCArchive@@PAUTR_CODEINFOEX@@H@Z 1000e440 f i _MainExInfoManager.obj
 0001:0000d4e0       ??0?$CList@PAUST_FOR_UserData@@PAU1@@@QAE@H@Z 1000e4e0 f i _MainExInfoManager.obj
 0001:0000d520       ??0?$CList@UTR_CODEINFOEX@@U1@@@QAE@H@Z 1000e520 f i _MainExInfoManager.obj
 0001:0000d560       ??0CMainExInfoManager@@QAE@XZ 1000e560 f   _MainExInfoManager.obj
 0001:0000d6f0       ??1?$CList@PAUST_FOR_UserData@@PAU1@@@UAE@XZ 1000e6f0 f i _MainExInfoManager.obj
 0001:0000d760       ??1?$CList@UTR_CODEINFOEX@@U1@@@UAE@XZ 1000e760 f i _MainExInfoManager.obj
 0001:0000d7d0       ??1CCriticalSection@@UAE@XZ 1000e7d0 f i _MainExInfoManager.obj
 0001:0000d7f0       ??1CMainExInfoManager@@QAE@XZ 1000e7f0 f   _MainExInfoManager.obj
 0001:0000d8e0       ??_G?$CList@PAUST_FOR_UserData@@PAU1@@@UAEPAXI@Z 1000e8e0 f i _MainExInfoManager.obj
 0001:0000d8e0       ??_E?$CList@PAUST_FOR_UserData@@PAU1@@@UAEPAXI@Z 1000e8e0 f i _MainExInfoManager.obj
 0001:0000d990       ??_G?$CList@UTR_CODEINFOEX@@U1@@@UAEPAXI@Z 1000e990 f i _MainExInfoManager.obj
 0001:0000d990       ??_E?$CList@UTR_CODEINFOEX@@U1@@@UAEPAXI@Z 1000e990 f i _MainExInfoManager.obj
 0001:0000da40       ??_GCCriticalSection@@UAEPAXI@Z 1000ea40 f i _MainExInfoManager.obj
 0001:0000da40       ??_ECCriticalSection@@UAEPAXI@Z 1000ea40 f i _MainExInfoManager.obj
 0001:0000da90       ?AddTail@?$CList@PAUST_FOR_UserData@@PAU1@@@QAEPAU__POSITION@@PAUST_FOR_UserData@@@Z 1000ea90 f i _MainExInfoManager.obj
 0001:0000db20       ?AddTail@?$CList@UTR_CODEINFOEX@@U1@@@QAEPAU__POSITION@@UTR_CODEINFOEX@@@Z 1000eb20 f i _MainExInfoManager.obj
 0001:0000dbd0       ?AtlThrowImpl@ATL@@YGXJ@Z  1000ebd0 f i _MainExInfoManager.obj
 0001:0000dbf0       ?CheckAutoDelete@CMainExInfoManager@@QAEXXZ 1000ebf0 f   _MainExInfoManager.obj
 0001:0000dc80       ?DeleteData@CMainExInfoManager@@QAEXH@Z 1000ec80 f   _MainExInfoManager.obj
 0001:0000dcd0       ?DeleteImsiGroup@CMainExInfoManager@@QAEXJ@Z 1000ecd0 f   _MainExInfoManager.obj
 0001:0000dd20       ?DeleteUserExData@CMainExInfoManager@@UAGHJ@Z 1000ed20 f   _MainExInfoManager.obj
 0001:0000dd40       ?FreeNode@?$CList@PAUST_FOR_UserData@@PAU1@@@IAEXPAUCNode@1@@Z 1000ed40 f i _MainExInfoManager.obj
 0001:0000dd90       ?GetData@CMainExInfoManager@@UAGPAVCOleVariant@@H@Z 1000ed90 f   _MainExInfoManager.obj
 0001:0000ddc0       ?GetData@CMainExInfoManager@@UAGPAVCOleVariant@@PBD@Z 1000edc0 f   _MainExInfoManager.obj
 0001:0000dde0       ?GetUserData@CMainExInfoManager@@UAGPAU__POSITION@@PBDPAPAEAAH@Z 1000ede0 f   _MainExInfoManager.obj
 0001:0000dfc0       ?GetUserExData@CMainExInfoManager@@UAGJJ@Z 1000efc0 f   _MainExInfoManager.obj
 0001:0000dfe0       ?GetUserStringData@CMainExInfoManager@@UAGHPBDAAV?$CStringT@DV?$StrTraitMFC_DLL@DV?$ChTraitsCRT@D@ATL@@@@@ATL@@@Z 1000efe0 f   _MainExInfoManager.obj
 0001:0000e000       ?IsGetUserExData@CMainExInfoManager@@UAGHJ@Z 1000f000 f   _MainExInfoManager.obj
 0001:0000e020       ?Lock@CCriticalSection@@UAEHK@Z 1000f020 f i _MainExInfoManager.obj
 0001:0000e040       ?NewNode@?$CList@PAUST_FOR_UserData@@PAU1@@@IAEPAUCNode@1@PAU21@0@Z 1000f040 f i _MainExInfoManager.obj
 0001:0000e0b0       ?NewNode@?$CList@UTR_CODEINFOEX@@U1@@@IAEPAUCNode@1@PAU21@0@Z 1000f0b0 f i _MainExInfoManager.obj
 0001:0000e120       ?PreUnLoad@CMainExInfoManager@@QAEXXZ 1000f120 f   _MainExInfoManager.obj
 0001:0000e130       ?RemoveAll@?$CList@PAUST_FOR_UserData@@PAU1@@@QAEXXZ 1000f130 f i _MainExInfoManager.obj
 0001:0000e160       ?RemoveAll@?$CList@UTR_CODEINFOEX@@U1@@@QAEXXZ 1000f160 f i _MainExInfoManager.obj
 0001:0000e190       ?RemoveAt@?$CList@PAUST_FOR_UserData@@PAU1@@@QAEXPAU__POSITION@@@Z 1000f190 f i _MainExInfoManager.obj
 0001:0000e200       ?SaveImgiGroup@CMainExInfoManager@@QAEPAXJ@Z 1000f200 f   _MainExInfoManager.obj
 0001:0000e2a0       ?Serialize@?$CList@PAUST_FOR_UserData@@PAU1@@@UAEXAAVCArchive@@@Z 1000f2a0 f i _MainExInfoManager.obj
 0001:0000e430       ?Serialize@?$CList@UTR_CODEINFOEX@@U1@@@UAEXAAVCArchive@@@Z 1000f430 f i _MainExInfoManager.obj
 0001:0000e5f0       ?SetData@CMainExInfoManager@@UAGHHPBVCOleVariant@@@Z 1000f5f0 f   _MainExInfoManager.obj
 0001:0000e770       ?SetData@CMainExInfoManager@@UAGHPBDPBVCOleVariant@@@Z 1000f770 f   _MainExInfoManager.obj
 0001:0000e7b0       ?SetUserData@CMainExInfoManager@@UAGHPBDJH@Z 1000f7b0 f   _MainExInfoManager.obj
 0001:0000e9d0       ?SetUserExData@CMainExInfoManager@@UAGHJJ@Z 1000f9d0 f   _MainExInfoManager.obj
 0001:0000e9f0       ?SetUserStringData@CMainExInfoManager@@UAGHPBDPAD@Z 1000f9f0 f   _MainExInfoManager.obj
 0001:0000ea20       ?Unlock@CCriticalSection@@UAEHXZ 1000fa20 f i _MainExInfoManager.obj
 0001:0000ea30       ?Unlock@CSyncObject@@UAEHJPAJ@Z 1000fa30 f i _MainExInfoManager.obj
 0001:0000ea40       ?_DoGetUserData@CMainExInfoManager@@QAE_NPBDPAPAEAAH@Z 1000fa40 f   _MainExInfoManager.obj
 0001:0000eba0       ?_DoSaveUserData@CMainExInfoManager@@QAE_NPBDPAEH@Z 1000fba0 f   _MainExInfoManager.obj
 0001:0000ec60       ?fnClearAll@CMainExInfoManager@@QAEXXZ 1000fc60 f   _MainExInfoManager.obj
 0001:0000ee10       ??0CMainInfoManager@@QAE@XZ 1000fe10 f   _MainInfoManager.obj
 0001:0000ee90       ??1CMainInfoManager@@QAE@XZ 1000fe90 f   _MainInfoManager.obj
 0001:0000ef10       ?FreeEnvironmentStringsA@CMainInfoManager@@UAGHPAD@Z 1000ff10 f   _MainInfoManager.obj
 0001:0000ef30       ?GetAccountName@CMainInfoManager@@UAG?AV?$CStringT@DV?$StrTraitMFC_DLL@DV?$ChTraitsCRT@D@ATL@@@@@ATL@@PAD@Z 1000ff30 f   _MainInfoManager.obj
 0001:0000ef70       ?GetAccountPass@CMainInfoManager@@UAG?AV?$CStringT@DV?$StrTraitMFC_DLL@DV?$ChTraitsCRT@D@ATL@@@@@ATL@@PAD@Z 1000ff70 f   _MainInfoManager.obj
 0001:0000efb0       ?GetCountOfAccount@CMainInfoManager@@UAGHXZ 1000ffb0 f   _MainInfoManager.obj
 0001:0000efc0       ?GetDataDir@CMainInfoManager@@UAGPBDXZ 1000ffc0 f   _MainInfoManager.obj
 0001:0000efe0       ?GetDataString@CMainInfoManager@@UAGPBDH@Z 1000ffe0 f   _MainInfoManager.obj
 0001:0000f010       ?GetEncUserDir@CMainInfoManager@@UAGPBDPBD@Z 10010010 f   _MainInfoManager.obj
 0001:0000f0b0       ?GetEncUserID@CMainInfoManager@@UAGPBDXZ 100100b0 f   _MainInfoManager.obj
 0001:0000f0c0       ?GetEnvironmentStrings@CMainInfoManager@@UAGKAAVCStringList@@@Z 100100c0 f   _MainInfoManager.obj
 0001:0000f140       ?GetEnvironmentVariableA@CMainInfoManager@@UAGKPBDAAV?$CStringT@DV?$StrTraitMFC_DLL@DV?$ChTraitsCRT@D@ATL@@@@@ATL@@@Z 10010140 f   _MainInfoManager.obj
 0001:0000f170       ?GetHtsMode@CMainInfoManager@@UAGHXZ 10010170 f   _MainInfoManager.obj
 0001:0000f1f0       ?GetLoginInfo@CMainInfoManager@@UAG?AV?$CStringT@DV?$StrTraitMFC_DLL@DV?$ChTraitsCRT@D@ATL@@@@@ATL@@PBD@Z 100101f0 f   _MainInfoManager.obj
 0001:0000f220       ?GetLoginPass@CMainInfoManager@@UAG?AV?$CStringT@DV?$StrTraitMFC_DLL@DV?$ChTraitsCRT@D@ATL@@@@@ATL@@XZ 10010220 f   _MainInfoManager.obj
 0001:0000f260       ?GetRootDir@CMainInfoManager@@UAGPBDXZ 10010260 f   _MainInfoManager.obj
 0001:0000f280       ?GetUserAccount@CMainInfoManager@@UAGHAAVCStringArray@@@Z 10010280 f   _MainInfoManager.obj
 0001:0000f3d0       ?GetUserID@CMainInfoManager@@UAGPBDXZ 100103d0 f   _MainInfoManager.obj
 0001:0000f4e0       ?HashDataAXIS@CMainInfoManager@@QAGIPBD@Z 100104e0 f   _MainInfoManager.obj
 0001:0000f510       ?IniToEnvironmentTable@CMainInfoManager@@UAGHPBD0@Z 10010510 f   _MainInfoManager.obj
 0001:0000f5f0       ?SetDataString@CMainInfoManager@@UAGHHPBD@Z 100105f0 f   _MainInfoManager.obj
 0001:0000f630       ?SetEnvironmentVariableA@CMainInfoManager@@UAGHPBD0@Z 10010630 f   _MainInfoManager.obj
 0001:0000f6b0       ??$CompareElements@V?$CStringT@DV?$StrTraitMFC_DLL@DV?$ChTraitsCRT@D@ATL@@@@@ATL@@PBD@@YGHPBV?$CStringT@DV?$StrTraitMFC_DLL@DV?$ChTraitsCRT@D@ATL@@@@@ATL@@PBQBD@Z 100106b0 f i _MasterDataManager.obj
 0001:0000f6e0       ??$SerializeElements@H@@YGXAAVCArchive@@PAHH@Z 100106e0 f i _MasterDataManager.obj
 0001:0000f790       ??$SerializeElements@PAUST_STRINGBYTE@@@@YGXAAVCArchive@@PAPAUST_STRINGBYTE@@H@Z 10010790 f i _MasterDataManager.obj
 0001:0000f840       ??$SerializeElements@PAUST_STRINGSTRING@@@@YGXAAVCArchive@@PAPAUST_STRINGSTRING@@H@Z 10010840 f i _MasterDataManager.obj
 0001:0000f8f0       ??$SerializeElements@PAVCMDM_SubItemA@@@@YGXAAVCArchive@@PAPAVCMDM_SubItemA@@H@Z 100108f0 f i _MasterDataManager.obj
 0001:0000f9a0       ??0?$CList@PAUST_STRINGBYTE@@PAU1@@@QAE@H@Z 100109a0 f i _MasterDataManager.obj
 0001:0000f9e0       ??0?$CList@PAUST_STRINGSTRING@@PAU1@@@QAE@H@Z 100109e0 f i _MasterDataManager.obj
 0001:0000fa20       ??0?$CList@PAVCMDM_SubItemA@@PAV1@@@QAE@H@Z 10010a20 f i _MasterDataManager.obj
 0001:0000fa60       ??0?$CMap@V?$CStringT@DV?$StrTraitMFC_DLL@DV?$ChTraitsCRT@D@ATL@@@@@ATL@@PBDHH@@QAE@H@Z 10010a60 f i _MasterDataManager.obj
 0001:0000faa0       ??0CMasterDataManager@@QAE@XZ 10010aa0 f   _MasterDataManager.obj
 0001:0000fc10       ??1?$CList@PAUST_STRINGBYTE@@PAU1@@@UAE@XZ 10010c10 f i _MasterDataManager.obj
 0001:0000fc80       ??1?$CList@PAUST_STRINGSTRING@@PAU1@@@UAE@XZ 10010c80 f i _MasterDataManager.obj
 0001:0000fcf0       ??1?$CList@PAVCMDM_SubItemA@@PAV1@@@UAE@XZ 10010cf0 f i _MasterDataManager.obj
 0001:0000fd60       ??1?$CMap@V?$CStringT@DV?$StrTraitMFC_DLL@DV?$ChTraitsCRT@D@ATL@@@@@ATL@@PBDHH@@UAE@XZ 10010d60 f i _MasterDataManager.obj
 0001:0000fe10       ??1CMasterDataManager@@QAE@XZ 10010e10 f   _MasterDataManager.obj
 0001:0000ffc0       ??8ATL@@YA_NABV?$CStringT@DV?$StrTraitMFC_DLL@DV?$ChTraitsCRT@D@ATL@@@@@0@D@Z 10010fc0 f i _MasterDataManager.obj
 0001:0000fff0       ??A?$CMap@V?$CStringT@DV?$StrTraitMFC_DLL@DV?$ChTraitsCRT@D@ATL@@@@@ATL@@PBDHH@@QAEAAHPBD@Z 10010ff0 f i _MasterDataManager.obj
 0001:00010100       ??_E?$CList@PAUST_STRINGBYTE@@PAU1@@@UAEPAXI@Z 10011100 f i _MasterDataManager.obj
 0001:00010100       ??_G?$CList@PAUST_STRINGBYTE@@PAU1@@@UAEPAXI@Z 10011100 f i _MasterDataManager.obj
 0001:000101b0       ??_E?$CList@PAUST_STRINGSTRING@@PAU1@@@UAEPAXI@Z 100111b0 f i _MasterDataManager.obj
 0001:000101b0       ??_G?$CList@PAUST_STRINGSTRING@@PAU1@@@UAEPAXI@Z 100111b0 f i _MasterDataManager.obj
 0001:00010260       ??_G?$CList@PAVCMDM_SubItemA@@PAV1@@@UAEPAXI@Z 10011260 f i _MasterDataManager.obj
 0001:00010260       ??_E?$CList@PAVCMDM_SubItemA@@PAV1@@@UAEPAXI@Z 10011260 f i _MasterDataManager.obj
 0001:00010310       ??_E?$CMap@V?$CStringT@DV?$StrTraitMFC_DLL@DV?$ChTraitsCRT@D@ATL@@@@@ATL@@PBDHH@@UAEPAXI@Z 10011310 f i _MasterDataManager.obj
 0001:00010310       ??_G?$CMap@V?$CStringT@DV?$StrTraitMFC_DLL@DV?$ChTraitsCRT@D@ATL@@@@@ATL@@PBDHH@@UAEPAXI@Z 10011310 f i _MasterDataManager.obj
 0001:00010350       ?AddHead@?$CList@PAUST_STRINGBYTE@@PAU1@@@QAEPAU__POSITION@@PAUST_STRINGBYTE@@@Z 10011350 f i _MasterDataManager.obj
 0001:00010390       ?AddHead@?$CList@PAUST_STRINGSTRING@@PAU1@@@QAEPAU__POSITION@@PAUST_STRINGSTRING@@@Z 10011390 f i _MasterDataManager.obj
 0001:000103d0       ?AddTail@?$CList@PAUST_STRINGBYTE@@PAU1@@@QAEPAU__POSITION@@PAUST_STRINGBYTE@@@Z 100113d0 f i _MasterDataManager.obj
 0001:00010410       ?AddTail@?$CList@PAUST_STRINGSTRING@@PAU1@@@QAEPAU__POSITION@@PAUST_STRINGSTRING@@@Z 10011410 f i _MasterDataManager.obj
 0001:00010450       ?AddTail@?$CList@PAVCMDM_SubItemA@@PAV1@@@QAEPAU__POSITION@@PAVCMDM_SubItemA@@@Z 10011450 f i _MasterDataManager.obj
 0001:000104e0       ?ClearListSTRINGBYTE@CMasterDataManager@@IAEXPAV?$CList@PAUST_STRINGBYTE@@PAU1@@@@Z 100114e0 f   _MasterDataManager.obj
 0001:00010550       ?ClearListSTRINGSTRING@CMasterDataManager@@IAEXPAV?$CList@PAUST_STRINGSTRING@@PAU1@@@@Z 10011550 f   _MasterDataManager.obj
 0001:000105c0       ?FreeNode@?$CList@PAUST_STRINGBYTE@@PAU1@@@IAEXPAUCNode@1@@Z 100115c0 f i _MasterDataManager.obj
 0001:00010610       ?FreeNode@?$CList@PAUST_STRINGSTRING@@PAU1@@@IAEXPAUCNode@1@@Z 10011610 f i _MasterDataManager.obj
 0001:00010660       ?GetAllStock@CMasterDataManager@@UAGHAAVCStringArray@@0@Z 10011660 f   _MasterDataManager.obj
 0001:00010740       ?GetAssocAt@?$CMap@V?$CStringT@DV?$StrTraitMFC_DLL@DV?$ChTraitsCRT@D@ATL@@@@@ATL@@PBDHH@@IBEPAVCAssoc@1@PBDAAI1@Z 10011740 f i _MasterDataManager.obj
 0001:000107a0       ?GetBaseCodeTable@CMasterDataManager@@UAGJXZ 100117a0 f   _MasterDataManager.obj
 0001:000107b0       ?GetCodeInfo@CMasterDataManager@@UAG?AV?$CStringT@DV?$StrTraitMFC_DLL@DV?$ChTraitsCRT@D@ATL@@@@@ATL@@PBDF0@Z 100117b0 f   _MasterDataManager.obj
 0001:00010860       ?GetCodeMasterHWND@CMasterDataManager@@QAEPAUHWND__@@XZ 10011860 f   _MasterDataManager.obj
 0001:000108a0       ?GetCodeName@CMasterDataManager@@UAG?AV?$CStringT@DV?$StrTraitMFC_DLL@DV?$ChTraitsCRT@D@ATL@@@@@ATL@@PBD@Z 100118a0 f   _MasterDataManager.obj
 0001:00010c00       ?GetCodePointer@CMasterDataManager@@UAGJPBD@Z 10011c00 f   _MasterDataManager.obj
 0001:00010c10       ?GetCodeTypeFromCode@CMasterDataManager@@UAGEPBD@Z 10011c10 f   _MasterDataManager.obj
 0001:000111d0       ?GetELWIndexCode@CMasterDataManager@@UAGHV?$CStringT@DV?$StrTraitMFC_DLL@DV?$ChTraitsCRT@D@ATL@@@@@ATL@@AAV23@1@Z 100121d0 f   _MasterDataManager.obj
 0001:00011200       ?GetELWIndexMaster@CMasterDataManager@@UAGHAAVCStringArray@@0@Z 10012200 f   _MasterDataManager.obj
 0001:000112e0       ?GetELWIssueMaster@CMasterDataManager@@UAGHAAVCStringArray@@0@Z 100122e0 f   _MasterDataManager.obj
 0001:000113c0       ?GetELWMst@CMasterDataManager@@UAGHAAPAVCStringArray@@0@Z 100123c0 f   _MasterDataManager.obj
 0001:000113d0       ?GetETNMst@CMasterDataManager@@UAGHAAPAVCStringArray@@00H@Z 100123d0 f   _MasterDataManager.obj
 0001:000114b0       ?GetFREEUpMst@CMasterDataManager@@UAGHAAPAVCStringArray@@00H@Z 100124b0 f   _MasterDataManager.obj
 0001:000115a0       ?GetFRMst@CMasterDataManager@@UAGHAAPAVCStringArray@@0@Z 100125a0 f   _MasterDataManager.obj
 0001:000115b0       ?GetFRNationMst@CMasterDataManager@@UAGHAAPAVCStringArray@@0@Z 100125b0 f   _MasterDataManager.obj
 0001:000115c0       ?GetFXMst@CMasterDataManager@@UAGHAAPAVCStringArray@@0@Z 100125c0 f   _MasterDataManager.obj
 0001:000116a0       ?GetForeignMst@CMasterDataManager@@UAGHHV?$CStringT@DV?$StrTraitMFC_DLL@DV?$ChTraitsCRT@D@ATL@@@@@ATL@@AAPAVCStringArray@@11@Z 100126a0 f   _MasterDataManager.obj
 0001:000117c0       ?GetFutureJongMst@CMasterDataManager@@UAGHAAPAVCStringArray@@00@Z 100127c0 f   _MasterDataManager.obj
 0001:000118c0       ?GetGlobalDataTypeList@CMasterDataManager@@UAGJXZ 100128c0 f   _MasterDataManager.obj
 0001:000118d0       ?GetGroupMst@CMasterDataManager@@UAGHAAPAVCStringArray@@0H@Z 100128d0 f   _MasterDataManager.obj
 0001:000119b0       ?GetHWND@CMasterDataManager@@QAEPAUHWND__@@XZ 100129b0 f   _MasterDataManager.obj
 0001:000119e0       ?GetHistoryList@CMasterDataManager@@UAG?AV?$CStringT@DV?$StrTraitMFC_DLL@DV?$ChTraitsCRT@D@ATL@@@@@ATL@@FJ@Z 100129e0 f   _MasterDataManager.obj
 0001:00011a00       ?GetItemExpCode@CMasterDataManager@@UAG?AV?$CStringT@DV?$StrTraitMFC_DLL@DV?$ChTraitsCRT@D@ATL@@@@@ATL@@PBD@Z 10012a00 f   _MasterDataManager.obj
 0001:00011a20       ?GetJFMaster@CMasterDataManager@@UAGHAAVCStringArray@@0@Z 10012a20 f   _MasterDataManager.obj
 0001:00011b00       ?GetJPMaster@CMasterDataManager@@UAGHAAVCStringArray@@0@Z 10012b00 f   _MasterDataManager.obj
 0001:00011be0       ?GetK100UpMst@CMasterDataManager@@UAGHAAPAVCStringArray@@00@Z 10012be0 f   _MasterDataManager.obj
 0001:00011cc0       ?GetK200UpMst@CMasterDataManager@@UAGHAAPAVCStringArray@@00@Z 10012cc0 f   _MasterDataManager.obj
 0001:00011da0       ?GetKNXUpMst@CMasterDataManager@@UAGHAAPAVCStringArray@@00H@Z 10012da0 f   _MasterDataManager.obj
 0001:00011e90       ?GetKRXUpMst@CMasterDataManager@@UAGHAAPAVCStringArray@@00H@Z 10012e90 f   _MasterDataManager.obj
 0001:00011f80       ?GetKSPUpMst@CMasterDataManager@@UAGHAAPAVCStringArray@@00H@Z 10012f80 f   _MasterDataManager.obj
 0001:00012070       ?GetKSQUpMst@CMasterDataManager@@UAGHAAPAVCStringArray@@00H@Z 10013070 f   _MasterDataManager.obj
 0001:00012160       ?GetKSTRUpMst@CMasterDataManager@@UAGHAAPAVCStringArray@@00@Z 10013160 f   _MasterDataManager.obj
 0001:00012240       ?GetLastCode@CMasterDataManager@@UAG?AV?$CStringT@DV?$StrTraitMFC_DLL@DV?$ChTraitsCRT@D@ATL@@@@@ATL@@V23@@Z 10013240 f   _MasterDataManager.obj
 0001:00012290       ?GetMarketTypeFromCode@CMasterDataManager@@UAGEPBD@Z 10013290 f   _MasterDataManager.obj
 0001:00012850       ?GetMasterDataInUpDetails@CMasterDataManager@@UAGHV?$CStringT@DV?$StrTraitMFC_DLL@DV?$ChTraitsCRT@D@ATL@@@@@ATL@@AAVCStringArray@@10@Z 10013850 f   _MasterDataManager.obj
 0001:00013050       ?GetMaxHangSaGa@CMasterDataManager@@UAG?AV?$CStringT@DV?$StrTraitMFC_DLL@DV?$ChTraitsCRT@D@ATL@@@@@ATL@@XZ 10014050 f   _MasterDataManager.obj
 0001:00013070       ?GetMiniFutureJongMst@CMasterDataManager@@UAGHAAPAVCStringArray@@00@Z 10014070 f   _MasterDataManager.obj
 0001:00013170       ?GetMiniOptionJongMst@CMasterDataManager@@UAGHAAPAVCStringArray@@0@Z 10014170 f   _MasterDataManager.obj
 0001:000131b0       ?GetOptionJongMst@CMasterDataManager@@UAGHAAPAVCStringArray@@00000@Z 100141b0 f   _MasterDataManager.obj
 0001:00013200       ?GetRecentCode@CMasterDataManager@@UAGHV?$CStringT@DV?$StrTraitMFC_DLL@DV?$ChTraitsCRT@D@ATL@@@@@ATL@@AAV23@H@Z 10014200 f   _MasterDataManager.obj
 0001:00013370       ?GetRecentCodeNameArray@CMasterDataManager@@UAGHHAAVCStringArray@@0@Z 10014370 f   _MasterDataManager.obj
 0001:00013650       ?GetSFutureMst@CMasterDataManager@@UAGHAAPAVCStringArray@@00H@Z 10014650 f   _MasterDataManager.obj
 0001:00013660       ?GetSiteUpKode@CMasterDataManager@@UAGHPBDAAV?$CStringT@DV?$StrTraitMFC_DLL@DV?$ChTraitsCRT@D@ATL@@@@@ATL@@@Z 10014660 f   _MasterDataManager.obj
 0001:000137d0       ?GetStockCodeWithType@CMasterDataManager@@UAGHHAAVCStringArray@@0@Z 100147d0 f   _MasterDataManager.obj
 0001:00013840       ?GetStockDetailInfo@CMasterDataManager@@UAG?AV?$CStringT@DV?$StrTraitMFC_DLL@DV?$ChTraitsCRT@D@ATL@@@@@ATL@@V23@H@Z 10014840 f   _MasterDataManager.obj
 0001:00013870       ?GetThemeGroup@CMasterDataManager@@UAGHAAVCStringArray@@0@Z 10014870 f   _MasterDataManager.obj
 0001:000138d0       ?GetThemeItemList@CMasterDataManager@@UAGHPBDAAVCStringArray@@1@Z 100148d0 f   _MasterDataManager.obj
 0001:00013910       ?GetVFutureMst@CMasterDataManager@@UAGHAAPAVCStringArray@@00H@Z 10014910 f   _MasterDataManager.obj
 0001:000139f0       ?GetWPMaster@CMasterDataManager@@UAGHAAVCStringArray@@0@Z 100149f0 f   _MasterDataManager.obj
 0001:00013ad0       ?GetWeeklyOptionJongMst@CMasterDataManager@@UAGHAAPAVCStringArray@@0@Z 10014ad0 f   _MasterDataManager.obj
 0001:00013b10       ?InitData@CMasterDataManager@@UAGHPBD@Z 10014b10 f   _MasterDataManager.obj
 0001:00013b20       ?InitHashTable@?$CMap@V?$CStringT@DV?$StrTraitMFC_DLL@DV?$ChTraitsCRT@D@ATL@@@@@ATL@@PBDHH@@QAEXIH@Z 10014b20 f i _MasterDataManager.obj
 0001:00013b90       ?InsertHistory@CMasterDataManager@@UAGHFJPBD0@Z 10014b90 f   _MasterDataManager.obj
 0001:00013ba0       ?Lookup@?$CMap@V?$CStringT@DV?$StrTraitMFC_DLL@DV?$ChTraitsCRT@D@ATL@@@@@ATL@@PBDHH@@QBEHPBDAAH@Z 10014ba0 f i _MasterDataManager.obj
 0001:00013be0       ?NewAssoc@?$CMap@V?$CStringT@DV?$StrTraitMFC_DLL@DV?$ChTraitsCRT@D@ATL@@@@@ATL@@PBDHH@@IAEPAVCAssoc@1@PBD@Z 10014be0 f i _MasterDataManager.obj
 0001:00013c60       ?NewNode@?$CList@PAUST_STRINGBYTE@@PAU1@@@IAEPAUCNode@1@PAU21@0@Z 10014c60 f i _MasterDataManager.obj
 0001:00013cd0       ?NewNode@?$CList@PAUST_STRINGSTRING@@PAU1@@@IAEPAUCNode@1@PAU21@0@Z 10014cd0 f i _MasterDataManager.obj
 0001:00013d40       ?NewNode@?$CList@PAVCMDM_SubItemA@@PAV1@@@IAEPAUCNode@1@PAU21@0@Z 10014d40 f i _MasterDataManager.obj
 0001:00013db0       ?RemoveAll@?$CList@PAUST_STRINGBYTE@@PAU1@@@QAEXXZ 10014db0 f i _MasterDataManager.obj
 0001:00013de0       ?RemoveAll@?$CList@PAUST_STRINGSTRING@@PAU1@@@QAEXXZ 10014de0 f i _MasterDataManager.obj
 0001:00013e10       ?RemoveAll@?$CList@PAVCMDM_SubItemA@@PAV1@@@QAEXXZ 10014e10 f i _MasterDataManager.obj
 0001:00013e40       ?RemoveAll@?$CMap@V?$CStringT@DV?$StrTraitMFC_DLL@DV?$ChTraitsCRT@D@ATL@@@@@ATL@@PBDHH@@QAEXXZ 10014e40 f i _MasterDataManager.obj
 0001:00013eb0       ?RemoveAllListData@CMasterDataManager@@UAGHXZ 10014eb0 f   _MasterDataManager.obj
 0001:00013ec0       ?RemoveAt@?$CList@PAUST_STRINGBYTE@@PAU1@@@QAEXPAU__POSITION@@@Z 10014ec0 f i _MasterDataManager.obj
 0001:00013f30       ?RemoveAt@?$CList@PAUST_STRINGSTRING@@PAU1@@@QAEXPAU__POSITION@@@Z 10014f30 f i _MasterDataManager.obj
 0001:00013fa0       ?Serialize@?$CList@PAUST_STRINGBYTE@@PAU1@@@UAEXAAVCArchive@@@Z 10014fa0 f i _MasterDataManager.obj
 0001:000141b0       ?Serialize@?$CList@PAUST_STRINGSTRING@@PAU1@@@UAEXAAVCArchive@@@Z 100151b0 f i _MasterDataManager.obj
 0001:000143c0       ?Serialize@?$CList@PAVCMDM_SubItemA@@PAV1@@@UAEXAAVCArchive@@@Z 100153c0 f i _MasterDataManager.obj
 0001:000145d0       ?Serialize@?$CMap@V?$CStringT@DV?$StrTraitMFC_DLL@DV?$ChTraitsCRT@D@ATL@@@@@ATL@@PBDHH@@UAEXAAVCArchive@@@Z 100155d0 f i _MasterDataManager.obj
 0001:00014990       ?SetAt@?$CMap@V?$CStringT@DV?$StrTraitMFC_DLL@DV?$ChTraitsCRT@D@ATL@@@@@ATL@@PBDHH@@QAEXPBDH@Z 10015990 f i _MasterDataManager.obj
 0001:00014aa0       ?SetDataString@CMasterDataManager@@UAGXFPBD@Z 10015aa0 f   _MasterDataManager.obj
 0001:00014ab0       ?SetInfo@CMasterDataManager@@UAGXJ@Z 10015ab0 f   _MasterDataManager.obj
 0001:00014ac0       ?SetKeyData@CMasterDataManager@@UAGXPBD0@Z 10015ac0 f   _MasterDataManager.obj
 0001:00014ad0       ?SetKeyData@CMasterDataManager@@UAGXPBDJ@Z 10015ad0 f   _MasterDataManager.obj
 0001:00014ae0       ?SetPosition@CMasterDataManager@@UAGXPBDFF@Z 10015ae0 f   _MasterDataManager.obj
 0001:00014af0       ?ShowCodeTable@CMasterDataManager@@UAGJPBDABUtagVARIANT@@@Z 10015af0 f   _MasterDataManager.obj
 0001:00014b00       ?ShowCodeTableWithPosition@CMasterDataManager@@UAGJPBDABUtagVARIANT@@FF@Z 10015b00 f   _MasterDataManager.obj
 0001:00014b10       ?ShowModeCodeTable@CMasterDataManager@@UAGJPBDABUtagVARIANT@@@Z 10015b10 f   _MasterDataManager.obj
 0001:00014b20       ?_DoAddChkCodeSB@CMasterDataManager@@IAEXPAV?$CList@PAUST_STRINGBYTE@@PAU1@@@HPBDE@Z 10015b20 f   _MasterDataManager.obj
 0001:00014c00       ?_DoAddChkCodeSS@CMasterDataManager@@IAEXPAV?$CList@PAUST_STRINGSTRING@@PAU1@@@HPBD1@Z 10015c00 f   _MasterDataManager.obj
 0001:00014d10       ?_DoClearList@CMasterDataManager@@IAEXXZ 10015d10 f   _MasterDataManager.obj
 0001:00014d90       ?_DoGetOldFutureMaster@CMasterDataManager@@IAEHAAVCStringArray@@0@Z 10015d90 f   _MasterDataManager.obj
 0001:00014e50       ?_DoParsingCode2@CMasterDataManager@@IAEXAAV?$CStringT@DV?$StrTraitMFC_DLL@DV?$ChTraitsCRT@D@ATL@@@@@ATL@@AAVCStringArray@@1@Z 10015e50 f   _MasterDataManager.obj
 0001:00014fe0       ?_DoParsingCode@CMasterDataManager@@IAEXAAV?$CStringT@DV?$StrTraitMFC_DLL@DV?$ChTraitsCRT@D@ATL@@@@@ATL@@AAVCStringArray@@1_NH@Z 10015fe0 f   _MasterDataManager.obj
 0001:00015200       ?_DoParsingCodeDPMaster@CMasterDataManager@@IAEXAAV?$CStringT@DV?$StrTraitMFC_DLL@DV?$ChTraitsCRT@D@ATL@@@@@ATL@@AAVCStringArray@@1@Z 10016200 f   _MasterDataManager.obj
 0001:000157a0       ?_DoParsingCodeFX@CMasterDataManager@@IAEXAAV?$CStringT@DV?$StrTraitMFC_DLL@DV?$ChTraitsCRT@D@ATL@@@@@ATL@@AAVCStringArray@@1_NH@Z 100167a0 f   _MasterDataManager.obj
 0001:00015ad0       ?_DoParsingCodeForeign@CMasterDataManager@@IAEXAAV?$CStringT@DV?$StrTraitMFC_DLL@DV?$ChTraitsCRT@D@ATL@@@@@ATL@@AAVCStringArray@@1@Z 10016ad0 f   _MasterDataManager.obj
 0001:00015c60       ?_DoParsingCodeJPMaster@CMasterDataManager@@IAEXAAV?$CStringT@DV?$StrTraitMFC_DLL@DV?$ChTraitsCRT@D@ATL@@@@@ATL@@AAVCStringArray@@1@Z 10016c60 f   _MasterDataManager.obj
 0001:00016190       ?_DoParsingCodeMiniMaster@CMasterDataManager@@IAEXAAV?$CStringT@DV?$StrTraitMFC_DLL@DV?$ChTraitsCRT@D@ATL@@@@@ATL@@AAVCStringArray@@1@Z 10017190 f   _MasterDataManager.obj
 0001:00016720       ?_DoParsingCodePMaster@CMasterDataManager@@IAEXAAV?$CStringT@DV?$StrTraitMFC_DLL@DV?$ChTraitsCRT@D@ATL@@@@@ATL@@AAVCStringArray@@1@Z 10017720 f   _MasterDataManager.obj
 0001:00016ca0       ?_DoParsingCodeWeeklyMaster@CMasterDataManager@@IAEXAAV?$CStringT@DV?$StrTraitMFC_DLL@DV?$ChTraitsCRT@D@ATL@@@@@ATL@@AAVCStringArray@@1@Z 10017ca0 f   _MasterDataManager.obj
 0001:00017320       ?_DoPreChkCodeSB@CMasterDataManager@@IAEEPAV?$CList@PAUST_STRINGBYTE@@PAU1@@@PBD@Z 10018320 f   _MasterDataManager.obj
 0001:00017360       ?_DoPreChkCodeSS@CMasterDataManager@@IAEHPAV?$CList@PAUST_STRINGSTRING@@PAU1@@@PBDAAV?$CStringT@DV?$StrTraitMFC_DLL@DV?$ChTraitsCRT@D@ATL@@@@@ATL@@@Z 10018360 f   _MasterDataManager.obj
 0001:000173b0       ?_DoSortCode@CMasterDataManager@@IAEXAAVCStringArray@@0@Z 100183b0 f   _MasterDataManager.obj
 0001:00017600       ?gFncomparisonFunctionString@@YAHPBX0@Z 10018600 f   _MasterDataManager.obj
 0001:00017640       ??$SerializeElements@PAUST_NewsSignalMng@@@@YGXAAVCArchive@@PAPAUST_NewsSignalMng@@H@Z 10018640 f i _NewSignalManager.obj
 0001:000176f0       ??0?$CList@PAUST_NewsSignalMng@@PAU1@@@QAE@H@Z 100186f0 f i _NewSignalManager.obj
 0001:00017730       ??0CNewsSignalManager@@QAE@XZ 10018730 f   _NewSignalManager.obj
 0001:00017790       ??1?$CList@PAUST_NewsSignalMng@@PAU1@@@UAE@XZ 10018790 f i _NewSignalManager.obj
 0001:00017800       ??1CNewsSignalManager@@QAE@XZ 10018800 f   _NewSignalManager.obj
 0001:00017880       ??_G?$CList@PAUST_NewsSignalMng@@PAU1@@@UAEPAXI@Z 10018880 f i _NewSignalManager.obj
 0001:00017880       ??_E?$CList@PAUST_NewsSignalMng@@PAU1@@@UAEPAXI@Z 10018880 f i _NewSignalManager.obj
 0001:00017930       ?AddTail@?$CList@PAUST_NewsSignalMng@@PAU1@@@QAEPAU__POSITION@@PAUST_NewsSignalMng@@@Z 10018930 f i _NewSignalManager.obj
 0001:000179c0       ?AdviseNewsSignal@CNewsSignalManager@@UAGJDJ@Z 100189c0 f   _NewSignalManager.obj
 0001:00017a70       ?FreeNode@?$CList@PAUST_NewsSignalMng@@PAU1@@@IAEXPAUCNode@1@@Z 10018a70 f i _NewSignalManager.obj
 0001:00017ac0       ?GetAdviseCount@CNewsSignalManager@@UAGHXZ 10018ac0 f   _NewSignalManager.obj
 0001:00017ad0       ?GetDummyHwnd@CNewsSignalManager@@UAGPAUHWND__@@XZ 10018ad0 f   _NewSignalManager.obj
 0001:00017af0       ?GetFilterData@CNewsSignalManager@@UAGXAAJ@Z 10018af0 f   _NewSignalManager.obj
 0001:00017b10       ?GetSiganlTable@CNewsSignalManager@@UAGHV?$CStringT@DV?$StrTraitMFC_DLL@DV?$ChTraitsCRT@D@ATL@@@@@ATL@@AAVCStringArray@@@Z 10018b10 f   _NewSignalManager.obj
 0001:00017b50       ?GetSignalData@CNewsSignalManager@@UAGXV?$CStringT@DV?$StrTraitMFC_DLL@DV?$ChTraitsCRT@D@ATL@@@@@ATL@@AAVCMapStringToPtr@@@Z 10018b50 f   _NewSignalManager.obj
 0001:00017b90       ?NewNode@?$CList@PAUST_NewsSignalMng@@PAU1@@@IAEPAUCNode@1@PAU21@0@Z 10018b90 f i _NewSignalManager.obj
 0001:00017c00       ?RemoveAll@?$CList@PAUST_NewsSignalMng@@PAU1@@@QAEXXZ 10018c00 f i _NewSignalManager.obj
 0001:00017c30       ?RemoveAt@?$CList@PAUST_NewsSignalMng@@PAU1@@@QAEXPAU__POSITION@@@Z 10018c30 f i _NewSignalManager.obj
 0001:00017ca0       ?Serialize@?$CList@PAUST_NewsSignalMng@@PAU1@@@UAEXAAVCArchive@@@Z 10018ca0 f i _NewSignalManager.obj
 0001:00017e30       ?SetFilterData@CNewsSignalManager@@UAGXPAJ@Z 10018e30 f   _NewSignalManager.obj
[...]
 0003:00000320       ?parms@?1??GetMapInfo@CDispMain@@QAE?AV?$CStringT@DV?$StrTraitMFC_DLL@DV?$ChTraitsCRT@D@ATL@@@@@ATL@@F@Z@4PAEA 1002f320     DispMain.obj
 0003:00000324       ?parms@?1??GetUserInfo@CDispMain@@QAE?AV?$CStringT@DV?$StrTraitMFC_DLL@DV?$ChTraitsCRT@D@ATL@@@@@ATL@@F@Z@4PAEA 1002f324     DispMain.obj
 0003:00000328       ?parms@?1??MsgBox@CDispMain@@QAEFPBD0F@Z@4PAEA 1002f328     DispMain.obj
 0003:0000032c       ?parms@?1??ChangeTabProperty@CDispMain@@QAEHFFFF@Z@4PAEA 1002f32c     DispMain.obj
 0003:00000334       ?parms@?1??SetGShareData@CDispMain@@QAEXPBD0F@Z@4PAEA 1002f334     DispMain.obj
 0003:00000338       ?parms@?1??GetGShareData@CDispMain@@QAE?AV?$CStringT@DV?$StrTraitMFC_DLL@DV?$ChTraitsCRT@D@ATL@@@@@ATL@@PBD@Z@4PAEA 1002f338     DispMain.obj
 0003:0000033c       ?parms@?1??SetFrameVariable@CDispMain@@QAEXPBD0@Z@4PAEA 1002f33c     DispMain.obj
 0003:00000340       ?parms@?1??GetFrameVariable@CDispMain@@QAE?AV?$CStringT@DV?$StrTraitMFC_DLL@DV?$ChTraitsCRT@D@ATL@@@@@ATL@@PBD@Z@4PAEA 1002f340     DispMain.obj
 0003:00000344       ?parms@?1??RemoveGlobalData@CDispMain@@QAEHPBD0@Z@4PAEA 1002f344     DispMain.obj
 0003:00000348       ?parms@?1??CloseMain@CDispMain@@QAEXF@Z@4PAEA 1002f348     DispMain.obj
 0003:0000034c       ?parms@?1??SetOpenMapStyle@CDispMain@@QAEXFFFF@Z@4PAEA 1002f34c     DispMain.obj
 0003:00000354       ?parms@?1??GetGwanCode@CDispMain@@QAE?AV?$CStringT@DV?$StrTraitMFC_DLL@DV?$ChTraitsCRT@D@ATL@@@@@ATL@@PBD@Z@4PAEA 1002f354     DispMain.obj
 0003:00000358       ?parms@?1??ShowDialog@CDispMain@@QAEFPBDFF@Z@4PAEA 1002f358     DispMain.obj
 0003:0000035c       ?parms@?1??NotifyEvent@CDispMain@@QAEXPBD0@Z@4PAEA 1002f35c     DispMain.obj
 0003:00000360       ?parms@?1??GetGwanCodeOneGroup@CDispMain@@QAE?AV?$CStringT@DV?$StrTraitMFC_DLL@DV?$ChTraitsCRT@D@ATL@@@@@ATL@@PBD0@Z@4PAEA 1002f360     DispMain.obj
 0003:00000364       ?parms@?1??SetAcctPasswd@CDispMain@@QAEXPBD0@Z@4PAEA 1002f364     DispMain.obj
 0003:00000368       ?parms@?1??GetAcctPasswd@CDispMain@@QAE?AV?$CStringT@DV?$StrTraitMFC_DLL@DV?$ChTraitsCRT@D@ATL@@@@@ATL@@PBD@Z@4PAEA 1002f368     DispMain.obj
 0003:0000036c       ?parms@?1??SetBatchAcctInfo@CDispMain@@QAEXPBD@Z@4PAEA 1002f36c     DispMain.obj
 0003:00000370       ?parms@?1??GetBatchAcctInfo@CDispMain@@QAE?AV?$CStringT@DV?$StrTraitMFC_DLL@DV?$ChTraitsCRT@D@ATL@@@@@ATL@@PBD@Z@4PAEA 1002f370     DispMain.obj
 0003:00000374       ?parms@?1??GetMasterData@CDispMain@@QAE?AV?$CStringT@DV?$StrTraitMFC_DLL@DV?$ChTraitsCRT@D@ATL@@@@@ATL@@F@Z@4PAEA 1002f374     DispMain.obj
 0003:00000378       ?parms@?1??SetOpenMapStyle2@CDispMain@@QAEXFFFFF@Z@4PAEA 1002f378     DispMain.obj
 0003:00000380       ?parms@?1??IHWriteSectionData@CDispMain@@QAEFPBD0000@Z@4PAEA 1002f380     DispMain.obj
 0003:00000388       ?parms@?1??IHGetSectionData@CDispMain@@QAE?AV?$CStringT@DV?$StrTraitMFC_DLL@DV?$ChTraitsCRT@D@ATL@@@@@ATL@@PBD0000@Z@4PAEA 1002f388     DispMain.obj
 0003:00000390       ?parms@?1??IHGetSectionNames@CDispMain@@QAE?AV?$CStringT@DV?$StrTraitMFC_DLL@DV?$ChTraitsCRT@D@ATL@@@@@ATL@@PBD0@Z@4PAEA 1002f390     DispMain.obj
 0003:00000394       ?parms@?1??IHAddSection@CDispMain@@QAEFPBD00@Z@4PAEA 1002f394     DispMain.obj
 0003:00000398       ?parms@?1??IHDeleteSection@CDispMain@@QAEFPBD00@Z@4PAEA 1002f398     DispMain.obj
 0003:0000039c       ?parms@?1??IHRenameSection@CDispMain@@QAEFPBD000@Z@4PAEA 1002f39c     DispMain.obj
 0003:000003a4       ?parms@?1??ChangeFrameSize@CDispMain@@QAEXFFF@Z@4PAEA 1002f3a4     DispMain.obj
 0003:000003a8       ?parms@?1??GetFrameSize@CDispMain@@QAE?AV?$CStringT@DV?$StrTraitMFC_DLL@DV?$ChTraitsCRT@D@ATL@@@@@ATL@@F@Z@4PAEA 1002f3a8     DispMain.obj
 0003:000003ac       ?parms@?1??ReportCall@CDispMain@@QAEXPBDJ0@Z@4PAEA 1002f3ac     DispMain.obj
 0003:000003e0       ?parms@?1??IsUserDefinedMode@CDispPrimLib@@QAEFPBDF@Z@4PAEA 1002f3e0     DispPrimLib.obj
 0003:000003e4       ?parms@?1??ReLoadOtherMap@CDispPrimLib@@QAEXPBD@Z@4PAEA 1002f3e4     DispPrimLib.obj
 0003:000003e8       ?parms@?1??SetMessage@CDispPrimLib@@QAEXPBD@Z@4PAEA 1002f3e8     DispPrimLib.obj
 0003:000003ec       ?parms@?1??MapSwitch@CDispPrimLib@@QAEXPBD@Z@4PAEA 1002f3ec     DispPrimLib.obj
 0003:000003f0       ?parms@?1??InsertSplit@CDispPrimLib@@QAEXPBD0000@Z@4PAEA 1002f3f0     DispPrimLib.obj
 0003:000003f8       ?parms@?1??DeleteSplit@CDispPrimLib@@QAEXPBD@Z@4PAEA 1002f3f8     DispPrimLib.obj
 0003:000003fc       ?parms@?1??TabToggle@CDispPrimLib@@QAEXPBD@Z@4PAEA 1002f3fc     DispPrimLib.obj
 0003:00000400       ?parms@?1??DefaultSetUp@CDispPrimLib@@QAEXPBD0000000@Z@4PAEA 1002f400     DispPrimLib.obj
 0003:0000040c       ?parms@?1??SetActiveTab@CDispPrimLib@@QAEXPBD@Z@4PAEA 1002f40c     DispPrimLib.obj
 0003:00000410       ?parms@?1??ChangeInputRangeResize@CDispPrimLib@@QAEXPBD@Z@4PAEA 1002f410     DispPrimLib.obj
 0003:00000414       ?parms@?1??ToggleWindow@CDispPrimLib@@QAEXPBD00@Z@4PAEA 1002f414     DispPrimLib.obj
 0003:00000418       ?parms@?1??SplitResizeOption@CDispPrimLib@@QAEXPBD00@Z@4PAEA 1002f418     DispPrimLib.obj
 0003:00000424       ?parms@?1??ShowDialog@CDispView@@QAEFPBDF@Z@4PAEA 1002f424     DispView.obj
 0003:00000428       ?parms@?1??MsgBoxID@CDispView@@QAEFFPBD0F@Z@4PAEA 1002f428     DispView.obj
 0003:00000474       ?parms@?1??SetInfo@CDispCodeOcx@@QAEXJ@Z@4PAEA 1002f474     CodeOcx.obj
 0003:00000478       ?parms@?1??ShowCodeTable@CDispCodeOcx@@QAEJPBDABUtagVARIANT@@@Z@4PAEA 1002f478     CodeOcx.obj
 0003:0000047c       ?parms@?1??ShowModeCodeTable@CDispCodeOcx@@QAEJPBDABUtagVARIANT@@@Z@4PAEA 1002f47c     CodeOcx.obj
 0003:00000480       ?parms@?1??SetDataString@CDispCodeOcx@@QAEXFPBD@Z@4PAEA 1002f480     CodeOcx.obj
 0003:00000484       ?parms@?1??InitData@CDispCodeOcx@@QAEHPBD@Z@4PAEA 1002f484     CodeOcx.obj
 0003:00000488       ?parms@?1??GetCodeInfo@CDispCodeOcx@@QAE?AV?$CStringT@DV?$StrTraitMFC_DLL@DV?$ChTraitsCRT@D@ATL@@@@@ATL@@PBDF0@Z@4PAEA 1002f488     CodeOcx.obj
 0003:0000048c       ?parms@?1??SetPosition@CDispCodeOcx@@QAEXPBDFF@Z@4PAEA 1002f48c     CodeOcx.obj
 0003:00000490       ?parms@?1??ShowCodeTableWithPosition@CDispCodeOcx@@QAEJPBDABUtagVARIANT@@FF@Z@4PAEA 1002f490     CodeOcx.obj
 0003:00000498       ?parms@?1??InsertHistory@CDispCodeOcx@@QAEHFJPBD0@Z@4PAEA 1002f498     CodeOcx.obj
 0003:000004a0       ?parms@?1??GetHistoryList@CDispCodeOcx@@QAE?AV?$CStringT@DV?$StrTraitMFC_DLL@DV?$ChTraitsCRT@D@ATL@@@@@ATL@@FJ@Z@4PAEA 1002f4a0     CodeOcx.obj
 0003:000004a4       ?parms@?1??GetCodePointer@CDispCodeOcx@@QAEJPBD@Z@4PAEA 1002f4a4     CodeOcx.obj
 0003:000004a8       ?parms@?1??GetRscMng@CDispCodeOcx@@QAEXJ@Z@4PAEA 1002f4a8     CodeOcx.obj
 0003:00001180       ?RMSG_INTERFACE@@3IB       10030180     #SiteDependency.obj
 0003:00001184       ?RMSG_GETPCTRDATA@@3IB     10030184     #SiteDependency.obj
 0003:00001188       ?RMSG_SETPCTRDATA@@3IB     10030188     #SiteDependency.obj
 0003:0000118c       ?RMSG_CONCERNHWND@@3IB     1003018c     #SiteDependency.obj
 0003:00001190       ?RMSG_INTREQUEST@@3IB      10030190     #SiteDependency.obj
 0003:00001194       ?RMSG_GWANSIMREGISTER@@3IB 10030194     #SiteDependency.obj
 0003:00001198       ?RMSG_INTERFACE@@3IB       10030198     EtcUtil.obj
 0003:0000119c       ?RMSG_GETPCTRDATA@@3IB     1003019c     EtcUtil.obj
 0003:000011a0       ?RMSG_SETPCTRDATA@@3IB     100301a0     EtcUtil.obj
 0003:000011a4       ?RMSG_CONCERNHWND@@3IB     100301a4     EtcUtil.obj
 0003:000011a8       ?RMSG_INTREQUEST@@3IB      100301a8     EtcUtil.obj
 0003:000011ac       ?RMSG_GWANSIMREGISTER@@3IB 100301ac     EtcUtil.obj
 0003:000011b0       ?RMSG_INTERFACE@@3IB       100301b0     GwanWnd.obj
 0003:000011b4       ?RMSG_GETPCTRDATA@@3IB     100301b4     GwanWnd.obj
 0003:000011b8       ?RMSG_SETPCTRDATA@@3IB     100301b8     GwanWnd.obj
 0003:000011bc       ?RMSG_CONCERNHWND@@3IB     100301bc     GwanWnd.obj
 0003:000011c0       ?RMSG_INTREQUEST@@3IB      100301c0     GwanWnd.obj
 0003:000011c4       ?RMSG_GWANSIMREGISTER@@3IB 100301c4     GwanWnd.obj
 0003:000011c8       ?RMSG_INTERFACE@@3IB       100301c8     PCtrMainWnd.obj
 0003:000011cc       ?RMSG_GETPCTRDATA@@3IB     100301cc     PCtrMainWnd.obj
 0003:000011d0       ?RMSG_SETPCTRDATA@@3IB     100301d0     PCtrMainWnd.obj
 0003:000011e0       ?RMSG_INTERFACE@@3IB       100301e0     PcTrMng.obj
 0003:000011e4       ?RMSG_GETPCTRDATA@@3IB     100301e4     PcTrMng.obj
 0003:000011e8       ?RMSG_SETPCTRDATA@@3IB     100301e8     PcTrMng.obj
 0003:000011ec       ?RMSG_CONCERNHWND@@3IB     100301ec     PcTrMng.obj
 0003:000011f0       ?RMSG_INTREQUEST@@3IB      100301f0     PcTrMng.obj
 0003:000011f4       ?RMSG_GWANSIMREGISTER@@3IB 100301f4     PcTrMng.obj
 0003:00001770       ?RMSG_INTERFACE@@3IB       10030770     TrComm.obj
 0003:00001774       ?RMSG_GETPCTRDATA@@3IB     10030774     TrComm.obj
 0003:00001778       ?RMSG_SETPCTRDATA@@3IB     10030778     TrComm.obj
 0003:0000177c       ?RMSG_CONCERNHWND@@3IB     1003077c     TrComm.obj
 0003:00001780       ?RMSG_INTREQUEST@@3IB      10030780     TrComm.obj
 0003:00001784       ?RMSG_GWANSIMREGISTER@@3IB 10030784     TrComm.obj
 0003:00001788       ?RMSG_GETSIGNAL_REAL@@3IB  10030788     TrComm.obj
 0003:0000178c       ?RMSG_INTERFACE@@3IB       1003078c     _CompanyManager.obj
 0003:00001790       ?RMSG_GETPCTRDATA@@3IB     10030790     _CompanyManager.obj
 0003:00001794       ?RMSG_SETPCTRDATA@@3IB     10030794     _CompanyManager.obj
 0003:00001798       ?RMSG_CONCERNHWND@@3IB     10030798     _CompanyManager.obj
 0003:0000179c       ?RMSG_INTREQUEST@@3IB      1003079c     _CompanyManager.obj
 0003:000017a0       ?RMSG_GWANSIMREGISTER@@3IB 100307a0     _CompanyManager.obj
 0003:000017a4       ?RMSG_INTERFACE@@3IB       100307a4     _DataMonitorManager.obj
 0003:000017a8       ?RMSG_GETPCTRDATA@@3IB     100307a8     _DataMonitorManager.obj
 0003:000017ac       ?RMSG_SETPCTRDATA@@3IB     100307ac     _DataMonitorManager.obj
 0003:000017b0       ?RMSG_CONCERNHWND@@3IB     100307b0     _DataMonitorManager.obj
 0003:000017b4       ?RMSG_INTREQUEST@@3IB      100307b4     _DataMonitorManager.obj
 0003:000017b8       ?RMSG_GWANSIMREGISTER@@3IB 100307b8     _DataMonitorManager.obj
 0003:000017bc       ?RMSG_INTERFACE@@3IB       100307bc     _DataUtilManager.obj
 0003:000017c0       ?RMSG_GETPCTRDATA@@3IB     100307c0     _DataUtilManager.obj
 0003:000017c4       ?RMSG_SETPCTRDATA@@3IB     100307c4     _DataUtilManager.obj
 0003:000017c8       ?RMSG_CONCERNHWND@@3IB     100307c8     _DataUtilManager.obj
 0003:000017cc       ?RMSG_INTREQUEST@@3IB      100307cc     _DataUtilManager.obj
 0003:000017d0       ?RMSG_GWANSIMREGISTER@@3IB 100307d0     _DataUtilManager.obj
 0003:000017d4       ?RMSG_INTERFACE@@3IB       100307d4     _DebugManager.obj
 0003:000017d8       ?RMSG_GETPCTRDATA@@3IB     100307d8     _DebugManager.obj
 0003:000017dc       ?RMSG_SETPCTRDATA@@3IB     100307dc     _DebugManager.obj
 0003:000017e0       ?RMSG_CONCERNHWND@@3IB     100307e0     _DebugManager.obj
 0003:000017e4       ?RMSG_INTREQUEST@@3IB      100307e4     _DebugManager.obj
 0003:000017e8       ?RMSG_GWANSIMREGISTER@@3IB 100307e8     _DebugManager.obj
 0003:000017f0       ?RMSG_INTERFACE@@3IB       100307f0     _DrdsManager.obj
 0003:000017f4       ?RMSG_GETPCTRDATA@@3IB     100307f4     _DrdsManager.obj
 0003:000017f8       ?RMSG_SETPCTRDATA@@3IB     100307f8     _DrdsManager.obj
 0003:000017fc       ?RMSG_CONCERNHWND@@3IB     100307fc     _DrdsManager.obj
 0003:00001800       ?RMSG_INTREQUEST@@3IB      10030800     _DrdsManager.obj
 0003:00001804       ?RMSG_GWANSIMREGISTER@@3IB 10030804     _DrdsManager.obj
 0003:00001808       ?RMSG_INTERFACE@@3IB       10030808     _GateManager.obj
 0003:0000180c       ?RMSG_GETPCTRDATA@@3IB     1003080c     _GateManager.obj
 0003:00001810       ?RMSG_SETPCTRDATA@@3IB     10030810     _GateManager.obj
 0003:00001814       ?RMSG_CONCERNHWND@@3IB     10030814     _GateManager.obj
 0003:00001818       ?RMSG_INTREQUEST@@3IB      10030818     _GateManager.obj
 0003:0000181c       ?RMSG_GWANSIMREGISTER@@3IB 1003081c     _GateManager.obj
 0003:00001820       ?RMSG_INTERFACE@@3IB       10030820     _GwanManager.obj
 0003:00001824       ?RMSG_GETPCTRDATA@@3IB     10030824     _GwanManager.obj
 0003:00001828       ?RMSG_SETPCTRDATA@@3IB     10030828     _GwanManager.obj
 0003:0000182c       ?RMSG_CONCERNHWND@@3IB     1003082c     _GwanManager.obj
 0003:00001830       ?RMSG_INTREQUEST@@3IB      10030830     _GwanManager.obj
 0003:00001834       ?RMSG_GWANSIMREGISTER@@3IB 10030834     _GwanManager.obj
 0003:00001838       ?RMSG_INTERFACE@@3IB       10030838     _MainExInfoManager.obj
 0003:0000183c       ?RMSG_GETPCTRDATA@@3IB     1003083c     _MainExInfoManager.obj
 0003:00001840       ?RMSG_SETPCTRDATA@@3IB     10030840     _MainExInfoManager.obj
 0003:00001844       ?RMSG_CONCERNHWND@@3IB     10030844     _MainExInfoManager.obj
 0003:00001848       ?RMSG_INTREQUEST@@3IB      10030848     _MainExInfoManager.obj
 0003:0000184c       ?RMSG_GWANSIMREGISTER@@3IB 1003084c     _MainExInfoManager.obj
 0003:00001854       ?RMSG_INTERFACE@@3IB       10030854     _MainInfoManager.obj
 0003:00001858       ?RMSG_GETPCTRDATA@@3IB     10030858     _MainInfoManager.obj
 0003:0000185c       ?RMSG_SETPCTRDATA@@3IB     1003085c     _MainInfoManager.obj
 0003:00001860       ?RMSG_CONCERNHWND@@3IB     10030860     _MainInfoManager.obj
 0003:00001864       ?RMSG_INTREQUEST@@3IB      10030864     _MainInfoManager.obj
 0003:00001868       ?RMSG_GWANSIMREGISTER@@3IB 10030868     _MainInfoManager.obj
 0003:0000186c       ?strUserName@?1??GetUserID@CMainInfoManager@@UAGPBDXZ@4V?$CStringT@DV?$StrTraitMFC_DLL@DV?$ChTraitsCRT@D@ATL@@@@@ATL@@A 1003086c     _MainInfoManager.obj
 0003:00001870       ?$TSS0@?1??GetUserID@CMainInfoManager@@UAGPBDXZ@4HA 10030870     _MainInfoManager.obj
 0003:00001874       ?RMSG_INTERFACE@@3IB       10030874     _MasterDataManager.obj
 0003:00001878       ?RMSG_GETPCTRDATA@@3IB     10030878     _MasterDataManager.obj
 0003:0000187c       ?RMSG_SETPCTRDATA@@3IB     1003087c     _MasterDataManager.obj
 0003:00001880       ?RMSG_CONCERNHWND@@3IB     10030880     _MasterDataManager.obj
 0003:00001884       ?RMSG_INTREQUEST@@3IB      10030884     _MasterDataManager.obj
 0003:00001888       ?RMSG_GWANSIMREGISTER@@3IB 10030888     _MasterDataManager.obj
 0003:0000188c       ?RMSG_INTERFACE@@3IB       1003088c     _NewSignalManager.obj
 0003:00001890       ?RMSG_GETPCTRDATA@@3IB     10030890     _NewSignalManager.obj
 0003:00001894       ?RMSG_SETPCTRDATA@@3IB     10030894     _NewSignalManager.obj
 0003:00001898       ?RMSG_CONCERNHWND@@3IB     10030898     _NewSignalManager.obj
 0003:0000189c       ?RMSG_INTREQUEST@@3IB      1003089c     _NewSignalManager.obj
 0003:000018a0       ?RMSG_GWANSIMREGISTER@@3IB 100308a0     _NewSignalManager.obj
 0003:000018a4       ?RMSG_INTERFACE@@3IB       100308a4     _PCTrManager.obj
 0003:000018a8       ?RMSG_GETPCTRDATA@@3IB     100308a8     _PCTrManager.obj
 0003:000018ac       ?RMSG_SETPCTRDATA@@3IB     100308ac     _PCTrManager.obj
 0003:000018b0       ?RMSG_CONCERNHWND@@3IB     100308b0     _PCTrManager.obj
 0003:000018b4       ?RMSG_INTREQUEST@@3IB      100308b4     _PCTrManager.obj
 0003:000018b8       ?RMSG_GWANSIMREGISTER@@3IB 100308b8     _PCTrManager.obj
 0003:000018bc       ?RMSG_INTERFACE@@3IB       100308bc     _RegistryManager.obj
 0003:000018c0       ?RMSG_GETPCTRDATA@@3IB     100308c0     _RegistryManager.obj
 0003:000018c4       ?RMSG_SETPCTRDATA@@3IB     100308c4     _RegistryManager.obj
 0003:000018c8       ?RMSG_CONCERNHWND@@3IB     100308c8     _RegistryManager.obj
 0003:000018cc       ?RMSG_INTREQUEST@@3IB      100308cc     _RegistryManager.obj
 0003:000018d0       ?RMSG_GWANSIMREGISTER@@3IB 100308d0     _RegistryManager.obj
 0003:000018d4       ?RMSG_INTERFACE@@3IB       100308d4     _SkinColorManager.obj
 0003:000018d8       ?RMSG_GETPCTRDATA@@3IB     100308d8     _SkinColorManager.obj
 0003:000018dc       ?RMSG_SETPCTRDATA@@3IB     100308dc     _SkinColorManager.obj
 0003:000018e0       ?RMSG_CONCERNHWND@@3IB     100308e0     _SkinColorManager.obj
 0003:000018e4       ?RMSG_INTREQUEST@@3IB      100308e4     _SkinColorManager.obj
 0003:000018e8       ?RMSG_GWANSIMREGISTER@@3IB 100308e8     _SkinColorManager.obj
 0003:000018ec       ?RMSG_INTERFACE@@3IB       100308ec     _STManager.obj
 0003:000018f0       ?RMSG_GETPCTRDATA@@3IB     100308f0     _STManager.obj
 0003:000018f4       ?RMSG_SETPCTRDATA@@3IB     100308f4     _STManager.obj
 0003:000018f8       ?RMSG_CONCERNHWND@@3IB     100308f8     _STManager.obj
 0003:000018fc       ?RMSG_INTREQUEST@@3IB      100308fc     _STManager.obj
 0003:00001900       ?RMSG_GWANSIMREGISTER@@3IB 10030900     _STManager.obj
 0003:00001904       ?RMSG_INTERFACE@@3IB       10030904     _SystemUtilManager.obj
 0003:00001908       ?RMSG_GETPCTRDATA@@3IB     10030908     _SystemUtilManager.obj
 0003:0000190c       ?RMSG_SETPCTRDATA@@3IB     1003090c     _SystemUtilManager.obj
 0003:00001910       ?RMSG_CONCERNHWND@@3IB     10030910     _SystemUtilManager.obj
 0003:00001914       ?RMSG_INTREQUEST@@3IB      10030914     _SystemUtilManager.obj
 0003:00001918       ?RMSG_GWANSIMREGISTER@@3IB 10030918     _SystemUtilManager.obj
 0003:0000191c       ?RMSG_INTERFACE@@3IB       1003091c     _TRCommManager.obj
 0003:00001920       ?RMSG_GETPCTRDATA@@3IB     10030920     _TRCommManager.obj
 0003:00001924       ?RMSG_SETPCTRDATA@@3IB     10030924     _TRCommManager.obj
 0003:00001928       ?RMSG_CONCERNHWND@@3IB     10030928     _TRCommManager.obj
 0003:0000192c       ?RMSG_INTREQUEST@@3IB      1003092c     _TRCommManager.obj
 0003:00001930       ?RMSG_GWANSIMREGISTER@@3IB 10030930     _TRCommManager.obj
 0003:0000196c       ?controlDLL@@3UAFX_EXTENSION_MODULE@@A 1003096c     mfcs140:dllmodul.obj
 0003:00001980       ?afxModuleState@@3V_AFX_DLL_MODULE_STATE@@A 10030980     mfcs140:dllmodul.obj
 0003:00001a1c       ?pafxModuleStatePrev@@3PAVAFX_MODULE_STATE@@A 10030a1c     mfcs140:dllmodul.obj
 0003:00001a30       ?is_initialized_as_dll@@3_NA 10030a30     msvcrt:utility.obj
 0003:00001a31       ?module_local_atexit_table_initialized@@3_NA 10030a31     msvcrt:utility.obj
 0003:00001a34       ?module_local_atexit_table@@3U_onexit_table_t@@A 10030a34     msvcrt:utility.obj
 0003:00001a40       ?module_local_at_quick_exit_table@@3U_onexit_table_t@@A 10030a40     msvcrt:utility.obj
 0003:00001a4c       ?g_tss_cv@@3U_RTL_CONDITION_VARIABLE@@A 10030a4c     msvcrt:thread_safe_statics.obj
 0003:00001a50       ?g_tss_event@@3PAXA        10030a50     msvcrt:thread_safe_statics.obj
 0003:00001a54       ?g_tss_mutex@@3U_RTL_CRITICAL_SECTION@@A 10030a54     msvcrt:thread_safe_statics.obj
 0003:00001a6c       ?g_sleep_condition_variable_cs@@3P6GHPAU_RTL_CONDITION_VARIABLE@@PAU_RTL_CRITICAL_SECTION@@K@ZA 10030a6c     msvcrt:thread_safe_statics.obj
 0003:00001a70       ?g_wake_all_condition_variable@@3P6GXPAU_RTL_CONDITION_VARIABLE@@@ZA 10030a70     msvcrt:thread_safe_statics.obj
 0003:00001a78       _GS_ExceptionRecord        10030a78     msvcrt:gs_report.obj
 0003:00001ac8       _GS_ContextRecord          10030ac8     msvcrt:gs_report.obj
 0003:00001d94       ?__proc_attached@@3HA      10030d94     msvcrt:dll_dllmain.obj
 0004:000000a0       $R000000                   100310a0     PcTrMng.res
 0004:000003d8       $R000338                   100313d8     PcTrMng.res

 Exports

  ordinal    name

        1    ?GetInferface@@YGJIJ@Z (long __stdcall GetInferface(unsigned int,long))
               exported name: GetInferface
        2    ?GetPCTrData@@YGPAXIJ@Z (void * __stdcall GetPCTrData(unsigned int,long))
               exported name: GetPCTrData
        3    ?SetPCTrData@@YGJIJ@Z (long __stdcall SetPCTrData(unsigned int,long))
               exported name: SetPCTrData
        4    ?NotifyPCTrState@@YGJIJ@Z (long __stdcall NotifyPCTrState(unsigned int,long))
               exported name: NotifyPCTrState
