 PCTRWINIX

 Timestamp is 641272d4 (Thu Mar 16 10:37:24 2023)

 Preferred load address is 10000000

 Start         Length     Name                   Class
 0001:00000000 00000960H .text$di                CODE
 0001:00000960 0001ba50H .text$mn                CODE
 0001:0001c3b0 00003360H .text$x                 CODE
 0001:0001f710 00000322H .text$yd                CODE
 0002:00000000 000004c0H .idata$5                DATA
 0002:000004c0 00000008H .00cfg                  DATA
 0002:000004c8 00000004H .CRT$XCA                DATA
 0002:000004cc 00000008H .CRT$XCL                DATA
 0002:000004d4 000000c8H .CRT$XCU                DATA
 0002:0000059c 00000004H .CRT$XCZ                DATA
 0002:000005a0 00000004H .CRT$XIA                DATA
 0002:000005a4 00000004H .CRT$XIC                DATA
 0002:000005a8 00000004H .CRT$XIZ                DATA
 0002:000005ac 00000004H .CRT$XLA                DATA
 0002:000005b0 00000004H .CRT$XLZ                DATA
 0002:000005b4 00000004H .CRT$XPA                DATA
 0002:000005b8 00000004H .CRT$XPZ                DATA
 0002:000005bc 00000004H .CRT$XTA                DATA
 0002:000005c0 00000008H .CRT$XTZ                DATA
 0002:000005c4 00000000H .gfids$y                DATA
 0002:000005c8 00003738H .rdata                  DATA
 0002:00003d00 00000004H .rdata$CastGuardVftablesA DATA
 0002:00003d04 00000004H .rdata$CastGuardVftablesC DATA
 0002:00003d08 00000018H .rdata$T                DATA
 0002:00003d20 00000a14H .rdata$r                DATA
 0002:00004734 00000214H .rdata$sxdata           DATA
 0002:00004948 00000038H .rdata$voltmd           DATA
 0002:00004980 00000430H .rdata$zzzdbg           DATA
 0002:00004db0 00000004H .rtc$IAA                DATA
 0002:00004db4 00000004H .rtc$IZZ                DATA
 0002:00004db8 00000004H .rtc$TAA                DATA
 0002:00004dbc 00000004H .rtc$TZZ                DATA
 0002:00004dc0 00000004H .tls                    DATA
 0002:00004dc4 00000004H .tls$                   DATA
 0002:00004dc8 00000008H .tls$ZZZ                DATA
 0002:00004dd0 00002a44H .xdata$x                DATA
 0002:00007814 00000004H ATL$__a                 DATA
 0002:00007818 00000008H ATL$__z                 DATA
 0002:00007820 00000098H .edata                  DATA
 0002:000078b8 000000c8H .idata$2                DATA
 0002:00007980 00000014H .idata$3                DATA
 0002:00007994 000004c0H .idata$4                DATA
 0002:00007e54 000006b6H .idata$6                DATA
 0003:00000000 000000f8H .data                   DATA
 0003:000000f8 00000020H .data$r                 DATA
 0003:00000118 000005f0H .data$rs                DATA
 0003:00000708 000009a8H .bss                    DATA
 0004:00000000 000000a0H .rsrc$01                DATA
 0004:000000a0 00000518H .rsrc$02                DATA

  Address         Publics by Value              Rva+Base       Lib:Object

 0000:00000000       ___hybrid_code_map         00000000     <absolute>
 0000:00000000       ___hybrid_code_map_count   00000000     <absolute>
 0000:00000000       ___x64_code_ranges_to_entry_points 00000000     <absolute>
 0000:00000000       ___guard_iat_table         00000000     <absolute>
 0000:00000000       ___guard_fids_count        00000000     <absolute>
 0000:00000000       ___arm64x_extra_rfe_table  00000000     <absolute>
 0000:00000000       ___enclave_config          00000000     <absolute>
 0000:00000000       ___AbsoluteZero            00000000     <absolute>
 0000:00000000       ___guard_fids_table        00000000     <absolute>
 0000:00000000       ___hybrid_auxiliary_iat    00000000     <absolute>
 0000:00000000       ___guard_iat_count         00000000     <absolute>
 0000:00000000       ___hybrid_auxiliary_iat_copy 00000000     <absolute>
 0000:00000000       ___guard_longjmp_count     00000000     <absolute>
 0000:00000000       ___guard_eh_cont_table     00000000     <absolute>
 0000:00000000       ___x64_code_ranges_to_entry_points_count 00000000     <absolute>
 0000:00000000       ___guard_longjmp_table     00000000     <absolute>
 0000:00000000       ___arm64x_native_entrypoint 00000000     <absolute>
 0000:00000000       ___dynamic_value_reloc_table 00000000     <absolute>
 0000:00000000       ___arm64x_redirection_metadata_count 00000000     <absolute>
 0000:00000000       ___guard_eh_cont_count     00000000     <absolute>
 0000:00000000       ___arm64x_redirection_metadata 00000000     <absolute>
 0000:00000000       ___guard_check_icall_a64n_fptr 00000000     <absolute>
 0000:00000000       ___arm64x_extra_rfe_table_size 00000000     <absolute>
 0000:0000002c       __tls_array                0000002c     <absolute>
 0000:00000085       ___safe_se_handler_count   00000085     <absolute>
 0000:00000100       ___guard_flags             00000100     <absolute>
 0000:00000000       ___ImageBase               10000000     <linker-defined>
 0001:00000960       ??$CompareElements@V?$CStringT@DV?$StrTraitMFC_DLL@DV?$ChTraitsCRT@D@ATL@@@@@ATL@@PBD@@YGHPBV?$CStringT@DV?$StrTraitMFC_DLL@DV?$ChTraitsCRT@D@ATL@@@@@ATL@@PBQBD@Z 10001960 f i CodeManagerWnd.obj
 0001:00000990       ??$QSortCArray@V?$CArray@U_shjcode@@U1@@@@@YAXAAV?$CArray@U_shjcode@@U1@@@P6AHPBX1@Z@Z 10001990 f i CodeManagerWnd.obj
 0001:000009c0       ??$QSortCArray@V?$CArray@U_sjcode@@U1@@@@@YAXAAV?$CArray@U_sjcode@@U1@@@P6AHPBX1@Z@Z 100019c0 f i CodeManagerWnd.obj
 0001:000009f0       ??$SerializeElements@USFCode@@@@YGXAAVCArchive@@PAUSFCode@@H@Z 100019f0 f i CodeManagerWnd.obj
 0001:00000a90       ??$SerializeElements@USFCodeBase@@@@YGXAAVCArchive@@PAUSFCodeBase@@H@Z 10001a90 f i CodeManagerWnd.obj
 0001:00000b40       ??$SerializeElements@USFCodeInfo@@@@YGXAAVCArchive@@PAUSFCodeInfo@@H@Z 10001b40 f i CodeManagerWnd.obj
 0001:00000bf0       ??$SerializeElements@U_elwdata@@@@YGXAAVCArchive@@PAU_elwdata@@H@Z 10001bf0 f i CodeManagerWnd.obj
 0001:00000c90       ??$SerializeElements@U_pbcode@@@@YGXAAVCArchive@@PAU_pbcode@@H@Z 10001c90 f i CodeManagerWnd.obj
 0001:00000d40       ??$SerializeElements@U_shjcode@@@@YGXAAVCArchive@@PAU_shjcode@@H@Z 10001d40 f i CodeManagerWnd.obj
 0001:00000de0       ??$SerializeElements@U_sjcode@@@@YGXAAVCArchive@@PAU_sjcode@@H@Z 10001de0 f i CodeManagerWnd.obj
 0001:00000e90       ??$SerializeElements@U_uscode@@@@YGXAAVCArchive@@PAU_uscode@@H@Z 10001e90 f i CodeManagerWnd.obj
 0001:00000f30       ??$SerializeElements@Uccode@@@@YGXAAVCArchive@@PAUccode@@H@Z 10001f30 f i CodeManagerWnd.obj
 0001:00000fe0       ??$SerializeElements@Uhjcodex@@@@YGXAAVCArchive@@PAUhjcodex@@H@Z 10001fe0 f i CodeManagerWnd.obj
 0001:00001090       ??$SerializeElements@Uojcode@@@@YGXAAVCArchive@@PAUojcode@@H@Z 10002090 f i CodeManagerWnd.obj
 0001:00001140       ??$SerializeElements@Upjcode@@@@YGXAAVCArchive@@PAUpjcode@@H@Z 10002140 f i CodeManagerWnd.obj
 0001:000011e0       ??$SerializeElements@Uupcode@@@@YGXAAVCArchive@@PAUupcode@@H@Z 100021e0 f i CodeManagerWnd.obj
 0001:00001280       ??0<unnamed-type-call>@ojcode@@QAE@XZ 10002280 f i CodeManagerWnd.obj
 0001:000012a0       ??0<unnamed-type-put>@ojcode@@QAE@XZ 100022a0 f i CodeManagerWnd.obj
 0001:000012c0       ??0?$CArray@USFCodeBase@@U1@@@QAE@XZ 100022c0 f i CodeManagerWnd.obj
 0001:000012f0       ??0?$CArray@U_elwdata@@U1@@@QAE@XZ 100022f0 f i CodeManagerWnd.obj
 0001:00001320       ??0?$CArray@U_pbcode@@U1@@@QAE@XZ 10002320 f i CodeManagerWnd.obj
 0001:00001350       ??0?$CArray@U_shjcode@@U1@@@QAE@XZ 10002350 f i CodeManagerWnd.obj
 0001:00001380       ??0?$CArray@U_sjcode@@U1@@@QAE@XZ 10002380 f i CodeManagerWnd.obj
 0001:000013b0       ??0?$CArray@U_uscode@@U1@@@QAE@XZ 100023b0 f i CodeManagerWnd.obj
 0001:000013e0       ??0?$CArray@Uccode@@U1@@@QAE@XZ 100023e0 f i CodeManagerWnd.obj
 0001:00001410       ??0?$CArray@Uojcode@@U1@@@QAE@XZ 10002410 f i CodeManagerWnd.obj
 0001:00001440       ??0?$CArray@Upjcode@@U1@@@QAE@XZ 10002440 f i CodeManagerWnd.obj
 0001:00001470       ??0?$CArray@Uupcode@@U1@@@QAE@XZ 10002470 f i CodeManagerWnd.obj
 0001:000014a0       ??0?$CMap@V?$CStringT@DV?$StrTraitMFC_DLL@DV?$ChTraitsCRT@D@ATL@@@@@ATL@@PBDUSFCode@@U3@@@QAE@H@Z 100024a0 f i CodeManagerWnd.obj
 0001:000014e0       ??0?$CMap@V?$CStringT@DV?$StrTraitMFC_DLL@DV?$ChTraitsCRT@D@ATL@@@@@ATL@@PBDUSFCodeInfo@@U3@@@QAE@H@Z 100024e0 f i CodeManagerWnd.obj
 0001:00001520       ??0?$CMap@V?$CStringT@DV?$StrTraitMFC_DLL@DV?$ChTraitsCRT@D@ATL@@@@@ATL@@PBDUhjcodex@@U3@@@QAE@H@Z 10002520 f i CodeManagerWnd.obj
 0001:00001560       ??0?$CMap@V?$CStringT@DV?$StrTraitMFC_DLL@DV?$ChTraitsCRT@D@ATL@@@@@ATL@@PBDV12@V12@@@QAE@H@Z 10002560 f i CodeManagerWnd.obj
 0001:000015a0       ??0CCodeManagerWnd@@QAE@XZ 100025a0 f   CodeManagerWnd.obj
 0001:000019c0       ??0SFCode@@QAE@XZ          100029c0 f i CodeManagerWnd.obj
 0001:00001a10       ??0SFCodeInfo@@QAE@XZ      10002a10 f i CodeManagerWnd.obj
 0001:00001aa0       ??0_elwdata@@QAE@ABU0@@Z   10002aa0 f i CodeManagerWnd.obj
 0001:00001b70       ??0_elwdata@@QAE@XZ        10002b70 f i CodeManagerWnd.obj
 0001:00001c00       ??0_shjcode@@QAE@ABU0@@Z   10002c00 f i CodeManagerWnd.obj
 0001:00001d20       ??0ojcode@@QAE@XZ          10002d20 f i CodeManagerWnd.obj
 0001:00001dc0       ??0pjcode@@QAE@XZ          10002dc0 f i CodeManagerWnd.obj
 0001:00001df0       ??1?$CArray@USFCodeBase@@U1@@@UAE@XZ 10002df0 f i CodeManagerWnd.obj
 0001:00001e40       ??1?$CArray@U_elwdata@@U1@@@UAE@XZ 10002e40 f i CodeManagerWnd.obj
 0001:00001f20       ??1?$CArray@U_pbcode@@U1@@@UAE@XZ 10002f20 f i CodeManagerWnd.obj
 0001:00001f70       ??1?$CArray@U_shjcode@@U1@@@UAE@XZ 10002f70 f i CodeManagerWnd.obj
 0001:00001fe0       ??1?$CArray@U_sjcode@@U1@@@UAE@XZ 10002fe0 f i CodeManagerWnd.obj
 0001:00002030       ??1?$CArray@U_uscode@@U1@@@UAE@XZ 10003030 f i CodeManagerWnd.obj
 0001:00002050       ??1?$CArray@Uccode@@U1@@@UAE@XZ 10003050 f i CodeManagerWnd.obj
 0001:00002070       ??1?$CArray@Uojcode@@U1@@@UAE@XZ 10003070 f i CodeManagerWnd.obj
 0001:00002090       ??1?$CArray@Upjcode@@U1@@@UAE@XZ 10003090 f i CodeManagerWnd.obj
 0001:000020b0       ??1?$CArray@Uupcode@@U1@@@UAE@XZ 100030b0 f i CodeManagerWnd.obj
 0001:000020d0       ??1?$CMap@V?$CStringT@DV?$StrTraitMFC_DLL@DV?$ChTraitsCRT@D@ATL@@@@@ATL@@PBDUSFCode@@U3@@@UAE@XZ 100030d0 f i CodeManagerWnd.obj
 0001:00002120       ??1?$CMap@V?$CStringT@DV?$StrTraitMFC_DLL@DV?$ChTraitsCRT@D@ATL@@@@@ATL@@PBDUSFCodeInfo@@U3@@@UAE@XZ 10003120 f i CodeManagerWnd.obj
 0001:00002170       ??1?$CMap@V?$CStringT@DV?$StrTraitMFC_DLL@DV?$ChTraitsCRT@D@ATL@@@@@ATL@@PBDUhjcodex@@U3@@@UAE@XZ 10003170 f i CodeManagerWnd.obj
 0001:000021c0       ??1?$CMap@V?$CStringT@DV?$StrTraitMFC_DLL@DV?$ChTraitsCRT@D@ATL@@@@@ATL@@PBDV12@V12@@@UAE@XZ 100031c0 f i CodeManagerWnd.obj
 0001:00002210       ??1CCodeManagerWnd@@UAE@XZ 10003210 f   CodeManagerWnd.obj
 0001:00002440       ??1CObject@@UAE@XZ         10003440 f i CodeManagerWnd.obj
 0001:00002450       ??1SFCode@@QAE@XZ          10003450 f i CodeManagerWnd.obj
 0001:000024a0       ??1SFCodeBase@@QAE@XZ      100034a0 f i CodeManagerWnd.obj
 0001:000024c0       ??1SFCodeInfo@@QAE@XZ      100034c0 f i CodeManagerWnd.obj
 0001:00002540       ??1_elwdata@@QAE@XZ        10003540 f i CodeManagerWnd.obj
 0001:000025d0       ??1_pbcode@@QAE@XZ         100035d0 f i CodeManagerWnd.obj
 0001:000025f0       ??1_shjcode@@QAE@XZ        100035f0 f i CodeManagerWnd.obj
 0001:00002610       ??1_sjcode@@QAE@XZ         10003610 f i CodeManagerWnd.obj
 0001:00002630       ??4SFCode@@QAEAAU0@ABU0@@Z 10003630 f i CodeManagerWnd.obj
 0001:000026a0       ??4SFCodeInfo@@QAEAAU0@ABU0@@Z 100036a0 f i CodeManagerWnd.obj
 0001:00002720       ??4_elwdata@@QAEAAU0@ABU0@@Z 10003720 f i CodeManagerWnd.obj
 0001:000027b0       ??4_shjcode@@QAEAAU0@ABU0@@Z 100037b0 f i CodeManagerWnd.obj
 0001:000028d0       ??A?$CMap@V?$CStringT@DV?$StrTraitMFC_DLL@DV?$ChTraitsCRT@D@ATL@@@@@ATL@@PBDUSFCode@@U3@@@QAEAAUSFCode@@PBD@Z 100038d0 f i CodeManagerWnd.obj
 0001:00002a30       ??A?$CMap@V?$CStringT@DV?$StrTraitMFC_DLL@DV?$ChTraitsCRT@D@ATL@@@@@ATL@@PBDUSFCodeInfo@@U3@@@QAEAAUSFCodeInfo@@PBD@Z 10003a30 f i CodeManagerWnd.obj
 0001:00002bf0       ??A?$CMap@V?$CStringT@DV?$StrTraitMFC_DLL@DV?$ChTraitsCRT@D@ATL@@@@@ATL@@PBDUhjcodex@@U3@@@QAEAAUhjcodex@@PBD@Z 10003bf0 f i CodeManagerWnd.obj
 0001:00002d30       ??A?$CMap@V?$CStringT@DV?$StrTraitMFC_DLL@DV?$ChTraitsCRT@D@ATL@@@@@ATL@@PBDV12@V12@@@QAEAAV?$CStringT@DV?$StrTraitMFC_DLL@DV?$ChTraitsCRT@D@ATL@@@@@ATL@@PBD@Z 10003d30 f i CodeManagerWnd.obj
 0001:00002e50       ??HATL@@YA?AV?$CStringT@DV?$StrTraitMFC_DLL@DV?$ChTraitsCRT@D@ATL@@@@@0@ABV10@PBD@Z 10003e50 f i CodeManagerWnd.obj
 0001:00002ef0       ??_G?$CArray@USFCodeBase@@U1@@@UAEPAXI@Z 10003ef0 f i CodeManagerWnd.obj
 0001:00002ef0       ??_E?$CArray@USFCodeBase@@U1@@@UAEPAXI@Z 10003ef0 f i CodeManagerWnd.obj
 0001:00002f30       ??_G?$CArray@U_elwdata@@U1@@@UAEPAXI@Z 10003f30 f i CodeManagerWnd.obj
 0001:00002f30       ??_E?$CArray@U_elwdata@@U1@@@UAEPAXI@Z 10003f30 f i CodeManagerWnd.obj
 0001:00002f70       ??_G?$CArray@U_pbcode@@U1@@@UAEPAXI@Z 10003f70 f i CodeManagerWnd.obj
 0001:00002f70       ??_E?$CArray@U_pbcode@@U1@@@UAEPAXI@Z 10003f70 f i CodeManagerWnd.obj
 0001:00002fb0       ??_G?$CArray@U_shjcode@@U1@@@UAEPAXI@Z 10003fb0 f i CodeManagerWnd.obj
 0001:00002fb0       ??_E?$CArray@U_shjcode@@U1@@@UAEPAXI@Z 10003fb0 f i CodeManagerWnd.obj
 0001:00002ff0       ??_E?$CArray@U_sjcode@@U1@@@UAEPAXI@Z 10003ff0 f i CodeManagerWnd.obj
 0001:00002ff0       ??_G?$CArray@U_sjcode@@U1@@@UAEPAXI@Z 10003ff0 f i CodeManagerWnd.obj
 0001:00003030       ??_E?$CArray@U_uscode@@U1@@@UAEPAXI@Z 10004030 f i CodeManagerWnd.obj
 0001:00003030       ??_G?$CArray@U_uscode@@U1@@@UAEPAXI@Z 10004030 f i CodeManagerWnd.obj
 0001:00003080       ??_E?$CArray@Uccode@@U1@@@UAEPAXI@Z 10004080 f i CodeManagerWnd.obj
 0001:00003080       ??_G?$CArray@Uccode@@U1@@@UAEPAXI@Z 10004080 f i CodeManagerWnd.obj
 0001:000030d0       ??_E?$CArray@Uojcode@@U1@@@UAEPAXI@Z 100040d0 f i CodeManagerWnd.obj
 0001:000030d0       ??_G?$CArray@Uojcode@@U1@@@UAEPAXI@Z 100040d0 f i CodeManagerWnd.obj
 0001:00003120       ??_E?$CArray@Upjcode@@U1@@@UAEPAXI@Z 10004120 f i CodeManagerWnd.obj
 0001:00003120       ??_G?$CArray@Upjcode@@U1@@@UAEPAXI@Z 10004120 f i CodeManagerWnd.obj
 0001:00003170       ??_G?$CArray@Uupcode@@U1@@@UAEPAXI@Z 10004170 f i CodeManagerWnd.obj
 0001:00003170       ??_E?$CArray@Uupcode@@U1@@@UAEPAXI@Z 10004170 f i CodeManagerWnd.obj
 0001:000031c0       ??_E?$CMap@V?$CStringT@DV?$StrTraitMFC_DLL@DV?$ChTraitsCRT@D@ATL@@@@@ATL@@PBDUSFCode@@U3@@@UAEPAXI@Z 100041c0 f i CodeManagerWnd.obj
 0001:000031c0       ??_G?$CMap@V?$CStringT@DV?$StrTraitMFC_DLL@DV?$ChTraitsCRT@D@ATL@@@@@ATL@@PBDUSFCode@@U3@@@UAEPAXI@Z 100041c0 f i CodeManagerWnd.obj
 0001:00003250       ??_E?$CMap@V?$CStringT@DV?$StrTraitMFC_DLL@DV?$ChTraitsCRT@D@ATL@@@@@ATL@@PBDUSFCodeInfo@@U3@@@UAEPAXI@Z 10004250 f i CodeManagerWnd.obj
 0001:00003250       ??_G?$CMap@V?$CStringT@DV?$StrTraitMFC_DLL@DV?$ChTraitsCRT@D@ATL@@@@@ATL@@PBDUSFCodeInfo@@U3@@@UAEPAXI@Z 10004250 f i CodeManagerWnd.obj
 0001:000032e0       ??_G?$CMap@V?$CStringT@DV?$StrTraitMFC_DLL@DV?$ChTraitsCRT@D@ATL@@@@@ATL@@PBDUhjcodex@@U3@@@UAEPAXI@Z 100042e0 f i CodeManagerWnd.obj
 0001:000032e0       ??_E?$CMap@V?$CStringT@DV?$StrTraitMFC_DLL@DV?$ChTraitsCRT@D@ATL@@@@@ATL@@PBDUhjcodex@@U3@@@UAEPAXI@Z 100042e0 f i CodeManagerWnd.obj
 0001:00003370       ??_G?$CMap@V?$CStringT@DV?$StrTraitMFC_DLL@DV?$ChTraitsCRT@D@ATL@@@@@ATL@@PBDV12@V12@@@UAEPAXI@Z 10004370 f i CodeManagerWnd.obj
 0001:00003370       ??_E?$CMap@V?$CStringT@DV?$StrTraitMFC_DLL@DV?$ChTraitsCRT@D@ATL@@@@@ATL@@PBDV12@V12@@@UAEPAXI@Z 10004370 f i CodeManagerWnd.obj
 0001:00003400       ??_GCCodeManagerWnd@@UAEPAXI@Z 10004400 f i CodeManagerWnd.obj
 0001:00003400       ??_ECCodeManagerWnd@@UAEPAXI@Z 10004400 f i CodeManagerWnd.obj
 0001:00003440       ??_H@YGXPAXIIP6EPAX0@Z@Z   10004440 f i CodeManagerWnd.obj
 0001:00003470       ?Add@?$CArray@USFCodeBase@@U1@@@QAEHUSFCodeBase@@@Z 10004470 f i CodeManagerWnd.obj
 0001:00003540       ?AfxCrtErrorCheck@@YAHH@Z  10004540 f i CodeManagerWnd.obj
 0001:000036a0       ?AppendItemToList1@CCodeManagerWnd@@QAEXV?$CStringT@DV?$StrTraitMFC_DLL@DV?$ChTraitsCRT@D@ATL@@@@@ATL@@0AAVCStringArray@@1@Z 100046a0 f   CodeManagerWnd.obj
 0001:00003720       ?AssertValid@CObject@@UBEXXZ 10004720 f i CodeManagerWnd.obj
 0001:00003730       ?BeginModalState@CWnd@@UAEXXZ 10004730 f i CodeManagerWnd.obj
 0001:00003740       ?CompareChar@@YAHPBX0@Z    10004740 f   CodeManagerWnd.obj
 0001:00003760       ?DoDataExchange@CWnd@@MAEXPAVCDataExchange@@@Z 10004760 f i CodeManagerWnd.obj
 0001:00003770       ?Dump@CObject@@UBEXAAVCDumpContext@@@Z 10004770 f i CodeManagerWnd.obj
 0001:00003780       ?EndModalState@CWnd@@UAEXXZ 10004780 f i CodeManagerWnd.obj
 0001:00003790       ?ExistFile@CCodeManagerWnd@@QAE_NH_N@Z 10004790 f   CodeManagerWnd.obj
 0001:00003890       ?FindPBCode@CCodeManagerWnd@@QAEHV?$CStringT@DV?$StrTraitMFC_DLL@DV?$ChTraitsCRT@D@ATL@@@@@ATL@@@Z 10004890 f   CodeManagerWnd.obj
 0001:00003960       ?GetAllCodeToList@CCodeManagerWnd@@QAEXAAVCStringArray@@0@Z 10004960 f   CodeManagerWnd.obj
 0001:00003c60       ?GetAssocAt@?$CMap@V?$CStringT@DV?$StrTraitMFC_DLL@DV?$ChTraitsCRT@D@ATL@@@@@ATL@@PBDUSFCode@@U3@@@IBEPAVCAssoc@1@PBDAAI1@Z 10004c60 f i CodeManagerWnd.obj
 0001:00003cc0       ?GetAssocAt@?$CMap@V?$CStringT@DV?$StrTraitMFC_DLL@DV?$ChTraitsCRT@D@ATL@@@@@ATL@@PBDUSFCodeInfo@@U3@@@IBEPAVCAssoc@1@PBDAAI1@Z 10004cc0 f i CodeManagerWnd.obj
 0001:00003d30       ?GetAssocAt@?$CMap@V?$CStringT@DV?$StrTraitMFC_DLL@DV?$ChTraitsCRT@D@ATL@@@@@ATL@@PBDUhjcodex@@U3@@@IBEPAVCAssoc@1@PBDAAI1@Z 10004d30 f i CodeManagerWnd.obj
 0001:00003da0       ?GetAssocAt@?$CMap@V?$CStringT@DV?$StrTraitMFC_DLL@DV?$ChTraitsCRT@D@ATL@@@@@ATL@@PBDV12@V12@@@IBEPAVCAssoc@1@PBDAAI1@Z 10004da0 f i CodeManagerWnd.obj
 0001:00003e00       ?GetCallCodeToList@CCodeManagerWnd@@QAEXAAVCStringArray@@0@Z 10004e00 f   CodeManagerWnd.obj
 0001:00004040       ?GetCodeName@CCodeManagerWnd@@QAE?AV?$CStringT@DV?$StrTraitMFC_DLL@DV?$ChTraitsCRT@D@ATL@@@@@ATL@@V23@@Z 10005040 f   CodeManagerWnd.obj
 0001:000049c0       ?GetELWBaseToList@CCodeManagerWnd@@QAEXV?$CStringT@DV?$StrTraitMFC_DLL@DV?$ChTraitsCRT@D@ATL@@@@@ATL@@AAVCStringArray@@1@Z 100059c0 f   CodeManagerWnd.obj
 0001:00004fd0       ?GetELWBaseTreeList@CCodeManagerWnd@@QAEXAAVCStringArray@@0@Z 10005fd0 f   CodeManagerWnd.obj
 0001:00005120       ?GetELWPBToList@CCodeManagerWnd@@QAEXV?$CStringT@DV?$StrTraitMFC_DLL@DV?$ChTraitsCRT@D@ATL@@@@@ATL@@AAVCStringArray@@1@Z 10006120 f   CodeManagerWnd.obj
 0001:00005510       ?GetELWPBTreeList@CCodeManagerWnd@@QAEXAAVCStringArray@@0@Z 10006510 f   CodeManagerWnd.obj
 0001:00005610       ?GetETCUpToList@CCodeManagerWnd@@QAEXAAVCStringArray@@0@Z 10006610 f   CodeManagerWnd.obj
 0001:000057d0       ?GetETFCodeToList@CCodeManagerWnd@@QAEXAAVCStringArray@@0@Z 100067d0 f   CodeManagerWnd.obj
 0001:00005ab0       ?GetEtnToList@CCodeManagerWnd@@QAEXAAVCStringArray@@0@Z 10006ab0 f   CodeManagerWnd.obj
 0001:00005d90       ?GetForeignDebtTreeList@CCodeManagerWnd@@QAEXAAVCStringArray@@0@Z 10006d90 f   CodeManagerWnd.obj
 0001:00005f40       ?GetForeignExchangeTreeList@CCodeManagerWnd@@QAEXAAVCStringArray@@0@Z 10006f40 f   CodeManagerWnd.obj
 0001:00005fe0       ?GetForeignFutureTreeList@CCodeManagerWnd@@QAEXAAVCStringArray@@0@Z 10006fe0 f   CodeManagerWnd.obj
 0001:00006180       ?GetForeignIndexTreeList@CCodeManagerWnd@@QAEXAAVCStringArray@@0@Z 10007180 f   CodeManagerWnd.obj
 0001:00006340       ?GetForeignItemTreeList@CCodeManagerWnd@@QAEXAAVCStringArray@@0@Z 10007340 f   CodeManagerWnd.obj
 0001:00006540       ?GetForeignMajorToList@CCodeManagerWnd@@QAEXAAVCStringArray@@0@Z 10007540 f   CodeManagerWnd.obj
 0001:00006710       ?GetForeignRateTreeList@CCodeManagerWnd@@QAEXAAVCStringArray@@0@Z 10007710 f   CodeManagerWnd.obj
 0001:000068a0       ?GetForeignToList@CCodeManagerWnd@@QAEXHAAVCStringArray@@0@Z 100078a0 f   CodeManagerWnd.obj
 0001:00006d50       ?GetFreeCodeToList@CCodeManagerWnd@@QAEXAAVCStringArray@@0@Z 10007d50 f   CodeManagerWnd.obj
 0001:00007020       ?GetFreeUpToList@CCodeManagerWnd@@QAEXAAVCStringArray@@0@Z 10008020 f   CodeManagerWnd.obj
 0001:000071e0       ?GetFutureToList@CCodeManagerWnd@@QAEXAAVCStringArray@@0@Z 100081e0 f   CodeManagerWnd.obj
 0001:000073a0       ?GetGroupCodeToList@CCodeManagerWnd@@QAEXHAAVCStringArray@@0@Z 100083a0 f   CodeManagerWnd.obj
 0001:00007660       ?GetIBKMasterData@CCodeManagerWnd@@QAEXIAAVCStringArray@@0@Z 10008660 f   CodeManagerWnd.obj
 0001:00008020       ?GetInterestToList@CCodeManagerWnd@@QAEXHAAVCStringArray@@0@Z 10009020 f   CodeManagerWnd.obj
 0001:00008310       ?GetKNXToList@CCodeManagerWnd@@QAEXAAVCStringArray@@0@Z 10009310 f   CodeManagerWnd.obj
 0001:000085f0       ?GetKNXUpList@CCodeManagerWnd@@QAEXAAVCStringArray@@0@Z 100095f0 f   CodeManagerWnd.obj
 0001:000087a0       ?GetKOFEXTreeList@CCodeManagerWnd@@QAEXAAVCStringArray@@0@Z 100097a0 f   CodeManagerWnd.obj
 0001:00008a10       ?GetKOFExCodeToList@CCodeManagerWnd@@QAEXHAAVCStringArray@@0@Z 10009a10 f   CodeManagerWnd.obj
 0001:00008c70       ?GetKOSPI100Index@CCodeManagerWnd@@QAEXAAVCStringArray@@0@Z 10009c70 f   CodeManagerWnd.obj
 0001:00008e30       ?GetKOSPI200Index@CCodeManagerWnd@@QAEXAAVCStringArray@@0@Z 10009e30 f   CodeManagerWnd.obj
 0001:00008ff0       ?GetKRX100ToList@CCodeManagerWnd@@QAEXAAVCStringArray@@0@Z 10009ff0 f   CodeManagerWnd.obj
 0001:000092c0       ?GetKRXJisuToList@CCodeManagerWnd@@QAEXAAVCStringArray@@0@Z 1000a2c0 f   CodeManagerWnd.obj
 0001:00009520       ?GetKRXToList@CCodeManagerWnd@@QAEXHAAVCStringArray@@0@Z 1000a520 f   CodeManagerWnd.obj
 0001:000098f0       ?GetKRXUpList@CCodeManagerWnd@@QAEXAAVCStringArray@@0@Z 1000a8f0 f   CodeManagerWnd.obj
 0001:00009b50       ?GetKosdaq50ToList@CCodeManagerWnd@@QAEXAAVCStringArray@@0@Z 1000ab50 f   CodeManagerWnd.obj
 0001:00009e20       ?GetKosdaqExToList@CCodeManagerWnd@@QAEXHAAVCStringArray@@0@Z 1000ae20 f   CodeManagerWnd.obj
 0001:0000a100       ?GetKosdaqJisuToList@CCodeManagerWnd@@QAEXAAVCStringArray@@0@Z 1000b100 f   CodeManagerWnd.obj
 0001:0000a2c0       ?GetKosdaqToList@CCodeManagerWnd@@QAEXAAVCStringArray@@0@Z 1000b2c0 f   CodeManagerWnd.obj
 0001:0000a5b0       ?GetKosdaqUpList@CCodeManagerWnd@@QAEXAAVCStringArray@@0@Z 1000b5b0 f   CodeManagerWnd.obj
 0001:0000a770       ?GetKosdaqUpToList@CCodeManagerWnd@@QAEXHAAVCStringArray@@0@Z 1000b770 f   CodeManagerWnd.obj
 0001:0000aae0       ?GetKospi200ToList@CCodeManagerWnd@@QAEXAAVCStringArray@@0@Z 1000bae0 f   CodeManagerWnd.obj
 0001:0000adb0       ?GetKospiExToList@CCodeManagerWnd@@QAEXHAAVCStringArray@@0@Z 1000bdb0 f   CodeManagerWnd.obj
 0001:0000b130       ?GetKospiJisuToList@CCodeManagerWnd@@QAEXAAVCStringArray@@0@Z 1000c130 f   CodeManagerWnd.obj
 0001:0000b380       ?GetKospiToList@CCodeManagerWnd@@QAEXAAVCStringArray@@0@Z 1000c380 f   CodeManagerWnd.obj
 0001:0000b670       ?GetKospiUpList@CCodeManagerWnd@@QAEXAAVCStringArray@@0@Z 1000c670 f   CodeManagerWnd.obj
 0001:0000b8c0       ?GetKospiUpToList@CCodeManagerWnd@@QAEXHAAVCStringArray@@0@Z 1000c8c0 f   CodeManagerWnd.obj
 0001:0000bbe0       ?GetMessageMap@CCodeManagerWnd@@MBEPBUAFX_MSGMAP@@XZ 1000cbe0 f   CodeManagerWnd.obj
 0001:0000bbf0       ?GetMiniCallCodeToList@CCodeManagerWnd@@QAEXAAVCStringArray@@0@Z 1000cbf0 f   CodeManagerWnd.obj
 0001:0000be30       ?GetMiniFutureToList@CCodeManagerWnd@@QAEXAAVCStringArray@@0@Z 1000ce30 f   CodeManagerWnd.obj
 0001:0000bff0       ?GetMiniPutCodeToList@CCodeManagerWnd@@QAEXAAVCStringArray@@0@Z 1000cff0 f   CodeManagerWnd.obj
 0001:0000c230       ?GetPjcodeToList@CCodeManagerWnd@@QAEXV?$CStringT@DV?$StrTraitMFC_DLL@DV?$ChTraitsCRT@D@ATL@@@@@ATL@@DAAVCStringArray@@1@Z 1000d230 f   CodeManagerWnd.obj
 0001:0000c4d0       ?GetPutCodeToList@CCodeManagerWnd@@QAEXAAVCStringArray@@0@Z 1000d4d0 f   CodeManagerWnd.obj
 0001:0000c710       ?GetRecentChxUpCodeList@CCodeManagerWnd@@QAE?AV?$CStringT@DV?$StrTraitMFC_DLL@DV?$ChTraitsCRT@D@ATL@@@@@ATL@@V23@@Z 1000d710 f   CodeManagerWnd.obj
 0001:0000c7a0       ?GetSF2CodeToList@CCodeManagerWnd@@QAEXV?$CStringT@DV?$StrTraitMFC_DLL@DV?$ChTraitsCRT@D@ATL@@@@@ATL@@AAVCStringArray@@1@Z 1000d7a0 f   CodeManagerWnd.obj
 0001:0000c8e0       ?GetSF2TreeList@CCodeManagerWnd@@QAEXAAVCStringArray@@0@Z 1000d8e0 f   CodeManagerWnd.obj
 0001:0000c9e0       ?GetSF2UpList@CCodeManagerWnd@@QAEXAAVCStringArray@@0@Z 1000d9e0 f   CodeManagerWnd.obj
 0001:0000c9f0       ?GetSFutCodeToList@CCodeManagerWnd@@QAEXV?$CStringT@DV?$StrTraitMFC_DLL@DV?$ChTraitsCRT@D@ATL@@@@@ATL@@AAVCStringArray@@1@Z 1000d9f0 f   CodeManagerWnd.obj
 0001:0000cb30       ?GetSFutTreeList@CCodeManagerWnd@@QAEXAAVCStringArray@@0@Z 1000db30 f   CodeManagerWnd.obj
 0001:0000cc30       ?GetSinjuCodeToList@CCodeManagerWnd@@QAEXAAVCStringArray@@0@Z 1000dc30 f   CodeManagerWnd.obj
 0001:0000cf20       ?GetThemaCodeToList@CCodeManagerWnd@@QAEXHAAVCStringArray@@0@Z 1000df20 f   CodeManagerWnd.obj
 0001:0000d1e0       ?GetThemaList@CCodeManagerWnd@@QAEXAAVCStringArray@@0@Z 1000e1e0 f   CodeManagerWnd.obj
 0001:0000d420       ?GetThisMessageMap@CCodeManagerWnd@@KGPBUAFX_MSGMAP@@XZ 1000e420 f   CodeManagerWnd.obj
 0001:0000d430       ?GetUserDir@CCodeManagerWnd@@QAEPBDXZ 1000e430 f   CodeManagerWnd.obj
 0001:0000d470       ?GetVFToList@CCodeManagerWnd@@QAEXAAVCStringArray@@0@Z 1000e470 f   CodeManagerWnd.obj
 0001:0000d480       ?GetWeeklyCallCodeToList@CCodeManagerWnd@@QAEXAAVCStringArray@@0@Z 1000e480 f   CodeManagerWnd.obj
 0001:0000d6c0       ?GetWeeklyPutCodeToList@CCodeManagerWnd@@QAEXAAVCStringArray@@0@Z 1000e6c0 f   CodeManagerWnd.obj
 0001:0000d900       ?InitHashTable@?$CMap@V?$CStringT@DV?$StrTraitMFC_DLL@DV?$ChTraitsCRT@D@ATL@@@@@ATL@@PBDUSFCode@@U3@@@QAEXIH@Z 1000e900 f i CodeManagerWnd.obj
 0001:0000d970       ?InitHashTable@?$CMap@V?$CStringT@DV?$StrTraitMFC_DLL@DV?$ChTraitsCRT@D@ATL@@@@@ATL@@PBDUSFCodeInfo@@U3@@@QAEXIH@Z 1000e970 f i CodeManagerWnd.obj
 0001:0000d9e0       ?InitHashTable@?$CMap@V?$CStringT@DV?$StrTraitMFC_DLL@DV?$ChTraitsCRT@D@ATL@@@@@ATL@@PBDUhjcodex@@U3@@@QAEXIH@Z 1000e9e0 f i CodeManagerWnd.obj
 0001:0000da50       ?InitHashTable@?$CMap@V?$CStringT@DV?$StrTraitMFC_DLL@DV?$ChTraitsCRT@D@ATL@@@@@ATL@@PBDV12@V12@@@QAEXIH@Z 1000ea50 f i CodeManagerWnd.obj
 0001:0000dac0       ?Lookup@?$CMap@V?$CStringT@DV?$StrTraitMFC_DLL@DV?$ChTraitsCRT@D@ATL@@@@@ATL@@PBDUSFCode@@U3@@@QBEHPBDAAUSFCode@@@Z 1000eac0 f i CodeManagerWnd.obj
 0001:0000db00       ?Lookup@?$CMap@V?$CStringT@DV?$StrTraitMFC_DLL@DV?$ChTraitsCRT@D@ATL@@@@@ATL@@PBDUSFCodeInfo@@U3@@@QBEHPBDAAUSFCodeInfo@@@Z 1000eb00 f i CodeManagerWnd.obj
 0001:0000db40       ?Lookup@?$CMap@V?$CStringT@DV?$StrTraitMFC_DLL@DV?$ChTraitsCRT@D@ATL@@@@@ATL@@PBDUhjcodex@@U3@@@QBEHPBDAAUhjcodex@@@Z 1000eb40 f i CodeManagerWnd.obj
 0001:0000db80       ?Lookup@?$CMap@V?$CStringT@DV?$StrTraitMFC_DLL@DV?$ChTraitsCRT@D@ATL@@@@@ATL@@PBDV12@V12@@@QBEHPBDAAV?$CStringT@DV?$StrTraitMFC_DLL@DV?$ChTraitsCRT@D@ATL@@@@@ATL@@@Z 1000eb80 f i CodeManagerWnd.obj
 0001:0000dbc0       ?NewAssoc@?$CMap@V?$CStringT@DV?$StrTraitMFC_DLL@DV?$ChTraitsCRT@D@ATL@@@@@ATL@@PBDUSFCode@@U3@@@IAEPAVCAssoc@1@PBD@Z 1000ebc0 f i CodeManagerWnd.obj
 0001:0000dc90       ?NewAssoc@?$CMap@V?$CStringT@DV?$StrTraitMFC_DLL@DV?$ChTraitsCRT@D@ATL@@@@@ATL@@PBDUSFCodeInfo@@U3@@@IAEPAVCAssoc@1@PBD@Z 1000ec90 f i CodeManagerWnd.obj
 0001:0000ddc0       ?NewAssoc@?$CMap@V?$CStringT@DV?$StrTraitMFC_DLL@DV?$ChTraitsCRT@D@ATL@@@@@ATL@@PBDUhjcodex@@U3@@@IAEPAVCAssoc@1@PBD@Z 1000edc0 f i CodeManagerWnd.obj
 0001:0000de70       ?NewAssoc@?$CMap@V?$CStringT@DV?$StrTraitMFC_DLL@DV?$ChTraitsCRT@D@ATL@@@@@ATL@@PBDV12@V12@@@IAEPAVCAssoc@1@PBD@Z 1000ee70 f i CodeManagerWnd.obj
 0001:0000df00       ?OnUser@CCodeManagerWnd@@IAEJIJ@Z 1000ef00 f   CodeManagerWnd.obj
 0001:0000df30       ?OpenWindow@CCodeManagerWnd@@QAEHXZ 1000ef30 f   CodeManagerWnd.obj
 0001:0000ed40       ?RemoveAll@?$CMap@V?$CStringT@DV?$StrTraitMFC_DLL@DV?$ChTraitsCRT@D@ATL@@@@@ATL@@PBDUSFCode@@U3@@@QAEXXZ 1000fd40 f i CodeManagerWnd.obj
 0001:0000ee10       ?RemoveAll@?$CMap@V?$CStringT@DV?$StrTraitMFC_DLL@DV?$ChTraitsCRT@D@ATL@@@@@ATL@@PBDUSFCodeInfo@@U3@@@QAEXXZ 1000fe10 f i CodeManagerWnd.obj
 0001:0000ef20       ?RemoveAll@?$CMap@V?$CStringT@DV?$StrTraitMFC_DLL@DV?$ChTraitsCRT@D@ATL@@@@@ATL@@PBDUhjcodex@@U3@@@QAEXXZ 1000ff20 f i CodeManagerWnd.obj
 0001:0000ef90       ?RemoveAll@?$CMap@V?$CStringT@DV?$StrTraitMFC_DLL@DV?$ChTraitsCRT@D@ATL@@@@@ATL@@PBDV12@V12@@@QAEXXZ 1000ff90 f i CodeManagerWnd.obj
 0001:0000f010       ?Serialize@?$CArray@USFCodeBase@@U1@@@UAEXAAVCArchive@@@Z 10010010 f i CodeManagerWnd.obj
 0001:0000f0f0       ?Serialize@?$CArray@U_elwdata@@U1@@@UAEXAAVCArchive@@@Z 100100f0 f i CodeManagerWnd.obj
 0001:0000f1c0       ?Serialize@?$CArray@U_pbcode@@U1@@@UAEXAAVCArchive@@@Z 100101c0 f i CodeManagerWnd.obj
 0001:0000f2a0       ?Serialize@?$CArray@U_shjcode@@U1@@@UAEXAAVCArchive@@@Z 100102a0 f i CodeManagerWnd.obj
 0001:0000f370       ?Serialize@?$CArray@U_sjcode@@U1@@@UAEXAAVCArchive@@@Z 10010370 f i CodeManagerWnd.obj
 0001:0000f450       ?Serialize@?$CArray@U_uscode@@U1@@@UAEXAAVCArchive@@@Z 10010450 f i CodeManagerWnd.obj
 0001:0000f520       ?Serialize@?$CArray@Uccode@@U1@@@UAEXAAVCArchive@@@Z 10010520 f i CodeManagerWnd.obj
 0001:0000f600       ?Serialize@?$CArray@Uojcode@@U1@@@UAEXAAVCArchive@@@Z 10010600 f i CodeManagerWnd.obj
 0001:0000f6e0       ?Serialize@?$CArray@Upjcode@@U1@@@UAEXAAVCArchive@@@Z 100106e0 f i CodeManagerWnd.obj
 0001:0000f7b0       ?Serialize@?$CArray@Uupcode@@U1@@@UAEXAAVCArchive@@@Z 100107b0 f i CodeManagerWnd.obj
 0001:0000f880       ?Serialize@?$CMap@V?$CStringT@DV?$StrTraitMFC_DLL@DV?$ChTraitsCRT@D@ATL@@@@@ATL@@PBDUSFCode@@U3@@@UAEXAAVCArchive@@@Z 10010880 f i CodeManagerWnd.obj
 0001:0000fbe0       ?Serialize@?$CMap@V?$CStringT@DV?$StrTraitMFC_DLL@DV?$ChTraitsCRT@D@ATL@@@@@ATL@@PBDUSFCodeInfo@@U3@@@UAEXAAVCArchive@@@Z 10010be0 f i CodeManagerWnd.obj
 0001:0000ffd0       ?Serialize@?$CMap@V?$CStringT@DV?$StrTraitMFC_DLL@DV?$ChTraitsCRT@D@ATL@@@@@ATL@@PBDUhjcodex@@U3@@@UAEXAAVCArchive@@@Z 10010fd0 f i CodeManagerWnd.obj
 0001:00010440       ?Serialize@?$CMap@V?$CStringT@DV?$StrTraitMFC_DLL@DV?$ChTraitsCRT@D@ATL@@@@@ATL@@PBDV12@V12@@@UAEXAAVCArchive@@@Z 10011440 f i CodeManagerWnd.obj
 0001:00010700       ?Serialize@CObject@@UAEXAAVCArchive@@@Z 10011700 f i CodeManagerWnd.obj
 0001:00010710       ?SetAtGrow@?$CArray@USFCodeBase@@U1@@@QAEXHUSFCodeBase@@@Z 10011710 f i CodeManagerWnd.obj
 0001:000107a0       ?SetAtGrow@?$CArray@U_elwdata@@U1@@@QAEXHU_elwdata@@@Z 100117a0 f i CodeManagerWnd.obj
 0001:00010860       ?SetAtGrow@?$CArray@U_pbcode@@U1@@@QAEXHU_pbcode@@@Z 10011860 f i CodeManagerWnd.obj
 0001:000108f0       ?SetAtGrow@?$CArray@U_shjcode@@U1@@@QAEXHU_shjcode@@@Z 100118f0 f i CodeManagerWnd.obj
 0001:00010980       ?SetAtGrow@?$CArray@U_sjcode@@U1@@@QAEXHU_sjcode@@@Z 10011980 f i CodeManagerWnd.obj
 0001:00010a10       ?SetAtGrow@?$CArray@U_uscode@@U1@@@QAEXHU_uscode@@@Z 10011a10 f i CodeManagerWnd.obj
 0001:00010a50       ?SetAtGrow@?$CArray@Uccode@@U1@@@QAEXHUccode@@@Z 10011a50 f i CodeManagerWnd.obj
 0001:00010aa0       ?SetAtGrow@?$CArray@Uojcode@@U1@@@QAEXHUojcode@@@Z 10011aa0 f i CodeManagerWnd.obj
 0001:00010ae0       ?SetAtGrow@?$CArray@Upjcode@@U1@@@QAEXHUpjcode@@@Z 10011ae0 f i CodeManagerWnd.obj
 0001:00010b20       ?SetAtGrow@?$CArray@Uupcode@@U1@@@QAEXHUupcode@@@Z 10011b20 f i CodeManagerWnd.obj
 0001:00010b70       ?SetSize@?$CArray@USFCodeBase@@U1@@@QAEXHH@Z 10011b70 f i CodeManagerWnd.obj
 0001:00010e90       ?SetSize@?$CArray@U_elwdata@@U1@@@QAEXHH@Z 10011e90 f i CodeManagerWnd.obj
 0001:00011360       ?SetSize@?$CArray@U_pbcode@@U1@@@QAEXHH@Z 10012360 f i CodeManagerWnd.obj
 0001:00011670       ?SetSize@?$CArray@U_shjcode@@U1@@@QAEXHH@Z 10012670 f i CodeManagerWnd.obj
 0001:000119c0       ?SetSize@?$CArray@U_sjcode@@U1@@@QAEXHH@Z 100129c0 f i CodeManagerWnd.obj
 0001:00011cd0       ?SetSize@?$CArray@U_uscode@@U1@@@QAEXHH@Z 10012cd0 f i CodeManagerWnd.obj
 0001:00011ea0       ?SetSize@?$CArray@Uccode@@U1@@@QAEXHH@Z 10012ea0 f i CodeManagerWnd.obj
 0001:00012170       ?SetSize@?$CArray@Uojcode@@U1@@@QAEXHH@Z 10013170 f i CodeManagerWnd.obj
 0001:000123f0       ?SetSize@?$CArray@Upjcode@@U1@@@QAEXHH@Z 100133f0 f i CodeManagerWnd.obj
 0001:000126c0       ?SetSize@?$CArray@Uupcode@@U1@@@QAEXHH@Z 100136c0 f i CodeManagerWnd.obj
 0001:00012930       ?_GetCode@CCodeManagerWnd@@IAEJJ@Z 10013930 f   CodeManagerWnd.obj
 0001:00013620       ?_GetCodeName@CCodeManagerWnd@@IAEJJ@Z 10014620 f   CodeManagerWnd.obj
 0001:00013840       ?_GetCodeType@CCodeManagerWnd@@IAEJJ@Z 10014840 f   CodeManagerWnd.obj
 0001:00013850       ?__empty_global_delete@@YAXPAX@Z 10014850 f i CodeManagerWnd.obj
 0001:00013860       ?__global_delete@@YAXPAXI@Z 10014860 f i CodeManagerWnd.obj
 0001:00013860       ?__empty_global_delete@@YAXPAXI@Z 10014860 f i CodeManagerWnd.obj
 0001:00013870       ?compareSortName@@YAHPBX0@Z 10014870 f   CodeManagerWnd.obj
 0001:00013890       ?loadingCFcode@CCodeManagerWnd@@QAEXXZ 10014890 f   CodeManagerWnd.obj
 0001:00013ba0       ?loadingELWcode@CCodeManagerWnd@@QAEXXZ 10014ba0 f   CodeManagerWnd.obj
 0001:00014790       ?loadingFJcode@CCodeManagerWnd@@QAEXXZ 10015790 f   CodeManagerWnd.obj
 0001:00014a80       ?loadingHJcode@CCodeManagerWnd@@QAEXXZ 10015a80 f   CodeManagerWnd.obj
 0001:00015210       ?loadingMFcode@CCodeManagerWnd@@QAEXXZ 10016210 f   CodeManagerWnd.obj
 0001:000154f0       ?loadingMOcode@CCodeManagerWnd@@QAEXXZ 100164f0 f   CodeManagerWnd.obj
 0001:00015740       ?loadingOJcode@CCodeManagerWnd@@QAEXXZ 10016740 f   CodeManagerWnd.obj
 0001:00015990       ?loadingPJcode@CCodeManagerWnd@@QAEXXZ 10016990 f   CodeManagerWnd.obj
 0001:00015bc0       ?loadingRealKey@CCodeManagerWnd@@QAEXXZ 10016bc0 f   CodeManagerWnd.obj
 0001:00015f50       ?loadingSfCode@CCodeManagerWnd@@QAEXXZ 10016f50 f   CodeManagerWnd.obj
 0001:000169d0       ?loadingUPcode@CCodeManagerWnd@@QAEXXZ 100179d0 f   CodeManagerWnd.obj
 0001:00016bb0       ?loadingUSCode@CCodeManagerWnd@@QAEXXZ 10017bb0 f   CodeManagerWnd.obj
 0001:00016de0       ?loadingWOcode@CCodeManagerWnd@@QAEXXZ 10017de0 f   CodeManagerWnd.obj
 0001:00017030       ?parseX@CCodeManagerWnd@@QAE?AV?$CStringT@DV?$StrTraitMFC_DLL@DV?$ChTraitsCRT@D@ATL@@@@@ATL@@AAV23@V23@@Z 10018030 f   CodeManagerWnd.obj
 0001:00017120       ___local_stdio_scanf_options 10018120 f i CodeManagerWnd.obj
 0001:00017130       _sscanf                    10018130 f i CodeManagerWnd.obj
 0001:00017160       ??$SerializeElements@PAVCWinixGwanGroup@@@@YGXAAVCArchive@@PAPAVCWinixGwanGroup@@H@Z 10018160 f i LocalHeader.obj
 0001:00017210       ??0?$CList@PAVCWinixGwanGroup@@PAV1@@@QAE@H@Z 10018210 f i LocalHeader.obj
 0001:00017250       ??0CWinixGwanGroupList@@QAE@XZ 10018250 f   LocalHeader.obj
 0001:00017290       ??0CWinixGwanItem@@QAE@PAUHWND__@@00@Z 10018290 f   LocalHeader.obj
 0001:000172c0       ??1?$CList@PAVCWinixGwanGroup@@PAV1@@@UAE@XZ 100182c0 f i LocalHeader.obj
 0001:00017330       ??1CWinixGwanGroupList@@QAE@XZ 10018330 f   LocalHeader.obj
 0001:00017410       ??1CWinixGwanItem@@QAE@XZ  10018410 f   LocalHeader.obj
 0001:00017420       ??_E?$CList@PAVCWinixGwanGroup@@PAV1@@@UAEPAXI@Z 10018420 f i LocalHeader.obj
 0001:00017420       ??_G?$CList@PAVCWinixGwanGroup@@PAV1@@@UAEPAXI@Z 10018420 f i LocalHeader.obj
 0001:000174d0       ?AddTail@?$CList@PAVCWinixGwanGroup@@PAV1@@@QAEPAU__POSITION@@PAVCWinixGwanGroup@@@Z 100184d0 f i LocalHeader.obj
 0001:00017560       ?DoInitialize@CWinixGwanItem@@QAEXH@Z 10018560 f   LocalHeader.obj
 0001:00017590       ?NewNode@?$CList@PAVCWinixGwanGroup@@PAV1@@@IAEPAUCNode@1@PAU21@0@Z 10018590 f i LocalHeader.obj
 0001:00017600       ?ReceiveData@CTrCommSite@CWinixGwanItem@@UAGJJPBD00PAXJ@Z 10018600 f   LocalHeader.obj
 0001:00017650       ?ReceiveMessage@CTrCommSite@CWinixGwanItem@@UAGJJPBD00@Z 10018650 f   LocalHeader.obj
 0001:00017660       ?ReceiveRealData@CTrCommSite@CWinixGwanItem@@UAGJGPBDPAX@Z 10018660 f   LocalHeader.obj
 0001:00017670       ?RemoveAll@?$CList@PAVCWinixGwanGroup@@PAV1@@@QAEXXZ 10018670 f i LocalHeader.obj
 0001:000176a0       ?RequestGwansimGroup@CWinixGwanItem@@QAEXXZ 100186a0 f   LocalHeader.obj
 0001:000177c0       ?Serialize@?$CList@PAVCWinixGwanGroup@@PAV1@@@UAEXAAVCArchive@@@Z 100187c0 f i LocalHeader.obj
 0001:000179d0       ?StatusChange@CTrCommSite@CWinixGwanItem@@UAGJH@Z 100189d0 f   LocalHeader.obj
 0001:000179e0       ?_DoClearList@CWinixGwanGroupList@@QAEXXZ 100189e0 f   LocalHeader.obj
 0001:00017a50       ??0CPctrWinixApp@@QAE@XZ   10018a50 f   PctrWinix.obj
 0001:00017b40       ??_ECPctrWinixApp@@UAEPAXI@Z 10018b40 f i PctrWinix.obj
 0001:00017b40       ??_GCPctrWinixApp@@UAEPAXI@Z 10018b40 f i PctrWinix.obj
 0001:00017ba0       ?ExitInstance@CPctrWinixApp@@UAEHXZ 10018ba0 f   PctrWinix.obj
 0001:00017bc0       ?GetApplicationRecoveryParameter@CWinApp@@UAEPAXXZ 10018bc0 f i PctrWinix.obj
 0001:00017bd0       ?GetApplicationRecoveryPingInterval@CWinApp@@UAEKXZ 10018bd0 f i PctrWinix.obj
 0001:00017be0       ?GetApplicationRestartFlags@CWinApp@@UAEKXZ 10018be0 f i PctrWinix.obj
 0001:00017bf0       ?GetCodeMaster@@YGPAUHWND__@@XZ 10018bf0 f   PctrWinix.obj
 0001:00017c00       ?GetInferface@@YGJHJ@Z     10018c00 f   PctrWinix.obj
 0001:00017c20       ?GetMessageMap@CPctrWinixApp@@MBEPBUAFX_MSGMAP@@XZ 10018c20 f   PctrWinix.obj
 0001:00017c30       ?GetThisMessageMap@CPctrWinixApp@@KGPBUAFX_MSGMAP@@XZ 10018c30 f   PctrWinix.obj
 0001:00017c40       ?InitInstance@CPctrWinixApp@@UAEHXZ 10018c40 f   PctrWinix.obj
 0001:00017c60       ?ReopenPreviousFilesAtRestart@CWinApp@@UBEHXZ 10018c60 f i PctrWinix.obj
 0001:00017c70       ?RestoreAutosavedFilesAtRestart@CWinApp@@UBEHXZ 10018c70 f i PctrWinix.obj
 0001:00017c80       ?SetInferface@@YGJHJ@Z     10018c80 f   PctrWinix.obj
 0001:00017c90       ?SetPcTrInterface@@YGXHJ@Z 10018c90 f   PctrWinix.obj
 0001:00017ca0       ?SupportsApplicationRecovery@CWinApp@@UBEHXZ 10018ca0 f i PctrWinix.obj
 0001:00017cb0       ?SupportsAutosaveAtInterval@CWinApp@@UBEHXZ 10018cb0 f i PctrWinix.obj
 0001:00017cc0       ?SupportsAutosaveAtRestart@CWinApp@@UBEHXZ 10018cc0 f i PctrWinix.obj
 0001:00017cd0       ?SupportsRestartManager@CWinApp@@UBEHXZ 10018cd0 f i PctrWinix.obj
 0001:00017ce0       ?Allocate@CAtlStringMgr@ATL@@UAEPAUCStringData@2@HH@Z 10018ce0 f i StdAfx.obj
 0001:00017d50       ?Free@CAtlStringMgr@ATL@@UAEXPAUCStringData@2@@Z 10018d50 f i StdAfx.obj
 0001:00017d60       ?Reallocate@CAtlStringMgr@ATL@@UAEPAUCStringData@2@PAU32@HH@Z 10018d60 f i StdAfx.obj
 0001:00017dc0       ?GetNilString@CAtlStringMgr@ATL@@UAEPAUCStringData@2@XZ 10018dc0 f i StdAfx.obj
 0001:00017dd0       ?Clone@CAtlStringMgr@ATL@@UAEPAUIAtlStringMgr@2@XZ 10018dd0 f i StdAfx.obj
 0001:00017de0       ??_ECAtlStringMgr@ATL@@UAEPAXI@Z 10018de0 f i StdAfx.obj
 0001:00017de0       ??_GCAtlStringMgr@ATL@@UAEPAXI@Z 10018de0 f i StdAfx.obj
 0001:00017e10       ?_AfxInitManaged@@YAHXZ    10018e10 f i StdAfx.obj
 0001:00017e20       ?Allocate@CWin32Heap@ATL@@UAEPAXI@Z 10018e20 f i StdAfx.obj
 0001:00017e40       ?Free@CWin32Heap@ATL@@UAEXPAX@Z 10018e40 f i StdAfx.obj
 0001:00017e60       ?Reallocate@CWin32Heap@ATL@@UAEPAXPAXI@Z 10018e60 f i StdAfx.obj
 0001:00017ea0       ?GetSize@CWin32Heap@ATL@@UAEIPAX@Z 10018ea0 f i StdAfx.obj
 0001:00017ec0       ??_GCWin32Heap@ATL@@UAEPAXI@Z 10018ec0 f i StdAfx.obj
 0001:00017ec0       ??_ECWin32Heap@ATL@@UAEPAXI@Z 10018ec0 f i StdAfx.obj
 0001:00017f00       ??1CAtlStringMgr@ATL@@UAE@XZ 10018f00 f i StdAfx.obj
 0001:00017f10       ??1CWin32Heap@ATL@@UAE@XZ  10018f10 f i StdAfx.obj
 0001:00017f30       ?EnsureLinked@CAtlStringMgrStaticInitializer@ATLImplementationDetails@ATL@@QAEPAXXZ 10018f30 f i StdAfx.obj
 0001:00017f40       ?_AtlInitializeCriticalSectionEx@ATL@@YAHPAU_RTL_CRITICAL_SECTION@@KK@Z 10018f40 f i StdAfx.obj
 0001:00017f60       ?_AtlRaiseException@ATL@@YAXKK@Z 10018f60 f i StdAfx.obj
 0001:00017f80       ?GetInterface@CGateManager@@UAGJHJ@Z 10018f80 f   _GateManager.obj
 0001:00017fa0       ??$SerializeElements@PAVCWinixGwanItem@@@@YGXAAVCArchive@@PAPAVCWinixGwanItem@@H@Z 10018fa0 f i _GwanManager.obj
 0001:00018050       ??0?$CList@PAVCWinixGwanItem@@PAV1@@@QAE@H@Z 10019050 f i _GwanManager.obj
 0001:00018090       ??0CAUGwanManager@@QAE@XZ  10019090 f   _GwanManager.obj
 0001:00018130       ??1?$CList@PAVCWinixGwanItem@@PAV1@@@UAE@XZ 10019130 f i _GwanManager.obj
 0001:000181a0       ??1CAUGwanManager@@QAE@XZ  100191a0 f   _GwanManager.obj
 0001:00018280       ??_E?$CList@PAVCWinixGwanItem@@PAV1@@@UAEPAXI@Z 10019280 f i _GwanManager.obj
 0001:00018280       ??_G?$CList@PAVCWinixGwanItem@@PAV1@@@UAEPAXI@Z 10019280 f i _GwanManager.obj
 0001:00018330       ?ADDGwasimItem@CAUGwanManager@@UAGHJV?$CStringT@DV?$StrTraitMFC_DLL@DV?$ChTraitsCRT@D@ATL@@@@@ATL@@0H@Z 10019330 f   _GwanManager.obj
 0001:00018450       ?AddTail@?$CList@PAVCWinixGwanItem@@PAV1@@@QAEPAU__POSITION@@PAVCWinixGwanItem@@@Z 10019450 f i _GwanManager.obj
 0001:000184e0       ?Advise@CAUGwanManager@@EAGJPBD@Z 100194e0 f   _GwanManager.obj
 0001:00018740       ?FreeNode@?$CList@PAVCWinixGwanItem@@PAV1@@@IAEXPAUCNode@1@@Z 10019740 f i _GwanManager.obj
 0001:00018790       ?GetGwanKeyFromName@CAUGwanManager@@UAGPBDJPBD@Z 10019790 f   _GwanManager.obj
 0001:000187a0       ?GetGwansimDataAll@CAUGwanManager@@UAGJJHPBD@Z 100197a0 f   _GwanManager.obj
 0001:000187b0       ?GetGwansimGroupName@CAUGwanManager@@UAGXJAAVCStringArray@@0@Z 100197b0 f   _GwanManager.obj
 0001:000187e0       ?GetGwansimItem@CAUGwanManager@@UAGXJV?$CStringT@DV?$StrTraitMFC_DLL@DV?$ChTraitsCRT@D@ATL@@@@@ATL@@AAVCStringArray@@1@Z 100197e0 f   _GwanManager.obj
 0001:00018990       ?NewNode@?$CList@PAVCWinixGwanItem@@PAV1@@@IAEPAUCNode@1@PAU21@0@Z 10019990 f i _GwanManager.obj
 0001:00018a00       ?ParseGroup@CAUGwanManager@@UAGHJAAVCStringArray@@0@Z 10019a00 f   _GwanManager.obj
 0001:00018b30       ?ParseGwanList@CAUGwanManager@@UAGHIJAAV?$CStringT@DV?$StrTraitMFC_DLL@DV?$ChTraitsCRT@D@ATL@@@@@ATL@@AAVCStringList@@@Z 10019b30 f   _GwanManager.obj
 0001:00018c30       ?Parser@@YA?AV?$CStringT@DV?$StrTraitMFC_DLL@DV?$ChTraitsCRT@D@ATL@@@@@ATL@@AAV12@V12@@Z 10019c30 f   _GwanManager.obj
 0001:00018d20       ?RegiestToImsiGroup@CAUGwanManager@@UAGHJAAVCStringArray@@PAVCWnd@@@Z 10019d20 f   _GwanManager.obj
 0001:00018d30       ?RemoveAll@?$CList@PAVCWinixGwanItem@@PAV1@@@QAEXXZ 10019d30 f i _GwanManager.obj
 0001:00018d60       ?RemoveAt@?$CList@PAVCWinixGwanItem@@PAV1@@@QAEXPAU__POSITION@@@Z 10019d60 f i _GwanManager.obj
 0001:00018dd0       ?RequestGwansimGroup@CAUGwanManager@@UAGXJ@Z 10019dd0 f   _GwanManager.obj
 0001:00018df0       ?Serialize@?$CList@PAVCWinixGwanItem@@PAV1@@@UAEXAAVCArchive@@@Z 10019df0 f i _GwanManager.obj
 0001:00018f80       ?SetRegGwansim@CAUGwanManager@@UAGHJPAVCWnd@@H@Z 10019f80 f   _GwanManager.obj
 0001:00018f90       ?ShowGwansimDlg@CAUGwanManager@@UAGHJPAVCWnd@@V?$CStringT@DV?$StrTraitMFC_DLL@DV?$ChTraitsCRT@D@ATL@@@@@ATL@@@Z 10019f90 f   _GwanManager.obj
 0001:00018ff0       ?ShowGwansimDlgWithList@CAUGwanManager@@UAGHJPAVCWnd@@AAVCStringArray@@@Z 10019ff0 f   _GwanManager.obj
 0001:00019000       ?UnAdvise@CAUGwanManager@@EAGXJ@Z 1001a000 f   _GwanManager.obj
 0001:00019090       ?_DoClearList@CAUGwanManager@@IAEXXZ 1001a090 f   _GwanManager.obj
 0001:000190f0       ?_GetKeyItem@CAUGwanManager@@IAEPAVCWinixGwanItem@@J@Z 1001a0f0 f   _GwanManager.obj
 0001:00019107       ??3@YAXPAX@Z               1001a107 f   mfc140:mfc140.dll
 0001:0001910d       ??_U@YAPAXI@Z              1001a10d f   mfc140:mfc140.dll
 0001:00019113       ??_V@YAXPAX@Z              1001a113 f   mfc140:mfc140.dll
 0001:00019119       ?AfxThrowMemoryException@@YGXXZ 1001a119 f   mfc140:mfc140.dll
 0001:0001911f       ?AfxThrowInvalidArgException@@YGXXZ 1001a11f f   mfc140:mfc140.dll
 0001:00019125       ?AfxThrowArchiveException@@YGXHPBD@Z 1001a125 f   mfc140:mfc140.dll
 0001:0001912b       ?GetRuntimeClass@CObject@@UBEPAUCRuntimeClass@@XZ 1001a12b f   mfc140:mfc140.dll
 0001:00019131       ??A?$CSimpleStringT@D$00@ATL@@QBEDH@Z 1001a131 f   mfc140:mfc140.dll
 0001:00019137       ?Empty@?$CSimpleStringT@D$00@ATL@@QAEXXZ 1001a137 f   mfc140:mfc140.dll
 0001:0001913d       ?GetAt@?$CSimpleStringT@D$00@ATL@@QBEDH@Z 1001a13d f   mfc140:mfc140.dll
 0001:00019143       ?Concatenate@?$CSimpleStringT@D$00@ATL@@KAXAAV12@PBDH1H@Z 1001a143 f   mfc140:mfc140.dll
 0001:00019149       ??0?$CStringT@DV?$StrTraitMFC_DLL@DV?$ChTraitsCRT@D@ATL@@@@@ATL@@QAE@XZ 1001a149 f   mfc140:mfc140.dll
 0001:0001914f       ??0?$CStringT@DV?$StrTraitMFC_DLL@DV?$ChTraitsCRT@D@ATL@@@@@ATL@@QAE@PAUIAtlStringMgr@1@@Z 1001a14f f   mfc140:mfc140.dll
 0001:00019155       ??0?$CStringT@DV?$StrTraitMFC_DLL@DV?$ChTraitsCRT@D@ATL@@@@@ATL@@QAE@ABV01@@Z 1001a155 f   mfc140:mfc140.dll
 0001:0001915b       ??0?$CStringT@DV?$StrTraitMFC_DLL@DV?$ChTraitsCRT@D@ATL@@@@@ATL@@QAE@PBD@Z 1001a15b f   mfc140:mfc140.dll
 0001:00019161       ??0?$CStringT@DV?$StrTraitMFC_DLL@DV?$ChTraitsCRT@D@ATL@@@@@ATL@@QAE@PBDH@Z 1001a161 f   mfc140:mfc140.dll
 0001:00019167       ??1?$CStringT@DV?$StrTraitMFC_DLL@DV?$ChTraitsCRT@D@ATL@@@@@ATL@@QAE@XZ 1001a167 f   mfc140:mfc140.dll
 0001:0001916d       ??4?$CStringT@DV?$StrTraitMFC_DLL@DV?$ChTraitsCRT@D@ATL@@@@@ATL@@QAEAAV01@ABV01@@Z 1001a16d f   mfc140:mfc140.dll
 0001:00019173       ??4?$CStringT@DV?$StrTraitMFC_DLL@DV?$ChTraitsCRT@D@ATL@@@@@ATL@@QAEAAV01@PBD@Z 1001a173 f   mfc140:mfc140.dll
 0001:00019179       ??Y?$CStringT@DV?$StrTraitMFC_DLL@DV?$ChTraitsCRT@D@ATL@@@@@ATL@@QAEAAV01@ABV?$CSimpleStringT@D$00@1@@Z 1001a179 f   mfc140:mfc140.dll
 0001:0001917f       ??Y?$CStringT@DV?$StrTraitMFC_DLL@DV?$ChTraitsCRT@D@ATL@@@@@ATL@@QAEAAV01@D@Z 1001a17f f   mfc140:mfc140.dll
 0001:00019185       ?GetManager@?$CStringT@DV?$StrTraitMFC_DLL@DV?$ChTraitsCRT@D@ATL@@@@@ATL@@QBEPAUIAtlStringMgr@2@XZ 1001a185 f   mfc140:mfc140.dll
 0001:0001918b       ?Compare@?$CStringT@DV?$StrTraitMFC_DLL@DV?$ChTraitsCRT@D@ATL@@@@@ATL@@QBEHPBD@Z 1001a18b f   mfc140:mfc140.dll
 0001:00019191       ?CompareNoCase@?$CStringT@DV?$StrTraitMFC_DLL@DV?$ChTraitsCRT@D@ATL@@@@@ATL@@QBEHPBD@Z 1001a191 f   mfc140:mfc140.dll
 0001:00019197       ?Find@?$CStringT@DV?$StrTraitMFC_DLL@DV?$ChTraitsCRT@D@ATL@@@@@ATL@@QBEHDH@Z 1001a197 f   mfc140:mfc140.dll
 0001:0001919d       ?Find@?$CStringT@DV?$StrTraitMFC_DLL@DV?$ChTraitsCRT@D@ATL@@@@@ATL@@QBEHPBDH@Z 1001a19d f   mfc140:mfc140.dll
 0001:000191a3       ?MakeUpper@?$CStringT@DV?$StrTraitMFC_DLL@DV?$ChTraitsCRT@D@ATL@@@@@ATL@@QAEAAV12@XZ 1001a1a3 f   mfc140:mfc140.dll
 0001:000191a9       ?TrimRight@?$CStringT@DV?$StrTraitMFC_DLL@DV?$ChTraitsCRT@D@ATL@@@@@ATL@@QAEAAV12@XZ 1001a1a9 f   mfc140:mfc140.dll
 0001:000191af       ?TrimLeft@?$CStringT@DV?$StrTraitMFC_DLL@DV?$ChTraitsCRT@D@ATL@@@@@ATL@@QAEAAV12@XZ 1001a1af f   mfc140:mfc140.dll
 0001:000191b5       ?Mid@?$CStringT@DV?$StrTraitMFC_DLL@DV?$ChTraitsCRT@D@ATL@@@@@ATL@@QBE?AV12@H@Z 1001a1b5 f   mfc140:mfc140.dll
 0001:000191bb       ?Mid@?$CStringT@DV?$StrTraitMFC_DLL@DV?$ChTraitsCRT@D@ATL@@@@@ATL@@QBE?AV12@HH@Z 1001a1bb f   mfc140:mfc140.dll
 0001:000191c1       ?Right@?$CStringT@DV?$StrTraitMFC_DLL@DV?$ChTraitsCRT@D@ATL@@@@@ATL@@QBE?AV12@H@Z 1001a1c1 f   mfc140:mfc140.dll
 0001:000191c7       ?Left@?$CStringT@DV?$StrTraitMFC_DLL@DV?$ChTraitsCRT@D@ATL@@@@@ATL@@QBE?AV12@H@Z 1001a1c7 f   mfc140:mfc140.dll
 0001:000191cd       ?Format@?$CStringT@DV?$StrTraitMFC_DLL@DV?$ChTraitsCRT@D@ATL@@@@@ATL@@QAAXPBDZZ 1001a1cd f   mfc140:mfc140.dll
 0001:000191d3       ??0CFile@@QAE@XZ           1001a1d3 f   mfc140:mfc140.dll
 0001:000191d9       ??0CFile@@QAE@PBDI@Z       1001a1d9 f   mfc140:mfc140.dll
 0001:000191df       ?Open@CFile@@UAEHPBDIPAVCFileException@@@Z 1001a1df f   mfc140:mfc140.dll
 0001:000191e5       ?GetLength@CFile@@UBE_KXZ  1001a1e5 f   mfc140:mfc140.dll
 0001:000191eb       ?Read@CFile@@UAEIPAXI@Z    1001a1eb f   mfc140:mfc140.dll
 0001:000191f1       ?Close@CFile@@UAEXXZ       1001a1f1 f   mfc140:mfc140.dll
 0001:000191f7       ??1CFile@@UAE@XZ           1001a1f7 f   mfc140:mfc140.dll
 0001:000191fd       ??0CFileFind@@QAE@XZ       1001a1fd f   mfc140:mfc140.dll
 0001:00019203       ??1CFileFind@@UAE@XZ       1001a203 f   mfc140:mfc140.dll
 0001:00019209       ?FindFile@CFileFind@@UAEHPBDK@Z 1001a209 f   mfc140:mfc140.dll
 0001:0001920f       ?Read@CArchive@@QAEIPAXI@Z 1001a20f f   mfc140:mfc140.dll
 0001:00019215       ?Write@CArchive@@QAEXPBXI@Z 1001a215 f   mfc140:mfc140.dll
 0001:0001921b       ?ReadCount@CArchive@@QAEKXZ 1001a21b f   mfc140:mfc140.dll
 0001:00019221       ?WriteCount@CArchive@@QAEXK@Z 1001a221 f   mfc140:mfc140.dll
 0001:00019227       ??0CStringArray@@QAE@XZ    1001a227 f   mfc140:mfc140.dll
 0001:0001922d       ?SetSize@CStringArray@@QAEXHH@Z 1001a22d f   mfc140:mfc140.dll
 0001:00019233       ?SetAtGrow@CStringArray@@QAEXHPBD@Z 1001a233 f   mfc140:mfc140.dll
 0001:00019239       ?SetAtGrow@CStringArray@@QAEXHABV?$CStringT@DV?$StrTraitMFC_DLL@DV?$ChTraitsCRT@D@ATL@@@@@ATL@@@Z 1001a239 f   mfc140:mfc140.dll
 0001:0001923f       ??1CStringArray@@UAE@XZ    1001a23f f   mfc140:mfc140.dll
 0001:00019245       ??0CMapStringToString@@QAE@H@Z 1001a245 f   mfc140:mfc140.dll
 0001:0001924b       ??1CMapStringToString@@UAE@XZ 1001a24b f   mfc140:mfc140.dll
 0001:00019251       ?Create@CPlex@@SGPAU1@AAPAU1@II@Z 1001a251 f   mfc140:mfc140.dll
 0001:00019257       ?FreeDataChain@CPlex@@QAEXXZ 1001a257 f   mfc140:mfc140.dll
 0001:0001925d       ??$SerializeElements@V?$CStringT@DV?$StrTraitMFC_DLL@DV?$ChTraitsCRT@D@ATL@@@@@ATL@@@@YGXAAVCArchive@@PAV?$CStringT@DV?$StrTraitMFC_DLL@DV?$ChTraitsCRT@D@ATL@@@@@ATL@@H@Z 1001a25d f   mfc140:mfc140.dll
 0001:00019263       ??$HashKey@PBD@@YGIPBD@Z   1001a263 f   mfc140:mfc140.dll
 0001:00019269       ?OnCmdMsg@CCmdTarget@@UAEHIHPAXPAUAFX_CMDHANDLERINFO@@@Z 1001a269 f   mfc140:mfc140.dll
 0001:0001926f       ?IsInvokeAllowed@CCmdTarget@@UAEHJ@Z 1001a26f f   mfc140:mfc140.dll
 0001:00019275       ?GetDispatchIID@CCmdTarget@@UAEHPAU_GUID@@@Z 1001a275 f   mfc140:mfc140.dll
 0001:0001927b       ?GetTypeInfoCount@CCmdTarget@@UAEIXZ 1001a27b f   mfc140:mfc140.dll
 0001:00019281       ?GetTypeLibCache@CCmdTarget@@UAEPAVCTypeLibCache@@XZ 1001a281 f   mfc140:mfc140.dll
 0001:00019287       ?GetTypeLib@CCmdTarget@@UAEJKPAPAUITypeLib@@@Z 1001a287 f   mfc140:mfc140.dll
 0001:0001928d       ?GetCommandMap@CCmdTarget@@MBEPBUAFX_OLECMDMAP@@XZ 1001a28d f   mfc140:mfc140.dll
 0001:00019293       ?GetDispatchMap@CCmdTarget@@MBEPBUAFX_DISPMAP@@XZ 1001a293 f   mfc140:mfc140.dll
 0001:00019299       ?GetConnectionMap@CCmdTarget@@MBEPBUAFX_CONNECTIONMAP@@XZ 1001a299 f   mfc140:mfc140.dll
 0001:0001929f       ?GetEventSinkMap@CCmdTarget@@MBEPBUAFX_EVENTSINKMAP@@XZ 1001a29f f   mfc140:mfc140.dll
 0001:000192a5       ?OnCreateAggregates@CCmdTarget@@UAEHXZ 1001a2a5 f   mfc140:mfc140.dll
 0001:000192ab       ?GetInterfaceHook@CCmdTarget@@UAEPAUIUnknown@@PBX@Z 1001a2ab f   mfc140:mfc140.dll
 0001:000192b1       ?GetExtraConnectionPoints@CCmdTarget@@MAEHPAVCPtrArray@@@Z 1001a2b1 f   mfc140:mfc140.dll
 0001:000192b7       ?GetConnectionHook@CCmdTarget@@MAEPAUIConnectionPoint@@ABU_GUID@@@Z 1001a2b7 f   mfc140:mfc140.dll
 0001:000192bd       ?GetRuntimeClass@CWnd@@UBEPAUCRuntimeClass@@XZ 1001a2bd f   mfc140:mfc140.dll
 0001:000192c3       ??0CWnd@@QAE@XZ            1001a2c3 f   mfc140:mfc140.dll
 0001:000192c9       ?PreSubclassWindow@CWnd@@UAEXXZ 1001a2c9 f   mfc140:mfc140.dll
 0001:000192cf       ?Create@CWnd@@UAEHPBD0KABUtagRECT@@PAV1@IPAUCCreateContext@@@Z 1001a2cf f   mfc140:mfc140.dll
 0001:000192d5       ?CreateEx@CWnd@@UAEHKPBD0KHHHHPAUHWND__@@PAUHMENU__@@PAX@Z 1001a2d5 f   mfc140:mfc140.dll
 0001:000192db       ?CreateEx@CWnd@@UAEHKPBD0KABUtagRECT@@PAV1@IPAX@Z 1001a2db f   mfc140:mfc140.dll
 0001:000192e1       ?DestroyWindow@CWnd@@UAEHXZ 1001a2e1 f   mfc140:mfc140.dll
 0001:000192e7       ?PreCreateWindow@CWnd@@UAEHAAUtagCREATESTRUCTA@@@Z 1001a2e7 f   mfc140:mfc140.dll
 0001:000192ed       ?CalcWindowRect@CWnd@@UAEXPAUtagRECT@@I@Z 1001a2ed f   mfc140:mfc140.dll
 0001:000192f3       ?GetMenu@CWnd@@UBEPAVCMenu@@XZ 1001a2f3 f   mfc140:mfc140.dll
 0001:000192f9       ?SetMenu@CWnd@@UAEHPAVCMenu@@@Z 1001a2f9 f   mfc140:mfc140.dll
 0001:000192ff       ?ShowWindow@CWnd@@QAEHH@Z  1001a2ff f   mfc140:mfc140.dll
 0001:00019305       ?OnToolHitTest@CWnd@@UBEHVCPoint@@PAUtagTOOLINFOA@@@Z 1001a305 f   mfc140:mfc140.dll
 0001:0001930b       ?GetScrollBarCtrl@CWnd@@UBEPAVCScrollBar@@H@Z 1001a30b f   mfc140:mfc140.dll
 0001:00019311       ?WinHelpA@CWnd@@UAEXKI@Z   1001a311 f   mfc140:mfc140.dll
 0001:00019317       ?HtmlHelpA@CWnd@@UAEXKI@Z  1001a317 f   mfc140:mfc140.dll
 0001:0001931d       ?WinHelpInternal@CWnd@@UAEXKI@Z 1001a31d f   mfc140:mfc140.dll
 0001:00019323       ?ContinueModal@CWnd@@UAEHXZ 1001a323 f   mfc140:mfc140.dll
 0001:00019329       ?EndModalLoop@CWnd@@UAEXH@Z 1001a329 f   mfc140:mfc140.dll
 0001:0001932f       ?OnDrawIconicThumbnailOrLivePreview@CWnd@@UAEXAAVCDC@@VCRect@@VCSize@@HAAH@Z 1001a32f f   mfc140:mfc140.dll
 0001:00019335       ?GetInterfaceMap@CWnd@@MBEPBUAFX_INTERFACEMAP@@XZ 1001a335 f   mfc140:mfc140.dll
 0001:0001933b       ?EnsureStdObj@CWnd@@UAEJXZ 1001a33b f   mfc140:mfc140.dll
 0001:00019341       ?get_accParent@CWnd@@UAEJPAPAUIDispatch@@@Z 1001a341 f   mfc140:mfc140.dll
 0001:00019347       ?get_accChildCount@CWnd@@UAEJPAJ@Z 1001a347 f   mfc140:mfc140.dll
 0001:0001934d       ?get_accChild@CWnd@@UAEJUtagVARIANT@@PAPAUIDispatch@@@Z 1001a34d f   mfc140:mfc140.dll
 0001:00019353       ?get_accName@CWnd@@UAEJUtagVARIANT@@PAPA_W@Z 1001a353 f   mfc140:mfc140.dll
 0001:00019359       ?get_accValue@CWnd@@UAEJUtagVARIANT@@PAPA_W@Z 1001a359 f   mfc140:mfc140.dll
 0001:0001935f       ?get_accDescription@CWnd@@UAEJUtagVARIANT@@PAPA_W@Z 1001a35f f   mfc140:mfc140.dll
 0001:00019365       ?get_accRole@CWnd@@UAEJUtagVARIANT@@PAU2@@Z 1001a365 f   mfc140:mfc140.dll
 0001:0001936b       ?get_accState@CWnd@@UAEJUtagVARIANT@@PAU2@@Z 1001a36b f   mfc140:mfc140.dll
 0001:00019371       ?get_accHelp@CWnd@@UAEJUtagVARIANT@@PAPA_W@Z 1001a371 f   mfc140:mfc140.dll
 0001:00019377       ?get_accHelpTopic@CWnd@@UAEJPAPA_WUtagVARIANT@@PAJ@Z 1001a377 f   mfc140:mfc140.dll
 0001:0001937d       ?get_accKeyboardShortcut@CWnd@@UAEJUtagVARIANT@@PAPA_W@Z 1001a37d f   mfc140:mfc140.dll
 0001:00019383       ?get_accFocus@CWnd@@UAEJPAUtagVARIANT@@@Z 1001a383 f   mfc140:mfc140.dll
 0001:00019389       ?get_accSelection@CWnd@@UAEJPAUtagVARIANT@@@Z 1001a389 f   mfc140:mfc140.dll
 0001:0001938f       ?get_accDefaultAction@CWnd@@UAEJUtagVARIANT@@PAPA_W@Z 1001a38f f   mfc140:mfc140.dll
 0001:00019395       ?accSelect@CWnd@@UAEJJUtagVARIANT@@@Z 1001a395 f   mfc140:mfc140.dll
 0001:0001939b       ?accLocation@CWnd@@UAEJPAJ000UtagVARIANT@@@Z 1001a39b f   mfc140:mfc140.dll
 0001:000193a1       ?accNavigate@CWnd@@UAEJJUtagVARIANT@@PAU2@@Z 1001a3a1 f   mfc140:mfc140.dll
 0001:000193a7       ?accHitTest@CWnd@@UAEJJJPAUtagVARIANT@@@Z 1001a3a7 f   mfc140:mfc140.dll
 0001:000193ad       ?accDoDefaultAction@CWnd@@UAEJUtagVARIANT@@@Z 1001a3ad f   mfc140:mfc140.dll
 0001:000193b3       ?put_accName@CWnd@@UAEJUtagVARIANT@@PA_W@Z 1001a3b3 f   mfc140:mfc140.dll
 0001:000193b9       ?put_accValue@CWnd@@UAEJUtagVARIANT@@PA_W@Z 1001a3b9 f   mfc140:mfc140.dll
 0001:000193bf       ?SetProxy@CWnd@@UAEJPAUIAccessibleProxy@@@Z 1001a3bf f   mfc140:mfc140.dll
 0001:000193c5       ?CreateAccessibleProxy@CWnd@@UAEJIJPAJ@Z 1001a3c5 f   mfc140:mfc140.dll
 0001:000193cb       ?OnCommand@CWnd@@MAEHIJ@Z  1001a3cb f   mfc140:mfc140.dll
 0001:000193d1       ?OnNotify@CWnd@@MAEHIJPAJ@Z 1001a3d1 f   mfc140:mfc140.dll
 0001:000193d7       ?GetSuperWndProcAddr@CWnd@@MAEPAP6GJPAUHWND__@@IIJ@ZXZ 1001a3d7 f   mfc140:mfc140.dll
 0001:000193dd       ?PreTranslateMessage@CWnd@@UAEHPAUtagMSG@@@Z 1001a3dd f   mfc140:mfc140.dll
 0001:000193e3       ?OnAmbientProperty@CWnd@@UAEHPAVCOleControlSite@@JPAUtagVARIANT@@@Z 1001a3e3 f   mfc140:mfc140.dll
 0001:000193e9       ?WindowProc@CWnd@@MAEJIIJ@Z 1001a3e9 f   mfc140:mfc140.dll
 0001:000193ef       ?OnWndMsg@CWnd@@MAEHIIJPAJ@Z 1001a3ef f   mfc140:mfc140.dll
 0001:000193f5       ?DefWindowProcA@CWnd@@MAEJIIJ@Z 1001a3f5 f   mfc140:mfc140.dll
 0001:000193fb       ?PostNcDestroy@CWnd@@MAEXXZ 1001a3fb f   mfc140:mfc140.dll
 0001:00019401       ?OnChildNotify@CWnd@@MAEHIIJPAJ@Z 1001a401 f   mfc140:mfc140.dll
 0001:00019407       ?OnTouchInputs@CWnd@@MAEHIPAUtagTOUCHINPUT@@@Z 1001a407 f   mfc140:mfc140.dll
 0001:0001940d       ?OnTouchInput@CWnd@@MAEHVCPoint@@HHPAUtagTOUCHINPUT@@@Z 1001a40d f   mfc140:mfc140.dll
 0001:00019413       ?GetGestureStatus@CWnd@@MAEKVCPoint@@@Z 1001a413 f   mfc140:mfc140.dll
 0001:00019419       ?OnGestureZoom@CWnd@@MAEHVCPoint@@J@Z 1001a419 f   mfc140:mfc140.dll
 0001:0001941f       ?OnGesturePan@CWnd@@MAEHVCPoint@@0@Z 1001a41f f   mfc140:mfc140.dll
 0001:00019425       ?OnGestureRotate@CWnd@@MAEHVCPoint@@N@Z 1001a425 f   mfc140:mfc140.dll
 0001:0001942b       ?OnGestureTwoFingerTap@CWnd@@MAEHVCPoint@@@Z 1001a42b f   mfc140:mfc140.dll
 0001:00019431       ?OnGesturePressAndTap@CWnd@@MAEHVCPoint@@J@Z 1001a431 f   mfc140:mfc140.dll
 0001:00019437       ?ResizeDynamicLayout@CWnd@@MAEXXZ 1001a437 f   mfc140:mfc140.dll
 0001:0001943d       ??1CWnd@@UAE@XZ            1001a43d f   mfc140:mfc140.dll
 0001:00019443       ?CheckAutoCenter@CWnd@@UAEHXZ 1001a443 f   mfc140:mfc140.dll
 0001:00019449       ?IsFrameWnd@CWnd@@UBEHXZ   1001a449 f   mfc140:mfc140.dll
 0001:0001944f       ?OnFinalRelease@CWnd@@UAEXXZ 1001a44f f   mfc140:mfc140.dll
 0001:00019455       ?CreateControlContainer@CWnd@@MAEHPAPAVCOleControlContainer@@@Z 1001a455 f   mfc140:mfc140.dll
 0001:0001945b       ?CreateControlSite@CWnd@@MAEHPAVCOleControlContainer@@PAPAVCOleControlSite@@IABU_GUID@@@Z 1001a45b f   mfc140:mfc140.dll
 0001:00019461       ?SetOccDialogInfo@CWnd@@MAEHPAU_AFX_OCC_DIALOG_INFO@@@Z 1001a461 f   mfc140:mfc140.dll
 0001:00019467       ?GetOccDialogInfo@CWnd@@MAEPAU_AFX_OCC_DIALOG_INFO@@XZ 1001a467 f   mfc140:mfc140.dll
 0001:0001946d       ?GetThisMessageMap@CWnd@@KGPBUAFX_MSGMAP@@XZ 1001a46d f   mfc140:mfc140.dll
 0001:00019473       ?AfxRegisterWndClass@@YGPBDIPAUHICON__@@PAUHBRUSH__@@0@Z 1001a473 f   mfc140:mfc140.dll
 0001:00019479       ?AfxMessageBox@@YGHPBDII@Z 1001a479 f   mfc140:mfc140.dll
 0001:0001947f       ?FromHandle@CWnd@@SGPAV1@PAUHWND__@@@Z 1001a47f f   mfc140:mfc140.dll
 0001:00019485       ?OnFinalRelease@CCmdTarget@@UAEXXZ 1001a485 f   mfc140:mfc140.dll
 0001:0001948b       ?GetInterfaceMap@CCmdTarget@@MBEPBUAFX_INTERFACEMAP@@XZ 1001a48b f   mfc140:mfc140.dll
 0001:00019491       ?PreTranslateMessage@CWinThread@@UAEHPAUtagMSG@@@Z 1001a491 f   mfc140:mfc140.dll
 0001:00019497       ?PumpMessage@CWinThread@@UAEHXZ 1001a497 f   mfc140:mfc140.dll
 0001:0001949d       ?IsIdleMessage@CWinThread@@UAEHPAUtagMSG@@@Z 1001a49d f   mfc140:mfc140.dll
 0001:000194a3       ?ProcessMessageFilter@CWinThread@@UAEHHPAUtagMSG@@@Z 1001a4a3 f   mfc140:mfc140.dll
 0001:000194a9       ?GetMainWnd@CWinThread@@UAEPAVCWnd@@XZ 1001a4a9 f   mfc140:mfc140.dll
 0001:000194af       ?Delete@CWinThread@@UAEXXZ 1001a4af f   mfc140:mfc140.dll
 0001:000194b5       ?GetRuntimeClass@CWinApp@@UBEPAUCRuntimeClass@@XZ 1001a4b5 f   mfc140:mfc140.dll
 0001:000194bb       ??0CWinApp@@QAE@PBD@Z      1001a4bb f   mfc140:mfc140.dll
 0001:000194c1       ?GetProfileIntA@CWinApp@@UAEIPBD0H@Z 1001a4c1 f   mfc140:mfc140.dll
 0001:000194c7       ?WriteProfileInt@CWinApp@@UAEHPBD0H@Z 1001a4c7 f   mfc140:mfc140.dll
 0001:000194cd       ?GetProfileStringA@CWinApp@@UAE?AV?$CStringT@DV?$StrTraitMFC_DLL@DV?$ChTraitsCRT@D@ATL@@@@@ATL@@PBD00@Z 1001a4cd f   mfc140:mfc140.dll
 0001:000194d3       ?WriteProfileStringA@CWinApp@@UAEHPBD00@Z 1001a4d3 f   mfc140:mfc140.dll
 0001:000194d9       ?GetProfileBinary@CWinApp@@UAEHPBD0PAPAEPAI@Z 1001a4d9 f   mfc140:mfc140.dll
 0001:000194df       ?WriteProfileBinary@CWinApp@@UAEHPBD0PAEI@Z 1001a4df f   mfc140:mfc140.dll
 0001:000194e5       ?InitLibId@CWinApp@@UAEXXZ 1001a4e5 f   mfc140:mfc140.dll
 0001:000194eb       ?Register@CWinApp@@UAEHXZ  1001a4eb f   mfc140:mfc140.dll
 0001:000194f1       ?Unregister@CWinApp@@UAEHXZ 1001a4f1 f   mfc140:mfc140.dll
 0001:000194f7       ?OpenDocumentFile@CWinApp@@UAEPAVCDocument@@PBD@Z 1001a4f7 f   mfc140:mfc140.dll
 0001:000194fd       ?OpenDocumentFile@CWinApp@@UAEPAVCDocument@@PBDH@Z 1001a4fd f   mfc140:mfc140.dll
 0001:00019503       ?AddToRecentFileList@CWinApp@@UAEXPBD@Z 1001a503 f   mfc140:mfc140.dll
 0001:00019509       ?InitApplication@CWinApp@@UAEHXZ 1001a509 f   mfc140:mfc140.dll
 0001:0001950f       ?SaveAllModified@CWinApp@@UAEHXZ 1001a50f f   mfc140:mfc140.dll
 0001:00019515       ?DoMessageBox@CWinApp@@UAEHPBDII@Z 1001a515 f   mfc140:mfc140.dll
 0001:0001951b       ?DoWaitCursor@CWinApp@@UAEXH@Z 1001a51b f   mfc140:mfc140.dll
 0001:00019521       ?OnDDECommand@CWinApp@@UAEHPAD@Z 1001a521 f   mfc140:mfc140.dll
 0001:00019527       ?WinHelpA@CWinApp@@UAEXKI@Z 1001a527 f   mfc140:mfc140.dll
 0001:0001952d       ?HtmlHelpA@CWinApp@@UAEXKI@Z 1001a52d f   mfc140:mfc140.dll
 0001:00019533       ?WinHelpInternal@CWinApp@@UAEXKI@Z 1001a533 f   mfc140:mfc140.dll
 0001:00019539       ?RegisterWithRestartManager@CWinApp@@UAEJHABV?$CStringT@DV?$StrTraitMFC_DLL@DV?$ChTraitsCRT@D@ATL@@@@@ATL@@@Z 1001a539 f   mfc140:mfc140.dll
 0001:0001953f       ?RegisterWithRestartManager@CWinApp@@UAEJPB_WKP6GKPAX@Z1KK@Z 1001a53f f   mfc140:mfc140.dll
 0001:00019545       ?ApplicationRecoveryCallback@CWinApp@@UAEKPAX@Z 1001a545 f   mfc140:mfc140.dll
 0001:0001954b       ?GetDataRecoveryHandler@CWinApp@@UAEPAVCDataRecoveryHandler@@XZ 1001a54b f   mfc140:mfc140.dll
 0001:00019551       ?IsTaskbarInteractionEnabled@CWinApp@@UAEHXZ 1001a551 f   mfc140:mfc140.dll
 0001:00019557       ?InitInstance@CWinApp@@UAEHXZ 1001a557 f   mfc140:mfc140.dll
 0001:0001955d       ?ExitInstance@CWinApp@@UAEHXZ 1001a55d f   mfc140:mfc140.dll
 0001:00019563       ?RestartInstance@CWinApp@@UAEHXZ 1001a563 f   mfc140:mfc140.dll
 0001:00019569       ?Run@CWinApp@@UAEHXZ       1001a569 f   mfc140:mfc140.dll
 0001:0001956f       ?OnIdle@CWinApp@@UAEHJ@Z   1001a56f f   mfc140:mfc140.dll
 0001:00019575       ?ProcessWndProcException@CWinApp@@UAEJPAVCException@@PBUtagMSG@@@Z 1001a575 f   mfc140:mfc140.dll
 0001:0001957b       ?LoadAppLangResourceDLL@CWinApp@@UAEPAUHINSTANCE__@@XZ 1001a57b f   mfc140:mfc140.dll
 0001:00019581       ??1CWinApp@@UAE@XZ         1001a581 f   mfc140:mfc140.dll
 0001:00019587       ?GetThisMessageMap@CWinApp@@KGPBUAFX_MSGMAP@@XZ 1001a587 f   mfc140:mfc140.dll
 0001:0001958d       ?LoadSysPolicies@CWinApp@@UAEHXZ 1001a58d f   mfc140:mfc140.dll
 0001:00019593       ??2@YAPAXI@Z               1001a593 f   mfc140:mfc140.dll
 0001:00019599       ?Copy@CStringArray@@QAEXABV1@@Z 1001a599 f   mfc140:mfc140.dll
 0001:0001959f       ?AddTail@CStringList@@QAEPAU__POSITION@@ABV?$CStringT@DV?$StrTraitMFC_DLL@DV?$ChTraitsCRT@D@ATL@@@@@ATL@@@Z 1001a59f f   mfc140:mfc140.dll
 0001:000195a5       ??$AtlAdd@H@ATL@@YAJPAHHH@Z 1001a5a5 f i mfcs140:nolib.obj
 0001:000195cb       ??$AtlAdd@I@ATL@@YAJPAIII@Z 1001a5cb f i mfcs140:nolib.obj
 0001:000195ee       ??$AtlAdd@K@ATL@@YAJPAKKK@Z 1001a5ee f i mfcs140:nolib.obj
 0001:00019611       ??$AtlAlignUp@H@ATL@@YGHHK@Z 1001a611 f i mfcs140:nolib.obj
 0001:00019625       ??$AtlMultiply@I@ATL@@YAJPAIII@Z 1001a625 f i mfcs140:nolib.obj
 0001:00019647       ??$AtlMultiply@K@ATL@@YAJPAKKK@Z 1001a647 f i mfcs140:nolib.obj
 0001:00019669       ??0?$CSimpleArray@GV?$CSimpleArrayEqualHelper@G@ATL@@@ATL@@QAE@XZ 1001a669 f i mfcs140:nolib.obj
 0001:00019676       ??0?$CTraceCategoryEx@$00$0A@@ATL@@QAE@PBD@Z 1001a676 f i mfcs140:nolib.obj
 0001:0001967b       ??0?$CTraceCategoryEx@$01$0A@@ATL@@QAE@PBD@Z 1001a67b f i mfcs140:nolib.obj
 0001:00019680       ??0?$CTraceCategoryEx@$03$0A@@ATL@@QAE@PBD@Z 1001a680 f i mfcs140:nolib.obj
 0001:00019685       ??0?$CTraceCategoryEx@$07$0A@@ATL@@QAE@PBD@Z 1001a685 f i mfcs140:nolib.obj
 0001:0001968a       ??0?$CTraceCategoryEx@$0BA@$0A@@ATL@@QAE@PBD@Z 1001a68a f i mfcs140:nolib.obj
 0001:0001968f       ??0?$CTraceCategoryEx@$0BAA@$0A@@ATL@@QAE@PBD@Z 1001a68f f i mfcs140:nolib.obj
 0001:00019694       ??0?$CTraceCategoryEx@$0BAAA@$0A@@ATL@@QAE@PBD@Z 1001a694 f i mfcs140:nolib.obj
 0001:00019699       ??0?$CTraceCategoryEx@$0BAAAA@$0A@@ATL@@QAE@PBD@Z 1001a699 f i mfcs140:nolib.obj
 0001:0001969e       ??0?$CTraceCategoryEx@$0BAAAAA@$0A@@ATL@@QAE@PBD@Z 1001a69e f i mfcs140:nolib.obj
 0001:000196a3       ??0?$CTraceCategoryEx@$0CA@$0A@@ATL@@QAE@PBD@Z 1001a6a3 f i mfcs140:nolib.obj
 0001:000196a8       ??0?$CTraceCategoryEx@$0CAA@$0A@@ATL@@QAE@PBD@Z 1001a6a8 f i mfcs140:nolib.obj
 0001:000196ad       ??0?$CTraceCategoryEx@$0CAAA@$0A@@ATL@@QAE@PBD@Z 1001a6ad f i mfcs140:nolib.obj
 0001:000196b2       ??0?$CTraceCategoryEx@$0CAAAA@$0A@@ATL@@QAE@PBD@Z 1001a6b2 f i mfcs140:nolib.obj
 0001:000196b7       ??0?$CTraceCategoryEx@$0CAAAAA@$0A@@ATL@@QAE@PBD@Z 1001a6b7 f i mfcs140:nolib.obj
 0001:000196bc       ??0?$CTraceCategoryEx@$0EA@$0A@@ATL@@QAE@PBD@Z 1001a6bc f i mfcs140:nolib.obj
 0001:000196c1       ??0?$CTraceCategoryEx@$0EAA@$0A@@ATL@@QAE@PBD@Z 1001a6c1 f i mfcs140:nolib.obj
 0001:000196c6       ??0?$CTraceCategoryEx@$0EAAA@$0A@@ATL@@QAE@PBD@Z 1001a6c6 f i mfcs140:nolib.obj
 0001:000196cb       ??0?$CTraceCategoryEx@$0EAAAA@$0A@@ATL@@QAE@PBD@Z 1001a6cb f i mfcs140:nolib.obj
 0001:000196d0       ??0?$CTraceCategoryEx@$0EAAAAA@$0A@@ATL@@QAE@PBD@Z 1001a6d0 f i mfcs140:nolib.obj
 0001:000196d5       ??0?$CTraceCategoryEx@$0IA@$0A@@ATL@@QAE@PBD@Z 1001a6d5 f i mfcs140:nolib.obj
 0001:000196da       ??0?$CTraceCategoryEx@$0IAA@$0A@@ATL@@QAE@PBD@Z 1001a6da f i mfcs140:nolib.obj
 0001:000196df       ??0?$CTraceCategoryEx@$0IAAA@$0A@@ATL@@QAE@PBD@Z 1001a6df f i mfcs140:nolib.obj
 0001:000196e4       ??0?$CTraceCategoryEx@$0IAAAA@$0A@@ATL@@QAE@PBD@Z 1001a6e4 f i mfcs140:nolib.obj
 0001:000196e9       ??0CAtlComModule@ATL@@QAE@XZ 1001a6e9 f i mfcs140:nolib.obj
 0001:00019728       ??0CAtlStringMgr@ATL@@QAE@PAUIAtlMemMgr@1@@Z 1001a728 f i mfcs140:nolib.obj
 0001:00019754       ??0CAtlStringMgrStaticInitializer@ATLImplementationDetails@ATL@@QAE@XZ 1001a754 f i mfcs140:nolib.obj
 0001:00019760       ??0CAtlWinModule@ATL@@QAE@XZ 1001a760 f i mfcs140:nolib.obj
 0001:0001978e       ??0CComCriticalSection@ATL@@QAE@XZ 1001a78e f i mfcs140:nolib.obj
 0001:000197a2       ??0CNilStringData@ATL@@QAE@XZ 1001a7a2 f i mfcs140:nolib.obj
 0001:000197b9       ??0CWin32Heap@ATL@@QAE@PAX@Z 1001a7b9 f i mfcs140:nolib.obj
 0001:000197d2       ??0_ATL_COM_MODULE70@ATL@@QAE@XZ 1001a7d2 f i mfcs140:nolib.obj
 0001:000197e9       ??0_ATL_WIN_MODULE70@ATL@@QAE@XZ 1001a7e9 f i mfcs140:nolib.obj
 0001:00019814       ??1?$CSimpleArray@GV?$CSimpleArrayEqualHelper@G@ATL@@@ATL@@QAE@XZ 1001a814 f i mfcs140:nolib.obj
 0001:00019819       ??1CAtlComModule@ATL@@QAE@XZ 1001a819 f i mfcs140:nolib.obj
 0001:00019852       ??1CAtlWinModule@ATL@@QAE@XZ 1001a852 f i mfcs140:nolib.obj
 0001:0001986a       ??1CComBSTR@ATL@@QAE@XZ    1001a86a f i mfcs140:nolib.obj
 0001:00019873       ??1CComCriticalSection@ATL@@QAE@XZ 1001a873 f i mfcs140:nolib.obj
 0001:00019876       ??1_ATL_COM_MODULE70@ATL@@QAE@XZ 1001a876 f i mfcs140:nolib.obj
 0001:00019879       ??1_ATL_WIN_MODULE70@ATL@@QAE@XZ 1001a879 f i mfcs140:nolib.obj
 0001:00019881       ??1stringdispid@CComTypeInfoHolder@ATL@@QAE@XZ 1001a881 f i mfcs140:nolib.obj
 0001:0001988a       ??A?$CSimpleArray@GV?$CSimpleArrayEqualHelper@G@ATL@@@ATL@@QAEAAGH@Z 1001a88a f i mfcs140:nolib.obj
 0001:000198af       ??_Estringdispid@CComTypeInfoHolder@ATL@@QAEPAXI@Z 1001a8af f i mfcs140:nolib.obj
 0001:0001993a       ?AddRef@CStringData@ATL@@QAEXXZ 1001a93a f i mfcs140:nolib.obj
 0001:0001993f       ?AtlWinModuleInit@ATL@@YGJPAU_ATL_WIN_MODULE70@1@@Z 1001a93f f i mfcs140:nolib.obj
 0001:00019965       ?AtlWinModuleTerm@ATL@@YGJPAU_ATL_WIN_MODULE70@1@PAUHINSTANCE__@@@Z 1001a965 f i mfcs140:nolib.obj
 0001:000199c7       ?GetInstance@CAtlStringMgr@ATL@@SAPAUIAtlStringMgr@2@XZ 1001a9c7 f i mfcs140:nolib.obj
 0001:00019a31       ?GetModuleInstance@CAtlBaseModule@ATL@@QAEPAUHINSTANCE__@@XZ 1001aa31 f i mfcs140:nolib.obj
 0001:00019a35       ?GetSize@?$CSimpleArray@GV?$CSimpleArrayEqualHelper@G@ATL@@@ATL@@QBEHXZ 1001aa35 f i mfcs140:nolib.obj
 0001:00019a39       ?Init@CComCriticalSection@ATL@@QAEJXZ 1001aa39 f i mfcs140:nolib.obj
 0001:00019a61       ?RemoveAll@?$CSimpleArray@GV?$CSimpleArrayEqualHelper@G@ATL@@@ATL@@QAEXXZ 1001aa61 f i mfcs140:nolib.obj
 0001:00019a7f       ?SetManager@CNilStringData@ATL@@QAEXPAUIAtlStringMgr@2@@Z 1001aa7f f i mfcs140:nolib.obj
 0001:00019a8b       ?Term@CAtlComModule@ATL@@QAEXXZ 1001aa8b f i mfcs140:nolib.obj
 0001:00019aea       ?Term@CAtlWinModule@ATL@@QAEXXZ 1001aaea f i mfcs140:nolib.obj
 0001:00019af7       ?Term@CComCriticalSection@ATL@@QAEJXZ 1001aaf7 f i mfcs140:nolib.obj
 0001:00019b01       _HRESULT_FROM_WIN32        1001ab01 f i mfcs140:nolib.obj
 0001:00019b15       _IsolationAwareActivateActCtx@8 1001ab15 f i mfcs140:nolib.obj
 0001:00019b58       _IsolationAwareCreateActCtxW@4 1001ab58 f i mfcs140:nolib.obj
 0001:00019b9d       _IsolationAwareDeactivateActCtx@8 1001ab9d f i mfcs140:nolib.obj
 0001:00019be0       _IsolationAwareFindActCtxSectionStringW@20 1001abe0 f i mfcs140:nolib.obj
 0001:00019c2c       _IsolationAwarePrivatenPgViNgRzlnPgpgk@4 1001ac2c f i mfcs140:nolib.obj
 0001:00019ca7       _IsolationAwarePrivatezltRgCebPnQQeRff@12 1001aca7 f i mfcs140:nolib.obj
 0001:00019ce5       _IsolationAwarePrivatezltRgzbQhYRuNaQYRJ@4 1001ace5 f i mfcs140:nolib.obj
 0001:00019cef       _IsolationAwarePrivatezltRgzbQhYRuNaQYRn@4 1001acef f i mfcs140:nolib.obj
 0001:00019cf9       _IsolationAwareQueryActCtxW@28 1001acf9 f i mfcs140:nolib.obj
 0001:00019d4b       _IsolationAwareUnregisterClassA@8 1001ad4b f i mfcs140:nolib.obj
 0001:00019df5       _WinbaseIsolationAwarePrivatetRgCebPnQQeRff_xReaRYQP_QYY@4 1001adf5 f i mfcs140:nolib.obj
 0001:00019e0e       _WinbaseIsolationAwarePrivatetRgzlnPgpgk@0 1001ae0e f i mfcs140:nolib.obj
 0001:00019fda       _RawDllMain@12             1001afda f   mfcs140:dllmodul.obj
 0001:0001a02d       ??0_AFX_DLL_MODULE_STATE@@QAE@XZ 1001b02d f i mfcs140:dllmodul.obj
 0001:0001a055       ??1_AFX_DLL_MODULE_STATE@@UAE@XZ 1001b055 f i mfcs140:dllmodul.obj
 0001:0001a05a       ??_G_AFX_DLL_MODULE_STATE@@UAEPAXI@Z 1001b05a f i mfcs140:dllmodul.obj
 0001:0001a05a       ??_E_AFX_DLL_MODULE_STATE@@UAEPAXI@Z 1001b05a f i mfcs140:dllmodul.obj
 0001:0001a08d       ?AfxGetStaticModuleState@@YGPAVAFX_MODULE_STATE@@XZ 1001b08d f   mfcs140:dllmodul.obj
 0001:0001a093       ?AfxWndProcDllStatic@@YGJPAUHWND__@@IIJ@Z 1001b093 f   mfcs140:dllmodul.obj
 0001:0001a0da       _DllMain@12                1001b0da f   mfcs140:dllmodul.obj
 0001:0001a123       _InternalDllMain@12        1001b123 f   mfcs140:dllmodul.obj
 0001:0001a2a9       ??2CObject@@SGPAXI@Z       1001b2a9 f i mfcs140:dllmodulx.obj
 0001:0001a2b9       ??3CObject@@SGXPAX@Z       1001b2b9 f i mfcs140:dllmodulx.obj
 0001:0001a2c9       ?AfxGetApp@@YGPAVCWinApp@@XZ 1001b2c9 f i mfcs140:dllmodulx.obj
 0001:0001a2d2       __AfxDllModulHelper        1001b2d2 f   mfcs140:dllmodulx.obj
 0001:0001a31f       ??_L@YGXPAXIHP6EX0@Z1@Z    1001b31f f   msvcrt:ehvecctr.obj
 0001:0001a324       ??_L@YGXPAXIIP6EX0@Z1@Z    1001b324 f   msvcrt:ehvecctr.obj
 0001:0001a398       ??__C@YGXPAX0IHP6EX00@ZP6EX0@Z@Z 1001b398 f   msvcrt:ehvccctr.obj
 0001:0001a39d       ??__C@YGXPAX0IIP6EX00@ZP6EX0@Z@Z 1001b39d f   msvcrt:ehvccctr.obj
 0001:0001a417       ??_M@YGXPAXIHP6EX0@Z@Z     1001b417 f   msvcrt:ehvecdtr.obj
 0001:0001a41c       ??_M@YGXPAXIIP6EX0@Z@Z     1001b41c f   msvcrt:ehvecdtr.obj
 0001:0001a4d0       ?__ArrayUnwind@@YGXPAXIIP6EX0@Z@Z 1001b4d0 f   msvcrt:ehvecdtr.obj
 0001:0001a560       ??3@YAXPAXI@Z              1001b560 f   msvcrt:delete_scalar_size.obj
 0001:0001a56e       @__security_check_cookie@4 1001b56e f   msvcrt:secchk.obj
 0001:0001a57c       ??1type_info@@UAE@XZ       1001b57c f   msvcrt:std_type_info_static.obj
 0001:0001a583       ??_Etype_info@@UAEPAXI@Z   1001b583 f i msvcrt:std_type_info_static.obj
 0001:0001a583       ??_Gtype_info@@UAEPAXI@Z   1001b583 f i msvcrt:std_type_info_static.obj
 0001:0001a5b0       __chkstk                   1001b5b0 f   msvcrt:chkstk.obj
 0001:0001a5b0       __alloca_probe             1001b5b0 f   msvcrt:chkstk.obj
 0001:0001a5db       ?configure_argv@__scrt_narrow_argv_policy@@SAHXZ 1001b5db f i msvcrt:utility.obj
 0001:0001a62c       ?initialize_environment@__scrt_narrow_environment_policy@@SAHXZ 1001b62c f i msvcrt:utility.obj
 0001:0001a665       _NtCurrentTeb              1001b665 f i msvcrt:utility.obj
 0001:0001a66c       ___scrt_acquire_startup_lock 1001b66c f   msvcrt:utility.obj
 0001:0001a69e       ___scrt_dllmain_after_initialize_c 1001b69e f   msvcrt:utility.obj
 0001:0001a6c9       ___scrt_dllmain_before_initialize_c 1001b6c9 f   msvcrt:utility.obj
 0001:0001a6d7       ___scrt_dllmain_crt_thread_attach 1001b6d7 f   msvcrt:utility.obj
 0001:0001a6f6       ___scrt_dllmain_crt_thread_detach 1001b6f6 f   msvcrt:utility.obj
 0001:0001a703       ___scrt_dllmain_exception_filter 1001b703 f   msvcrt:utility.obj
 0001:0001a737       ___scrt_dllmain_uninitialize_c 1001b737 f   msvcrt:utility.obj
 0001:0001a75a       ___scrt_dllmain_uninitialize_critical 1001b75a f   msvcrt:utility.obj
 0001:0001a767       ___scrt_initialize_crt     1001b767 f   msvcrt:utility.obj
 0001:0001a7a0       ___scrt_initialize_onexit_tables 1001b7a0 f   msvcrt:utility.obj
 0001:0001a827       ___scrt_is_nonwritable_in_current_image 1001b827 f   msvcrt:utility.obj
 0001:0001a8bb       ___scrt_release_startup_lock 1001b8bb f   msvcrt:utility.obj
 0001:0001a8d8       ___scrt_uninitialize_crt   1001b8d8 f   msvcrt:utility.obj
 0001:0001a900       __onexit                   1001b900 f   msvcrt:utility.obj
 0001:0001a92d       _at_quick_exit             1001b92d f   msvcrt:utility.obj
 0001:0001a950       _atexit                    1001b950 f   msvcrt:utility.obj
 0001:0001aa2a       __Init_thread_abort        1001ba2a f   msvcrt:thread_safe_statics.obj
 0001:0001aa4e       __Init_thread_footer       1001ba4e f   msvcrt:thread_safe_statics.obj
 0001:0001aa98       __Init_thread_header       1001ba98 f   msvcrt:thread_safe_statics.obj
 0001:0001aaea       __Init_thread_lock         1001baea f   msvcrt:thread_safe_statics.obj
 0001:0001aaf6       __Init_thread_notify       1001baf6 f   msvcrt:thread_safe_statics.obj
 0001:0001ab2c       __Init_thread_unlock       1001bb2c f   msvcrt:thread_safe_statics.obj
 0001:0001ab38       __Init_thread_wait         1001bb38 f   msvcrt:thread_safe_statics.obj
 0001:0001aec6       __CRT_INIT@12              1001bec6 f   msvcrt:dll_dllmain.obj
 0001:0001aecf       __DllMainCRTStartup@12     1001becf f   msvcrt:dll_dllmain.obj
 0001:0001aef2       ??_V@YAXPAXI@Z             1001bef2 f   msvcrt:delete_array_size.obj
 0001:0001af00       __EH_epilog3               1001bf00 f   msvcrt:ehprolg3.obj
 0001:0001af14       __EH_epilog3_GS            1001bf14 f   msvcrt:ehprolg3.obj
 0001:0001af23       __EH_epilog3_catch_GS      1001bf23 f   msvcrt:ehprolg3.obj
 0001:0001af32       __EH_prolog3               1001bf32 f   msvcrt:ehprolg3.obj
 0001:0001af65       __EH_prolog3_GS            1001bf65 f   msvcrt:ehprolg3.obj
 0001:0001af9b       __EH_prolog3_catch         1001bf9b f   msvcrt:ehprolg3.obj
 0001:0001afd1       __EH_prolog3_catch_GS      1001bfd1 f   msvcrt:ehprolg3.obj
 0001:0001b010       __SEH_prolog4              1001c010 f   msvcrt:sehprolg4.obj
 0001:0001b060       __SEH_epilog4              1001c060 f   msvcrt:sehprolg4.obj
 0001:0001b080       __SEH_prolog4_GS           1001c080 f   msvcrt:sehprolg4gs.obj
 0001:0001b0d0       __SEH_epilog4_GS           1001c0d0 f   msvcrt:sehprolg4gs.obj
 0001:0001b0df       __except_handler4          1001c0df f   msvcrt:chandler4gs.obj
 0001:0001b10e       @_guard_check_icall_nop@4  1001c10e f i msvcrt:guard_support.obj
 0001:0001b111       _ReadNoFence               1001c111 f i msvcrt:guard_support.obj
 0001:0001b11b       _ReadPointerNoFence        1001c11b f i msvcrt:guard_support.obj
 0001:0001b125       ___castguard_check_failure_debugbreak 1001c125 f i msvcrt:guard_support.obj
 0001:0001b140       ___castguard_check_failure_fastfail 1001c140 f i msvcrt:guard_support.obj
 0001:0001b15f       ___castguard_check_failure_nop 1001c15f f i msvcrt:guard_support.obj
 0001:0001b162       ___castguard_check_failure_os_handled 1001c162 f i msvcrt:guard_support.obj
 0001:0001b1b6       ___castguard_slow_path_check_debugbreak 1001c1b6 f i msvcrt:guard_support.obj
 0001:0001b1e3       ___castguard_slow_path_check_fastfail 1001c1e3 f i msvcrt:guard_support.obj
 0001:0001b214       ___castguard_slow_path_check_nop 1001c214 f i msvcrt:guard_support.obj
 0001:0001b217       ___castguard_slow_path_check_os_handled 1001c217 f i msvcrt:guard_support.obj
 0001:0001b27d       __guard_icall_checks_enforced 1001c27d f i msvcrt:guard_support.obj
 0001:0001b28f       ___raise_securityfailure   1001c28f f   msvcrt:gs_report.obj
 0001:0001b2b7       ___report_gsfailure        1001c2b7 f   msvcrt:gs_report.obj
 0001:0001b3b1       ___report_rangecheckfailure 1001c3b1 f   msvcrt:gs_report.obj
 0001:0001b3bd       ___report_securityfailure  1001c3bd f   msvcrt:gs_report.obj
 0001:0001b48c       ___report_securityfailureEx 1001c48c f   msvcrt:gs_report.obj
 0001:0001b5a1       ___isa_available_init      1001c5a1 f   msvcrt:cpu_disp.obj
 0001:0001b772       __get_startup_argv_mode    1001c772 f   msvcrt:argv_mode.obj
 0001:0001b776       ___scrt_is_ucrt_dll_in_use 1001c776 f   msvcrt:ucrt_detection.obj
 0001:0001b782       ___scrt_fastfail           1001c782 f   msvcrt:utility_desktop.obj
 0001:0001b89d       ___scrt_get_show_window_mode 1001c89d f   msvcrt:utility_desktop.obj
 0001:0001b8ce       ___scrt_initialize_mta     1001c8ce f   msvcrt:utility_desktop.obj
 0001:0001b8d3       ___scrt_initialize_winrt   1001c8d3 f   msvcrt:utility_desktop.obj
 0001:0001b8d6       ___scrt_is_managed_app     1001c8d6 f   msvcrt:utility_desktop.obj
 0001:0001b919       ___scrt_set_unhandled_exception_filter 1001c919 f   msvcrt:utility_desktop.obj
 0001:0001b925       ___scrt_stub_for_initialize_mta 1001c925 f   msvcrt:utility_desktop.obj
 0001:0001b925       ___scrt_exe_initialize_mta 1001c925 f   msvcrt:utility_desktop.obj
 0001:0001b928       ___scrt_unhandled_exception_filter@4 1001c928 f   msvcrt:utility_desktop.obj
 0001:0001b97e       __crt_debugger_hook        1001c97e f   msvcrt:utility_desktop.obj
 0001:0001b9d3       ___security_init_cookie    1001c9d3 f   msvcrt:gs_support.obj
 0001:0001ba1e       ?__scrt_initialize_type_info@@YAXXZ 1001ca1e f   msvcrt:tncleanup.obj
 0001:0001ba2a       ?__scrt_uninitialize_type_info@@YAXXZ 1001ca2a f   msvcrt:tncleanup.obj
 0001:0001ba36       ___local_stdio_printf_options 1001ca36 f i msvcrt:default_local_stdio_options.obj
 0001:0001ba3c       ___scrt_initialize_default_local_stdio_options 1001ca3c f   msvcrt:default_local_stdio_options.obj
 0001:0001ba59       ___scrt_get_dyn_tls_init_callback 1001ca59 f   msvcrt:dyn_tls_init.obj
 0001:0001ba5f       __RTC_Initialize           1001ca5f f   msvcrt:initsect.obj
 0001:0001ba8b       __RTC_Terminate            1001ca8b f   msvcrt:initsect.obj
 0001:0001bab7       _GetEnvironmentVariableA@12 1001cab7 f   kernel32:KERNEL32.dll
 0001:0001babd       _GetModuleHandleA@4        1001cabd f   kernel32:KERNEL32.dll
 0001:0001bac3       _GetPrivateProfileStringA@24 1001cac3 f   kernel32:KERNEL32.dll
 0001:0001bac9       _DecodePointer@4           1001cac9 f   kernel32:KERNEL32.dll
 0001:0001bacf       _RaiseException@16         1001cacf f   kernel32:KERNEL32.dll
 0001:0001bad5       _GetLastError@0            1001cad5 f   kernel32:KERNEL32.dll
 0001:0001badb       _HeapDestroy@4             1001cadb f   kernel32:KERNEL32.dll
 0001:0001bae1       _HeapAlloc@12              1001cae1 f   kernel32:KERNEL32.dll
[...]
 0002:00006884       __ehfuncinfo$?GetKOSPI100Index@CCodeManagerWnd@@QAEXAAVCStringArray@@0@Z 10027884     CodeManagerWnd.obj
 0002:000068a8       __unwindtable$?GetKOSPI100Index@CCodeManagerWnd@@QAEXAAVCStringArray@@0@Z 100278a8     CodeManagerWnd.obj
 0002:000068d8       __ehfuncinfo$?GetForeignIndexTreeList@CCodeManagerWnd@@QAEXAAVCStringArray@@0@Z 100278d8     CodeManagerWnd.obj
 0002:000068fc       __unwindtable$?GetForeignIndexTreeList@CCodeManagerWnd@@QAEXAAVCStringArray@@0@Z 100278fc     CodeManagerWnd.obj
 0002:0000692c       __ehfuncinfo$?GetForeignItemTreeList@CCodeManagerWnd@@QAEXAAVCStringArray@@0@Z 1002792c     CodeManagerWnd.obj
 0002:00006950       __unwindtable$?GetForeignItemTreeList@CCodeManagerWnd@@QAEXAAVCStringArray@@0@Z 10027950     CodeManagerWnd.obj
 0002:00006980       __ehfuncinfo$?GetForeignFutureTreeList@CCodeManagerWnd@@QAEXAAVCStringArray@@0@Z 10027980     CodeManagerWnd.obj
 0002:000069a4       __unwindtable$?GetForeignFutureTreeList@CCodeManagerWnd@@QAEXAAVCStringArray@@0@Z 100279a4     CodeManagerWnd.obj
 0002:000069d4       __ehfuncinfo$?GetForeignRateTreeList@CCodeManagerWnd@@QAEXAAVCStringArray@@0@Z 100279d4     CodeManagerWnd.obj
 0002:000069f8       __unwindtable$?GetForeignRateTreeList@CCodeManagerWnd@@QAEXAAVCStringArray@@0@Z 100279f8     CodeManagerWnd.obj
 0002:00006a28       __ehfuncinfo$?GetForeignDebtTreeList@CCodeManagerWnd@@QAEXAAVCStringArray@@0@Z 10027a28     CodeManagerWnd.obj
 0002:00006a4c       __unwindtable$?GetForeignDebtTreeList@CCodeManagerWnd@@QAEXAAVCStringArray@@0@Z 10027a4c     CodeManagerWnd.obj
 0002:00006a7c       __unwindtable$?GetForeignExchangeTreeList@CCodeManagerWnd@@QAEXAAVCStringArray@@0@Z 10027a7c     CodeManagerWnd.obj
 0002:00006a84       __ehfuncinfo$?GetForeignExchangeTreeList@CCodeManagerWnd@@QAEXAAVCStringArray@@0@Z 10027a84     CodeManagerWnd.obj
 0002:00006aa8       __ehfuncinfo$?GetForeignToList@CCodeManagerWnd@@QAEXHAAVCStringArray@@0@Z 10027aa8     CodeManagerWnd.obj
 0002:00006acc       __unwindtable$?GetForeignToList@CCodeManagerWnd@@QAEXHAAVCStringArray@@0@Z 10027acc     CodeManagerWnd.obj
 0002:00006b5c       __ehfuncinfo$?GetKOFEXTreeList@CCodeManagerWnd@@QAEXAAVCStringArray@@0@Z 10027b5c     CodeManagerWnd.obj
 0002:00006b80       __unwindtable$?GetKOFEXTreeList@CCodeManagerWnd@@QAEXAAVCStringArray@@0@Z 10027b80     CodeManagerWnd.obj
 0002:00006bb0       __ehfuncinfo$?GetKOFExCodeToList@CCodeManagerWnd@@QAEXHAAVCStringArray@@0@Z 10027bb0     CodeManagerWnd.obj
 0002:00006bd4       __unwindtable$?GetKOFExCodeToList@CCodeManagerWnd@@QAEXHAAVCStringArray@@0@Z 10027bd4     CodeManagerWnd.obj
 0002:00006c0c       __ehfuncinfo$?GetFreeUpToList@CCodeManagerWnd@@QAEXAAVCStringArray@@0@Z 10027c0c     CodeManagerWnd.obj
 0002:00006c30       __unwindtable$?GetFreeUpToList@CCodeManagerWnd@@QAEXAAVCStringArray@@0@Z 10027c30     CodeManagerWnd.obj
 0002:00006c60       __unwindtable$?GetRecentChxUpCodeList@CCodeManagerWnd@@QAE?AV?$CStringT@DV?$StrTraitMFC_DLL@DV?$ChTraitsCRT@D@ATL@@@@@ATL@@V23@@Z 10027c60     CodeManagerWnd.obj
 0002:00006c70       __ehfuncinfo$?GetRecentChxUpCodeList@CCodeManagerWnd@@QAE?AV?$CStringT@DV?$StrTraitMFC_DLL@DV?$ChTraitsCRT@D@ATL@@@@@ATL@@V23@@Z 10027c70     CodeManagerWnd.obj
 0002:00006c94       __ehfuncinfo$?GetEtnToList@CCodeManagerWnd@@QAEXAAVCStringArray@@0@Z 10027c94     CodeManagerWnd.obj
 0002:00006cb8       __unwindtable$?GetEtnToList@CCodeManagerWnd@@QAEXAAVCStringArray@@0@Z 10027cb8     CodeManagerWnd.obj
 0002:00006cf8       __unwindtable$?GetSF2CodeToList@CCodeManagerWnd@@QAEXV?$CStringT@DV?$StrTraitMFC_DLL@DV?$ChTraitsCRT@D@ATL@@@@@ATL@@AAVCStringArray@@1@Z 10027cf8     CodeManagerWnd.obj
 0002:00006d10       __ehfuncinfo$?GetSF2CodeToList@CCodeManagerWnd@@QAEXV?$CStringT@DV?$StrTraitMFC_DLL@DV?$ChTraitsCRT@D@ATL@@@@@ATL@@AAVCStringArray@@1@Z 10027d10     CodeManagerWnd.obj
 0002:00006d34       __unwindtable$?GetSF2TreeList@CCodeManagerWnd@@QAEXAAVCStringArray@@0@Z 10027d34     CodeManagerWnd.obj
 0002:00006d3c       __ehfuncinfo$?GetSF2TreeList@CCodeManagerWnd@@QAEXAAVCStringArray@@0@Z 10027d3c     CodeManagerWnd.obj
 0002:00006d60       __ehfuncinfo$?GetETCUpToList@CCodeManagerWnd@@QAEXAAVCStringArray@@0@Z 10027d60     CodeManagerWnd.obj
 0002:00006d84       __unwindtable$?GetETCUpToList@CCodeManagerWnd@@QAEXAAVCStringArray@@0@Z 10027d84     CodeManagerWnd.obj
 0002:00006db4       __ehfuncinfo$?GetIBKMasterData@CCodeManagerWnd@@QAEXIAAVCStringArray@@0@Z 10027db4     CodeManagerWnd.obj
 0002:00006dd8       __unwindtable$?GetIBKMasterData@CCodeManagerWnd@@QAEXIAAVCStringArray@@0@Z 10027dd8     CodeManagerWnd.obj
 0002:00006e58       __unwindtable$?AppendItemToList1@CCodeManagerWnd@@QAEXV?$CStringT@DV?$StrTraitMFC_DLL@DV?$ChTraitsCRT@D@ATL@@@@@ATL@@0AAVCStringArray@@1@Z 10027e58     CodeManagerWnd.obj
 0002:00006e68       __ehfuncinfo$?AppendItemToList1@CCodeManagerWnd@@QAEXV?$CStringT@DV?$StrTraitMFC_DLL@DV?$ChTraitsCRT@D@ATL@@@@@ATL@@0AAVCStringArray@@1@Z 10027e68     CodeManagerWnd.obj
 0002:00006e8c       __unwindtable$?parseX@CCodeManagerWnd@@QAE?AV?$CStringT@DV?$StrTraitMFC_DLL@DV?$ChTraitsCRT@D@ATL@@@@@ATL@@AAV23@V23@@Z 10027e8c     CodeManagerWnd.obj
 0002:00006eac       __ehfuncinfo$?parseX@CCodeManagerWnd@@QAE?AV?$CStringT@DV?$StrTraitMFC_DLL@DV?$ChTraitsCRT@D@ATL@@@@@ATL@@AAV23@V23@@Z 10027eac     CodeManagerWnd.obj
 0002:00006ed0       __unwindtable$?ExistFile@CCodeManagerWnd@@QAE_NH_N@Z 10027ed0     CodeManagerWnd.obj
 0002:00006ee8       __ehfuncinfo$?ExistFile@CCodeManagerWnd@@QAE_NH_N@Z 10027ee8     CodeManagerWnd.obj
 0002:00006f0c       __ehfuncinfo$?GetMiniFutureToList@CCodeManagerWnd@@QAEXAAVCStringArray@@0@Z 10027f0c     CodeManagerWnd.obj
 0002:00006f30       __unwindtable$?GetMiniFutureToList@CCodeManagerWnd@@QAEXAAVCStringArray@@0@Z 10027f30     CodeManagerWnd.obj
 0002:00006f70       __ehfuncinfo$?GetMiniCallCodeToList@CCodeManagerWnd@@QAEXAAVCStringArray@@0@Z 10027f70     CodeManagerWnd.obj
 0002:00006f94       __unwindtable$?GetMiniCallCodeToList@CCodeManagerWnd@@QAEXAAVCStringArray@@0@Z 10027f94     CodeManagerWnd.obj
 0002:00006fcc       __ehfuncinfo$?GetMiniPutCodeToList@CCodeManagerWnd@@QAEXAAVCStringArray@@0@Z 10027fcc     CodeManagerWnd.obj
 0002:00006ff0       __unwindtable$?GetMiniPutCodeToList@CCodeManagerWnd@@QAEXAAVCStringArray@@0@Z 10027ff0     CodeManagerWnd.obj
 0002:00007028       __ehfuncinfo$?GetWeeklyCallCodeToList@CCodeManagerWnd@@QAEXAAVCStringArray@@0@Z 10028028     CodeManagerWnd.obj
 0002:0000704c       __unwindtable$?GetWeeklyCallCodeToList@CCodeManagerWnd@@QAEXAAVCStringArray@@0@Z 1002804c     CodeManagerWnd.obj
 0002:00007084       __ehfuncinfo$?GetWeeklyPutCodeToList@CCodeManagerWnd@@QAEXAAVCStringArray@@0@Z 10028084     CodeManagerWnd.obj
 0002:000070a8       __unwindtable$?GetWeeklyPutCodeToList@CCodeManagerWnd@@QAEXAAVCStringArray@@0@Z 100280a8     CodeManagerWnd.obj
 0002:000070e0       __unwindtable$??1CCodeManagerWnd@@UAE@XZ 100280e0     CodeManagerWnd.obj
 0002:00007100       __ehfuncinfo$??1CCodeManagerWnd@@UAE@XZ 10028100     CodeManagerWnd.obj
 0002:00007124       __ehfuncinfo$?OpenWindow@CCodeManagerWnd@@QAEHXZ 10028124     CodeManagerWnd.obj
 0002:00007148       __unwindtable$?OpenWindow@CCodeManagerWnd@@QAEHXZ 10028148     CodeManagerWnd.obj
 0002:000071b0       __ehfuncinfo$?_GetCode@CCodeManagerWnd@@IAEJJ@Z 100281b0     CodeManagerWnd.obj
 0002:000071d4       __unwindtable$?_GetCode@CCodeManagerWnd@@IAEJJ@Z 100281d4     CodeManagerWnd.obj
 0002:0000729c       __ehfuncinfo$?_GetCodeName@CCodeManagerWnd@@IAEJJ@Z 1002829c     CodeManagerWnd.obj
 0002:000072c0       __unwindtable$?_GetCodeName@CCodeManagerWnd@@IAEJJ@Z 100282c0     CodeManagerWnd.obj
 0002:000072e8       __unwindtable$?RequestGwansimGroup@CWinixGwanItem@@QAEXXZ 100282e8     LocalHeader.obj
 0002:000072f0       __ehfuncinfo$?RequestGwansimGroup@CWinixGwanItem@@QAEXXZ 100282f0     LocalHeader.obj
 0002:00007314       __unwindtable$??1CWinixGwanGroupList@@QAE@XZ 10028314     LocalHeader.obj
 0002:0000731c       __ehfuncinfo$??1CWinixGwanGroupList@@QAE@XZ 1002831c     LocalHeader.obj
 0002:00007340       __ehfuncinfo$??1?$CList@PAVCWinixGwanGroup@@PAV1@@@UAE@XZ 10028340     LocalHeader.obj
 0002:00007364       __unwindtable$??_G?$CList@PAVCWinixGwanGroup@@PAV1@@@UAEPAXI@Z 10028364     LocalHeader.obj
 0002:0000736c       __ehfuncinfo$??_G?$CList@PAVCWinixGwanGroup@@PAV1@@@UAEPAXI@Z 1002836c     LocalHeader.obj
 0002:00007390       __unwindtable$??0CPctrWinixApp@@QAE@XZ 10028390     PctrWinix.obj
 0002:000073a8       __ehfuncinfo$??0CPctrWinixApp@@QAE@XZ 100283a8     PctrWinix.obj
 0002:000073cc       __unwindtable$??__EtheApp@@YAXXZ 100283cc     PctrWinix.obj
 0002:000073e4       __ehfuncinfo$??__EtheApp@@YAXXZ 100283e4     PctrWinix.obj
 0002:00007408       __unwindtable$??__F_AtlComModule@ATL@@YAXXZ 10028408     StdAfx.obj
 0002:00007410       __ehfuncinfo$??__F_AtlComModule@ATL@@YAXXZ 10028410     StdAfx.obj
 0002:00007434       __unwindtable$??0CAUGwanManager@@QAE@XZ 10028434     _GwanManager.obj
 0002:00007444       __ehfuncinfo$??0CAUGwanManager@@QAE@XZ 10028444     _GwanManager.obj
 0002:00007468       __unwindtable$??1CAUGwanManager@@QAE@XZ 10028468     _GwanManager.obj
 0002:00007470       __ehfuncinfo$??1CAUGwanManager@@QAE@XZ 10028470     _GwanManager.obj
 0002:00007494       __ehfuncinfo$??1?$CList@PAVCWinixGwanItem@@PAV1@@@UAE@XZ 10028494     _GwanManager.obj
 0002:000074b8       __unwindtable$??_G?$CList@PAVCWinixGwanItem@@PAV1@@@UAEPAXI@Z 100284b8     _GwanManager.obj
 0002:000074c0       __ehfuncinfo$??_G?$CList@PAVCWinixGwanItem@@PAV1@@@UAEPAXI@Z 100284c0     _GwanManager.obj
 0002:000074e4       __unwindtable$?Parser@@YA?AV?$CStringT@DV?$StrTraitMFC_DLL@DV?$ChTraitsCRT@D@ATL@@@@@ATL@@AAV12@V12@@Z 100284e4     _GwanManager.obj
 0002:00007504       __ehfuncinfo$?Parser@@YA?AV?$CStringT@DV?$StrTraitMFC_DLL@DV?$ChTraitsCRT@D@ATL@@@@@ATL@@AAV12@V12@@Z 10028504     _GwanManager.obj
 0002:00007528       __sehtable$_WinbaseIsolationAwarePrivatetRgzlnPgpgk@0 10028528     mfcs140:nolib.obj
 0002:00007548       __sehtable$_IsolationAwareUnregisterClassA@8 10028548     mfcs140:nolib.obj
 0002:00007564       __ehfuncinfo$??1CAtlComModule@ATL@@QAE@XZ 10028564     mfcs140:nolib.obj
 0002:00007588       __unwindtable$??__F_AtlComModule@ATL@@YAXXZ 10028588     mfcs140:nolib.obj
 0002:00007590       __ehfuncinfo$??__F_AtlComModule@ATL@@YAXXZ 10028590     mfcs140:nolib.obj
 0002:000075b4       __ehfuncinfo$??_Estringdispid@CComTypeInfoHolder@ATL@@QAEPAXI@Z 100285b4     mfcs140:nolib.obj
 0002:000075d8       __unwindtable$??__F_AtlComModule@ATL@@YAXXZ 100285d8     mfcs140:dllmodul.obj
 0002:000075e0       __ehfuncinfo$??__F_AtlComModule@ATL@@YAXXZ 100285e0     mfcs140:dllmodul.obj
 0002:00007604       __unwindtable$?AfxWndProcDllStatic@@YGJPAUHWND__@@IIJ@Z 10028604     mfcs140:dllmodul.obj
 0002:0000760c       __ehfuncinfo$?AfxWndProcDllStatic@@YGJPAUHWND__@@IIJ@Z 1002860c     mfcs140:dllmodul.obj
 0002:00007630       __catchsym$_InternalDllMain@12$7 10028630     mfcs140:dllmodul.obj
 0002:00007640       __tryblocktable$_InternalDllMain@12 10028640     mfcs140:dllmodul.obj
 0002:00007654       __unwindtable$_InternalDllMain@12 10028654     mfcs140:dllmodul.obj
 0002:00007674       __ehfuncinfo$_InternalDllMain@12 10028674     mfcs140:dllmodul.obj
 0002:00007698       __unwindtable$??__F_AtlComModule@ATL@@YAXXZ 10028698     mfcs140:stdafx.obj
 0002:000076a0       __ehfuncinfo$??__F_AtlComModule@ATL@@YAXXZ 100286a0     mfcs140:stdafx.obj
 0002:000076c4       __unwindtable$??__F_AtlComModule@ATL@@YAXXZ 100286c4     mfcs140:dllmodulx.obj
 0002:000076cc       __ehfuncinfo$??__F_AtlComModule@ATL@@YAXXZ 100286cc     mfcs140:dllmodulx.obj
 0002:000076f0       __sehtable$??_L@YGXPAXIIP6EX0@Z1@Z 100286f0     msvcrt:ehvecctr.obj
 0002:00007710       __sehtable$??__C@YGXPAX0IIP6EX00@ZP6EX0@Z@Z 10028710     msvcrt:ehvccctr.obj
 0002:00007730       __sehtable$??_M@YGXPAXIIP6EX0@Z@Z 10028730     msvcrt:ehvecdtr.obj
 0002:00007750       __sehtable$?__ArrayUnwind@@YGXPAXIIP6EX0@Z@Z 10028750     msvcrt:ehvecdtr.obj
 0002:00007770       __sehtable$___scrt_is_nonwritable_in_current_image 10028770     msvcrt:utility.obj
 0002:00007790       __sehtable$?dllmain_crt_process_attach@@YAHQAUHINSTANCE__@@QAX@Z 10028790     msvcrt:dll_dllmain.obj
 0002:000077b0       __sehtable$?dllmain_crt_process_detach@@YAH_N@Z 100287b0     msvcrt:dll_dllmain.obj
 0002:000077d8       __sehtable$?dllmain_dispatch@@YAHQAUHINSTANCE__@@KQAX@Z 100287d8     msvcrt:dll_dllmain.obj
 0002:000077f8       __sehtable$__IsNonwritableInCurrentImage 100287f8     mfcs140:rawdllmainproxy.obj
 0002:00007820       .edata                     10028820     PCTRWINIX.exp
 0002:00007848       rgpv                       10028848     PCTRWINIX.exp
 0002:00007858       rgszName                   10028858     PCTRWINIX.exp
 0002:00007868       rgwOrd                     10028868     PCTRWINIX.exp
 0002:00007870       szName                     10028870     PCTRWINIX.exp
 0002:0000787e       $N00004                    1002887e     PCTRWINIX.exp
 0002:0000788c       $N00001                    1002888c     PCTRWINIX.exp
 0002:00007899       $N00002                    10028899     PCTRWINIX.exp
 0002:000078a6       $N00003                    100288a6     PCTRWINIX.exp
 0002:00007e54       .idata$6                   10028e54     mfc140:mfc140.dll
 0002:000081b2       .idata$6                   100291b2     kernel32:KERNEL32.dll
 0002:0000820e       .idata$6                   1002920e     user32:USER32.dll
 0002:0000821a       .idata$6                   1002921a     oleaut32:OLEAUT32.dll
 0002:000082e6       .idata$6                   100292e6     vcruntime:VCRUNTIME140.dll
 0002:0000844e       .idata$6                   1002944e     ucrt:api-ms-win-crt-runtime-l1-1-0.dll
 0002:00008470       .idata$6                   10029470     ucrt:api-ms-win-crt-stdio-l1-1-0.dll
 0002:00008490       .idata$6                   10029490     ucrt:api-ms-win-crt-utility-l1-1-0.dll
 0002:000084b2       .idata$6                   100294b2     ucrt:api-ms-win-crt-convert-l1-1-0.dll
 0002:000084d4       .idata$6                   100294d4     ucrt:api-ms-win-crt-heap-l1-1-0.dll
 0003:00000710       ?RMSG_INTERFACE@@3IB       1002a710     CodeManagerWnd.obj
 0003:00000714       ?RMSG_GETPCTRDATA@@3IB     1002a714     CodeManagerWnd.obj
 0003:00000718       ?RMSG_SETPCTRDATA@@3IB     1002a718     CodeManagerWnd.obj
 0003:0000071c       ?RMSG_CONCERNHWND@@3IB     1002a71c     CodeManagerWnd.obj
 0003:00000720       ?RMSG_INTREQUEST@@3IB      1002a720     CodeManagerWnd.obj
 0003:00000724       ?RMSG_GWANSIMREGISTER@@3IB 1002a724     CodeManagerWnd.obj
 0003:00000728       ?RMSG_WINIXPLATFORM@@3IB   1002a728     CodeManagerWnd.obj
 0003:0000072c       ?RMSG_GETSIGNAL_REAL@@3IB  1002a72c     CodeManagerWnd.obj
 0003:00000730       ?RMSG_SENDMESSAGE@@3IB     1002a730     CodeManagerWnd.obj
 0003:00000734       ?RMSG_INTERFACE@@3IB       1002a734     LocalHeader.obj
 0003:00000738       ?RMSG_GETPCTRDATA@@3IB     1002a738     LocalHeader.obj
 0003:0000073c       ?RMSG_SETPCTRDATA@@3IB     1002a73c     LocalHeader.obj
 0003:00000740       ?RMSG_CONCERNHWND@@3IB     1002a740     LocalHeader.obj
 0003:00000744       ?RMSG_INTREQUEST@@3IB      1002a744     LocalHeader.obj
 0003:00000748       ?RMSG_GWANSIMREGISTER@@3IB 1002a748     LocalHeader.obj
 0003:0000074c       ?RMSG_WINIXPLATFORM@@3IB   1002a74c     LocalHeader.obj
 0003:00000750       ?RMSG_GETSIGNAL_REAL@@3IB  1002a750     LocalHeader.obj
 0003:00000754       ?RMSG_SENDMESSAGE@@3IB     1002a754     LocalHeader.obj
 0003:00000758       ?RMSG_INTERFACE@@3IB       1002a758     PctrWinix.obj
 0003:0000075c       ?RMSG_GETPCTRDATA@@3IB     1002a75c     PctrWinix.obj
 0003:00000760       ?RMSG_SETPCTRDATA@@3IB     1002a760     PctrWinix.obj
 0003:00000764       ?RMSG_CONCERNHWND@@3IB     1002a764     PctrWinix.obj
 0003:00000768       ?RMSG_INTREQUEST@@3IB      1002a768     PctrWinix.obj
 0003:0000076c       ?RMSG_GWANSIMREGISTER@@3IB 1002a76c     PctrWinix.obj
 0003:00000770       ?RMSG_WINIXPLATFORM@@3IB   1002a770     PctrWinix.obj
 0003:00000774       ?RMSG_GETSIGNAL_REAL@@3IB  1002a774     PctrWinix.obj
 0003:00000778       ?RMSG_SENDMESSAGE@@3IB     1002a778     PctrWinix.obj
 0003:00000ba8       ?RMSG_INTERFACE@@3IB       1002aba8     _GateManager.obj
 0003:00000bac       ?RMSG_GETPCTRDATA@@3IB     1002abac     _GateManager.obj
 0003:00000bb0       ?RMSG_SETPCTRDATA@@3IB     1002abb0     _GateManager.obj
 0003:00000bb4       ?RMSG_CONCERNHWND@@3IB     1002abb4     _GateManager.obj
 0003:00000bb8       ?RMSG_INTREQUEST@@3IB      1002abb8     _GateManager.obj
 0003:00000bbc       ?RMSG_GWANSIMREGISTER@@3IB 1002abbc     _GateManager.obj
 0003:00000bc0       ?RMSG_WINIXPLATFORM@@3IB   1002abc0     _GateManager.obj
 0003:00000bc4       ?RMSG_GETSIGNAL_REAL@@3IB  1002abc4     _GateManager.obj
 0003:00000bc8       ?RMSG_SENDMESSAGE@@3IB     1002abc8     _GateManager.obj
 0003:00000bcc       ?RMSG_INTERFACE@@3IB       1002abcc     _GwanManager.obj
 0003:00000bd0       ?RMSG_GETPCTRDATA@@3IB     1002abd0     _GwanManager.obj
 0003:00000bd4       ?RMSG_SETPCTRDATA@@3IB     1002abd4     _GwanManager.obj
 0003:00000bd8       ?RMSG_CONCERNHWND@@3IB     1002abd8     _GwanManager.obj
 0003:00000bdc       ?RMSG_INTREQUEST@@3IB      1002abdc     _GwanManager.obj
 0003:00000be0       ?RMSG_GWANSIMREGISTER@@3IB 1002abe0     _GwanManager.obj
 0003:00000be4       ?RMSG_WINIXPLATFORM@@3IB   1002abe4     _GwanManager.obj
 0003:00000be8       ?RMSG_GETSIGNAL_REAL@@3IB  1002abe8     _GwanManager.obj
 0003:00000bec       ?RMSG_SENDMESSAGE@@3IB     1002abec     _GwanManager.obj
 0003:00000c24       ?controlDLL@@3UAFX_EXTENSION_MODULE@@A 1002ac24     mfcs140:dllmodul.obj
 0003:00000c38       ?afxModuleState@@3V_AFX_DLL_MODULE_STATE@@A 1002ac38     mfcs140:dllmodul.obj
 0003:00000cd4       ?pafxModuleStatePrev@@3PAVAFX_MODULE_STATE@@A 1002acd4     mfcs140:dllmodul.obj
 0003:00000ce8       ?is_initialized_as_dll@@3_NA 1002ace8     msvcrt:utility.obj
 0003:00000ce9       ?module_local_atexit_table_initialized@@3_NA 1002ace9     msvcrt:utility.obj
 0003:00000cec       ?module_local_atexit_table@@3U_onexit_table_t@@A 1002acec     msvcrt:utility.obj
 0003:00000cf8       ?module_local_at_quick_exit_table@@3U_onexit_table_t@@A 1002acf8     msvcrt:utility.obj
 0003:00000d04       ?g_tss_cv@@3U_RTL_CONDITION_VARIABLE@@A 1002ad04     msvcrt:thread_safe_statics.obj
 0003:00000d08       ?g_tss_event@@3PAXA        1002ad08     msvcrt:thread_safe_statics.obj
 0003:00000d0c       ?g_tss_mutex@@3U_RTL_CRITICAL_SECTION@@A 1002ad0c     msvcrt:thread_safe_statics.obj
 0003:00000d24       ?g_sleep_condition_variable_cs@@3P6GHPAU_RTL_CONDITION_VARIABLE@@PAU_RTL_CRITICAL_SECTION@@K@ZA 1002ad24     msvcrt:thread_safe_statics.obj
 0003:00000d28       ?g_wake_all_condition_variable@@3P6GXPAU_RTL_CONDITION_VARIABLE@@@ZA 1002ad28     msvcrt:thread_safe_statics.obj
 0003:00000d30       ?__proc_attached@@3HA      1002ad30     msvcrt:dll_dllmain.obj
 0003:00000d38       _GS_ExceptionRecord        1002ad38     msvcrt:gs_report.obj
 0003:00000d88       _GS_ContextRecord          1002ad88     msvcrt:gs_report.obj
 0004:000000a0       $R000000                   1002c0a0     PctrWinix.res
 0004:00000390       $R0002F0                   1002c390     PctrWinix.res

 Exports

  ordinal    name

        1    ?GetInferface@@YGJHJ@Z (long __stdcall GetInferface(int,long))
               exported name: GetInferface
        2    ?SetInferface@@YGJHJ@Z (long __stdcall SetInferface(int,long))
               exported name: SetInferface
        3    ?SetPcTrInterface@@YGXHJ@Z (void __stdcall SetPcTrInterface(int,long))
               exported name: SetPcTrInterface
        4    ?GetCodeMaster@@YGPAUHWND__@@XZ (struct HWND__ * __stdcall GetCodeMaster(void))
               exported name: GetCodeMaster
