 STConfigureDlg

 Timestamp is 641272d6 (Thu Mar 16 10:37:26 2023)

 Preferred load address is 10000000

 Start         Length     Name                   Class
 0001:00000000 00000c20H .text$di                CODE
 0001:00000c20 00026ad0H .text$mn                CODE
 0001:000276f0 00003ba0H .text$x                 CODE
 0001:0002b290 000004dbH .text$yd                CODE
 0002:00000000 00000910H .idata$5                DATA
 0002:00000910 00000008H .00cfg                  DATA
 0002:00000918 00000004H .CRT$XCA                DATA
 0002:0000091c 00000008H .CRT$XCL                DATA
 0002:00000924 000000f0H .CRT$XCU                DATA
 0002:00000a14 00000004H .CRT$XCZ                DATA
 0002:00000a18 00000004H .CRT$XIA                DATA
 0002:00000a1c 00000004H .CRT$XIC                DATA
 0002:00000a20 00000004H .CRT$XIZ                DATA
 0002:00000a24 00000004H .CRT$XLA                DATA
 0002:00000a28 00000004H .CRT$XLZ                DATA
 0002:00000a2c 00000004H .CRT$XPA                DATA
 0002:00000a30 00000004H .CRT$XPZ                DATA
 0002:00000a34 00000004H .CRT$XTA                DATA
 0002:00000a38 00000008H .CRT$XTZ                DATA
 0002:00000a3c 00000000H .gfids$y                DATA
 0002:00000a40 00007e40H .rdata                  DATA
 0002:00008880 00000004H .rdata$CastGuardVftablesA DATA
 0002:00008884 00000004H .rdata$CastGuardVftablesC DATA
 0002:00008888 00000018H .rdata$T                DATA
 0002:000088a0 000013ecH .rdata$r                DATA
 0002:00009c8c 00000308H .rdata$sxdata           DATA
 0002:00009f94 00000040H .rdata$voltmd           DATA
 0002:00009fd4 00000438H .rdata$zzzdbg           DATA
 0002:0000a40c 00000004H .rtc$IAA                DATA
 0002:0000a410 00000004H .rtc$IZZ                DATA
 0002:0000a414 00000004H .rtc$TAA                DATA
 0002:0000a418 00000004H .rtc$TZZ                DATA
 0002:0000a41c 00000004H .tls                    DATA
 0002:0000a420 00000004H .tls$                   DATA
 0002:0000a424 00000004H .tls$ZZZ                DATA
 0002:0000a428 000030a4H .xdata$x                DATA
 0002:0000d4cc 00000004H ATL$__a                 DATA
 0002:0000d4d0 00000010H ATL$__z                 DATA
 0002:0000d4e0 00000218H .edata                  DATA
 0002:0000d6f8 00000140H .idata$2                DATA
 0002:0000d838 00000014H .idata$3                DATA
 0002:0000d84c 00000910H .idata$4                DATA
 0002:0000e15c 00000d8aH .idata$6                DATA
 0003:00000000 00000098H .data                   DATA
 0003:00000098 0000003cH .data$r                 DATA
 0003:000000d4 000006dcH .data$rs                DATA
 0003:000007b0 00000c38H .bss                    DATA
 0004:00000000 00000510H .rsrc$01                DATA
 0004:00000510 000081d0H .rsrc$02                DATA

  Address         Publics by Value              Rva+Base       Lib:Object

 0000:00000000       ___guard_eh_cont_count     00000000     <absolute>
 0000:00000000       ___enclave_config          00000000     <absolute>
 0000:00000000       ___hybrid_code_map         00000000     <absolute>
 0000:00000000       ___guard_longjmp_count     00000000     <absolute>
 0000:00000000       ___AbsoluteZero            00000000     <absolute>
 0000:00000000       ___guard_fids_table        00000000     <absolute>
 0000:00000000       ___guard_eh_cont_table     00000000     <absolute>
 0000:00000000       ___guard_check_icall_a64n_fptr 00000000     <absolute>
 0000:00000000       ___arm64x_extra_rfe_table_size 00000000     <absolute>
 0000:00000000       ___arm64x_redirection_metadata_count 00000000     <absolute>
 0000:00000000       ___arm64x_extra_rfe_table  00000000     <absolute>
 0000:00000000       ___guard_iat_count         00000000     <absolute>
 0000:00000000       ___arm64x_redirection_metadata 00000000     <absolute>
 0000:00000000       ___hybrid_code_map_count   00000000     <absolute>
 0000:00000000       ___arm64x_native_entrypoint 00000000     <absolute>
 0000:00000000       ___hybrid_auxiliary_iat    00000000     <absolute>
 0000:00000000       ___hybrid_auxiliary_iat_copy 00000000     <absolute>
 0000:00000000       ___dynamic_value_reloc_table 00000000     <absolute>
 0000:00000000       ___guard_fids_count        00000000     <absolute>
 0000:00000000       ___guard_longjmp_table     00000000     <absolute>
 0000:00000000       ___x64_code_ranges_to_entry_points_count 00000000     <absolute>
 0000:00000000       ___x64_code_ranges_to_entry_points 00000000     <absolute>
 0000:00000000       ___guard_iat_table         00000000     <absolute>
 0000:0000002c       __tls_array                0000002c     <absolute>
 0000:000000c2       ___safe_se_handler_count   000000c2     <absolute>
 0000:00000100       ___guard_flags             00000100     <absolute>
 0000:00000000       ___ImageBase               10000000     <linker-defined>
 0001:00000c20       ??0CBitmapItemComboBox@@QAE@XZ 10001c20 f   BitmapItemComboBox.obj
 0001:00000c50       ??1CBitmap@@UAE@XZ         10001c50 f i BitmapItemComboBox.obj
 0001:00000c60       ??1CBitmapItemComboBox@@UAE@XZ 10001c60 f   BitmapItemComboBox.obj
 0001:00000c90       ??1CBrush@@UAE@XZ          10001c90 f i BitmapItemComboBox.obj
 0001:00000ca0       ??1CGdiObject@@UAE@XZ      10001ca0 f i BitmapItemComboBox.obj
 0001:00000db0       ??1CObject@@UAE@XZ         10001db0 f i BitmapItemComboBox.obj
 0001:00000dc0       ??_ECBitmap@@UAEPAXI@Z     10001dc0 f i BitmapItemComboBox.obj
 0001:00000dc0       ??_GCBitmap@@UAEPAXI@Z     10001dc0 f i BitmapItemComboBox.obj
 0001:00000e00       ??_GCBitmapItemComboBox@@UAEPAXI@Z 10001e00 f i BitmapItemComboBox.obj
 0001:00000e00       ??_ECBitmapItemComboBox@@UAEPAXI@Z 10001e00 f i BitmapItemComboBox.obj
 0001:00000e60       ??_GCBrush@@UAEPAXI@Z      10001e60 f i BitmapItemComboBox.obj
 0001:00000e60       ??_ECBrush@@UAEPAXI@Z      10001e60 f i BitmapItemComboBox.obj
 0001:00000ea0       ??_ECComboBox@@UAEPAXI@Z   10001ea0 f i BitmapItemComboBox.obj
 0001:00000ea0       ??_GCComboBox@@UAEPAXI@Z   10001ea0 f i BitmapItemComboBox.obj
 0001:00000ee0       ??_ECGdiObject@@UAEPAXI@Z  10001ee0 f i BitmapItemComboBox.obj
 0001:00000ee0       ??_GCGdiObject@@UAEPAXI@Z  10001ee0 f i BitmapItemComboBox.obj
 0001:00000f20       ?AssertValid@CObject@@UBEXXZ 10001f20 f i BitmapItemComboBox.obj
 0001:00000f30       ?BeginModalState@CWnd@@UAEXXZ 10001f30 f i BitmapItemComboBox.obj
 0001:00000f40       ?DoDataExchange@CWnd@@MAEXPAVCDataExchange@@@Z 10001f40 f i BitmapItemComboBox.obj
 0001:00000f50       ?DrawItem@CBitmapItemComboBox@@UAEXPAUtagDRAWITEMSTRUCT@@@Z 10001f50 f   BitmapItemComboBox.obj
 0001:000010e0       ?Dump@CObject@@UBEXAAVCDumpContext@@@Z 100020e0 f i BitmapItemComboBox.obj
 0001:000010f0       ?EndModalState@CWnd@@UAEXXZ 100020f0 f i BitmapItemComboBox.obj
 0001:00001100       ?GetMessageMap@CBitmapItemComboBox@@MBEPBUAFX_MSGMAP@@XZ 10002100 f   BitmapItemComboBox.obj
 0001:00001110       ?GetThisMessageMap@CBitmapItemComboBox@@KGPBUAFX_MSGMAP@@XZ 10002110 f   BitmapItemComboBox.obj
 0001:00001120       ?MeasureItem@CBitmapItemComboBox@@UAEXPAUtagMEASUREITEMSTRUCT@@@Z 10002120 f   BitmapItemComboBox.obj
 0001:00001140       ?Serialize@CObject@@UAEXAAVCArchive@@@Z 10002140 f i BitmapItemComboBox.obj
 0001:00001150       ?__empty_global_delete@@YAXPAX@Z 10002150 f i BitmapItemComboBox.obj
 0001:00001160       ?__global_delete@@YAXPAXI@Z 10002160 f i BitmapItemComboBox.obj
 0001:00001160       ?__empty_global_delete@@YAXPAXI@Z 10002160 f i BitmapItemComboBox.obj
 0001:00001170       ??0CEtcColor@@QAE@ABK000000@Z 10002170 f   Color.obj
 0001:000011e0       ??0CEtcColor@@QAE@XZ       100021e0 f   Color.obj
 0001:00001220       ??0CEtcGraphColor@@QAE@ABK00000@Z 10002220 f   Color.obj
 0001:00001260       ??0CEtcGraphColor@@QAE@XZ  10002260 f   Color.obj
 0001:00001290       ??0CGraphColor@@QAE@ABK00000@Z 10002290 f   Color.obj
 0001:000012d0       ??0CGraphColor@@QAE@ABV0@@Z 100022d0 f   Color.obj
 0001:00001310       ??0CGraphColor@@QAE@ABV?$CStringT@DV?$StrTraitMFC_DLL@DV?$ChTraitsCRT@D@ATL@@@@@ATL@@@Z 10002310 f   Color.obj
 0001:00001360       ??0CGraphColor@@QAE@XZ     10002360 f   Color.obj
 0001:000013a0       ??0CGraphRegionColor@@QAE@ABK00@Z 100023a0 f   Color.obj
 0001:000013c0       ??0CGraphRegionColor@@QAE@XZ 100023c0 f   Color.obj
 0001:000013e0       ??0CScaleColor@@QAE@ABK00@Z 100023e0 f   Color.obj
 0001:00001400       ??0CScaleColor@@QAE@XZ     10002400 f   Color.obj
 0001:00001420       ??4CEtcColor@@QAEAAV0@ABV0@@Z 10002420 f   Color.obj
 0001:00001480       ??4CEtcGraphColor@@QAEAAV0@ABV0@@Z 10002480 f   Color.obj
 0001:000014c0       ??4CGraphColor@@QAEAAV0@ABV0@@Z 100024c0 f   Color.obj
 0001:00001500       ??4CGraphRegionColor@@QAEAAV0@ABV0@@Z 10002500 f   Color.obj
 0001:00001520       ??4CScaleColor@@QAEAAV0@ABV0@@Z 10002520 f   Color.obj
 0001:00001540       ?GetBackgroundColor@CGraphRegionColor@@QBEKXZ 10002540 f   Color.obj
 0001:00001550       ?GetColor1@CGraphColor@@QBEKXZ 10002550 f   Color.obj
 0001:00001560       ?GetColor2@CGraphColor@@QBEKXZ 10002560 f   Color.obj
 0001:00001570       ?GetColor3@CGraphColor@@QBEKXZ 10002570 f   Color.obj
 0001:00001580       ?GetColor4@CGraphColor@@QBEKXZ 10002580 f   Color.obj
 0001:00001590       ?GetColor5@CGraphColor@@QBEKXZ 10002590 f   Color.obj
 0001:000015a0       ?GetColor6@CGraphColor@@QBEKXZ 100025a0 f   Color.obj
 0001:000015b0       ?GetDownGraphFill@CGraphColor@@QBE_NXZ 100025b0 f   Color.obj
 0001:000015c0       ?GetEtcGraphColor@CEtcColor@@QBE?AVCEtcGraphColor@@XZ 100025c0 f   Color.obj
 0001:000015e0       ?GetFrameColor@CGraphRegionColor@@QBEKXZ 100025e0 f   Color.obj
 0001:000015f0       ?GetGraphColor1@CEtcGraphColor@@QBEKXZ 100025f0 f   Color.obj
 0001:00001600       ?GetGraphColor2@CEtcGraphColor@@QBEKXZ 10002600 f   Color.obj
 0001:00001610       ?GetGraphColor3@CEtcGraphColor@@QBEKXZ 10002610 f   Color.obj
 0001:00001620       ?GetGraphColor4@CEtcGraphColor@@QBEKXZ 10002620 f   Color.obj
 0001:00001630       ?GetGraphColor5@CEtcGraphColor@@QBEKXZ 10002630 f   Color.obj
 0001:00001640       ?GetGraphColor6@CEtcGraphColor@@QBEKXZ 10002640 f   Color.obj
 0001:00001650       ?GetHorzScaleColor@CScaleColor@@QAEAAKXZ 10002650 f   Color.obj
 0001:00001660       ?GetHorzScaleColor@CScaleColor@@QBEKXZ 10002660 f   Color.obj
 0001:00001670       ?GetLineColor@CGraphRegionColor@@QBEKXZ 10002670 f   Color.obj
 0001:00001680       ?GetScaleTextColor@CScaleColor@@QAEAAKXZ 10002680 f   Color.obj
 0001:00001690       ?GetScaleTextColor@CScaleColor@@QBEKXZ 10002690 f   Color.obj
 0001:000016a0       ?GetStringData@CGraphColor@@QBE?AV?$CStringT@DV?$StrTraitMFC_DLL@DV?$ChTraitsCRT@D@ATL@@@@@ATL@@XZ 100026a0 f   Color.obj
 0001:00001ab0       ?GetToolColor@CEtcColor@@QBEKXZ 10002ab0 f   Color.obj
 0001:00001ac0       ?GetUpGraphFill@CGraphColor@@QBE_NXZ 10002ac0 f   Color.obj
 0001:00001ad0       ?GetVertScaleColor@CScaleColor@@QAEAAKXZ 10002ad0 f   Color.obj
 0001:00001ae0       ?GetVertScaleColor@CScaleColor@@QBEKXZ 10002ae0 f   Color.obj
 0001:00001af0       ?SetBackgroundColor@CGraphRegionColor@@QAEXABK@Z 10002af0 f   Color.obj
 0001:00001b00       ?SetBoolData@CGraphColor@@AAEXABV?$CStringT@DV?$StrTraitMFC_DLL@DV?$ChTraitsCRT@D@ATL@@@@@ATL@@AA_N@Z 10002b00 f   Color.obj
 0001:00001b20       ?SetColor1@CGraphColor@@QAEXABK@Z 10002b20 f   Color.obj
 0001:00001b30       ?SetColor2@CGraphColor@@QAEXABK@Z 10002b30 f   Color.obj
 0001:00001b40       ?SetColor3@CGraphColor@@QAEXABK@Z 10002b40 f   Color.obj
 0001:00001b50       ?SetColor4@CGraphColor@@QAEXABK@Z 10002b50 f   Color.obj
 0001:00001b60       ?SetColor5@CGraphColor@@QAEXABK@Z 10002b60 f   Color.obj
 0001:00001b70       ?SetColor6@CGraphColor@@QAEXABK@Z 10002b70 f   Color.obj
 0001:00001b80       ?SetColor@CGraphColor@@QAEXABK00000@Z 10002b80 f   Color.obj
 0001:00001bc0       ?SetColorData@CGraphColor@@AAEXABV?$CStringT@DV?$StrTraitMFC_DLL@DV?$ChTraitsCRT@D@ATL@@@@@ATL@@AAK@Z 10002bc0 f   Color.obj
 0001:00001be0       ?SetData@CGraphColor@@QAEXABV1@@Z 10002be0 f   Color.obj
 0001:00001c20       ?SetData@CGraphColor@@QAEXABV?$CStringT@DV?$StrTraitMFC_DLL@DV?$ChTraitsCRT@D@ATL@@@@@ATL@@@Z 10002c20 f   Color.obj
 0001:00001f30       ?SetDownGraphFill@CGraphColor@@QAEX_N@Z 10002f30 f   Color.obj
 0001:00001f40       ?SetEtcGraphColor@CEtcColor@@QAEXABVCEtcGraphColor@@@Z 10002f40 f   Color.obj
 0001:00001f80       ?SetEtcGraphColor@CEtcColor@@QAEXHABK@Z 10002f80 f   Color.obj
 0001:00002000       ?SetFrameColor@CGraphRegionColor@@QAEXABK@Z 10003000 f   Color.obj
 0001:00002010       ?SetGraphColor1@CEtcGraphColor@@QAEXABK@Z 10003010 f   Color.obj
 0001:00002020       ?SetGraphColor2@CEtcGraphColor@@QAEXABK@Z 10003020 f   Color.obj
 0001:00002030       ?SetGraphColor3@CEtcGraphColor@@QAEXABK@Z 10003030 f   Color.obj
 0001:00002040       ?SetGraphColor4@CEtcGraphColor@@QAEXABK@Z 10003040 f   Color.obj
 0001:00002050       ?SetGraphColor5@CEtcGraphColor@@QAEXABK@Z 10003050 f   Color.obj
 0001:00002060       ?SetGraphColor6@CEtcGraphColor@@QAEXABK@Z 10003060 f   Color.obj
 0001:00002070       ?SetHorzScaleColor@CScaleColor@@QAEXABK@Z 10003070 f   Color.obj
 0001:00002080       ?SetLineColor@CGraphRegionColor@@QAEXABK@Z 10003080 f   Color.obj
 0001:00002090       ?SetScaleTextColor@CScaleColor@@QAEXABK@Z 10003090 f   Color.obj
 0001:000020a0       ?SetToolColor@CEtcColor@@QAEXABK@Z 100030a0 f   Color.obj
 0001:000020b0       ?SetUpGraphFill@CGraphColor@@QAEX_N@Z 100030b0 f   Color.obj
 0001:000020c0       ?SetVertScaleColor@CScaleColor@@QAEXABK@Z 100030c0 f   Color.obj
 0001:000020d0       ??0CColorButton@@QAE@XZ    100030d0 f   ColorButton.obj
 0001:00002150       ??1CColorButton@@UAE@XZ    10003150 f   ColorButton.obj
 0001:00002170       ??_GCButton@@UAEPAXI@Z     10003170 f i ColorButton.obj
 0001:00002170       ??_ECButton@@UAEPAXI@Z     10003170 f i ColorButton.obj
 0001:000021b0       ??_GCColorButton@@UAEPAXI@Z 100031b0 f i ColorButton.obj
 0001:000021b0       ??_ECColorButton@@UAEPAXI@Z 100031b0 f i ColorButton.obj
 0001:00002200       ?DrawItem@CColorButton@@UAEXPAUtagDRAWITEMSTRUCT@@@Z 10003200 f   ColorButton.obj
 0001:00002320       ?EnableWindow@CColorButton@@QAEHH@Z 10003320 f   ColorButton.obj
 0001:00002340       ?GetBtnText@CColorButton@@QAE?AV?$CStringT@DV?$StrTraitMFC_DLL@DV?$ChTraitsCRT@D@ATL@@@@@ATL@@XZ 10003340 f   ColorButton.obj
 0001:00002360       ?GetMessageMap@CColorButton@@MBEPBUAFX_MSGMAP@@XZ 10003360 f   ColorButton.obj
 0001:00002370       ?GetThisMessageMap@CColorButton@@KGPBUAFX_MSGMAP@@XZ 10003370 f   ColorButton.obj
 0001:00002380       ?SetBtnText@CColorButton@@QAEXPBD@Z 10003380 f   ColorButton.obj
 0001:000023a0       ?SetColor@CColorButton@@QAEXABK@Z 100033a0 f   ColorButton.obj
 0001:000023c0       ??1CRgn@@UAE@XZ            100033c0 f i Conversion.obj
 0001:000023d0       ??HATL@@YA?AV?$CStringT@DV?$StrTraitMFC_DLL@DV?$ChTraitsCRT@D@ATL@@@@@0@ABV10@0@Z 100033d0 f i Conversion.obj
 0001:00002450       ??HATL@@YA?AV?$CStringT@DV?$StrTraitMFC_DLL@DV?$ChTraitsCRT@D@ATL@@@@@0@DABV10@@Z 10003450 f i Conversion.obj
 0001:000024d0       ??_GCRgn@@UAEPAXI@Z        100034d0 f i Conversion.obj
 0001:000024d0       ??_ECRgn@@UAEPAXI@Z        100034d0 f i Conversion.obj
 0001:00002510       ?AbsoluteToRelative_X@CDataConversion@@SAHABVCRect@@HABN1@Z 10003510 f   Conversion.obj
 0001:00002580       ?AbsoluteToRelative_X@CDataConversion@@SAHABVCRect@@HH@Z 10003580 f   Conversion.obj
 0001:000025d0       ?AbsoluteToRelative_Y@CDataConversion@@SANABVCRect@@HABN1@Z 100035d0 f   Conversion.obj
 0001:00002670       ?Bool2Str@CDataConversion@@SA?AV?$CStringT@DV?$StrTraitMFC_DLL@DV?$ChTraitsCRT@D@ATL@@@@@ATL@@H@Z 10003670 f   Conversion.obj
 0001:000026e0       ?CalcDateFormat@CDataConversion@@SAHHHABV?$CStringT@DV?$StrTraitMFC_DLL@DV?$ChTraitsCRT@D@ATL@@@@@ATL@@HH@Z 100036e0 f   Conversion.obj
 0001:00002a50       ?CalcTimeFormat@CDataConversion@@CAHABV?$CStringT@DV?$StrTraitMFC_DLL@DV?$ChTraitsCRT@D@ATL@@@@@ATL@@00_N1@Z 10003a50 f   Conversion.obj
 0001:00002ab0       ?CalcTimeFormat@CDataConversion@@SAHHHABV?$CStringT@DV?$StrTraitMFC_DLL@DV?$ChTraitsCRT@D@ATL@@@@@ATL@@_N@Z 10003ab0 f   Conversion.obj
 0001:00002b70       ?CalcTimeFormat_Future@CDataConversion@@CAHABV?$CStringT@DV?$StrTraitMFC_DLL@DV?$ChTraitsCRT@D@ATL@@@@@ATL@@00_N@Z 10003b70 f   Conversion.obj
 0001:00002d00       ?CalcTimeFormat_Past@CDataConversion@@CAHABV?$CStringT@DV?$StrTraitMFC_DLL@DV?$ChTraitsCRT@D@ATL@@@@@ATL@@00_N@Z 10003d00 f   Conversion.obj
 0001:00002d40       ?CalcTimeFormatforCharge@CDataConversion@@SAHHHABV?$CStringT@DV?$StrTraitMFC_DLL@DV?$ChTraitsCRT@D@ATL@@@@@ATL@@H_N@Z 10003d40 f   Conversion.obj
 0001:00002e80       ?ChagneUprightData_Day@CDataConversion@@CAXAAH00@Z 10003e80 f   Conversion.obj
 0001:00002f10       ?ChagneUprightData_YearAndMonth@CDataConversion@@CAXAAH0@Z 10003f10 f   Conversion.obj
 0001:00002f80       ?DoubleToString@CDataConversion@@SA?AV?$CStringT@DV?$StrTraitMFC_DLL@DV?$ChTraitsCRT@D@ATL@@@@@ATL@@ABN@Z 10003f80 f   Conversion.obj
 0001:00003060       ?DoubleToString@CDataConversion@@SA?AV?$CStringT@DV?$StrTraitMFC_DLL@DV?$ChTraitsCRT@D@ATL@@@@@ATL@@ABNH@Z 10004060 f   Conversion.obj
 0001:00003220       ?FindIndex@CDataConversion@@SAHABV?$CStringT@DV?$StrTraitMFC_DLL@DV?$ChTraitsCRT@D@ATL@@@@@ATL@@0H@Z 10004220 f   Conversion.obj
 0001:00003270       ?GetAdditionDataInFormat@CDataConversion@@CA?AV?$CStringT@DV?$StrTraitMFC_DLL@DV?$ChTraitsCRT@D@ATL@@@@@ATL@@HHABV23@H@Z 10004270 f   Conversion.obj
 0001:000034c0       ?GetAllTime@CDataConversion@@CA_NHHABV?$CStringT@DV?$StrTraitMFC_DLL@DV?$ChTraitsCRT@D@ATL@@@@@ATL@@AAH1111@Z 100044c0 f   Conversion.obj
 0001:00003510       ?GetAllTime@CDataConversion@@CA_NHHHHHAAH0AA_N@Z 10004510 f   Conversion.obj
 0001:00003570       ?GetAllTime_DatePart@CDataConversion@@CA_NHHABV?$CStringT@DV?$StrTraitMFC_DLL@DV?$ChTraitsCRT@D@ATL@@@@@ATL@@AAH1@Z 10004570 f   Conversion.obj
 0001:000035b0       ?GetAllTime_Hour@CDataConversion@@CA_NHHABV?$CStringT@DV?$StrTraitMFC_DLL@DV?$ChTraitsCRT@D@ATL@@@@@ATL@@AAH1AA_N@Z 100045b0 f   Conversion.obj
 0001:00003640       ?GetAllTime_Minute@CDataConversion@@CA_NHHABV?$CStringT@DV?$StrTraitMFC_DLL@DV?$ChTraitsCRT@D@ATL@@@@@ATL@@AAH1AA_N@Z 10004640 f   Conversion.obj
 0001:000037b0       ?GetAllTime_Second@CDataConversion@@CA_NHHABV?$CStringT@DV?$StrTraitMFC_DLL@DV?$ChTraitsCRT@D@ATL@@@@@ATL@@AAH1AA_N@Z 100047b0 f   Conversion.obj
 0001:00003820       ?GetAllTime_TimePart@CDataConversion@@CA_NHHABV?$CStringT@DV?$StrTraitMFC_DLL@DV?$ChTraitsCRT@D@ATL@@@@@ATL@@AAH111@Z 10004820 f   Conversion.obj
 0001:00003a80       ?GetChangeFormat_NumCharUnit@CDataConversion@@SA?AV?$CStringT@DV?$StrTraitMFC_DLL@DV?$ChTraitsCRT@D@ATL@@@@@ATL@@ABV23@@Z 10004a80 f   Conversion.obj
 0001:00003c20       ?GetChangingPosition@CDataConversion@@CAHHHABN00@Z 10004c20 f   Conversion.obj
 0001:00003c80       ?GetChangingPosition@CDataConversion@@CAHHHABN_N@Z 10004c80 f   Conversion.obj
 0001:00003cf0       ?GetCompartType@CDataConversion@@SA?AV?$CStringT@DV?$StrTraitMFC_DLL@DV?$ChTraitsCRT@D@ATL@@@@@ATL@@ABV23@00@Z 10004cf0 f   Conversion.obj
 0001:00003e00       ?GetComplementColor@CDataConversion@@SAKK@Z 10004e00 f   Conversion.obj
 0001:00003fc0       ?GetDataInLimit@CDataConversion@@CAXHAAH0@Z 10004fc0 f   Conversion.obj
 0001:00003fe0       ?GetDataType@CDataConversion@@SANV?$CStringT@DV?$StrTraitMFC_DLL@DV?$ChTraitsCRT@D@ATL@@@@@ATL@@@Z 10004fe0 f   Conversion.obj
 0001:00004080       ?GetDecimalDownCount@CDataConversion@@SAHABV?$CStringT@DV?$StrTraitMFC_DLL@DV?$ChTraitsCRT@D@ATL@@@@@ATL@@_N@Z 10005080 f   Conversion.obj
 0001:00004200       ?GetHorizontalPoint@CDataConversion@@SA?AVCPoint@@ABVCRect@@HABN111@Z 10005200 f   Conversion.obj
 0001:00004300       ?GetHorizontalPoint_X@CDataConversion@@SAHABVCRect@@ABN11@Z 10005300 f   Conversion.obj
 0001:00004390       ?GetHourTime_Future@CDataConversion@@CAXHH_NAAH1@Z 10005390 f   Conversion.obj
 0001:000043f0       ?GetLeftToTrimDataIndex@CDataConversion@@SA?AV?$CStringT@DV?$StrTraitMFC_DLL@DV?$ChTraitsCRT@D@ATL@@@@@ATL@@ABV23@0H_N@Z 100053f0 f   Conversion.obj
 0001:00004440       ?GetMidToTrimDataEndIndex@CDataConversion@@SA?AV?$CStringT@DV?$StrTraitMFC_DLL@DV?$ChTraitsCRT@D@ATL@@@@@ATL@@ABV23@0H_N1@Z 10005440 f   Conversion.obj
 0001:00004560       ?GetMidToTrimDataIndex@CDataConversion@@SA?AV?$CStringT@DV?$StrTraitMFC_DLL@DV?$ChTraitsCRT@D@ATL@@@@@ATL@@ABV23@00H_N@Z 10005560 f   Conversion.obj
 0001:00004600       ?GetMidToTrimDataIndex@CDataConversion@@SA?AV?$CStringT@DV?$StrTraitMFC_DLL@DV?$ChTraitsCRT@D@ATL@@@@@ATL@@ABV23@0H_N@Z 10005600 f   Conversion.obj
 0001:00004710       ?GetMidToTrimDataStartIndex@CDataConversion@@SA?AV?$CStringT@DV?$StrTraitMFC_DLL@DV?$ChTraitsCRT@D@ATL@@@@@ATL@@ABV23@0H_N1@Z 10005710 f   Conversion.obj
 0001:000047b0       ?GetMonthFullDay@CDataConversion@@CAHHHH@Z 100057b0 f   Conversion.obj
 0001:00004800       ?GetPacketDataIndex_Date@CDataConversion@@SAHABVCRect@@ABVCPoint@@HH@Z 10005800 f   Conversion.obj
 0001:00004860       ?GetRealDailyInTimeFormat@CDataConversion@@CAHHABV?$CStringT@DV?$StrTraitMFC_DLL@DV?$ChTraitsCRT@D@ATL@@@@@ATL@@@Z 10005860 f   Conversion.obj
 0001:000049f0       ?GetRealDailyInTimeFormat@CDataConversion@@CA_NHAAH00@Z 100059f0 f   Conversion.obj
 0001:00004a60       ?GetRealWidth@CDataConversion@@SANABNH@Z 10005a60 f   Conversion.obj
 0001:00004aa0       ?GetSpecialTime@CDataConversion@@SA_NABV?$CStringT@DV?$StrTraitMFC_DLL@DV?$ChTraitsCRT@D@ATL@@@@@ATL@@0AAV23@@Z 10005aa0 f   Conversion.obj
 0001:00004b70       ?GetStringData@CDataConversion@@SA?AV?$CStringT@DV?$StrTraitMFC_DLL@DV?$ChTraitsCRT@D@ATL@@@@@ATL@@AAV23@ABV23@1_N@Z 10005b70 f   Conversion.obj
 0001:00004c70       ?GetStringData@CDataConversion@@SA?AV?$CStringT@DV?$StrTraitMFC_DLL@DV?$ChTraitsCRT@D@ATL@@@@@ATL@@AAV23@ABV23@H@Z 10005c70 f   Conversion.obj
 0001:00004db0       ?GetStringData@CDataConversion@@SA?AV?$CStringT@DV?$StrTraitMFC_DLL@DV?$ChTraitsCRT@D@ATL@@@@@ATL@@AAV23@ABV23@_N@Z 10005db0 f   Conversion.obj
 0001:00004ef0       ?GetStringDataCount@CDataConversion@@SAHABV?$CStringT@DV?$StrTraitMFC_DLL@DV?$ChTraitsCRT@D@ATL@@@@@ATL@@0@Z 10005ef0 f   Conversion.obj
 0001:00004fb0       ?GetStringFormatTrans@CDataConversion@@SA?AV?$CStringT@DV?$StrTraitMFC_DLL@DV?$ChTraitsCRT@D@ATL@@@@@ATL@@ABV23@000@Z 10005fb0 f   Conversion.obj
 0001:00005130       ?GetStringFormatTrans@CDataConversion@@SA?AV?$CStringT@DV?$StrTraitMFC_DLL@DV?$ChTraitsCRT@D@ATL@@@@@ATL@@ABV23@0@Z 10006130 f   Conversion.obj
 0001:00005550       ?GetStringFormatTransCutoff@CDataConversion@@SAHABN0AAV?$CStringT@DV?$StrTraitMFC_DLL@DV?$ChTraitsCRT@D@ATL@@@@@ATL@@1@Z 10006550 f   Conversion.obj
 0001:000055c0       ?GetStringFormatTransCutoff@CDataConversion@@SAHABNABV?$CStringT@DV?$StrTraitMFC_DLL@DV?$ChTraitsCRT@D@ATL@@@@@ATL@@AAV23@2@Z 100065c0 f   Conversion.obj
 0001:00005b10       ?GetStringFormatbyCompart@CDataConversion@@SA?AV?$CStringT@DV?$StrTraitMFC_DLL@DV?$ChTraitsCRT@D@ATL@@@@@ATL@@ABV23@AAV23@001@Z 10006b10 f   Conversion.obj
 0001:00005ee0       ?GetStringThousandFormat@CDataConversion@@SA?AV?$CStringT@DV?$StrTraitMFC_DLL@DV?$ChTraitsCRT@D@ATL@@@@@ATL@@ABN0@Z 10006ee0 f   Conversion.obj
 0001:00006150       ?GetStringThousandFormat@CDataConversion@@SA?AV?$CStringT@DV?$StrTraitMFC_DLL@DV?$ChTraitsCRT@D@ATL@@@@@ATL@@ABV23@@Z 10007150 f   Conversion.obj
 0001:00006440       ?GetTimeData@CDataConversion@@CA_NABV?$CStringT@DV?$StrTraitMFC_DLL@DV?$ChTraitsCRT@D@ATL@@@@@ATL@@000HAAH1@Z 10007440 f   Conversion.obj
 0001:00006520       ?GetTimeData@CDataConversion@@CA_NABV?$CStringT@DV?$StrTraitMFC_DLL@DV?$ChTraitsCRT@D@ATL@@@@@ATL@@00AAH1111111@Z 10007520 f   Conversion.obj
 0001:00006700       ?GetTimeInFormat@CDataConversion@@CAHABV?$CStringT@DV?$StrTraitMFC_DLL@DV?$ChTraitsCRT@D@ATL@@@@@ATL@@HHHH@Z 10007700 f   Conversion.obj
 0001:000068a0       ?GetVerticalPoint@CDataConversion@@SA?AVCPoint@@ABVCRect@@ABN11111@Z 100078a0 f   Conversion.obj
 0001:00006990       ?GetVerticalPoint@CDataConversion@@SA?AVCPoint@@ABVCRect@@HABN111_N@Z 10007990 f   Conversion.obj
 0001:00006a80       ?GetVerticalPointBox@CDataConversion@@SA?AVCPoint@@ABVCRect@@HABN111_N@Z 10007a80 f   Conversion.obj
 0001:00006b70       ?InsertString@CDataConversion@@SA?AV?$CStringT@DV?$StrTraitMFC_DLL@DV?$ChTraitsCRT@D@ATL@@@@@ATL@@ABV23@0HH@Z 10007b70 f   Conversion.obj
 0001:00006ca0       ?IntToString@CDataConversion@@SA?AV?$CStringT@DV?$StrTraitMFC_DLL@DV?$ChTraitsCRT@D@ATL@@@@@ATL@@H@Z 10007ca0 f   Conversion.obj
 0001:00006d10       ?IntToString@CDataConversion@@SA?AV?$CStringT@DV?$StrTraitMFC_DLL@DV?$ChTraitsCRT@D@ATL@@@@@ATL@@HH@Z 10007d10 f   Conversion.obj
 0001:00006eb0       ?InvertGraphDataPt@CDataConversion@@SAHABVCRect@@H@Z 10007eb0 f   Conversion.obj
 0001:00006ee0       ?IsCalUprightData@CDataConversion@@CA_NHHH@Z 10007ee0 f   Conversion.obj
 0001:00006f50       ?IsCalcTimeFormatforCharge@CDataConversion@@CA_NHHABV?$CStringT@DV?$StrTraitMFC_DLL@DV?$ChTraitsCRT@D@ATL@@@@@ATL@@H@Z 10007f50 f   Conversion.obj
 0001:00007040       ?IsPluse@CDataConversion@@CA_NABV?$CStringT@DV?$StrTraitMFC_DLL@DV?$ChTraitsCRT@D@ATL@@@@@ATL@@@Z 10008040 f   Conversion.obj
 0001:00007090       ?NormalNumberString@CDataConversion@@SA?AV?$CStringT@DV?$StrTraitMFC_DLL@DV?$ChTraitsCRT@D@ATL@@@@@ATL@@ABV23@@Z 10008090 f   Conversion.obj
 0001:00007150       ?OnPickoutDaily@CDataConversion@@CA_NHABV?$CStringT@DV?$StrTraitMFC_DLL@DV?$ChTraitsCRT@D@ATL@@@@@ATL@@AAH11@Z 10008150 f   Conversion.obj
 0001:00007290       ?OnPickoutDate@CDataConversion@@CA_NHABV?$CStringT@DV?$StrTraitMFC_DLL@DV?$ChTraitsCRT@D@ATL@@@@@ATL@@HAAH11@Z 10008290 f   Conversion.obj
 0001:00007570       ?OnPickoutMonthly@CDataConversion@@CA_NHABV?$CStringT@DV?$StrTraitMFC_DLL@DV?$ChTraitsCRT@D@ATL@@@@@ATL@@AAH11@Z 10008570 f   Conversion.obj
 0001:00007600       ?OnPickoutTime@CDataConversion@@CA_NHHABV?$CStringT@DV?$StrTraitMFC_DLL@DV?$ChTraitsCRT@D@ATL@@@@@ATL@@HAAH1111@Z 10008600 f   Conversion.obj
 0001:00007850       ?OnPickoutWeekley@CDataConversion@@CA_NHABV?$CStringT@DV?$StrTraitMFC_DLL@DV?$ChTraitsCRT@D@ATL@@@@@ATL@@AAH11@Z 10008850 f   Conversion.obj
 0001:00007940       ?RGB2Str@CDataConversion@@SA?AV?$CStringT@DV?$StrTraitMFC_DLL@DV?$ChTraitsCRT@D@ATL@@@@@ATL@@K@Z 10008940 f   Conversion.obj
 0001:000079d0       ?RelativeToAbsolute@CDataConversion@@SA?AVCPoint@@ABVCRect@@HHABN1H1@Z 100089d0 f   Conversion.obj
 0001:00007c50       ?RelativeToAbsoluteInDisplayIndex@CDataConversion@@CA?AVCPoint@@ABVCRect@@ABN11H1@Z 10008c50 f   Conversion.obj
 0001:00007d30       ?RelativeToAbsoluteInDisplayIndex_X@CDataConversion@@CAHABVCRect@@ABNH_N@Z 10008d30 f   Conversion.obj
 0001:00007db0       ?RelativeToAbsoluteInDisplayIndex_Y@CDataConversion@@CAHABVCRect@@ABN11@Z 10008db0 f   Conversion.obj
 0001:00007e20       ?RelativeToAbsoluteOutDisplayIndex@CDataConversion@@CA?AVCPoint@@ABVCRect@@ABN111HHH1@Z 10008e20 f   Conversion.obj
 0001:00007f70       ?RelativeToAbsoluteOutDisplayIndex_X@CDataConversion@@CAHABVCRect@@ABNHHH@Z 10008f70 f   Conversion.obj
 0001:00007fe0       ?RelativeToAbsoluteOutDisplayIndex_Y@CDataConversion@@CAHABVCRect@@ABN111@Z 10008fe0 f   Conversion.obj
 0001:000080b0       ?RelativeToAbsolute_X@CDataConversion@@SAHABVCRect@@HHH_N@Z 100090b0 f   Conversion.obj
 0001:00008170       ?RelativeToAbsolute_Y@CDataConversion@@SAHABVCRect@@ABN11@Z 10009170 f   Conversion.obj
 0001:000081d0       ?SelectClipRegion@CDataConversion@@SAXPAVCDC@@@Z 100091d0 f   Conversion.obj
 0001:000081e0       ?SelectClipRegion@CDataConversion@@SAXPAVCDC@@ABVCRect@@@Z 100091e0 f   Conversion.obj
 0001:00008270       ?Str2RGB@CDataConversion@@SAKABV?$CStringT@DV?$StrTraitMFC_DLL@DV?$ChTraitsCRT@D@ATL@@@@@ATL@@@Z 10009270 f   Conversion.obj
 0001:00008310       ?atob@CDataConversion@@SA_NH@Z 10009310 f   Conversion.obj
 0001:00008320       ?atob@CDataConversion@@SA_NPBD@Z 10009320 f   Conversion.obj
 0001:00008340       ?atod@CDataConversion@@SANM@Z 10009340 f   Conversion.obj
 0001:00008390       ___local_stdio_printf_options 10009390 f i Conversion.obj
 0001:000083a0       ___local_stdio_scanf_options 100093a0 f i Conversion.obj
 0001:000083b0       _sprintf                   100093b0 f i Conversion.obj
 0001:000083f0       _sscanf                    100093f0 f i Conversion.obj
 0001:00008420       ?Angle@CMath@@SANABN@Z     10009420 f   DataMath.obj
 0001:000084a0       ?Center@CMath@@SAHHH@Z     100094a0 f   DataMath.obj
 0001:000084f0       ?Distance@CMath@@SANABVCPoint@@0@Z 100094f0 f   DataMath.obj
 0001:00008580       ?Divide10@CMath@@SANABNH@Z 10009580 f   DataMath.obj
 0001:00008600       ?Exp@CMath@@SANABN@Z       10009600 f   DataMath.obj
 0001:00008660       ?Floor@CMath@@SAHHH@Z      10009660 f   DataMath.obj
 0001:000086d0       ?Floor@CMath@@SANABNH@Z    100096d0 f   DataMath.obj
 0001:00008750       ?Log@CMath@@SANABN@Z       10009750 f   DataMath.obj
 0001:000087b0       ?Modulus@CMath@@SANABN0@Z  100097b0 f   DataMath.obj
 0001:00008800       ?NumberCount@CMath@@SAHH@Z 10009800 f   DataMath.obj
 0001:00008870       ?Power@CMath@@SAHHH@Z      10009870 f   DataMath.obj
 0001:000088b0       ?Round@CMath@@SAHHH@Z      100098b0 f   DataMath.obj
 0001:00008930       ?Round@CMath@@SAHN@Z       10009930 f   DataMath.obj
 0001:00008960       ?Round@CMath@@SANABNH@Z    10009960 f   DataMath.obj
 0001:00008a10       ?Round_Double@CMath@@SANABN@Z 10009a10 f   DataMath.obj
 0001:00008a40       ?TanD@CMath@@SANABN@Z      10009a40 f   DataMath.obj
 0001:00008b00       ?TanI@CMath@@SAHH@Z        10009b00 f   DataMath.obj
 0001:00008bb0       ??0CXEdit@@QAE@XZ          10009bb0 f   XEdit.obj
 0001:00008be0       ??1CXEdit@@UAE@XZ          10009be0 f   XEdit.obj
 0001:00008bf0       ??_ECEdit@@UAEPAXI@Z       10009bf0 f i XEdit.obj
 0001:00008bf0       ??_GCEdit@@UAEPAXI@Z       10009bf0 f i XEdit.obj
 0001:00008c30       ??_ECXEdit@@UAEPAXI@Z      10009c30 f i XEdit.obj
 0001:00008c30       ??_GCXEdit@@UAEPAXI@Z      10009c30 f i XEdit.obj
 0001:00008c80       ?GetMessageMap@CXEdit@@MBEPBUAFX_MSGMAP@@XZ 10009c80 f   XEdit.obj
 0001:00008c90       ?GetThisMessageMap@CXEdit@@KGPBUAFX_MSGMAP@@XZ 10009c90 f   XEdit.obj
 0001:00008ca0       ?OnChar@CXEdit@@IAEXIII@Z  10009ca0 f   XEdit.obj
 0001:00008f70       ?OnKeyDown@CXEdit@@IAEXIII@Z 10009f70 f   XEdit.obj
 0001:00009050       ??0CXHeaderCtrl@@QAE@XZ    1000a050 f   XHeaderCtrl.obj
 0001:00009120       ??1CMemDC@@UAE@XZ          1000a120 f i XHeaderCtrl.obj
 0001:000091e0       ??1CPen@@UAE@XZ            1000a1e0 f i XHeaderCtrl.obj
 0001:000091f0       ??1CXHeaderCtrl@@UAE@XZ    1000a1f0 f   XHeaderCtrl.obj
 0001:00009200       ??3CObject@@SGXPAX@Z       1000a200 f i XHeaderCtrl.obj
 0001:00009220       ??_GCHeaderCtrl@@UAEPAXI@Z 1000a220 f i XHeaderCtrl.obj
 0001:00009220       ??_ECHeaderCtrl@@UAEPAXI@Z 1000a220 f i XHeaderCtrl.obj
 0001:00009260       ??_GCMemDC@@UAEPAXI@Z      1000a260 f i XHeaderCtrl.obj
 0001:00009260       ??_ECMemDC@@UAEPAXI@Z      1000a260 f i XHeaderCtrl.obj
 0001:000092a0       ??_ECPen@@UAEPAXI@Z        1000a2a0 f i XHeaderCtrl.obj
 0001:000092a0       ??_GCPen@@UAEPAXI@Z        1000a2a0 f i XHeaderCtrl.obj
 0001:000092e0       ??_ECXHeaderCtrl@@UAEPAXI@Z 1000a2e0 f i XHeaderCtrl.obj
 0001:000092e0       ??_GCXHeaderCtrl@@UAEPAXI@Z 1000a2e0 f i XHeaderCtrl.obj
 0001:00009330       ?CreateObject@CXHeaderCtrl@@SGPAVCObject@@XZ 1000a330 f   XHeaderCtrl.obj
 0001:00009450       ?DrawBitmap@CXHeaderCtrl@@IAEHPAVCDC@@VCRect@@PAU_HD_ITEMA@@PAVCBitmap@@PAUtagBITMAP@@H@Z 1000a450 f   XHeaderCtrl.obj
 0001:00009590       ?DrawCtrl@CXHeaderCtrl@@IAEXPAVCDC@@@Z 1000a590 f   XHeaderCtrl.obj
 0001:00009b00       ?DrawImage@CXHeaderCtrl@@IAEHPAVCDC@@VCRect@@PAU_HD_ITEMA@@H@Z 1000ab00 f   XHeaderCtrl.obj
 0001:00009c20       ?DrawItem@CXHeaderCtrl@@UAEXPAUtagDRAWITEMSTRUCT@@@Z 1000ac20 f   XHeaderCtrl.obj
 0001:00009c30       ?DrawItem@CXHeaderCtrl@@UAEXPAVCDC@@VCRect@@PAU_HD_ITEMA@@@Z 1000ac30 f   XHeaderCtrl.obj
 0001:00009f00       ?DrawTextA@CDC@@UAEHPBDHPAUtagRECT@@I@Z 1000af00 f i XHeaderCtrl.obj
 0001:00009f20       ?DrawTextA@CXHeaderCtrl@@IAEHPAVCDC@@VCRect@@PAU_HD_ITEMA@@@Z 1000af20 f   XHeaderCtrl.obj
 0001:00009fc0       ?DrawTextExA@CDC@@UAEHPADHPAUtagRECT@@IPAUtagDRAWTEXTPARAMS@@@Z 1000afc0 f i XHeaderCtrl.obj
 0001:00009fe0       ?Escape@CDC@@UAEHHHPBDPAX@Z 1000afe0 f i XHeaderCtrl.obj
 0001:0000a000       ?ExtTextOutA@CDC@@UAEHHHIPBUtagRECT@@PBDIPAH@Z 1000b000 f i XHeaderCtrl.obj
 0001:0000a030       ?GetMessageMap@CXHeaderCtrl@@MBEPBUAFX_MSGMAP@@XZ 1000b030 f   XHeaderCtrl.obj
 0001:0000a040       ?GetRuntimeClass@CXHeaderCtrl@@UBEPAUCRuntimeClass@@XZ 1000b040 f   XHeaderCtrl.obj
 0001:0000a050       ?GetThisClass@CXHeaderCtrl@@SGPAUCRuntimeClass@@XZ 1000b050 f   XHeaderCtrl.obj
 0001:0000a060       ?GetThisMessageMap@CXHeaderCtrl@@KGPBUAFX_MSGMAP@@XZ 1000b060 f   XHeaderCtrl.obj
 0001:0000a070       ?GrayStringA@CDC@@UAEHPAVCBrush@@P6GHPAUHDC__@@JH@ZJHHHHH@Z 1000b070 f i XHeaderCtrl.obj
 0001:0000a0a0       ?ModifyProperty@CXHeaderCtrl@@QAEHIJ@Z 1000b0a0 f   XHeaderCtrl.obj
 0001:0000a120       ?OnDeleteItem@CXHeaderCtrl@@IAEJIJ@Z 1000b120 f   XHeaderCtrl.obj
 0001:0000a130       ?OnEraseBkgnd@CXHeaderCtrl@@IAEHPAVCDC@@@Z 1000b130 f   XHeaderCtrl.obj
 0001:0000a140       ?OnInsertItem@CXHeaderCtrl@@IAEJIJ@Z 1000b140 f   XHeaderCtrl.obj
 0001:0000a150       ?OnLayout@CXHeaderCtrl@@IAEJIJ@Z 1000b150 f   XHeaderCtrl.obj
 0001:0000a190       ?OnPaint@CXHeaderCtrl@@IAEXXZ 1000b190 f   XHeaderCtrl.obj
 0001:0000a300       ?OnSetImageList@CXHeaderCtrl@@IAEJIJ@Z 1000b300 f   XHeaderCtrl.obj
 0001:0000a360       ?OnSysColorChange@CXHeaderCtrl@@IAEXXZ 1000b360 f   XHeaderCtrl.obj
 0001:0000a3a0       ?PtVisible@CDC@@UBEHHH@Z   1000b3a0 f i XHeaderCtrl.obj
 0001:0000a3c0       ?RectVisible@CDC@@UBEHPBUtagRECT@@@Z 1000b3c0 f i XHeaderCtrl.obj
 0001:0000a3e0       ?SetSortImage@CXHeaderCtrl@@QAEXHH@Z 1000b3e0 f   XHeaderCtrl.obj
 0001:0000a400       ?TabbedTextOutA@CDC@@UAE?AVCSize@@HHPBDHHPAHH@Z 1000b400 f i XHeaderCtrl.obj
 0001:0000a440       ?TextOutA@CDC@@UAEHHHPBDH@Z 1000b440 f i XHeaderCtrl.obj
 0001:0000a460       ?_GetBaseClass@CXHeaderCtrl@@KGPAUCRuntimeClass@@XZ 1000b460 f   XHeaderCtrl.obj
 0001:0000a470       ??0CXListCtrl@@QAE@XZ      1000b470 f   XListCtrl.obj
 0001:0000a5b0       ??0XLISTCTRLDATA@@QAE@XZ   1000b5b0 f i XListCtrl.obj
 0001:0000a690       ??1CFont@@UAE@XZ           1000b690 f i XListCtrl.obj
 0001:0000a6a0       ??1CXListCtrl@@UAE@XZ      1000b6a0 f   XListCtrl.obj
 0001:0000a6f0       ??1XLISTCTRLDATA@@QAE@XZ   1000b6f0 f i XListCtrl.obj
 0001:0000a700       ??_EXLISTCTRLDATA@@QAEPAXI@Z 1000b700 f i XListCtrl.obj
 0001:0000a7b0       ??_GCFont@@UAEPAXI@Z       1000b7b0 f i XListCtrl.obj
 0001:0000a7b0       ??_ECFont@@UAEPAXI@Z       1000b7b0 f i XListCtrl.obj
 0001:0000a7f0       ??_GCListCtrl@@UAEPAXI@Z   1000b7f0 f i XListCtrl.obj
 0001:0000a7f0       ??_ECListCtrl@@UAEPAXI@Z   1000b7f0 f i XListCtrl.obj
 0001:0000a830       ??_ECXListCtrl@@UAEPAXI@Z  1000b830 f i XListCtrl.obj
 0001:0000a830       ??_GCXListCtrl@@UAEPAXI@Z  1000b830 f i XListCtrl.obj
 0001:0000a8b0       ?CountCheckedItems@CXListCtrl@@QAEHH@Z 1000b8b0 f   XListCtrl.obj
 0001:0000a940       ?DeleteAllItems@CXListCtrl@@QAEHXZ 1000b940 f   XListCtrl.obj
 0001:0000aa20       ?DeleteItem@CXListCtrl@@QAEHH@Z 1000ba20 f   XListCtrl.obj
 0001:0000aa90       ?DeleteProgress@CXListCtrl@@QAEXHH@Z 1000ba90 f   XListCtrl.obj
 0001:0000ab10       ?DrawCheckbox@CXListCtrl@@IAEXHHPAVCDC@@KKAAVCRect@@PAUXLISTCTRLDATA@@@Z 1000bb10 f   XListCtrl.obj
 0001:0000adb0       ?DrawImage@CXListCtrl@@IAEHHHPAVCDC@@KKVCRect@@PAUXLISTCTRLDATA@@@Z 1000bdb0 f   XListCtrl.obj
 0001:0000af50       ?DrawProgress@CXListCtrl@@IAEXHHPAVCDC@@KKAAVCRect@@PAUXLISTCTRLDATA@@@Z 1000bf50 f   XListCtrl.obj
 0001:0000b300       ?DrawTextA@CXListCtrl@@IAEXHHPAVCDC@@KKAAVCRect@@PAUXLISTCTRLDATA@@@Z 1000c300 f   XListCtrl.obj
 0001:0000b4e0       ?GetBold@CXListCtrl@@QAEHHH@Z 1000c4e0 f   XListCtrl.obj
 0001:0000b560       ?GetCheckbox@CXListCtrl@@QAEHHH@Z 1000c560 f   XListCtrl.obj
 0001:0000b5e0       ?GetColumns@CXListCtrl@@QAEHXZ 1000c5e0 f   XListCtrl.obj
 0001:0000b600       ?GetComboText@CXListCtrl@@QAE?AV?$CStringT@DV?$StrTraitMFC_DLL@DV?$ChTraitsCRT@D@ATL@@@@@ATL@@HH@Z 1000c600 f   XListCtrl.obj
 0001:0000b700       ?GetCurSel@CXListCtrl@@QAEHXZ 1000c700 f   XListCtrl.obj
 0001:0000b740       ?GetDrawColors@CXListCtrl@@MAEXHHAAK0@Z 1000c740 f   XListCtrl.obj
 0001:0000b870       ?GetEnabled@CXListCtrl@@QAEHH@Z 1000c870 f   XListCtrl.obj
 0001:0000b8b0       ?GetHeaderCheckedState@CXListCtrl@@QAEHH@Z 1000c8b0 f   XListCtrl.obj
 0001:0000b910       ?GetItemCount@CListCtrl@@QBEHXZ 1000c910 f i XListCtrl.obj
 0001:0000b930       ?GetItemData@CXListCtrl@@QAEKH@Z 1000c930 f   XListCtrl.obj
 0001:0000b980       ?GetMessageMap@CXListCtrl@@MBEPBUAFX_MSGMAP@@XZ 1000c980 f   XListCtrl.obj
 0001:0000b990       ?GetSubItemRect@CXListCtrl@@QAEHHHHAAVCRect@@@Z 1000c990 f   XListCtrl.obj
 0001:0000ba60       ?GetThisMessageMap@CXListCtrl@@KGPBUAFX_MSGMAP@@XZ 1000ca60 f   XListCtrl.obj
 0001:0000ba70       ?InsertItem@CXListCtrl@@QAEHHPBD@Z 1000ca70 f   XListCtrl.obj
 0001:0000bbb0       ?InsertItem@CXListCtrl@@QAEHHPBDKK@Z 1000cbb0 f   XListCtrl.obj
 0001:0000bce0       ?InsertItem@CXListCtrl@@QAEHPBUtagLVITEMA@@@Z 1000cce0 f   XListCtrl.obj
 0001:0000be10       ?OnClick@CXListCtrl@@IAEHPAUtagNMHDR@@PAJ@Z 1000ce10 f   XListCtrl.obj
 0001:0000be80       ?OnColumnClick@CXListCtrl@@IAEHPAUtagNMHDR@@PAJ@Z 1000ce80 f   XListCtrl.obj
 0001:0000bf90       ?OnCreate@CXListCtrl@@IAEHPAUtagCREATESTRUCTA@@@Z 1000cf90 f   XListCtrl.obj
 0001:0000bfe0       ?OnCustomDraw@CXListCtrl@@IAEXPAUtagNMHDR@@PAJ@Z 1000cfe0 f   XListCtrl.obj
 0001:0000c2d0       ?OnDblclk@CXListCtrl@@IAEHPAUtagNMHDR@@PAJ@Z 1000d2d0 f   XListCtrl.obj
 0001:0000c590       ?OnDestroy@CXListCtrl@@IAEXXZ 1000d590 f   XListCtrl.obj
 0001:0000c660       ?OnEditEscape@CXListCtrl@@IAEJIJ@Z 1000d660 f   XListCtrl.obj
 0001:0000c720       ?OnEditReturn@CXListCtrl@@IAEJIJ@Z 1000d720 f   XListCtrl.obj
 0001:0000c7d0       ?OnLButtonDown@CXListCtrl@@IAEXIVCPoint@@@Z 1000d7d0 f   XListCtrl.obj
 0001:0000ca00       ?OnPaint@CXListCtrl@@IAEXXZ 1000da00 f   XListCtrl.obj
 0001:0000ca10       ?OnSysColorChange@CXListCtrl@@IAEXXZ 1000da10 f   XListCtrl.obj
 0001:0000cab0       ?PreSubclassWindow@CXListCtrl@@UAEXXZ 1000dab0 f   XListCtrl.obj
 0001:0000caf0       ?PreTranslateMessage@CXListCtrl@@UAEHPAUtagMSG@@@Z 1000daf0 f   XListCtrl.obj
 0001:0000cbd0       ?SetBold@CXListCtrl@@QAEHHHH@Z 1000dbd0 f   XListCtrl.obj
 0001:0000cc60       ?SetCheckbox@CXListCtrl@@QAEHHHH@Z 1000dc60 f   XListCtrl.obj
 0001:0000cd30       ?SetComboBox@CXListCtrl@@QAEHHHHPAVCStringArray@@HH@Z 1000dd30 f   XListCtrl.obj
 0001:0000ce90       ?SetCurSel@CXListCtrl@@QAEHHH@Z 1000de90 f   XListCtrl.obj
 0001:0000cec0       ?SetEditBox@CXListCtrl@@QAEHHHH@Z 1000dec0 f   XListCtrl.obj
 0001:0000cf50       ?SetEnabled@CXListCtrl@@QAEHHH@Z 1000df50 f   XListCtrl.obj
 0001:0000cff0       ?SetHeaderCheckedState@CXListCtrl@@QAEHHH@Z 1000dff0 f   XListCtrl.obj
 0001:0000d060       ?SetItem@CXListCtrl@@QAEHPBUtagLVITEMA@@@Z 1000e060 f   XListCtrl.obj
 0001:0000d0d0       ?SetItemData@CXListCtrl@@QAEHHK@Z 1000e0d0 f   XListCtrl.obj
 0001:0000d120       ?SetItemImage@CXListCtrl@@QAEHHHH@Z 1000e120 f   XListCtrl.obj
 0001:0000d1b0       ?SetItemText@CXListCtrl@@QAEHHHPBD@Z 1000e1b0 f   XListCtrl.obj
 0001:0000d230       ?SetItemText@CXListCtrl@@QAEHHHPBDKK@Z 1000e230 f   XListCtrl.obj
 0001:0000d300       ?SetProgress@CXListCtrl@@QAEHHHHPBD@Z 1000e300 f   XListCtrl.obj
 0001:0000d3b0       ?SetSortImage@CXListCtrl@@QAEXHH@Z 1000e3b0 f   XListCtrl.obj
 0001:0000d400       ?SubclassHeaderControl@CXListCtrl@@IAEXXZ 1000e400 f   XListCtrl.obj
 0001:0000d430       ?UnpressEditBox@CXListCtrl@@QAEXXZ 1000e430 f   XListCtrl.obj
 0001:0000d490       ?UpdateProgress@CXListCtrl@@QAEXHHH@Z 1000e490 f   XListCtrl.obj
 0001:0000d510       ?UpdateSubItem@CXListCtrl@@QAEXHH@Z 1000e510 f   XListCtrl.obj
 0001:0000d5b0       ??0CxSkinButton@@QAE@XZ    1000e5b0 f   xSkinButton.obj
 0001:0000d6c0       ??1CxSkinButton@@UAE@XZ    1000e6c0 f   xSkinButton.obj
 0001:0000d760       ??_GCxSkinButton@@UAEPAXI@Z 1000e760 f i xSkinButton.obj
 0001:0000d760       ??_ECxSkinButton@@UAEPAXI@Z 1000e760 f i xSkinButton.obj
 0001:0000d830       ?CreateRgnFromBitmap@CxSkinButton@@IAEPAUHRGN__@@PAUHBITMAP__@@K@Z 1000e830 f   xSkinButton.obj
 0001:0000dae0       ?DrawBitmap@CxSkinButton@@IAEXPAVCDC@@PAUHBITMAP__@@UtagRECT@@H@Z 1000eae0 f   xSkinButton.obj
 0001:0000df00       ?DrawItem@CxSkinButton@@UAEXPAUtagDRAWITEMSTRUCT@@@Z 1000ef00 f   xSkinButton.obj
 0001:0000e290       ?FillWithBitmap@CxSkinButton@@IAEXPAVCDC@@PAUHBITMAP__@@UtagRECT@@@Z 1000f290 f   xSkinButton.obj
 0001:0000e3c0       ?GetBitmapHeight@CxSkinButton@@IAEHPAUHBITMAP__@@@Z 1000f3c0 f   xSkinButton.obj
 0001:0000e3e0       ?GetBitmapWidth@CxSkinButton@@IAEHPAUHBITMAP__@@@Z 1000f3e0 f   xSkinButton.obj
 0001:0000e400       ?GetMessageMap@CxSkinButton@@MBEPBUAFX_MSGMAP@@XZ 1000f400 f   xSkinButton.obj
 0001:0000e410       ?GetThisMessageMap@CxSkinButton@@KGPBUAFX_MSGMAP@@XZ 1000f410 f   xSkinButton.obj
 0001:0000e420       ?OnBMGetCheck@CxSkinButton@@IAEJIJ@Z 1000f420 f   xSkinButton.obj
 0001:0000e430       ?OnBMSetCheck@CxSkinButton@@IAEJIJ@Z 1000f430 f   xSkinButton.obj
 0001:0000e4e0       ?OnClicked@CxSkinButton@@IAEHXZ 1000f4e0 f   xSkinButton.obj
 0001:0000e500       ?OnEraseBkgnd@CxSkinButton@@IAEHPAVCDC@@@Z 1000f500 f   xSkinButton.obj
 0001:0000e510       ?OnKeyDown@CxSkinButton@@IAEXIII@Z 1000f510 f   xSkinButton.obj
 0001:0000e570       ?OnKillFocus@CxSkinButton@@IAEXPAVCWnd@@@Z 1000f570 f   xSkinButton.obj
 0001:0000e5a0       ?OnLButtonDblClk@CxSkinButton@@IAEXIVCPoint@@@Z 1000f5a0 f   xSkinButton.obj
 0001:0000e5d0       ?OnLButtonDown@CxSkinButton@@IAEXIVCPoint@@@Z 1000f5d0 f   xSkinButton.obj
 0001:0000e680       ?OnLButtonUp@CxSkinButton@@IAEXIVCPoint@@@Z 1000f680 f   xSkinButton.obj
 0001:0000e770       ?OnMouseLeave@CxSkinButton@@IAEJIJ@Z 1000f770 f   xSkinButton.obj
 0001:0000e790       ?OnMouseMove@CxSkinButton@@IAEXIVCPoint@@@Z 1000f790 f   xSkinButton.obj
 0001:0000e8b0       ?OnRadioInfo@CxSkinButton@@IAEJIJ@Z 1000f8b0 f   xSkinButton.obj
 0001:0000e8e0       ?PreSubclassWindow@CxSkinButton@@MAEXXZ 1000f8e0 f   xSkinButton.obj
 0001:0000e940       ?RelayEvent@CxSkinButton@@IAEXIIJ@Z 1000f940 f   xSkinButton.obj
 0001:0000e9a0       ?SetSkin@CxSkinButton@@QAEXIIIIIIFFF@Z 1000f9a0 f   xSkinButton.obj
 0001:0000ebd0       ?SetSkin@CxSkinButton@@QAEXV?$CStringT@DV?$StrTraitMFC_DLL@DV?$ChTraitsCRT@D@ATL@@@@@ATL@@00000FFF@Z 1000fbd0 f   xSkinButton.obj
 0001:0000ee70       ?SetTextColor@CxSkinButton@@QAEKK@Z 1000fe70 f   xSkinButton.obj
 0001:0000ee90       ?SetToolTipText@CxSkinButton@@QAEXV?$CStringT@DV?$StrTraitMFC_DLL@DV?$ChTraitsCRT@D@ATL@@@@@ATL@@@Z 1000fe90 f   xSkinButton.obj
 0001:0000ef40       ??$SerializeElements@H@@YGXAAVCArchive@@PAHH@Z 1000ff40 f i XTabCtrl.obj
 0001:0000eff0       ??0?$CArray@HH@@QAE@XZ     1000fff0 f i XTabCtrl.obj
 0001:0000f020       ??0CXTabCtrl@@QAE@XZ       10010020 f   XTabCtrl.obj
 0001:0000f150       ??1?$CArray@HH@@UAE@XZ     10010150 f i XTabCtrl.obj
 0001:0000f170       ??1CXTabCtrl@@UAE@XZ       10010170 f   XTabCtrl.obj
 0001:0000f210       ??_E?$CArray@HH@@UAEPAXI@Z 10010210 f i XTabCtrl.obj
 0001:0000f210       ??_G?$CArray@HH@@UAEPAXI@Z 10010210 f i XTabCtrl.obj
 0001:0000f260       ??_GCTabCtrl@@UAEPAXI@Z    10010260 f i XTabCtrl.obj
 0001:0000f260       ??_ECTabCtrl@@UAEPAXI@Z    10010260 f i XTabCtrl.obj
 0001:0000f2a0       ??_ECXTabCtrl@@UAEPAXI@Z   100102a0 f i XTabCtrl.obj
 0001:0000f2a0       ??_GCXTabCtrl@@UAEPAXI@Z   100102a0 f i XTabCtrl.obj
 0001:0000f380       ?AddTab@CXTabCtrl@@QAEXPAVCWnd@@PADH@Z 10010380 f   XTabCtrl.obj
 0001:0000f460       ?AfxCrtErrorCheck@@YAHH@Z  10010460 f i XTabCtrl.obj
 0001:0000f4f0       ?ChangeTab@CXTabCtrl@@QAEXHPAVCWnd@@PADH@Z 100104f0 f   XTabCtrl.obj
 0001:0000f5b0       ?DeleteAllTabs@CXTabCtrl@@QAEXXZ 100105b0 f   XTabCtrl.obj
 0001:0000f600       ?DeleteTab@CXTabCtrl@@QAEXH@Z 10010600 f   XTabCtrl.obj
 0001:0000f6a0       ?DrawGradientTab@CXTabCtrl@@QAEXPAVCDC@@VCRect@@@Z 100106a0 f   XTabCtrl.obj
 0001:0000f850       ?DrawItem@CXTabCtrl@@MAEXPAUtagDRAWITEMSTRUCT@@@Z 10010850 f   XTabCtrl.obj
 0001:0000fe40       ?DrawLine@CXTabCtrl@@QAEXVCPoint@@0PAVCDC@@K@Z 10010e40 f   XTabCtrl.obj
 0001:0000ff00       ?EnableTab@CXTabCtrl@@QAEXHH@Z 10010f00 f   XTabCtrl.obj
 0001:0000ff80       ?GetMessageMap@CXTabCtrl@@MBEPBUAFX_MSGMAP@@XZ 10010f80 f   XTabCtrl.obj
 0001:0000ff90       ?GetThisMessageMap@CXTabCtrl@@KGPBUAFX_MSGMAP@@XZ 10010f90 f   XTabCtrl.obj
 0001:0000ffa0       ?IsTabEnabled@CXTabCtrl@@QAEHH@Z 10010fa0 f   XTabCtrl.obj
 0001:0000ffd0       ?OnEraseBkgnd@CXTabCtrl@@IAEHPAVCDC@@@Z 10010fd0 f   XTabCtrl.obj
 0001:00010030       ?OnLButtonDown@CXTabCtrl@@IAEXIVCPoint@@@Z 10011030 f   XTabCtrl.obj
 0001:00010070       ?OnLButtonUp@CXTabCtrl@@IAEXIVCPoint@@@Z 10011070 f   XTabCtrl.obj
 0001:000100b0       ?OnMouseMove@CXTabCtrl@@IAEXIVCPoint@@@Z 100110b0 f   XTabCtrl.obj
 0001:00010100       ?OnPaint@CXTabCtrl@@IAEXXZ 10011100 f   XTabCtrl.obj
 0001:000103c0       ?OnSelchange@CXTabCtrl@@IAEHPAUtagNMHDR@@PAJ@Z 100113c0 f   XTabCtrl.obj
 0001:00010500       ?OnSelchanging@CXTabCtrl@@IAEHPAUtagNMHDR@@PAJ@Z 10011500 f   XTabCtrl.obj
 0001:00010540       ?OnSize@CXTabCtrl@@IAEXIHH@Z 10011540 f   XTabCtrl.obj
 0001:000105c0       ?OnTimer@CXTabCtrl@@IAEXI@Z 100115c0 f   XTabCtrl.obj
 0001:00010670       ?PreSubclassWindow@CXTabCtrl@@MAEXXZ 10011670 f   XTabCtrl.obj
 0001:00010690       ?RemoveAt@?$CArray@HH@@QAEXHH@Z 10011690 f i XTabCtrl.obj
 0001:00010730       ?SelectNextTab@CXTabCtrl@@QAEHH@Z 10011730 f   XTabCtrl.obj
 0001:000107d0       ?SelectTab@CXTabCtrl@@QAEHH@Z 100117d0 f   XTabCtrl.obj
 0001:00010930       ?SelectTabByName@CXTabCtrl@@QAEHPBD@Z 10011930 f   XTabCtrl.obj
 0001:00010a10       ?Serialize@?$CArray@HH@@UAEXAAVCArchive@@@Z 10011a10 f i XTabCtrl.obj
 0001:00010af0       ?SetAtGrow@?$CArray@HH@@QAEXHH@Z 10011af0 f i XTabCtrl.obj
 0001:00010b30       ?SetDisabledColor@CXTabCtrl@@QAEXK@Z 10011b30 f   XTabCtrl.obj
 0001:00010b50       ?SetMouseOverColor@CXTabCtrl@@QAEXK@Z 10011b50 f   XTabCtrl.obj
 0001:00010b70       ?SetNormalColor@CXTabCtrl@@QAEXKKK@Z 10011b70 f   XTabCtrl.obj
 0001:00010ba0       ?SetPrevSelect@CXTabCtrl@@QAEXXZ 10011ba0 f   XTabCtrl.obj
 0001:00010bf0       ?SetSelectedColor@CXTabCtrl@@QAEXKK@Z 10011bf0 f   XTabCtrl.obj
 0001:00010c10       ?SetSize@?$CArray@HH@@QAEXHH@Z 10011c10 f i XTabCtrl.obj
 0001:00010df0       ?SetTopLeftCorner@CXTabCtrl@@QAEXVCPoint@@@Z 10011df0 f   XTabCtrl.obj
 0001:00010e10       ??$SerializeElements@PAVCRscDlg@@@@YGXAAVCArchive@@PAPAVCRscDlg@@H@Z 10011e10 f i DlgRunMain.obj
 0001:00010ec0       ??0?$CArray@PAVCRscDlg@@PAV1@@@QAE@XZ 10011ec0 f i DlgRunMain.obj
 0001:00010ef0       ??0CDlgRunMain@@QAE@PAUHWND__@@PBD1PAVCWnd@@@Z 10011ef0 f   DlgRunMain.obj
 0001:00011040       ??0CDlgRunMain@@QAE@PBD0PAVCWnd@@@Z 10012040 f   DlgRunMain.obj
 0001:00011190       ??1?$CArray@PAVCRscDlg@@PAV1@@@UAE@XZ 10012190 f i DlgRunMain.obj
 0001:000111b0       ??1CRscDlg@@UAE@XZ         100121b0 f i DlgRunMain.obj
 0001:000111e0       ??_G?$CArray@PAVCRscDlg@@PAV1@@@UAEPAXI@Z 100121e0 f i DlgRunMain.obj
 0001:000111e0       ??_E?$CArray@PAVCRscDlg@@PAV1@@@UAEPAXI@Z 100121e0 f i DlgRunMain.obj
 0001:00011230       ??_ECDlgRunMain@@UAEPAXI@Z 10012230 f i DlgRunMain.obj
 0001:00011230       ??_GCDlgRunMain@@UAEPAXI@Z 10012230 f i DlgRunMain.obj
 0001:00011310       ?DoDataExchange@CDlgRunMain@@MAEXPAVCDataExchange@@@Z 10012310 f   DlgRunMain.obj
 0001:00011380       ?GetDefaultFile@CDlgRunMain@@QAEHAAV?$CStringT@DV?$StrTraitMFC_DLL@DV?$ChTraitsCRT@D@ATL@@@@@ATL@@@Z 10012380 f   DlgRunMain.obj
 0001:00011480       ?GetMessageMap@CDlgRunMain@@MBEPBUAFX_MSGMAP@@XZ 10012480 f   DlgRunMain.obj
 0001:00011490       ?GetThisMessageMap@CDlgRunMain@@KGPBUAFX_MSGMAP@@XZ 10012490 f   DlgRunMain.obj
 0001:000114a0       ?InitControl@CDlgRunMain@@QAEXXZ 100124a0 f   DlgRunMain.obj
 0001:00011820       ?LoadInfo@CRscDlg@@UAEXXZ  10012820 f i DlgRunMain.obj
 0001:00011830       ?OnCancel@CDlgRunMain@@MAEXXZ 10012830 f   DlgRunMain.obj
 0001:00011860       ?OnCtlColor@CDlgRunMain@@IAEPAUHBRUSH__@@PAVCDC@@PAVCWnd@@I@Z 10012860 f   DlgRunMain.obj
 0001:000118b0       ?OnDestroy@CDlgRunMain@@IAEXXZ 100128b0 f   DlgRunMain.obj
 0001:00011950       ?OnInitDialog@CDlgRunMain@@MAEHXZ 10012950 f   DlgRunMain.obj
 0001:00011980       ?OnOK@CDlgRunMain@@MAEXXZ  10012980 f   DlgRunMain.obj
 0001:00011a40       ?OnSetdefault@CDlgRunMain@@QAEXXZ 10012a40 f   DlgRunMain.obj
 0001:00011b10       ?PreTranslateMessage@CDlgRunMain@@UAEHPAUtagMSG@@@Z 10012b10 f   DlgRunMain.obj
 0001:00011bd0       ?PreTranslateMessage@CRscDlg@@MAEHPAUtagMSG@@@Z 10012bd0 f i DlgRunMain.obj
 0001:00011c40       ?RemoveInfo@CRscDlg@@UAEXXZ 10012c40 f i DlgRunMain.obj
 0001:00011c50       ?SaveConfig@CDlgRunMain@@QAEHXZ 10012c50 f   DlgRunMain.obj
 0001:00011ce0       ?SaveInfo@CRscDlg@@UAEHXZ  10012ce0 f i DlgRunMain.obj
 0001:00011cf0       ?Serialize@?$CArray@PAVCRscDlg@@PAV1@@@UAEXAAVCArchive@@@Z 10012cf0 f i DlgRunMain.obj
 0001:00011dd0       ?SetAtGrow@?$CArray@PAVCRscDlg@@PAV1@@@QAEXHPAVCRscDlg@@@Z 10012dd0 f i DlgRunMain.obj
 0001:00011e10       ?SetDefault@CRscDlg@@UAEXXZ 10012e10 f i DlgRunMain.obj
 0001:00011e20       ?SetSize@?$CArray@PAVCRscDlg@@PAV1@@@QAEXHH@Z 10012e20 f i DlgRunMain.obj
 0001:00011fe0       ??0CDlgSTConfig@@QAE@PAVCWnd@@@Z 10012fe0 f   DlgSTConfig.obj
 0001:00012070       ??1CDlgSTConfig@@UAE@XZ    10013070 f   DlgSTConfig.obj
 0001:000120c0       ??_ECDlgSTConfig@@UAEPAXI@Z 100130c0 f i DlgSTConfig.obj
 0001:000120c0       ??_GCDlgSTConfig@@UAEPAXI@Z 100130c0 f i DlgSTConfig.obj
 0001:00012140       ?DoDataExchange@CDlgSTConfig@@MAEXPAVCDataExchange@@@Z 10013140 f   DlgSTConfig.obj
 0001:00012190       ?GetMessageMap@CDlgSTConfig@@MBEPBUAFX_MSGMAP@@XZ 10013190 f   DlgSTConfig.obj
 0001:000121a0       ?GetThisMessageMap@CDlgSTConfig@@KGPBUAFX_MSGMAP@@XZ 100131a0 f   DlgSTConfig.obj
 0001:000121b0       ?InitColumn@CDlgSTConfig@@IAEXXZ 100131b0 f   DlgSTConfig.obj
 0001:00012300       ?LoadInfo@CDlgSTConfig@@MAEXXZ 10013300 f   DlgSTConfig.obj
 0001:00012680       ?OnBnClickedButtonSaveconfig@CDlgSTConfig@@QAEXXZ 10013680 f   DlgSTConfig.obj
 0001:00012690       ?OnCtlColor@CDlgSTConfig@@QAEPAUHBRUSH__@@PAVCDC@@PAVCWnd@@I@Z 10013690 f   DlgSTConfig.obj
 0001:000126e0       ?OnInitDialog@CDlgSTConfig@@UAEHXZ 100136e0 f   DlgSTConfig.obj
 0001:00012840       ?ReloadInfo@CDlgSTConfig@@QAEXXZ 10013840 f   DlgSTConfig.obj
 0001:00012860       ?SaveInfo@CDlgSTConfig@@MAEHXZ 10013860 f   DlgSTConfig.obj
 0001:00012a40       ?WindowProc@CDlgSTConfig@@MAEJIIJ@Z 10013a40 f   DlgSTConfig.obj
 0001:00012a70       ??0CDlgSTOption@@QAE@PAVCWnd@@@Z 10013a70 f   DlgSTOption.obj
 0001:00012be0       ??_ECDlgSTOption@@UAEPAXI@Z 10013be0 f i DlgSTOption.obj
 0001:00012be0       ??_GCDlgSTOption@@UAEPAXI@Z 10013be0 f i DlgSTOption.obj
 0001:00012ce0       ?ApplyConfig@CDlgSTOption@@QAEXXZ 10013ce0 f   DlgSTOption.obj
 0001:00012e80       ?ChangeConfigureInfo@CDlgSTOption@@QAEXXZ 10013e80 f   DlgSTOption.obj
 0001:00012ee0       ?ChangeSfgPath@CDlgSTOption@@QAEXPBD@Z 10013ee0 f   DlgSTOption.obj
 0001:00013010       ?DeleteConfig@CDlgSTOption@@QAEXXZ 10014010 f   DlgSTOption.obj
 0001:00013070       ?DoDataExchange@CDlgSTOption@@MAEXPAVCDataExchange@@@Z 10014070 f   DlgSTOption.obj
 0001:000130c0       ?GetExpiredDate@CDlgSTOption@@QAE?AV?$CStringT@DV?$StrTraitMFC_DLL@DV?$ChTraitsCRT@D@ATL@@@@@ATL@@XZ 100140c0 f   DlgSTOption.obj
 0001:00013160       ?GetMessageMap@CDlgSTOption@@MBEPBUAFX_MSGMAP@@XZ 10014160 f   DlgSTOption.obj
 0001:00013170       ?GetPassword@CDlgSTOption@@QAE?AV?$CStringT@DV?$StrTraitMFC_DLL@DV?$ChTraitsCRT@D@ATL@@@@@ATL@@XZ 10014170 f   DlgSTOption.obj
 0001:000131b0       ?GetPrivateProfileStringInST@CDlgSTOption@@QAEKPBD00PADKH@Z 100141b0 f   DlgSTOption.obj
 0001:00013300       ?GetSTFile@CDlgSTOption@@QAEXPBD@Z 10014300 f   DlgSTOption.obj
 0001:000133c0       ?GetSdPath@CDlgSTOption@@QAE?AV?$CStringT@DV?$StrTraitMFC_DLL@DV?$ChTraitsCRT@D@ATL@@@@@ATL@@XZ 100143c0 f   DlgSTOption.obj
 0001:000134e0       ?GetSfgPath@CDlgSTOption@@QAE?AV?$CStringT@DV?$StrTraitMFC_DLL@DV?$ChTraitsCRT@D@ATL@@@@@ATL@@XZ 100144e0 f   DlgSTOption.obj
 0001:00013520       ?GetThisMessageMap@CDlgSTOption@@KGPBUAFX_MSGMAP@@XZ 10014520 f   DlgSTOption.obj
 0001:00013530       ?GetUseExpiredDate@CDlgSTOption@@QAEHXZ 10014530 f   DlgSTOption.obj
 0001:00013550       ?GetUsePassword@CDlgSTOption@@QAEHXZ 10014550 f   DlgSTOption.obj
 0001:00013570       ?GetUseUserID@CDlgSTOption@@QAEHXZ 10014570 f   DlgSTOption.obj
 0001:00013590       ?GetUserID@CDlgSTOption@@QAE?AV?$CStringT@DV?$StrTraitMFC_DLL@DV?$ChTraitsCRT@D@ATL@@@@@ATL@@XZ 10014590 f   DlgSTOption.obj
 0001:000135d0       ?OnCancel@CDlgSTOption@@MAEXXZ 100145d0 f   DlgSTOption.obj
 0001:00013630       ?OnCtlColor@CDlgSTOption@@IAEPAUHBRUSH__@@PAVCDC@@PAVCWnd@@I@Z 10014630 f   DlgSTOption.obj
 0001:00013680       ?OnDestroy@CDlgSTOption@@IAEXXZ 10014680 f   DlgSTOption.obj
 0001:00013750       ?OnInitDialog@CDlgSTOption@@MAEHXZ 10014750 f   DlgSTOption.obj
 0001:00013d30       ?OnOK@CDlgSTOption@@MAEXXZ 10014d30 f   DlgSTOption.obj
 0001:00013e90       ?SaveConfig@CDlgSTOption@@QAEXXZ 10014e90 f   DlgSTOption.obj
 0001:00013f30       ?WritePrivateProfileStringInST@CDlgSTOption@@QAEHPBD00H@Z 10014f30 f   DlgSTOption.obj
 0001:00014080       ??0CRscDlg@@QAE@IPAVCWnd@@@Z 10015080 f   RscDlg.obj
 0001:000140c0       ??_GCRscDlg@@UAEPAXI@Z     100150c0 f i RscDlg.obj
 0001:000140c0       ??_ECRscDlg@@UAEPAXI@Z     100150c0 f i RscDlg.obj
 0001:00014120       ?Create@CDialog@@UAEHIPAVCWnd@@@Z 10015120 f i RscDlg.obj
 0001:00014130       ?Create@CRscDlg@@UAEHIPAVCWnd@@@Z 10015130 f   RscDlg.obj
 0001:00014170       ?DoDataExchange@CRscDlg@@MAEXPAVCDataExchange@@@Z 10015170 f   RscDlg.obj
 0001:00014180       ?DoModal@CRscDlg@@UAEHXZ   10015180 f   RscDlg.obj
 0001:000141c0       ?GetMessageMap@CRscDlg@@MBEPBUAFX_MSGMAP@@XZ 100151c0 f   RscDlg.obj
 0001:000141d0       ?GetThisMessageMap@CRscDlg@@KGPBUAFX_MSGMAP@@XZ 100151d0 f   RscDlg.obj
 0001:000141e0       ??0CSTConfigureDlgApp@@QAE@XZ 100151e0 f   STConfigureDlg.obj
 0001:00014240       ??1CDlgRunMain@@UAE@XZ     10015240 f i STConfigureDlg.obj
 0001:000142f0       ??1CDlgSTOption@@UAE@XZ    100152f0 f i STConfigureDlg.obj
 0001:000143c0       ??_ECSTConfigureDlgApp@@UAEPAXI@Z 100153c0 f i STConfigureDlg.obj
 0001:000143c0       ??_GCSTConfigureDlgApp@@UAEPAXI@Z 100153c0 f i STConfigureDlg.obj
 0001:00014410       ?Dtos@@YA?AV?$CStringT@DV?$StrTraitMFC_DLL@DV?$ChTraitsCRT@D@ATL@@@@@ATL@@N@Z 10015410 f   STConfigureDlg.obj
 0001:000144c0       ?ExitInstance@CSTConfigureDlgApp@@UAEHXZ 100154c0 f   STConfigureDlg.obj
 0001:000144e0       ?GetApplicationRecoveryParameter@CWinApp@@UAEPAXXZ 100154e0 f i STConfigureDlg.obj
 0001:000144f0       ?GetApplicationRecoveryPingInterval@CWinApp@@UAEKXZ 100154f0 f i STConfigureDlg.obj
 0001:00014500       ?GetApplicationRestartFlags@CWinApp@@UAEKXZ 10015500 f i STConfigureDlg.obj
 0001:00014510       ?GetExpiredDate@CSTConfigureDlgApp@@QAE?AV?$CStringT@DV?$StrTraitMFC_DLL@DV?$ChTraitsCRT@D@ATL@@@@@ATL@@XZ 10015510 f   STConfigureDlg.obj
 0001:00014530       ?GetMessageMap@CSTConfigureDlgApp@@MBEPBUAFX_MSGMAP@@XZ 10015530 f   STConfigureDlg.obj
 0001:00014540       ?GetPassword@CSTConfigureDlgApp@@QAE?AV?$CStringT@DV?$StrTraitMFC_DLL@DV?$ChTraitsCRT@D@ATL@@@@@ATL@@XZ 10015540 f   STConfigureDlg.obj
 0001:00014560       ?GetThisMessageMap@CSTConfigureDlgApp@@KGPBUAFX_MSGMAP@@XZ 10015560 f   STConfigureDlg.obj
 0001:00014570       ?GetUseExpiredDate@CSTConfigureDlgApp@@QAEHXZ 10015570 f   STConfigureDlg.obj
 0001:00014580       ?GetUsePassword@CSTConfigureDlgApp@@QAEHXZ 10015580 f   STConfigureDlg.obj
 0001:00014590       ?GetUseUserID@CSTConfigureDlgApp@@QAEHXZ 10015590 f   STConfigureDlg.obj
 0001:000145a0       ?GetUserID@CSTConfigureDlgApp@@QAE?AV?$CStringT@DV?$StrTraitMFC_DLL@DV?$ChTraitsCRT@D@ATL@@@@@ATL@@XZ 100155a0 f   STConfigureDlg.obj
 0001:000145c0       ?InitInstance@CSTConfigureDlgApp@@UAEHXZ 100155c0 f   STConfigureDlg.obj
 0001:000145d0       ?Parser@@YA?AV?$CStringT@DV?$StrTraitMFC_DLL@DV?$ChTraitsCRT@D@ATL@@@@@ATL@@PBDPAH@Z 100155d0 f   STConfigureDlg.obj
 0001:000146c0       ?ReopenPreviousFilesAtRestart@CWinApp@@UBEHXZ 100156c0 f i STConfigureDlg.obj
 0001:000146d0       ?RestoreAutosavedFilesAtRestart@CWinApp@@UBEHXZ 100156d0 f i STConfigureDlg.obj
 0001:000146e0       ?SetExpiredDate@CSTConfigureDlgApp@@QAEXPBD@Z 100156e0 f   STConfigureDlg.obj
 0001:000146f0       ?SetPassword@CSTConfigureDlgApp@@QAEXPBD@Z 100156f0 f   STConfigureDlg.obj
 0001:00014700       ?SetUseExpiredDate@CSTConfigureDlgApp@@QAEXH@Z 10015700 f   STConfigureDlg.obj
 0001:00014710       ?SetUsePassword@CSTConfigureDlgApp@@QAEXH@Z 10015710 f   STConfigureDlg.obj
 0001:00014720       ?SetUseUserID@CSTConfigureDlgApp@@QAEXH@Z 10015720 f   STConfigureDlg.obj
 0001:00014730       ?SetUserID@CSTConfigureDlgApp@@QAEXPBD@Z 10015730 f   STConfigureDlg.obj
 0001:00014740       ?ShowConfigureDlg@CSTConfigureDlgApp@@QAEHPAUHWND__@@PAVCISTControllerD0001@@PBDH@Z 10015740 f   STConfigureDlg.obj
 0001:00014800       ?ShowconfigureDlgOnWizard@CSTConfigureDlgApp@@QAEHPAUHWND__@@PAVCISTControllerD0001@@PBDHPAVCRect@@@Z 10015800 f   STConfigureDlg.obj
 0001:00014910       ?SupportsApplicationRecovery@CWinApp@@UBEHXZ 10015910 f i STConfigureDlg.obj
 0001:00014920       ?SupportsAutosaveAtInterval@CWinApp@@UBEHXZ 10015920 f i STConfigureDlg.obj
 0001:00014930       ?SupportsAutosaveAtRestart@CWinApp@@UBEHXZ 10015930 f i STConfigureDlg.obj
 0001:00014940       ?SupportsRestartManager@CWinApp@@UBEHXZ 10015940 f i STConfigureDlg.obj
 0001:00014950       ?WriteConfigure@CSTConfigureDlgApp@@QAEHPAUHWND__@@PAVCISTControllerD0001@@PBDHH@Z 10015950 f   STConfigureDlg.obj
 0001:00014990       ?fnGetExpiredDate@@YG?AV?$CStringT@DV?$StrTraitMFC_DLL@DV?$ChTraitsCRT@D@ATL@@@@@ATL@@XZ 10015990 f   STConfigureDlg.obj
 0001:000149b0       ?fnGetPassword@@YG?AV?$CStringT@DV?$StrTraitMFC_DLL@DV?$ChTraitsCRT@D@ATL@@@@@ATL@@XZ 100159b0 f   STConfigureDlg.obj
 0001:000149d0       ?fnGetUseExpiredDate@@YGHXZ 100159d0 f   STConfigureDlg.obj
 0001:000149e0       ?fnGetUsePassword@@YGHXZ   100159e0 f   STConfigureDlg.obj
 0001:000149f0       ?fnGetUseUserID@@YGHXZ     100159f0 f   STConfigureDlg.obj
 0001:00014a00       ?fnGetUserID@@YG?AV?$CStringT@DV?$StrTraitMFC_DLL@DV?$ChTraitsCRT@D@ATL@@@@@ATL@@XZ 10015a00 f   STConfigureDlg.obj
 0001:00014a20       ?fnSetExpiredDate@@YGXPBD@Z 10015a20 f   STConfigureDlg.obj
 0001:00014a30       ?fnSetPassword@@YGXPBD@Z   10015a30 f   STConfigureDlg.obj
 0001:00014a40       ?fnSetUseExpiredDate@@YGXH@Z 10015a40 f   STConfigureDlg.obj
 0001:00014a50       ?fnSetUsePassword@@YGXH@Z  10015a50 f   STConfigureDlg.obj
 0001:00014a60       ?fnSetUseUserID@@YGXH@Z    10015a60 f   STConfigureDlg.obj
 0001:00014a70       ?fnSetUserID@@YGXPBD@Z     10015a70 f   STConfigureDlg.obj
 0001:00014a80       ?fnShowConfigureDlg@@YGHPAUHWND__@@PAVCISTControllerD0001@@PBDH@Z 10015a80 f   STConfigureDlg.obj
 0001:00014b30       ?fnShowConfigureDlgOnWizard@@YGHPAUHWND__@@PAVCISTControllerD0001@@PBDHPAVCRect@@@Z 10015b30 f   STConfigureDlg.obj
 0001:00014c40       ?fnWriteConfigure@@YGHPAUHWND__@@PAVCISTControllerD0001@@PBDHH@Z 10015c40 f   STConfigureDlg.obj
 0001:00014c80       _fnShowConfigureDlgRunMain 10015c80 f   STConfigureDlg.obj
 0001:00014d10       _fnShowConfigureDlgRunMainEx 10015d10 f   STConfigureDlg.obj
 0001:00014da0       ?Allocate@CAtlStringMgr@ATL@@UAEPAUCStringData@2@HH@Z 10015da0 f i StdAfx.obj
 0001:00014e10       ?Free@CAtlStringMgr@ATL@@UAEXPAUCStringData@2@@Z 10015e10 f i StdAfx.obj
 0001:00014e20       ?Reallocate@CAtlStringMgr@ATL@@UAEPAUCStringData@2@PAU32@HH@Z 10015e20 f i StdAfx.obj
 0001:00014e80       ?GetNilString@CAtlStringMgr@ATL@@UAEPAUCStringData@2@XZ 10015e80 f i StdAfx.obj
 0001:00014e90       ?Clone@CAtlStringMgr@ATL@@UAEPAUIAtlStringMgr@2@XZ 10015e90 f i StdAfx.obj
 0001:00014ea0       ??_GCAtlStringMgr@ATL@@UAEPAXI@Z 10015ea0 f i StdAfx.obj
 0001:00014ea0       ??_ECAtlStringMgr@ATL@@UAEPAXI@Z 10015ea0 f i StdAfx.obj
 0001:00014ed0       ?_AfxInitManaged@@YAHXZ    10015ed0 f i StdAfx.obj
 0001:00014ee0       ?Allocate@CWin32Heap@ATL@@UAEPAXI@Z 10015ee0 f i StdAfx.obj
 0001:00014f00       ?Free@CWin32Heap@ATL@@UAEXPAX@Z 10015f00 f i StdAfx.obj
 0001:00014f20       ?Reallocate@CWin32Heap@ATL@@UAEPAXPAXI@Z 10015f20 f i StdAfx.obj
 0001:00014f60       ?GetSize@CWin32Heap@ATL@@UAEIPAX@Z 10015f60 f i StdAfx.obj
 0001:00014f80       ??_ECWin32Heap@ATL@@UAEPAXI@Z 10015f80 f i StdAfx.obj
 0001:00014f80       ??_GCWin32Heap@ATL@@UAEPAXI@Z 10015f80 f i StdAfx.obj
 0001:00014fc0       ??1CAtlStringMgr@ATL@@UAE@XZ 10015fc0 f i StdAfx.obj
 0001:00014fd0       ??1CWin32Heap@ATL@@UAE@XZ  10015fd0 f i StdAfx.obj
 0001:00014ff0       ??_H@YGXPAXIIP6EPAX0@Z@Z   10015ff0 f i StdAfx.obj
 0001:00015020       ?EnsureLinked@CAtlStringMgrStaticInitializer@ATLImplementationDetails@ATL@@QAEPAXXZ 10016020 f i StdAfx.obj
 0001:00015030       ?_AtlInitializeCriticalSectionEx@ATL@@YAHPAU_RTL_CRITICAL_SECTION@@KK@Z 10016030 f i StdAfx.obj
 0001:00015050       ?_AtlRaiseException@ATL@@YAXKK@Z 10016050 f i StdAfx.obj
 0001:00015070       ??0CTabAuthority@@QAE@PAVCWnd@@@Z 10016070 f   TabAuthority.obj
 0001:00015250       ??_ECDateTimeCtrl@@UAEPAXI@Z 10016250 f i TabAuthority.obj
 0001:00015250       ??_GCDateTimeCtrl@@UAEPAXI@Z 10016250 f i TabAuthority.obj
 0001:00015290       ??_ECStatic@@UAEPAXI@Z     10016290 f i TabAuthority.obj
 0001:00015290       ??_GCStatic@@UAEPAXI@Z     10016290 f i TabAuthority.obj
 0001:000152d0       ??_ECTabAuthority@@UAEPAXI@Z 100162d0 f i TabAuthority.obj
 0001:000152d0       ??_GCTabAuthority@@UAEPAXI@Z 100162d0 f i TabAuthority.obj
 0001:000153b0       ?AtlThrowImpl@ATL@@YGXJ@Z  100163b0 f i TabAuthority.obj
 0001:000153d0       ?DoDataExchange@CTabAuthority@@MAEXPAVCDataExchange@@@Z 100163d0 f   TabAuthority.obj
 0001:00015500       ?GetMessageMap@CTabAuthority@@MBEPBUAFX_MSGMAP@@XZ 10016500 f   TabAuthority.obj
 0001:00015510       ?GetThisMessageMap@CTabAuthority@@KGPBUAFX_MSGMAP@@XZ 10016510 f   TabAuthority.obj
 0001:00015520       ?LoadInfo@CTabAuthority@@EAEXXZ 10016520 f   TabAuthority.obj
 0001:00015840       ?OnChkexpireddate@CTabAuthority@@IAEXXZ 10016840 f   TabAuthority.obj
 0001:00015870       ?OnChkpasswd@CTabAuthority@@IAEXXZ 10016870 f   TabAuthority.obj
 0001:000158b0       ?OnChkuserid@CTabAuthority@@IAEXXZ 100168b0 f   TabAuthority.obj
 0001:000158e0       ?OnCtlColor@CTabAuthority@@IAEPAUHBRUSH__@@PAVCDC@@PAVCWnd@@I@Z 100168e0 f   TabAuthority.obj
 0001:00015930       ?OnInitDialog@CTabAuthority@@MAEHXZ 10016930 f   TabAuthority.obj
 0001:00015950       ?SaveInfo@CTabAuthority@@EAEHXZ 10016950 f   TabAuthority.obj
 0001:00015ae0       ?WindowProc@CTabAuthority@@MAEJIIJ@Z 10016ae0 f   TabAuthority.obj
 0001:00015b10       ??0CTabBasic@@QAE@PAVCWnd@@@Z 10016b10 f   TabBasic.obj
 0001:00015bf0       ??_GCTabBasic@@UAEPAXI@Z   10016bf0 f i TabBasic.obj
 0001:00015bf0       ??_ECTabBasic@@UAEPAXI@Z   10016bf0 f i TabBasic.obj
 0001:00015c80       ?DoDataExchange@CTabBasic@@MAEXPAVCDataExchange@@@Z 10016c80 f   TabBasic.obj
 0001:00015cf0       ?GetMessageMap@CTabBasic@@MBEPBUAFX_MSGMAP@@XZ 10016cf0 f   TabBasic.obj
 0001:00015d00       ?GetThisMessageMap@CTabBasic@@KGPBUAFX_MSGMAP@@XZ 10016d00 f   TabBasic.obj
 0001:00015d10       ?LoadInfo@CTabBasic@@MAEXXZ 10016d10 f   TabBasic.obj
 0001:00015ed0       ?OnCtlColor@CTabBasic@@IAEPAUHBRUSH__@@PAVCDC@@PAVCWnd@@I@Z 10016ed0 f   TabBasic.obj
 0001:00015f20       ?OnInitDialog@CTabBasic@@MAEHXZ 10016f20 f   TabBasic.obj
 0001:00015f40       ?OnRadioLangtype0@CTabBasic@@IAEXXZ 10016f40 f   TabBasic.obj
 0001:00015f60       ?OnRadioLangtype1@CTabBasic@@IAEXXZ 10016f60 f   TabBasic.obj
 0001:00015f80       ?SaveInfo@CTabBasic@@MAEHXZ 10016f80 f   TabBasic.obj
 0001:000160b0       ?WindowProc@CTabBasic@@MAEJIIJ@Z 100170b0 f   TabBasic.obj
 0001:000160e0       ??$SerializeElements@VCIndexData@@@@YGXAAVCArchive@@PAVCIndexData@@H@Z 100170e0 f i TabIndex.obj
 0001:00016190       ??0?$CArray@VCIndexData@@V1@@@QAE@XZ 10017190 f i TabIndex.obj
 0001:000161c0       ??0CTabIndex@@QAE@PAVCWnd@@@Z 100171c0 f   TabIndex.obj
 0001:00016320       ??1?$CArray@VCIndexData@@V1@@@UAE@XZ 10017320 f i TabIndex.obj
 0001:00016340       ??1CColorDialog@@UAE@XZ    10017340 f i TabIndex.obj
 0001:00016350       ??1CCommonDialog@@UAE@XZ   10017350 f i TabIndex.obj
 0001:00016360       ??_G?$CArray@VCIndexData@@V1@@@UAEPAXI@Z 10017360 f i TabIndex.obj
 0001:00016360       ??_E?$CArray@VCIndexData@@V1@@@UAEPAXI@Z 10017360 f i TabIndex.obj
 0001:000163b0       ??_GCCommonDialog@@UAEPAXI@Z 100173b0 f i TabIndex.obj
 0001:000163b0       ??_ECCommonDialog@@UAEPAXI@Z 100173b0 f i TabIndex.obj
 0001:00016400       ??_ECTabIndex@@UAEPAXI@Z   10017400 f i TabIndex.obj
 0001:00016400       ??_GCTabIndex@@UAEPAXI@Z   10017400 f i TabIndex.obj
 0001:000164f0       ?DoDataExchange@CTabIndex@@MAEXPAVCDataExchange@@@Z 100174f0 f   TabIndex.obj
 0001:000165c0       ?GetMessageMap@CTabIndex@@MBEPBUAFX_MSGMAP@@XZ 100175c0 f   TabIndex.obj
 0001:000165d0       ?GetThisMessageMap@CTabIndex@@KGPBUAFX_MSGMAP@@XZ 100175d0 f   TabIndex.obj
 0001:000165e0       ?InitColumn@CTabIndex@@AAEXXZ 100175e0 f   TabIndex.obj
 0001:00016720       ?InitComboBox@CTabIndex@@AAEXXZ 10017720 f   TabIndex.obj
 0001:000168c0       ?LoadInfo@CTabIndex@@EAEXXZ 100178c0 f   TabIndex.obj
 0001:00017020       ?OnBtnClr@CTabIndex@@AAEXAAVCColorButton@@@Z 10018020 f   TabIndex.obj
 0001:000170c0       ?OnBtnClrBull@CTabIndex@@IAEXXZ 100180c0 f   TabIndex.obj
 0001:000170d0       ?OnBtnCltBear@CTabIndex@@IAEXXZ 100180d0 f   TabIndex.obj
 0001:000170e0       ?OnBtnGraphClr@CTabIndex@@IAEXXZ 100180e0 f   TabIndex.obj
 0001:00017150       ?OnCtlColor@CTabIndex@@IAEPAUHBRUSH__@@PAVCDC@@PAVCWnd@@I@Z 10018150 f   TabIndex.obj
 0001:000171a0       ?OnInitDialog@CTabIndex@@MAEHXZ 100181a0 f   TabIndex.obj
 0001:000173b0       ?OnItemchangedListGraph@CTabIndex@@IAEXPAUtagNMHDR@@PAJ@Z 100183b0 f   TabIndex.obj
 0001:00017500       ?OnSelchangeCbGraphShape@CTabIndex@@IAEXXZ 10018500 f   TabIndex.obj
 0001:000175e0       ?OnSelchangeCbGraphThick@CTabIndex@@IAEXXZ 100185e0 f   TabIndex.obj
 0001:00017670       ?OnSelchangeCbGraphType@CTabIndex@@IAEXXZ 10018670 f   TabIndex.obj
 0001:00017780       ?RemoveInfo@CTabIndex@@EAEXXZ 10018780 f   TabIndex.obj
 0001:000178e0       ?SaveInfo@CTabIndex@@EAEHXZ 100188e0 f   TabIndex.obj
 0001:00017b90       ?Serialize@?$CArray@VCIndexData@@V1@@@UAEXAAVCArchive@@@Z 10018b90 f i TabIndex.obj
 0001:00017c70       ?SetAtGrow@?$CArray@VCIndexData@@V1@@@QAEXHVCIndexData@@@Z 10018c70 f i TabIndex.obj
 0001:00017cb0       ?SetSize@?$CArray@VCIndexData@@V1@@@QAEXHH@Z 10018cb0 f i TabIndex.obj
 0001:00017f40       ?WindowProc@CTabIndex@@MAEJIIJ@Z 10018f40 f   TabIndex.obj
 0001:00017f80       ??0CSTConfigEnv_Clear@@QAE@XZ 10018f80 f i TabRunClear.obj
 0001:00018030       ??0CSTConfigEnv_Jumun@@QAE@XZ 10019030 f i TabRunClear.obj
 0001:000180c0       ??0CSTConfigEnv_Setup@@QAE@XZ 100190c0 f i TabRunClear.obj
 0001:00018290       ??0CSTConfigEnv_Signal@@QAE@XZ 10019290 f i TabRunClear.obj
 0001:00018340       ??0CTabRunClear@@QAE@PAVCWnd@@@Z 10019340 f   TabRunClear.obj
 0001:000183e0       ??1CSTConfigEnv@@QAE@XZ    100193e0 f i TabRunClear.obj
 0001:00018520       ??1CSTConfigEnv_Clear@@QAE@XZ 10019520 f i TabRunClear.obj
 0001:00018570       ??1CSTConfigEnv_Jumun@@QAE@XZ 10019570 f i TabRunClear.obj
 0001:000185c0       ??1CSTConfigEnv_Setup@@QAE@XZ 100195c0 f i TabRunClear.obj
 0001:000186b0       ??1CSTConfigEnv_Signal@@QAE@XZ 100196b0 f i TabRunClear.obj
 0001:00018700       ??_GCTabRunClear@@UAEPAXI@Z 10019700 f i TabRunClear.obj
 0001:00018700       ??_ECTabRunClear@@UAEPAXI@Z 10019700 f i TabRunClear.obj
 0001:00018790       ?DoDataExchange@CTabRunClear@@MAEXPAVCDataExchange@@@Z 10019790 f   TabRunClear.obj
 0001:000187f0       ?GetMessageMap@CTabRunClear@@MBEPBUAFX_MSGMAP@@XZ 100197f0 f   TabRunClear.obj
 0001:00018800       ?GetThisMessageMap@CTabRunClear@@KGPBUAFX_MSGMAP@@XZ 10019800 f   TabRunClear.obj
 0001:00018810       ?LoadInfo@CSTConfigEnv@@QAEXPBD0H@Z 10019810 f i TabRunClear.obj
 0001:00018a10       ?LoadInfo@CSTConfigEnv_Clear@@QAEXPBD@Z 10019a10 f i TabRunClear.obj
 0001:00018f00       ?LoadInfo@CSTConfigEnv_Jumun@@QAEXPBD@Z 10019f00 f i TabRunClear.obj
 0001:00019730       ?LoadInfo@CSTConfigEnv_Setup@@QAEXPBD@Z 1001a730 f i TabRunClear.obj
 0001:0001aa80       ?LoadInfo@CSTConfigEnv_Signal@@QAEXPBD@Z 1001ba80 f i TabRunClear.obj
 0001:0001ae80       ?LoadInfo@CTabRunClear@@UAEXXZ 1001be80 f   TabRunClear.obj
 0001:0001b120       ?OnCtlColor@CTabRunClear@@IAEPAUHBRUSH__@@PAVCDC@@PAVCWnd@@I@Z 1001c120 f   TabRunClear.obj
 0001:0001b170       ?OnInitDialog@CTabRunClear@@MAEHXZ 1001c170 f   TabRunClear.obj
 0001:0001b2a0       ?RemoveInfo@CTabRunClear@@UAEXXZ 1001c2a0 f   TabRunClear.obj
 0001:0001b2b0       ?SaveInfo@CTabRunClear@@UAEHXZ 1001c2b0 f   TabRunClear.obj
 0001:0001b5d0       ?SetDefault@CTabRunClear@@UAEXXZ 1001c5d0 f   TabRunClear.obj
 0001:0001b690       ??0CTabRunJumun@@QAE@PAVCWnd@@@Z 1001c690 f   TabRunJumun.obj
 0001:0001b7c0       ??_GCTabRunJumun@@UAEPAXI@Z 1001c7c0 f i TabRunJumun.obj
 0001:0001b7c0       ??_ECTabRunJumun@@UAEPAXI@Z 1001c7c0 f i TabRunJumun.obj
 0001:0001b890       ?CheckInputPwd@CTabRunJumun@@QAEHXZ 1001c890 f   TabRunJumun.obj
 0001:0001ba10       ?DoDataExchange@CTabRunJumun@@MAEXPAVCDataExchange@@@Z 1001ca10 f   TabRunJumun.obj
 0001:0001baf0       ?GetMessageMap@CTabRunJumun@@MBEPBUAFX_MSGMAP@@XZ 1001caf0 f   TabRunJumun.obj
 0001:0001bb00       ?GetThisMessageMap@CTabRunJumun@@KGPBUAFX_MSGMAP@@XZ 1001cb00 f   TabRunJumun.obj
 0001:0001bb10       ?IsTradableAcct@CTabRunJumun@@QAEHV?$CStringT@DV?$StrTraitMFC_DLL@DV?$ChTraitsCRT@D@ATL@@@@@ATL@@AAVCStringArray@@@Z 1001cb10 f   TabRunJumun.obj
 0001:0001bbd0       ?LoadAcctInfo@CTabRunJumun@@QAEXXZ 1001cbd0 f   TabRunJumun.obj
 0001:0001bd60       ?LoadInfo@CTabRunJumun@@UAEXXZ 1001cd60 f   TabRunJumun.obj
 0001:0001c180       ?OnBnClickedChkMarketpriceclear@CTabRunJumun@@QAEXXZ 1001d180 f   TabRunJumun.obj
 0001:0001c1c0       ?OnBnClickedChkMarketpriceentry@CTabRunJumun@@QAEXXZ 1001d1c0 f   TabRunJumun.obj
 0001:0001c200       ?OnBtnFileBuy@CTabRunJumun@@IAEXXZ 1001d200 f   TabRunJumun.obj
 0001:0001c210       ?OnBtnFileSell@CTabRunJumun@@IAEXXZ 1001d210 f   TabRunJumun.obj
 0001:0001c220       ?OnBtnPlayBuy@CTabRunJumun@@IAEXXZ 1001d220 f   TabRunJumun.obj
 0001:0001c2a0       ?OnBtnPlaySell@CTabRunJumun@@IAEXXZ 1001d2a0 f   TabRunJumun.obj
 0001:0001c320       ?OnCommand@CTabRunJumun@@MAEHIJ@Z 1001d320 f   TabRunJumun.obj
 0001:0001c330       ?OnCtlColor@CTabRunJumun@@IAEPAUHBRUSH__@@PAVCDC@@PAVCWnd@@I@Z 1001d330 f   TabRunJumun.obj
 0001:0001c380       ?OnDestroy@CTabRunJumun@@QAEXXZ 1001d380 f   TabRunJumun.obj
 0001:0001c390       ?OnInitDialog@CTabRunJumun@@MAEHXZ 1001d390 f   TabRunJumun.obj
 0001:0001c860       ?OnSelchangeCmbAcct@CTabRunJumun@@IAEXXZ 1001d860 f   TabRunJumun.obj
 0001:0001c950       ?OnSelchangeCmbMethod@CTabRunJumun@@IAEXXZ 1001d950 f   TabRunJumun.obj
 0001:0001ca30       ?ReadAccType@CTabRunJumun@@QAEXAAVCStringArray@@@Z 1001da30 f   TabRunJumun.obj
 0001:0001cd00       ?SaveInfo@CTabRunJumun@@UAEHXZ 1001dd00 f   TabRunJumun.obj
 0001:0001d410       ?SetDefault@CTabRunJumun@@UAEXXZ 1001e410 f   TabRunJumun.obj
 0001:0001d540       ?fnBtnFileSearch@CTabRunJumun@@IAEXI@Z 1001e540 f   TabRunJumun.obj
 0001:0001d6e0       ??0CTabRunSetup@@QAE@PAVCWnd@@@Z 1001e6e0 f   TabRunSetup.obj
 0001:0001d870       ??_GCTabRunSetup@@UAEPAXI@Z 1001e870 f i TabRunSetup.obj
 0001:0001d870       ??_ECTabRunSetup@@UAEPAXI@Z 1001e870 f i TabRunSetup.obj
 0001:0001d9a0       ?DoDataExchange@CTabRunSetup@@MAEXPAVCDataExchange@@@Z 1001e9a0 f   TabRunSetup.obj
 0001:0001db10       ?GetMessageMap@CTabRunSetup@@MBEPBUAFX_MSGMAP@@XZ 1001eb10 f   TabRunSetup.obj
 0001:0001db20       ?GetThisMessageMap@CTabRunSetup@@KGPBUAFX_MSGMAP@@XZ 1001eb20 f   TabRunSetup.obj
 0001:0001db30       ?LoadInfo@CTabRunSetup@@UAEXXZ 1001eb30 f   TabRunSetup.obj
 0001:0001e0c0       ?OnBnClickedBtC1@CTabRunSetup@@IAEXXZ 1001f0c0 f   TabRunSetup.obj
 0001:0001e0d0       ?OnBnClickedBtC2@CTabRunSetup@@IAEXXZ 1001f0d0 f   TabRunSetup.obj
 0001:0001e0e0       ?OnBnClickedBtC3@CTabRunSetup@@IAEXXZ 1001f0e0 f   TabRunSetup.obj
 0001:0001e0f0       ?OnBnClickedBtC4@CTabRunSetup@@IAEXXZ 1001f0f0 f   TabRunSetup.obj
 0001:0001e100       ?OnBnClickedBtC5@CTabRunSetup@@IAEXXZ 1001f100 f   TabRunSetup.obj
 0001:0001e110       ?OnBtnClr@CTabRunSetup@@QAEXAAVCColorButton@@@Z 1001f110 f   TabRunSetup.obj
 0001:0001e1b0       ?OnCtlColor@CTabRunSetup@@IAEPAUHBRUSH__@@PAVCDC@@PAVCWnd@@I@Z 1001f1b0 f   TabRunSetup.obj
 0001:0001e200       ?OnInitDialog@CTabRunSetup@@MAEHXZ 1001f200 f   TabRunSetup.obj
 0001:0001e440       ?RemoveInfo@CTabRunSetup@@UAEXXZ 1001f440 f   TabRunSetup.obj
 0001:0001e450       ?SaveInfo@CTabRunSetup@@UAEHXZ 1001f450 f   TabRunSetup.obj
 0001:0001ee80       ?SetDefault@CTabRunSetup@@UAEXXZ 1001fe80 f   TabRunSetup.obj
 0001:0001f140       ?cmStar@CConfigHelper@@SAHPAVCComboBox@@@Z 10020140 f i TabRunSetup.obj
 0001:0001f1e0       ??0CTabRunSignal@@QAE@PAVCWnd@@@Z 100201e0 f   TabRunSignal.obj
 0001:0001f2c0       ??_ECTabRunSignal@@UAEPAXI@Z 100202c0 f i TabRunSignal.obj
 0001:0001f2c0       ??_GCTabRunSignal@@UAEPAXI@Z 100202c0 f i TabRunSignal.obj
 0001:0001f370       ?DoDataExchange@CTabRunSignal@@MAEXPAVCDataExchange@@@Z 10020370 f   TabRunSignal.obj
 0001:0001f420       ?GetMessageMap@CTabRunSignal@@MBEPBUAFX_MSGMAP@@XZ 10020420 f   TabRunSignal.obj
 0001:0001f430       ?GetThisMessageMap@CTabRunSignal@@KGPBUAFX_MSGMAP@@XZ 10020430 f   TabRunSignal.obj
 0001:0001f440       ?LoadInfo@CTabRunSignal@@UAEXXZ 10020440 f   TabRunSignal.obj
 0001:0001f720       ?OnBtClrBuy@CTabRunSignal@@IAEXXZ 10020720 f   TabRunSignal.obj
 0001:0001f730       ?OnBtClrExitlong@CTabRunSignal@@IAEXXZ 10020730 f   TabRunSignal.obj
 0001:0001f740       ?OnBtClrExitshort@CTabRunSignal@@IAEXXZ 10020740 f   TabRunSignal.obj
 0001:0001f750       ?OnBtClrSell@CTabRunSignal@@IAEXXZ 10020750 f   TabRunSignal.obj
 0001:0001f760       ?OnBtnClr@CTabRunSignal@@QAEXAAVCColorButton@@@Z 10020760 f   TabRunSignal.obj
 0001:0001f800       ?OnCtlColor@CTabRunSignal@@IAEPAUHBRUSH__@@PAVCDC@@PAVCWnd@@I@Z 10020800 f   TabRunSignal.obj
 0001:0001f850       ?OnInitDialog@CTabRunSignal@@MAEHXZ 10020850 f   TabRunSignal.obj
 0001:0001f8b0       ?RemoveInfo@CTabRunSignal@@UAEXXZ 100208b0 f   TabRunSignal.obj
 0001:0001f8c0       ?SaveInfo@CTabRunSignal@@UAEHXZ 100208c0 f   TabRunSignal.obj
 0001:0001fb30       ?SetDefault@CTabRunSignal@@UAEXXZ 10020b30 f   TabRunSignal.obj
 0001:0001fc20       ?cmSignal@CConfigHelper@@SAHPAVCComboBox@@H@Z 10020c20 f i TabRunSignal.obj
 0001:0001fcc0       ??0CTabSignal@@QAE@PAVCWnd@@@Z 10020cc0 f   TabSignal.obj
 0001:0001fe10       ??_GCTabSignal@@UAEPAXI@Z  10020e10 f i TabSignal.obj
 0001:0001fe10       ??_ECTabSignal@@UAEPAXI@Z  10020e10 f i TabSignal.obj
 0001:0001fee0       ?DoDataExchange@CTabSignal@@MAEXPAVCDataExchange@@@Z 10020ee0 f   TabSignal.obj
 0001:0001ffc0       ?GetMessageMap@CTabSignal@@MBEPBUAFX_MSGMAP@@XZ 10020fc0 f   TabSignal.obj
 0001:0001ffd0       ?GetThisMessageMap@CTabSignal@@KGPBUAFX_MSGMAP@@XZ 10020fd0 f   TabSignal.obj
 0001:0001ffe0       ?LoadInfo@CTabSignal@@EAEXXZ 10020fe0 f   TabSignal.obj
 0001:000207a0       ?OnBtClrBuy@CTabSignal@@IAEXXZ 100217a0 f   TabSignal.obj
 0001:000207b0       ?OnBtClrExitlong@CTabSignal@@IAEXXZ 100217b0 f   TabSignal.obj
 0001:000207c0       ?OnBtClrExitshort@CTabSignal@@IAEXXZ 100217c0 f   TabSignal.obj
 0001:000207d0       ?OnBtClrSell@CTabSignal@@IAEXXZ 100217d0 f   TabSignal.obj
 0001:000207e0       ?OnBtnClr@CTabSignal@@QAEXAAVCColorButton@@@Z 100217e0 f   TabSignal.obj
 0001:00020880       ?OnCtlColor@CTabSignal@@IAEPAUHBRUSH__@@PAVCDC@@PAVCWnd@@I@Z 10021880 f   TabSignal.obj
 0001:000208d0       ?OnInitDialog@CTabSignal@@MAEHXZ 100218d0 f   TabSignal.obj
 0001:000209e0       ?RemoveInfo@CTabSignal@@EAEXXZ 100219e0 f   TabSignal.obj
 0001:00020b00       ?SaveInfo@CTabSignal@@EAEHXZ 10021b00 f   TabSignal.obj
 0001:00020dd0       ?SetCBSignal@CTabSignal@@AAEXAAVCBitmapItemComboBox@@@Z 10021dd0 f   TabSignal.obj
 0001:00020e90       ?WindowProc@CTabSignal@@MAEJIIJ@Z 10021e90 f   TabSignal.obj
 0001:00020ed0       ??0CTabVariables@@QAE@PAVCWnd@@@Z 10021ed0 f   TabVariables.obj
 0001:00020f90       ??_ECTabVariables@@UAEPAXI@Z 10021f90 f i TabVariables.obj
 0001:00020f90       ??_GCTabVariables@@UAEPAXI@Z 10021f90 f i TabVariables.obj
 0001:00021020       ?CheckWhetherHasSameName@CTabVariables@@IAEHPBD@Z 10022020 f   TabVariables.obj
 0001:000210f0       ?DoDataExchange@CTabVariables@@MAEXPAVCDataExchange@@@Z 100220f0 f   TabVariables.obj
 0001:00021150       ?GetMessageMap@CTabVariables@@MBEPBUAFX_MSGMAP@@XZ 10022150 f   TabVariables.obj
 0001:00021160       ?GetThisMessageMap@CTabVariables@@KGPBUAFX_MSGMAP@@XZ 10022160 f   TabVariables.obj
 0001:00021170       ?InitColumn@CTabVariables@@IAEXXZ 10022170 f   TabVariables.obj
 0001:000212c0       ?LoadInfo@CTabVariables@@MAEXXZ 100222c0 f   TabVariables.obj
 0001:00021610       ?OnBtnAdd@CTabVariables@@IAEXXZ 10022610 f   TabVariables.obj
 0001:000217b0       ?OnBtnDelete@CTabVariables@@IAEXXZ 100227b0 f   TabVariables.obj
 0001:00021810       ?OnCtlColor@CTabVariables@@IAEPAUHBRUSH__@@PAVCDC@@PAVCWnd@@I@Z 10022810 f   TabVariables.obj
 0001:00021860       ?OnInitDialog@CTabVariables@@MAEHXZ 10022860 f   TabVariables.obj
 0001:00021aa0       ?RemoveInfo@CTabVariables@@MAEXXZ 10022aa0 f   TabVariables.obj
 0001:00021bb0       ?SaveInfo@CTabVariables@@MAEHXZ 10022bb0 f   TabVariables.obj
 0001:00021d60       ?WindowProc@CTabVariables@@MAEJIIJ@Z 10022d60 f   TabVariables.obj
 0001:00021d9f       _sndPlaySoundA@8           10022d9f f   Winmm:WINMM.dll
 0001:00021db0       ??0CExDrawButton@@QAE@H@Z  10022db0 f   ExControl:ExDrawButton.obj
 0001:00021e40       ??0CLoaderDrawButton@@QAE@PAXH@Z 10022e40 f i ExControl:ExDrawButton.obj
 0001:00022160       ??1CExDrawButton@@UAE@XZ   10023160 f   ExControl:ExDrawButton.obj
 0001:00022210       ??1CExLoadLib@@QAE@XZ      10023210 f i ExControl:ExDrawButton.obj
 0001:00022230       ??_GCExDrawButton@@UAEPAXI@Z 10023230 f i ExControl:ExDrawButton.obj
 0001:00022230       ??_ECExDrawButton@@UAEPAXI@Z 10023230 f i ExControl:ExDrawButton.obj
 0001:00022300       ?ActionControl@CExDrawButton@@QAEJPAX@Z 10023300 f   ExControl:ExDrawButton.obj
 0001:00022330       ?AddToggleGroup@CExDrawButton@@QAAXPAV1@ZZ 10023330 f   ExControl:ExDrawButton.obj
 0001:000223a0       ?DrawItem@CExDrawButton@@UAEXPAUtagDRAWITEMSTRUCT@@@Z 100233a0 f   ExControl:ExDrawButton.obj
 0001:000223d0       ?GetMessageMap@CExDrawButton@@MBEPBUAFX_MSGMAP@@XZ 100233d0 f   ExControl:ExDrawButton.obj
 0001:000223e0       ?GetText@CExDrawButton@@QAEPBDXZ 100233e0 f   ExControl:ExDrawButton.obj
 0001:00022410       ?GetThisMessageMap@CExDrawButton@@KGPBUAFX_MSGMAP@@XZ 10023410 f   ExControl:ExDrawButton.obj
 0001:00022420       ?GetToggleState@CExDrawButton@@UAEHXZ 10023420 f   ExControl:ExDrawButton.obj
 0001:00022460       ?LoadProcAddress@CExLoadLib@@UAEHXZ 10023460 f i ExControl:ExDrawButton.obj
 0001:00022470       ?LoadProcAddress@CLoaderDrawButton@@UAEHXZ 10023470 f i ExControl:ExDrawButton.obj
 0001:00022540       ?OnClicked@CExDrawButton@@IAEHXZ 10023540 f   ExControl:ExDrawButton.obj
[...]
 0002:0000ce24       __ehfuncinfo$?OnInitDialog@CTabVariables@@MAEHXZ 10039e24     TabVariables.obj
 0002:0000ce48       __unwindtable$?OnBtnAdd@CTabVariables@@IAEXXZ 10039e48     TabVariables.obj
 0002:0000ce60       __ehfuncinfo$?OnBtnAdd@CTabVariables@@IAEXXZ 10039e60     TabVariables.obj
 0002:0000ce84       __unwindtable$??0CExDrawButton@@QAE@H@Z 10039e84     ExControl:ExDrawButton.obj
 0002:0000ce94       __ehfuncinfo$??0CExDrawButton@@QAE@H@Z 10039e94     ExControl:ExDrawButton.obj
 0002:0000ceb8       __unwindtable$??1CExDrawButton@@UAE@XZ 10039eb8     ExControl:ExDrawButton.obj
 0002:0000cec0       __ehfuncinfo$??1CExDrawButton@@UAE@XZ 10039ec0     ExControl:ExDrawButton.obj
 0002:0000cee4       __unwindtable$??_GCExDrawButton@@UAEPAXI@Z 10039ee4     ExControl:ExDrawButton.obj
 0002:0000ceec       __ehfuncinfo$??_GCExDrawButton@@UAEPAXI@Z 10039eec     ExControl:ExDrawButton.obj
 0002:0000cf10       __ehfuncinfo$??0CLoaderDrawButton@@QAE@PAXH@Z 10039f10     ExControl:ExDrawButton.obj
 0002:0000cf34       __unwindtable$??0CLoaderDrawButton@@QAE@PAXH@Z 10039f34     ExControl:ExDrawButton.obj
 0002:0000cf5c       __unwindtable$??0CExEdit@@QAE@H@Z 10039f5c     ExControl:ExEdit.obj
 0002:0000cf6c       __ehfuncinfo$??0CExEdit@@QAE@H@Z 10039f6c     ExControl:ExEdit.obj
 0002:0000cf90       __ehfuncinfo$??0CLoaderEdit@@QAE@PAXH@Z 10039f90     ExControl:ExEdit.obj
 0002:0000cfb4       __unwindtable$??0CLoaderEdit@@QAE@PAXH@Z 10039fb4     ExControl:ExEdit.obj
 0002:0000cfdc       __ehfuncinfo$??1CLoaderEdit@@UAE@XZ 10039fdc     ExControl:ExEdit.obj
 0002:0000d000       __unwindtable$??_GCLoaderEdit@@UAEPAXI@Z 1003a000     ExControl:ExEdit.obj
 0002:0000d008       __ehfuncinfo$??_GCLoaderEdit@@UAEPAXI@Z 1003a008     ExControl:ExEdit.obj
 0002:0000d02c       __unwindtable$?CreateObject@CExComboBox@@SGPAVCObject@@XZ 1003a02c     ExControl:ExComboBox.obj
 0002:0000d044       __ehfuncinfo$?CreateObject@CExComboBox@@SGPAVCObject@@XZ 1003a044     ExControl:ExComboBox.obj
 0002:0000d068       __unwindtable$??0CExComboBox@@QAE@H@Z 1003a068     ExControl:ExComboBox.obj
 0002:0000d078       __ehfuncinfo$??0CExComboBox@@QAE@H@Z 1003a078     ExControl:ExComboBox.obj
 0002:0000d09c       __ehfuncinfo$??0CLoaderComboBox@@QAE@PAXH@Z 1003a09c     ExControl:ExComboBox.obj
 0002:0000d0c0       __unwindtable$??0CLoaderComboBox@@QAE@PAXH@Z 1003a0c0     ExControl:ExComboBox.obj
 0002:0000d0e8       __ehfuncinfo$??1CLoaderComboBox@@UAE@XZ 1003a0e8     ExControl:ExComboBox.obj
 0002:0000d10c       __unwindtable$??_GCLoaderComboBox@@UAEPAXI@Z 1003a10c     ExControl:ExComboBox.obj
 0002:0000d114       __ehfuncinfo$??_GCLoaderComboBox@@UAEPAXI@Z 1003a114     ExControl:ExComboBox.obj
 0002:0000d138       __unwindtable$?CreateObject@?$CThreadLocal@VAFX_MODULE_THREAD_STATE@@@@SGPAVCNoTrackObject@@XZ 1003a138     ExControl:StdAfx.obj
 0002:0000d140       __ehfuncinfo$?CreateObject@?$CThreadLocal@VAFX_MODULE_THREAD_STATE@@@@SGPAVCNoTrackObject@@XZ 1003a140     ExControl:StdAfx.obj
 0002:0000d164       __unwindtable$??__F_AtlComModule@ATL@@YAXXZ 1003a164     ExControl:StdAfx.obj
 0002:0000d16c       __ehfuncinfo$??__F_AtlComModule@ATL@@YAXXZ 1003a16c     ExControl:StdAfx.obj
 0002:0000d190       __unwindtable$?CompareParamter@@YAHPADV?$CStringT@DV?$StrTraitMFC_DLL@DV?$ChTraitsCRT@D@ATL@@@@@ATL@@@Z 1003a190     ExControl:StdAfx.obj
 0002:0000d1a0       __ehfuncinfo$?CompareParamter@@YAHPADV?$CStringT@DV?$StrTraitMFC_DLL@DV?$ChTraitsCRT@D@ATL@@@@@ATL@@@Z 1003a1a0     ExControl:StdAfx.obj
 0002:0000d1c4       __unwindtable$?GetParamterValue@@YAXPBDAAV?$CStringT@DV?$StrTraitMFC_DLL@DV?$ChTraitsCRT@D@ATL@@@@@ATL@@V12@@Z 1003a1c4     ExControl:StdAfx.obj
 0002:0000d1dc       __ehfuncinfo$?GetParamterValue@@YAXPBDAAV?$CStringT@DV?$StrTraitMFC_DLL@DV?$ChTraitsCRT@D@ATL@@@@@ATL@@V12@@Z 1003a1dc     ExControl:StdAfx.obj
 0002:0000d200       __sehtable$_WinbaseIsolationAwarePrivatetRgzlnPgpgk@0 1003a200     mfcs140:nolib.obj
 0002:0000d220       __sehtable$_IsolationAwareUnregisterClassA@8 1003a220     mfcs140:nolib.obj
 0002:0000d23c       __ehfuncinfo$??1CAtlComModule@ATL@@QAE@XZ 1003a23c     mfcs140:nolib.obj
 0002:0000d260       __unwindtable$??__F_AtlComModule@ATL@@YAXXZ 1003a260     mfcs140:nolib.obj
 0002:0000d268       __ehfuncinfo$??__F_AtlComModule@ATL@@YAXXZ 1003a268     mfcs140:nolib.obj
 0002:0000d28c       __ehfuncinfo$??_Estringdispid@CComTypeInfoHolder@ATL@@QAEPAXI@Z 1003a28c     mfcs140:nolib.obj
 0002:0000d2b0       __unwindtable$??__F_AtlComModule@ATL@@YAXXZ 1003a2b0     mfcs140:dllmodul.obj
 0002:0000d2b8       __ehfuncinfo$??__F_AtlComModule@ATL@@YAXXZ 1003a2b8     mfcs140:dllmodul.obj
 0002:0000d2dc       __unwindtable$?AfxWndProcDllStatic@@YGJPAUHWND__@@IIJ@Z 1003a2dc     mfcs140:dllmodul.obj
 0002:0000d2e4       __ehfuncinfo$?AfxWndProcDllStatic@@YGJPAUHWND__@@IIJ@Z 1003a2e4     mfcs140:dllmodul.obj
 0002:0000d308       __catchsym$_InternalDllMain@12$7 1003a308     mfcs140:dllmodul.obj
 0002:0000d318       __tryblocktable$_InternalDllMain@12 1003a318     mfcs140:dllmodul.obj
 0002:0000d32c       __unwindtable$_InternalDllMain@12 1003a32c     mfcs140:dllmodul.obj
 0002:0000d34c       __ehfuncinfo$_InternalDllMain@12 1003a34c     mfcs140:dllmodul.obj
 0002:0000d370       __unwindtable$??__F_AtlComModule@ATL@@YAXXZ 1003a370     mfcs140:stdafx.obj
 0002:0000d378       __ehfuncinfo$??__F_AtlComModule@ATL@@YAXXZ 1003a378     mfcs140:stdafx.obj
 0002:0000d39c       __unwindtable$??__F_AtlComModule@ATL@@YAXXZ 1003a39c     mfcs140:dllmodulx.obj
 0002:0000d3a4       __ehfuncinfo$??__F_AtlComModule@ATL@@YAXXZ 1003a3a4     mfcs140:dllmodulx.obj
 0002:0000d3c8       __sehtable$??_L@YGXPAXIIP6EX0@Z1@Z 1003a3c8     msvcrt:ehvecctr.obj
 0002:0000d3e8       __sehtable$??_M@YGXPAXIIP6EX0@Z@Z 1003a3e8     msvcrt:ehvecdtr.obj
 0002:0000d408       __sehtable$?__ArrayUnwind@@YGXPAXIIP6EX0@Z@Z 1003a408     msvcrt:ehvecdtr.obj
 0002:0000d428       __sehtable$___scrt_is_nonwritable_in_current_image 1003a428     msvcrt:utility.obj
 0002:0000d448       __sehtable$?dllmain_crt_process_attach@@YAHQAUHINSTANCE__@@QAX@Z 1003a448     msvcrt:dll_dllmain.obj
 0002:0000d468       __sehtable$?dllmain_crt_process_detach@@YAH_N@Z 1003a468     msvcrt:dll_dllmain.obj
 0002:0000d490       __sehtable$?dllmain_dispatch@@YAHQAUHINSTANCE__@@KQAX@Z 1003a490     msvcrt:dll_dllmain.obj
 0002:0000d4b0       __sehtable$__IsNonwritableInCurrentImage 1003a4b0     mfcs140:rawdllmainproxy.obj
 0002:0000d4e0       .edata                     1003a4e0     STConfigureDlg.exp
 0002:0000d508       rgpv                       1003a508     STConfigureDlg.exp
 0002:0000d54c       rgszName                   1003a54c     STConfigureDlg.exp
 0002:0000d590       rgwOrd                     1003a590     STConfigureDlg.exp
 0002:0000d5b2       szName                     1003a5b2     STConfigureDlg.exp
 0002:0000d5c5       $N00008                    1003a5c5     STConfigureDlg.exp
 0002:0000d5d6       $N00006                    1003a5d6     STConfigureDlg.exp
 0002:0000d5e4       $N00014                    1003a5e4     STConfigureDlg.exp
 0002:0000d5f8       $N00012                    1003a5f8     STConfigureDlg.exp
 0002:0000d609       $N00013                    1003a609     STConfigureDlg.exp
 0002:0000d618       $N00007                    1003a618     STConfigureDlg.exp
 0002:0000d624       $N00005                    1003a624     STConfigureDlg.exp
 0002:0000d635       $N00003                    1003a635     STConfigureDlg.exp
 0002:0000d643       $N00011                    1003a643     STConfigureDlg.exp
 0002:0000d657       $N00009                    1003a657     STConfigureDlg.exp
 0002:0000d668       $N00010                    1003a668     STConfigureDlg.exp
 0002:0000d677       $N00004                    1003a677     STConfigureDlg.exp
 0002:0000d683       $N00001                    1003a683     STConfigureDlg.exp
 0002:0000d696       $N00015                    1003a696     STConfigureDlg.exp
 0002:0000d6b1       $N00002                    1003a6b1     STConfigureDlg.exp
 0002:0000d6c2       $N00016                    1003a6c2     STConfigureDlg.exp
 0002:0000d6dc       $N00017                    1003a6dc     STConfigureDlg.exp
 0002:0000e16c       .idata$6                   1003b16c     Winmm:WINMM.dll
 0002:0000e176       .idata$6                   1003b176     mfc140:mfc140.dll
 0002:0000e5ba       .idata$6                   1003b5ba     kernel32:KERNEL32.dll
 0002:0000e858       .idata$6                   1003b858     user32:USER32.dll
 0002:0000ea04       .idata$6                   1003ba04     gdi32:GDI32.dll
 0002:0000ea7e       .idata$6                   1003ba7e     comctl32:COMCTL32.dll
 0002:0000ea8c       .idata$6                   1003ba8c     oleaut32:OLEAUT32.dll
 0002:0000eb4e       .idata$6                   1003bb4e     vcruntime:VCRUNTIME140.dll
 0002:0000edc4       .idata$6                   1003bdc4     ucrt:api-ms-win-crt-string-l1-1-0.dll
 0002:0000ede6       .idata$6                   1003bde6     ucrt:api-ms-win-crt-stdio-l1-1-0.dll
 0002:0000ee06       .idata$6                   1003be06     ucrt:api-ms-win-crt-convert-l1-1-0.dll
 0002:0000ee28       .idata$6                   1003be28     ucrt:api-ms-win-crt-math-l1-1-0.dll
 0002:0000ee48       .idata$6                   1003be48     ucrt:api-ms-win-crt-runtime-l1-1-0.dll
 0002:0000ee6a       .idata$6                   1003be6a     ucrt:api-ms-win-crt-heap-l1-1-0.dll
 0002:0000ee8a       .idata$6                   1003be8a     ucrt:api-ms-win-crt-time-l1-1-0.dll
 0002:0000eeaa       .idata$6                   1003beaa     ucrt:api-ms-win-crt-filesystem-l1-1-0.dll
 0003:000007d0       ?RMSG_STCONFIGURENAME@@3IB 1003c7d0     DlgRunMain.obj
 0003:000007d4       ?RMSG_VERIFYSCRIPTNAME@@3IB 1003c7d4     DlgRunMain.obj
 0003:000007d8       ?RMSG_INTERFACE@@3IB       1003c7d8     DlgRunMain.obj
 0003:000007dc       ?RMSG_STCONFIGURENAME@@3IB 1003c7dc     DlgSTOption.obj
 0003:000007e0       ?RMSG_VERIFYSCRIPTNAME@@3IB 1003c7e0     DlgSTOption.obj
 0003:000007e4       ?RMSG_STSAVETOUSERST@@3IB  1003c7e4     DlgSTOption.obj
 0003:00000e78       ?RMSG_EVENT_SPININPUT@@3IB 1003ce78     StdAfx.obj
 0003:00000e7c       ?RMSG_EVENT_CODEINPUT@@3IB 1003ce7c     StdAfx.obj
 0003:00000e80       ?RMSG_ENDSCROLLPOS@@3IB    1003ce80     StdAfx.obj
 0003:00000e84       ?RMSG_FORMINITIALCOMPLETED@@3IB 1003ce84     StdAfx.obj
 0003:00000e88       ?RMSG_GETPCTRDATA@@3IB     1003ce88     StdAfx.obj
 0003:00000e8c       ?RMSG_LSHAREDCHANGED@@3IB  1003ce8c     StdAfx.obj
 0003:00000e90       ?RMSG_EVENT_ACCTINPUT@@3IB 1003ce90     StdAfx.obj
 0003:00000e94       ?RMSG_SETPCTRDATA@@3IB     1003ce94     StdAfx.obj
 0003:00000e98       ?RMSG_INTERFACE@@3IB       1003ce98     StdAfx.obj
 0003:00000e9c       ?RMSG_FORMSTATECHANGE@@3IB 1003ce9c     StdAfx.obj
 0003:00000ea0       ?RMSG_LBTNDOWN@@3IB        1003cea0     StdAfx.obj
 0003:00000ea4       ?RMSG_LBTNDBLCLICK@@3IB    1003cea4     StdAfx.obj
 0003:00000ea8       ?RMSG_TABSTOP@@3IB         1003cea8     StdAfx.obj
 0003:00000eac       ?RMSG_EVENT_SIGNAL@@3IB    1003ceac     StdAfx.obj
 0003:00000eb0       ?RMSG_GET_CONTROLHANDLE@@3IB 1003ceb0     TabRunJumun.obj
 0003:00000eb4       ?RMSG_GET_DISPATCHER_ACCOUNTCTRL@@3IB 1003ceb4     TabRunJumun.obj
 0003:00000eb8       ?RMSG_GET_INTERFACE_ACCOUNTCTRL@@3IB 1003ceb8     TabRunJumun.obj
 0003:00000ebc       ?RMSG_GET_ACCOUNTINFO@@3IB 1003cebc     TabRunJumun.obj
 0003:00000ec0       ?RMSG_GET_AVAILABLEFOR_STORDER@@3IB 1003cec0     TabRunJumun.obj
 0003:00000ec4       ?RMSG_INTERFACE@@3IB       1003cec4     TabRunJumun.obj
 0003:00000ec8       ?RMSG_GETPCTRDATA@@3IB     1003cec8     TabRunJumun.obj
 0003:00000ecc       ?RMSG_INTERFACE@@3IB       1003cecc     ExControl:ExDrawButton.obj
 0003:00000ed0       ?RMSG_GETPCTRDATA@@3IB     1003ced0     ExControl:ExDrawButton.obj
 0003:00000ed4       ?RMSG_SETPCTRDATA@@3IB     1003ced4     ExControl:ExDrawButton.obj
 0003:00000ed8       ?RMSG_INTERFACE@@3IB       1003ced8     ExControl:ExEdit.obj
 0003:00000edc       ?RMSG_GETPCTRDATA@@3IB     1003cedc     ExControl:ExEdit.obj
 0003:00000ee0       ?RMSG_SETPCTRDATA@@3IB     1003cee0     ExControl:ExEdit.obj
 0003:00000ee4       ?RMSG_INTERFACE@@3IB       1003cee4     ExControl:ExButton.obj
 0003:00000ee8       ?RMSG_GETPCTRDATA@@3IB     1003cee8     ExControl:ExButton.obj
 0003:00000eec       ?RMSG_SETPCTRDATA@@3IB     1003ceec     ExControl:ExButton.obj
 0003:00000ef4       ?RMSG_EVENT_SPININPUT@@3IB 1003cef4     ExControl:StdAfx.obj
 0003:00000ef8       ?RMSG_EVENT_CODEINPUT@@3IB 1003cef8     ExControl:StdAfx.obj
 0003:00000efc       ?RMSG_ENDSCROLLPOS@@3IB    1003cefc     ExControl:StdAfx.obj
 0003:00000f00       ?RMSG_FORMINITIALCOMPLETED@@3IB 1003cf00     ExControl:StdAfx.obj
 0003:00000f04       ?RMSG_GETPCTRDATA@@3IB     1003cf04     ExControl:StdAfx.obj
 0003:00000f08       ?RMSG_LSHAREDCHANGED@@3IB  1003cf08     ExControl:StdAfx.obj
 0003:00000f0c       ?RMSG_EVENT_ACCTINPUT@@3IB 1003cf0c     ExControl:StdAfx.obj
 0003:00000f10       ?RMSG_SETPCTRDATA@@3IB     1003cf10     ExControl:StdAfx.obj
 0003:00000f14       ?RMSG_INTERFACE@@3IB       1003cf14     ExControl:StdAfx.obj
 0003:00000f18       ?RMSG_FORMSTATECHANGE@@3IB 1003cf18     ExControl:StdAfx.obj
 0003:00000f1c       ?RMSG_LBTNDOWN@@3IB        1003cf1c     ExControl:StdAfx.obj
 0003:00000f20       ?RMSG_LBTNDBLCLICK@@3IB    1003cf20     ExControl:StdAfx.obj
 0003:00000f24       ?RMSG_TABSTOP@@3IB         1003cf24     ExControl:StdAfx.obj
 0003:00000f28       ?RMSG_EVENT_SIGNAL@@3IB    1003cf28     ExControl:StdAfx.obj
 0003:00000f64       ?controlDLL@@3UAFX_EXTENSION_MODULE@@A 1003cf64     mfcs140:dllmodul.obj
 0003:00000f78       ?afxModuleState@@3V_AFX_DLL_MODULE_STATE@@A 1003cf78     mfcs140:dllmodul.obj
 0003:00001014       ?pafxModuleStatePrev@@3PAVAFX_MODULE_STATE@@A 1003d014     mfcs140:dllmodul.obj
 0003:00001028       ?is_initialized_as_dll@@3_NA 1003d028     msvcrt:utility.obj
 0003:00001029       ?module_local_atexit_table_initialized@@3_NA 1003d029     msvcrt:utility.obj
 0003:0000102c       ?module_local_atexit_table@@3U_onexit_table_t@@A 1003d02c     msvcrt:utility.obj
 0003:00001038       ?module_local_at_quick_exit_table@@3U_onexit_table_t@@A 1003d038     msvcrt:utility.obj
 0003:00001044       ?g_tss_cv@@3U_RTL_CONDITION_VARIABLE@@A 1003d044     msvcrt:thread_safe_statics.obj
 0003:00001048       ?g_tss_event@@3PAXA        1003d048     msvcrt:thread_safe_statics.obj
 0003:0000104c       ?g_tss_mutex@@3U_RTL_CRITICAL_SECTION@@A 1003d04c     msvcrt:thread_safe_statics.obj
 0003:00001064       ?g_sleep_condition_variable_cs@@3P6GHPAU_RTL_CONDITION_VARIABLE@@PAU_RTL_CRITICAL_SECTION@@K@ZA 1003d064     msvcrt:thread_safe_statics.obj
 0003:00001068       ?g_wake_all_condition_variable@@3P6GXPAU_RTL_CONDITION_VARIABLE@@@ZA 1003d068     msvcrt:thread_safe_statics.obj
 0003:00001070       ?__proc_attached@@3HA      1003d070     msvcrt:dll_dllmain.obj
 0003:00001078       _GS_ExceptionRecord        1003d078     msvcrt:gs_report.obj
 0003:000010c8       _GS_ContextRecord          1003d0c8     msvcrt:gs_report.obj
 0004:00000510       $R000000                   1003e510     STConfigureDlg.res
 0004:000005c0       $R0000B0                   1003e5c0     STConfigureDlg.res
 0004:000007e0       $R0002D0                   1003e7e0     STConfigureDlg.res
 0004:00000968       $R000458                   1003e968     STConfigureDlg.res
 0004:00000c10       $R000700                   1003ec10     STConfigureDlg.res
 0004:00000e78       $R000968                   1003ee78     STConfigureDlg.res
 0004:00000f68       $R000A58                   1003ef68     STConfigureDlg.res
 0004:00001038       $R000B28                   1003f038     STConfigureDlg.res
 0004:00001490       $R000F80                   1003f490     STConfigureDlg.res
 0004:000018d0       $R0013C0                   1003f8d0     STConfigureDlg.res
 0004:00001df0       $R0018E0                   1003fdf0     STConfigureDlg.res
 0004:00001fe0       $R001AD0                   1003ffe0     STConfigureDlg.res
 0004:00002118       $R001C08                   10040118     STConfigureDlg.res
 0004:00002150       $R001C40                   10040150     STConfigureDlg.res
 0004:00003350       $R002E40                   10041350     STConfigureDlg.res
 0004:00004550       $R004040                   10042550     STConfigureDlg.res
 0004:000051f0       $R004CE0                   100431f0     STConfigureDlg.res
 0004:000059d8       $R0054C8                   100439d8     STConfigureDlg.res
 0004:000061c0       $R005CB0                   100441c0     STConfigureDlg.res
 0004:000069a8       $R006498                   100449a8     STConfigureDlg.res
 0004:00007190       $R006C80                   10045190     STConfigureDlg.res
 0004:00007978       $R007468                   10045978     STConfigureDlg.res
 0004:00008160       $R007C50                   10046160     STConfigureDlg.res
 0004:000084b8       $R007FA8                   100464b8     STConfigureDlg.res

 Exports

  ordinal    name

        1    ?fnShowConfigureDlg@@YGHPAUHWND__@@PAVCISTControllerD0001@@PBDH@Z (int __stdcall fnShowConfigureDlg(struct HWND__ *,class CISTControllerD0001 *,char const *,int))
               exported name: fnShowConfigureDlg
        2    ?fnWriteConfigure@@YGHPAUHWND__@@PAVCISTControllerD0001@@PBDHH@Z (int __stdcall fnWriteConfigure(struct HWND__ *,class CISTControllerD0001 *,char const *,int,int))
               exported name: fnWriteConfigure
        3    ?fnSetPassword@@YGXPBD@Z (void __stdcall fnSetPassword(char const *))
               exported name: fnSetPassword
        4    ?fnSetUserID@@YGXPBD@Z (void __stdcall fnSetUserID(char const *))
               exported name: fnSetUserID
        5    ?fnSetExpiredDate@@YGXPBD@Z (void __stdcall fnSetExpiredDate(char const *))
               exported name: fnSetExpiredDate
        6    ?fnGetPassword@@YG?AV?$CStringT@DV?$StrTraitMFC_DLL@DV?$ChTraitsCRT@D@ATL@@@@@ATL@@XZ (class ATL::CStringT<char,class StrTraitMFC_DLL<char,class ATL::ChTraitsCRT<char> > > __stdcall fnGetPassword(void))
               exported name: fnGetPassword
        7    ?fnGetUserID@@YG?AV?$CStringT@DV?$StrTraitMFC_DLL@DV?$ChTraitsCRT@D@ATL@@@@@ATL@@XZ (class ATL::CStringT<char,class StrTraitMFC_DLL<char,class ATL::ChTraitsCRT<char> > > __stdcall fnGetUserID(void))
               exported name: fnGetUserID
        8    ?fnGetExpiredDate@@YG?AV?$CStringT@DV?$StrTraitMFC_DLL@DV?$ChTraitsCRT@D@ATL@@@@@ATL@@XZ (class ATL::CStringT<char,class StrTraitMFC_DLL<char,class ATL::ChTraitsCRT<char> > > __stdcall fnGetExpiredDate(void))
               exported name: fnGetExpiredDate
        9    ?fnSetUsePassword@@YGXH@Z (void __stdcall fnSetUsePassword(int))
               exported name: fnSetUsePassword
       10    ?fnSetUseUserID@@YGXH@Z (void __stdcall fnSetUseUserID(int))
               exported name: fnSetUseUserID
       11    ?fnSetUseExpiredDate@@YGXH@Z (void __stdcall fnSetUseExpiredDate(int))
               exported name: fnSetUseExpiredDate
       12    ?fnGetUsePassword@@YGHXZ (int __stdcall fnGetUsePassword(void))
               exported name: fnGetUsePassword
       13    ?fnGetUseUserID@@YGHXZ (int __stdcall fnGetUseUserID(void))
               exported name: fnGetUseUserID
       14    ?fnGetUseExpiredDate@@YGHXZ (int __stdcall fnGetUseExpiredDate(void))
               exported name: fnGetUseExpiredDate
       15    ?fnShowConfigureDlgOnWizard@@YGHPAUHWND__@@PAVCISTControllerD0001@@PBDHPAVCRect@@@Z (int __stdcall fnShowConfigureDlgOnWizard(struct HWND__ *,class CISTControllerD0001 *,char const *,int,class CRect *))
               exported name: fnShowConfigureDlgOnWizard
       16    _fnShowConfigureDlgRunMain
               exported name: fnShowConfigureDlgRunMain
       17    _fnShowConfigureDlgRunMainEx
               exported name: fnShowConfigureDlgRunMainEx
