 AnalysisTool

 Timestamp is 6411a6ba (Wed Mar 15 20:06:34 2023)

 Preferred load address is 10000000

 Start         Length     Name                   Class
 0001:00000000 00000048H .text$mn                CODE
 0002:00000000 00000060H .rdata                  DATA
 0002:00000060 0000010cH .edata                  DATA
 0002:0000016c 00000020H .rdata$voltmd           DATA
 0002:0000018c 00000118H .rdata$zzzdbg           DATA
 0003:00000000 00000008H .bss                    DATA
 0004:00000000 00000ac0H .rsrc$01                DATA
 0004:00000ac0 000044d8H .rsrc$02                DATA

  Address         Publics by Value              Rva+Base       Lib:Object

 0000:00000000       ___hybrid_auxiliary_iat_copy 00000000     <absolute>
 0000:00000000       ___AbsoluteZero            00000000     <absolute>
 0000:00000000       ___enclave_config          00000000     <absolute>
 0000:00000000       ___dynamic_value_reloc_table 00000000     <absolute>
 0000:00000000       ___hybrid_auxiliary_iat    00000000     <absolute>
 0000:00000000       ___arm64x_redirection_metadata_count 00000000     <absolute>
 0000:00000000       ___guard_check_icall_a64n_fptr 00000000     <absolute>
 0000:00000000       ___arm64x_extra_rfe_table_size 00000000     <absolute>
 0000:00000000       ___hybrid_code_map         00000000     <absolute>
 0000:00000000       ___guard_longjmp_count     00000000     <absolute>
 0000:00000000       ___x64_code_ranges_to_entry_points 00000000     <absolute>
 0000:00000000       ___hybrid_code_map_count   00000000     <absolute>
 0000:00000000       ___safe_se_handler_count   00000000     <absolute>
 0000:00000000       ___guard_eh_cont_count     00000000     <absolute>
 0000:00000000       ___arm64x_redirection_metadata 00000000     <absolute>
 0000:00000000       ___arm64x_extra_rfe_table  00000000     <absolute>
 0000:00000000       ___guard_iat_table         00000000     <absolute>
 0000:00000000       ___guard_fids_table        00000000     <absolute>
 0000:00000000       ___guard_longjmp_table     00000000     <absolute>
 0000:00000000       ___arm64x_native_entrypoint 00000000     <absolute>
 0000:00000000       ___safe_se_handler_table   00000000     <absolute>
 0000:00000000       ___guard_fids_count        00000000     <absolute>
 0000:00000000       ___x64_code_ranges_to_entry_points_count 00000000     <absolute>
 0000:00000000       ___guard_eh_cont_table     00000000     <absolute>
 0000:00000000       ___guard_iat_count         00000000     <absolute>
 0000:00000100       ___guard_flags             00000100     <absolute>
 0001:00000000       ??0CAnalysisTool_Eng@@QAE@XZ 10001000 f   AnalysisTool_Eng.obj
 0001:00000010       ??4CAnalysisTool_Eng@@QAEAAV0@$$QAV0@@Z 10001010 f i AnalysisTool_Eng.obj
 0001:00000020       ??4CAnalysisTool_Eng@@QAEAAV0@ABV0@@Z 10001020 f i AnalysisTool_Eng.obj
 0001:00000030       ?fnAnalysisTool_Eng@@YAHXZ 10001030 f   AnalysisTool_Eng.obj
 0001:00000040       _DllMain@12                10001040 f   AnalysisTool_Eng.obj
 0002:0000016c       ___volatile_metadata       1000216c     <linker-defined>
 0003:00000000       ?nAnalysisTool_Eng@@3HA    10003000     AnalysisTool_Eng.obj
 0003:00000004       ___@@_PchSym_@00@UtrgUhixUrypUrypPwiumUKxwwiumRxhUPlyqUzmzobhrhglloPvmtUhgwzucOlyq@4B2008FD98C1DD4 10003004     StdAfx.obj

 entry point at        0000:00000000

 Static symbols

 0000:ffff7000       .debug$S                   10000000     AnalysisTool.exp
 0002:00000060       .edata                     10002060     AnalysisTool.exp
 0002:00000088       rgpv                       10002088     AnalysisTool.exp
 0002:0000009c       rgszName                   1000209c     AnalysisTool.exp
 0002:000000b0       rgwOrd                     100020b0     AnalysisTool.exp
 0002:000000ba       szName                     100020ba     AnalysisTool.exp
 0002:000000cb       $N00001                    100020cb     AnalysisTool.exp
 0002:000000e8       $N00002                    100020e8     AnalysisTool.exp
 0002:00000110       $N00003                    10002110     AnalysisTool.exp
 0002:00000136       $N00004                    10002136     AnalysisTool.exp
 0002:00000151       $N00005                    10002151     AnalysisTool.exp
 0004:00000ac0       $R000000                   10004ac0     AnalysisTool_Eng.res
 0004:00001288       $R0007C8                   10005288     AnalysisTool_Eng.res
 0004:00001340       $R000880                   10005340     AnalysisTool_Eng.res
 0004:00001d40       $R001280                   10005d40     AnalysisTool_Eng.res
 0004:00002480       $R0019C0                   10006480     AnalysisTool_Eng.res
 0004:000025b8       $R001AF8                   100065b8     AnalysisTool_Eng.res
 0004:00002670       $R001BB0                   10006670     AnalysisTool_Eng.res
 0004:00002698       $R001BD8                   10006698     AnalysisTool_Eng.res
 0004:000027d0       $R001D10                   100067d0     AnalysisTool_Eng.res
 0004:000027e8       $R001D28                   100067e8     AnalysisTool_Eng.res
 0004:00002920       $R001E60                   10006920     AnalysisTool_Eng.res
 0004:00002938       $R001E78                   10006938     AnalysisTool_Eng.res
 0004:00002a70       $R001FB0                   10006a70     AnalysisTool_Eng.res
 0004:00002a88       $R001FC8                   10006a88     AnalysisTool_Eng.res
 0004:00002bc0       $R002100                   10006bc0     AnalysisTool_Eng.res
 0004:00002bd8       $R002118                   10006bd8     AnalysisTool_Eng.res
 0004:00002d10       $R002250                   10006d10     AnalysisTool_Eng.res
 0004:00002d28       $R002268                   10006d28     AnalysisTool_Eng.res
 0004:00002e60       $R0023A0                   10006e60     AnalysisTool_Eng.res
 0004:00002e78       $R0023B8                   10006e78     AnalysisTool_Eng.res
 0004:00002fb0       $R0024F0                   10006fb0     AnalysisTool_Eng.res
 0004:00002fc8       $R002508                   10006fc8     AnalysisTool_Eng.res
 0004:00003100       $R002640                   10007100     AnalysisTool_Eng.res
 0004:00003118       $R002658                   10007118     AnalysisTool_Eng.res
 0004:00003250       $R002790                   10007250     AnalysisTool_Eng.res
 0004:00003268       $R0027A8                   10007268     AnalysisTool_Eng.res
 0004:000033a0       $R0028E0                   100073a0     AnalysisTool_Eng.res
 0004:000033b8       $R0028F8                   100073b8     AnalysisTool_Eng.res
 0004:000034f0       $R002A30                   100074f0     AnalysisTool_Eng.res
 0004:00003508       $R002A48                   10007508     AnalysisTool_Eng.res
 0004:00003640       $R002B80                   10007640     AnalysisTool_Eng.res
 0004:00003658       $R002B98                   10007658     AnalysisTool_Eng.res
 0004:00003790       $R002CD0                   10007790     AnalysisTool_Eng.res
 0004:000037a8       $R002CE8                   100077a8     AnalysisTool_Eng.res
 0004:000038e0       $R002E20                   100078e0     AnalysisTool_Eng.res
 0004:000038f8       $R002E38                   100078f8     AnalysisTool_Eng.res
 0004:000039f0       $R002F30                   100079f0     AnalysisTool_Eng.res
 0004:00003a28       $R002F68                   10007a28     AnalysisTool_Eng.res
 0004:00003ae0       $R003020                   10007ae0     AnalysisTool_Eng.res
 0004:00003c28       $R003168                   10007c28     AnalysisTool_Eng.res
 0004:00003d38       $R003278                   10007d38     AnalysisTool_Eng.res
 0004:00003da0       $R0032E0                   10007da0     AnalysisTool_Eng.res
 0004:00003dd0       $R003310                   10007dd0     AnalysisTool_Eng.res
 0004:00003eb8       $R0033F8                   10007eb8     AnalysisTool_Eng.res
 0004:000041d0       $R003710                   100081d0     AnalysisTool_Eng.res
 0004:00004240       $R003780                   10008240     AnalysisTool_Eng.res
 0004:00004418       $R003958                   10008418     AnalysisTool_Eng.res
 0004:000045c0       $R003B00                   100085c0     AnalysisTool_Eng.res
 0004:000048c8       $R003E08                   100088c8     AnalysisTool_Eng.res
 0004:00004a40       $R003F80                   10008a40     AnalysisTool_Eng.res
 0004:00004af0       $R004030                   10008af0     AnalysisTool_Eng.res
 0004:00004b18       $R004058                   10008b18     AnalysisTool_Eng.res
 0004:00004b80       $R0040C0                   10008b80     AnalysisTool_Eng.res
 0004:00004e18       $R004358                   10008e18     AnalysisTool_Eng.res

 Exports

  ordinal    name

        1    ??0CAnalysisTool_Eng@@QAE@XZ (public: __thiscall CAnalysisTool_Eng::CAnalysisTool_Eng(void))
        2    ??4CAnalysisTool_Eng@@QAEAAV0@$$QAV0@@Z (public: class CAnalysisTool_Eng & __thiscall CAnalysisTool_Eng::operator=(class CAnalysisTool_Eng &&))
        3    ??4CAnalysisTool_Eng@@QAEAAV0@ABV0@@Z (public: class CAnalysisTool_Eng & __thiscall CAnalysisTool_Eng::operator=(class CAnalysisTool_Eng const &))
        4    ?fnAnalysisTool_Eng@@YAHXZ (int __cdecl fnAnalysisTool_Eng(void))
        5    ?nAnalysisTool_Eng@@3HA (int nAnalysisTool_Eng)
