 ChartDesignPropertyAddIn

 Timestamp is 6411a6ba (Wed Mar 15 20:06:34 2023)

 Preferred load address is 10000000

 Start         Length     Name                   Class
 0001:00000000 00000048H .text$mn                CODE
 0002:00000000 00000060H .rdata                  DATA
 0002:00000060 00000154H .edata                  DATA
 0002:000001b4 00000020H .rdata$voltmd           DATA
 0002:000001d4 00000130H .rdata$zzzdbg           DATA
 0003:00000000 00000008H .bss                    DATA
 0004:00000000 00001240H .rsrc$01                DATA
 0004:00001240 0000b3c8H .rsrc$02                DATA

  Address         Publics by Value              Rva+Base       Lib:Object

 0000:00000000       ___hybrid_auxiliary_iat_copy 00000000     <absolute>
 0000:00000000       ___AbsoluteZero            00000000     <absolute>
 0000:00000000       ___enclave_config          00000000     <absolute>
 0000:00000000       ___dynamic_value_reloc_table 00000000     <absolute>
 0000:00000000       ___hybrid_auxiliary_iat    00000000     <absolute>
 0000:00000000       ___arm64x_redirection_metadata_count 00000000     <absolute>
 0000:00000000       ___guard_check_icall_a64n_fptr 00000000     <absolute>
 0000:00000000       ___arm64x_extra_rfe_table_size 00000000     <absolute>
 0000:00000000       ___hybrid_code_map         00000000     <absolute>
 0000:00000000       ___x64_code_ranges_to_entry_points 00000000     <absolute>
 0000:00000000       ___hybrid_code_map_count   00000000     <absolute>
 0000:00000000       ___guard_eh_cont_count     00000000     <absolute>
 0000:00000000       ___arm64x_redirection_metadata 00000000     <absolute>
 0000:00000000       ___arm64x_extra_rfe_table  00000000     <absolute>
 0000:00000000       ___guard_longjmp_count     00000000     <absolute>
 0000:00000000       ___safe_se_handler_count   00000000     <absolute>
 0000:00000000       ___guard_longjmp_table     00000000     <absolute>
 0000:00000000       ___arm64x_native_entrypoint 00000000     <absolute>
 0000:00000000       ___safe_se_handler_table   00000000     <absolute>
 0000:00000000       ___guard_fids_count        00000000     <absolute>
 0000:00000000       ___guard_eh_cont_table     00000000     <absolute>
 0000:00000000       ___guard_iat_table         00000000     <absolute>
 0000:00000000       ___x64_code_ranges_to_entry_points_count 00000000     <absolute>
 0000:00000000       ___guard_iat_count         00000000     <absolute>
 0000:00000000       ___guard_fids_table        00000000     <absolute>
 0000:00000100       ___guard_flags             00000100     <absolute>
 0001:00000000       ??0CChartDesignPropertyAddIn_Eng@@QAE@XZ 10001000 f   ChartDesignPropertyAddIn_Eng.obj
 0001:00000010       ??4CChartDesignPropertyAddIn_Eng@@QAEAAV0@$$QAV0@@Z 10001010 f i ChartDesignPropertyAddIn_Eng.obj
 0001:00000020       ??4CChartDesignPropertyAddIn_Eng@@QAEAAV0@ABV0@@Z 10001020 f i ChartDesignPropertyAddIn_Eng.obj
 0001:00000030       ?fnChartDesignPropertyAddIn_Eng@@YAHXZ 10001030 f   ChartDesignPropertyAddIn_Eng.obj
 0001:00000040       _DllMain@12                10001040 f   ChartDesignPropertyAddIn_Eng.obj
 0002:000001b4       ___volatile_metadata       100021b4     <linker-defined>
 0003:00000000       ?nChartDesignPropertyAddIn_Eng@@3HA 10003000     ChartDesignPropertyAddIn_Eng.obj
 0003:00000004       ___@@_PchSym_@00@UtrgUhixUrypUrypPwiumUKxwwiumRxhUPlyqUxszigwvhrtmkilkvigbzwwrmPvmtUhgwzucOlyq@4B2008FD98C1DD4 10003004     StdAfx.obj

 entry point at        0000:00000000

 Static symbols

 0000:fffef000       .debug$S                   10000000     ChartDesignPropertyAddIn.exp
 0002:00000060       .edata                     10002060     ChartDesignPropertyAddIn.exp
 0002:00000088       rgpv                       10002088     ChartDesignPropertyAddIn.exp
 0002:0000009c       rgszName                   1000209c     ChartDesignPropertyAddIn.exp
 0002:000000b0       rgwOrd                     100020b0     ChartDesignPropertyAddIn.exp
 0002:000000ba       szName                     100020ba     ChartDesignPropertyAddIn.exp
 0002:000000d7       $N00001                    100020d7     ChartDesignPropertyAddIn.exp
 0002:00000100       $N00002                    10002100     ChartDesignPropertyAddIn.exp
 0002:00000134       $N00003                    10002134     ChartDesignPropertyAddIn.exp
 0002:00000166       $N00004                    10002166     ChartDesignPropertyAddIn.exp
 0002:0000018d       $N00005                    1000218d     ChartDesignPropertyAddIn.exp
 0004:00001240       $R000000                   10005240     ChartDesignPropertyAddIn_Eng.res
 0004:00001358       $R000118                   10005358     ChartDesignPropertyAddIn_Eng.res
 0004:000013b0       $R000170                   100053b0     ChartDesignPropertyAddIn_Eng.res
 0004:00001430       $R0001F0                   10005430     ChartDesignPropertyAddIn_Eng.res
 0004:00001498       $R000258                   10005498     ChartDesignPropertyAddIn_Eng.res
 0004:00001768       $R000528                   10005768     ChartDesignPropertyAddIn_Eng.res
 0004:00001888       $R000648                   10005888     ChartDesignPropertyAddIn_Eng.res
 0004:00001d98       $R000B58                   10005d98     ChartDesignPropertyAddIn_Eng.res
 0004:00002098       $R000E58                   10006098     ChartDesignPropertyAddIn_Eng.res
 0004:00002720       $R0014E0                   10006720     ChartDesignPropertyAddIn_Eng.res
 0004:00002890       $R001650                   10006890     ChartDesignPropertyAddIn_Eng.res
 0004:00002ce8       $R001AA8                   10006ce8     ChartDesignPropertyAddIn_Eng.res
 0004:00002d60       $R001B20                   10006d60     ChartDesignPropertyAddIn_Eng.res
 0004:00002e38       $R001BF8                   10006e38     ChartDesignPropertyAddIn_Eng.res
 0004:000035f8       $R0023B8                   100075f8     ChartDesignPropertyAddIn_Eng.res
 0004:000039c8       $R002788                   100079c8     ChartDesignPropertyAddIn_Eng.res
 0004:00003cc8       $R002A88                   10007cc8     ChartDesignPropertyAddIn_Eng.res
 0004:00003e18       $R002BD8                   10007e18     ChartDesignPropertyAddIn_Eng.res
 0004:00003f80       $R002D40                   10007f80     ChartDesignPropertyAddIn_Eng.res
 0004:00004050       $R002E10                   10008050     ChartDesignPropertyAddIn_Eng.res
 0004:000042e0       $R0030A0                   100082e0     ChartDesignPropertyAddIn_Eng.res
 0004:00004350       $R003110                   10008350     ChartDesignPropertyAddIn_Eng.res
 0004:00004898       $R003658                   10008898     ChartDesignPropertyAddIn_Eng.res
 0004:00004b28       $R0038E8                   10008b28     ChartDesignPropertyAddIn_Eng.res
 0004:00004c10       $R0039D0                   10008c10     ChartDesignPropertyAddIn_Eng.res
 0004:000054b8       $R004278                   100094b8     ChartDesignPropertyAddIn_Eng.res
 0004:00005df8       $R004BB8                   10009df8     ChartDesignPropertyAddIn_Eng.res
 0004:00006008       $R004DC8                   1000a008     ChartDesignPropertyAddIn_Eng.res
 0004:00006198       $R004F58                   1000a198     ChartDesignPropertyAddIn_Eng.res
 0004:000061c8       $R004F88                   1000a1c8     ChartDesignPropertyAddIn_Eng.res
 0004:000062d0       $R005090                   1000a2d0     ChartDesignPropertyAddIn_Eng.res
 0004:00006380       $R005140                   1000a380     ChartDesignPropertyAddIn_Eng.res
 0004:000063b8       $R005178                   1000a3b8     ChartDesignPropertyAddIn_Eng.res
 0004:000064f0       $R0052B0                   1000a4f0     ChartDesignPropertyAddIn_Eng.res
 0004:000065a8       $R005368                   1000a5a8     ChartDesignPropertyAddIn_Eng.res
 0004:000065d0       $R005390                   1000a5d0     ChartDesignPropertyAddIn_Eng.res
 0004:00006708       $R0054C8                   1000a708     ChartDesignPropertyAddIn_Eng.res
 0004:00006720       $R0054E0                   1000a720     ChartDesignPropertyAddIn_Eng.res
 0004:00006858       $R005618                   1000a858     ChartDesignPropertyAddIn_Eng.res
 0004:00006870       $R005630                   1000a870     ChartDesignPropertyAddIn_Eng.res
 0004:000069a8       $R005768                   1000a9a8     ChartDesignPropertyAddIn_Eng.res
 0004:000069c0       $R005780                   1000a9c0     ChartDesignPropertyAddIn_Eng.res
 0004:00006af8       $R0058B8                   1000aaf8     ChartDesignPropertyAddIn_Eng.res
 0004:00006b10       $R0058D0                   1000ab10     ChartDesignPropertyAddIn_Eng.res
 0004:00006c48       $R005A08                   1000ac48     ChartDesignPropertyAddIn_Eng.res
 0004:00006c60       $R005A20                   1000ac60     ChartDesignPropertyAddIn_Eng.res
 0004:00006d98       $R005B58                   1000ad98     ChartDesignPropertyAddIn_Eng.res
 0004:00006db0       $R005B70                   1000adb0     ChartDesignPropertyAddIn_Eng.res
 0004:00006ee8       $R005CA8                   1000aee8     ChartDesignPropertyAddIn_Eng.res
 0004:00006f00       $R005CC0                   1000af00     ChartDesignPropertyAddIn_Eng.res
 0004:00007038       $R005DF8                   1000b038     ChartDesignPropertyAddIn_Eng.res
 0004:00007050       $R005E10                   1000b050     ChartDesignPropertyAddIn_Eng.res
 0004:00007188       $R005F48                   1000b188     ChartDesignPropertyAddIn_Eng.res
 0004:000071a0       $R005F60                   1000b1a0     ChartDesignPropertyAddIn_Eng.res
 0004:000072d8       $R006098                   1000b2d8     ChartDesignPropertyAddIn_Eng.res
 0004:000072f0       $R0060B0                   1000b2f0     ChartDesignPropertyAddIn_Eng.res
 0004:00007428       $R0061E8                   1000b428     ChartDesignPropertyAddIn_Eng.res
 0004:00007440       $R006200                   1000b440     ChartDesignPropertyAddIn_Eng.res
 0004:00007578       $R006338                   1000b578     ChartDesignPropertyAddIn_Eng.res
 0004:00007590       $R006350                   1000b590     ChartDesignPropertyAddIn_Eng.res
 0004:000076c8       $R006488                   1000b6c8     ChartDesignPropertyAddIn_Eng.res
 0004:000076e0       $R0064A0                   1000b6e0     ChartDesignPropertyAddIn_Eng.res
 0004:00007818       $R0065D8                   1000b818     ChartDesignPropertyAddIn_Eng.res
 0004:00007830       $R0065F0                   1000b830     ChartDesignPropertyAddIn_Eng.res
 0004:00007928       $R0066E8                   1000b928     ChartDesignPropertyAddIn_Eng.res
 0004:00007960       $R006720                   1000b960     ChartDesignPropertyAddIn_Eng.res
 0004:00007a18       $R0067D8                   1000ba18     ChartDesignPropertyAddIn_Eng.res
 0004:00007b60       $R006920                   1000bb60     ChartDesignPropertyAddIn_Eng.res
 0004:000088f0       $R0076B0                   1000c8f0     ChartDesignPropertyAddIn_Eng.res
 0004:00009680       $R008440                   1000d680     ChartDesignPropertyAddIn_Eng.res
 0004:00009a48       $R008808                   1000da48     ChartDesignPropertyAddIn_Eng.res
 0004:00009b40       $R008900                   1000db40     ChartDesignPropertyAddIn_Eng.res
 0004:00009e48       $R008C08                   1000de48     ChartDesignPropertyAddIn_Eng.res
 0004:00009fd8       $R008D98                   1000dfd8     ChartDesignPropertyAddIn_Eng.res
 0004:0000a340       $R009100                   1000e340     ChartDesignPropertyAddIn_Eng.res
 0004:0000a768       $R009528                   1000e768     ChartDesignPropertyAddIn_Eng.res
 0004:0000aa78       $R009838                   1000ea78     ChartDesignPropertyAddIn_Eng.res
 0004:0000ad50       $R009B10                   1000ed50     ChartDesignPropertyAddIn_Eng.res
 0004:0000b1a8       $R009F68                   1000f1a8     ChartDesignPropertyAddIn_Eng.res
 0004:0000b3a8       $R00A168                   1000f3a8     ChartDesignPropertyAddIn_Eng.res
 0004:0000b410       $R00A1D0                   1000f410     ChartDesignPropertyAddIn_Eng.res
 0004:0000b440       $R00A200                   1000f440     ChartDesignPropertyAddIn_Eng.res
 0004:0000b528       $R00A2E8                   1000f528     ChartDesignPropertyAddIn_Eng.res
 0004:0000b840       $R00A600                   1000f840     ChartDesignPropertyAddIn_Eng.res
 0004:0000b8b0       $R00A670                   1000f8b0     ChartDesignPropertyAddIn_Eng.res
 0004:0000ba88       $R00A848                   1000fa88     ChartDesignPropertyAddIn_Eng.res
 0004:0000bc30       $R00A9F0                   1000fc30     ChartDesignPropertyAddIn_Eng.res
 0004:0000bf38       $R00ACF8                   1000ff38     ChartDesignPropertyAddIn_Eng.res
 0004:0000c0b0       $R00AE70                   100100b0     ChartDesignPropertyAddIn_Eng.res
 0004:0000c160       $R00AF20                   10010160     ChartDesignPropertyAddIn_Eng.res
 0004:0000c188       $R00AF48                   10010188     ChartDesignPropertyAddIn_Eng.res
 0004:0000c1f0       $R00AFB0                   100101f0     ChartDesignPropertyAddIn_Eng.res
 0004:0000c488       $R00B248                   10010488     ChartDesignPropertyAddIn_Eng.res

 Exports

  ordinal    name

        1    ??0CChartDesignPropertyAddIn_Eng@@QAE@XZ (public: __thiscall CChartDesignPropertyAddIn_Eng::CChartDesignPropertyAddIn_Eng(void))
        2    ??4CChartDesignPropertyAddIn_Eng@@QAEAAV0@$$QAV0@@Z (public: class CChartDesignPropertyAddIn_Eng & __thiscall CChartDesignPropertyAddIn_Eng::operator=(class CChartDesignPropertyAddIn_Eng &&))
        3    ??4CChartDesignPropertyAddIn_Eng@@QAEAAV0@ABV0@@Z (public: class CChartDesignPropertyAddIn_Eng & __thiscall CChartDesignPropertyAddIn_Eng::operator=(class CChartDesignPropertyAddIn_Eng const &))
        4    ?fnChartDesignPropertyAddIn_Eng@@YAHXZ (int __cdecl fnChartDesignPropertyAddIn_Eng(void))
        5    ?nChartDesignPropertyAddIn_Eng@@3HA (int nChartDesignPropertyAddIn_Eng)
