 ChartPeriodSummaryAddIn

 Timestamp is 6411a6ba (Wed Mar 15 20:06:34 2023)

 Preferred load address is 10000000

 Start         Length     Name                   Class
 0001:00000000 00000048H .text$mn                CODE
 0002:00000000 00000060H .rdata                  DATA
 0002:00000060 0000014cH .edata                  DATA
 0002:000001ac 00000020H .rdata$voltmd           DATA
 0002:000001cc 00000130H .rdata$zzzdbg           DATA
 0003:00000000 00000008H .bss                    DATA
 0004:00000000 00000d00H .rsrc$01                DATA
 0004:00000d00 000044f8H .rsrc$02                DATA

  Address         Publics by Value              Rva+Base       Lib:Object

 0000:00000000       ___hybrid_auxiliary_iat_copy 00000000     <absolute>
 0000:00000000       ___AbsoluteZero            00000000     <absolute>
 0000:00000000       ___enclave_config          00000000     <absolute>
 0000:00000000       ___dynamic_value_reloc_table 00000000     <absolute>
 0000:00000000       ___hybrid_auxiliary_iat    00000000     <absolute>
 0000:00000000       ___arm64x_redirection_metadata_count 00000000     <absolute>
 0000:00000000       ___guard_check_icall_a64n_fptr 00000000     <absolute>
 0000:00000000       ___arm64x_extra_rfe_table_size 00000000     <absolute>
 0000:00000000       ___guard_longjmp_count     00000000     <absolute>
 0000:00000000       ___hybrid_code_map         00000000     <absolute>
 0000:00000000       ___x64_code_ranges_to_entry_points 00000000     <absolute>
 0000:00000000       ___hybrid_code_map_count   00000000     <absolute>
 0000:00000000       ___safe_se_handler_count   00000000     <absolute>
 0000:00000000       ___guard_eh_cont_count     00000000     <absolute>
 0000:00000000       ___arm64x_redirection_metadata 00000000     <absolute>
 0000:00000000       ___arm64x_extra_rfe_table  00000000     <absolute>
 0000:00000000       ___guard_iat_table         00000000     <absolute>
 0000:00000000       ___guard_fids_table        00000000     <absolute>
 0000:00000000       ___guard_longjmp_table     00000000     <absolute>
 0000:00000000       ___arm64x_native_entrypoint 00000000     <absolute>
 0000:00000000       ___safe_se_handler_table   00000000     <absolute>
 0000:00000000       ___guard_fids_count        00000000     <absolute>
 0000:00000000       ___x64_code_ranges_to_entry_points_count 00000000     <absolute>
 0000:00000000       ___guard_eh_cont_table     00000000     <absolute>
 0000:00000000       ___guard_iat_count         00000000     <absolute>
 0000:00000100       ___guard_flags             00000100     <absolute>
 0001:00000000       ??0CChartPeriodSummaryAddIn_Eng@@QAE@XZ 10001000 f   ChartPeriodSummaryAddIn_Eng.obj
 0001:00000010       ??4CChartPeriodSummaryAddIn_Eng@@QAEAAV0@$$QAV0@@Z 10001010 f i ChartPeriodSummaryAddIn_Eng.obj
 0001:00000020       ??4CChartPeriodSummaryAddIn_Eng@@QAEAAV0@ABV0@@Z 10001020 f i ChartPeriodSummaryAddIn_Eng.obj
 0001:00000030       ?fnChartPeriodSummaryAddIn_Eng@@YAHXZ 10001030 f   ChartPeriodSummaryAddIn_Eng.obj
 0001:00000040       _DllMain@12                10001040 f   ChartPeriodSummaryAddIn_Eng.obj
 0002:000001ac       ___volatile_metadata       100021ac     <linker-defined>
 0003:00000000       ?nChartPeriodSummaryAddIn_Eng@@3HA 10003000     ChartPeriodSummaryAddIn_Eng.obj
 0003:00000004       ___@@_PchSym_@00@UtrgUhixUrypUrypPwiumUKxwwiumRxhUPlyqUxszigkvirlwhfnnzibzwwrmPvmtUhgwzucOlyq@4B2008FD98C1DD4 10003004     StdAfx.obj

 entry point at        0000:00000000

 Static symbols

 0000:ffff6000       .debug$S                   10000000     ChartPeriodSummaryAddIn.exp
 0002:00000060       .edata                     10002060     ChartPeriodSummaryAddIn.exp
 0002:00000088       rgpv                       10002088     ChartPeriodSummaryAddIn.exp
 0002:0000009c       rgszName                   1000209c     ChartPeriodSummaryAddIn.exp
 0002:000000b0       rgwOrd                     100020b0     ChartPeriodSummaryAddIn.exp
 0002:000000ba       szName                     100020ba     ChartPeriodSummaryAddIn.exp
 0002:000000d6       $N00001                    100020d6     ChartPeriodSummaryAddIn.exp
 0002:000000fe       $N00002                    100020fe     ChartPeriodSummaryAddIn.exp
 0002:00000131       $N00003                    10002131     ChartPeriodSummaryAddIn.exp
 0002:00000162       $N00004                    10002162     ChartPeriodSummaryAddIn.exp
 0002:00000188       $N00005                    10002188     ChartPeriodSummaryAddIn.exp
 0004:00000d00       $R000000                   10004d00     ChartPeriodSummaryAddIn_Eng.res
 0004:00001060       $R000360                   10005060     ChartPeriodSummaryAddIn_Eng.res
 0004:00001198       $R000498                   10005198     ChartPeriodSummaryAddIn_Eng.res
 0004:000011b0       $R0004B0                   100051b0     ChartPeriodSummaryAddIn_Eng.res
 0004:000014a0       $R0007A0                   100054a0     ChartPeriodSummaryAddIn_Eng.res
 0004:000014b8       $R0007B8                   100054b8     ChartPeriodSummaryAddIn_Eng.res
 0004:000015f0       $R0008F0                   100055f0     ChartPeriodSummaryAddIn_Eng.res
 0004:00001608       $R000908                   10005608     ChartPeriodSummaryAddIn_Eng.res
 0004:000016d0       $R0009D0                   100056d0     ChartPeriodSummaryAddIn_Eng.res
 0004:00001790       $R000A90                   10005790     ChartPeriodSummaryAddIn_Eng.res
 0004:00001e28       $R001128                   10005e28     ChartPeriodSummaryAddIn_Eng.res
 0004:00001f18       $R001218                   10005f18     ChartPeriodSummaryAddIn_Eng.res
 0004:00002300       $R001600                   10006300     ChartPeriodSummaryAddIn_Eng.res
 0004:00002480       $R001780                   10006480     ChartPeriodSummaryAddIn_Eng.res
 0004:000025b8       $R0018B8                   100065b8     ChartPeriodSummaryAddIn_Eng.res
 0004:00002670       $R001970                   10006670     ChartPeriodSummaryAddIn_Eng.res
 0004:00002698       $R001998                   10006698     ChartPeriodSummaryAddIn_Eng.res
 0004:000027d0       $R001AD0                   100067d0     ChartPeriodSummaryAddIn_Eng.res
 0004:000027e8       $R001AE8                   100067e8     ChartPeriodSummaryAddIn_Eng.res
 0004:00002920       $R001C20                   10006920     ChartPeriodSummaryAddIn_Eng.res
 0004:00002938       $R001C38                   10006938     ChartPeriodSummaryAddIn_Eng.res
 0004:00002a70       $R001D70                   10006a70     ChartPeriodSummaryAddIn_Eng.res
 0004:00002a88       $R001D88                   10006a88     ChartPeriodSummaryAddIn_Eng.res
 0004:00002bc0       $R001EC0                   10006bc0     ChartPeriodSummaryAddIn_Eng.res
 0004:00002bd8       $R001ED8                   10006bd8     ChartPeriodSummaryAddIn_Eng.res
 0004:00002d10       $R002010                   10006d10     ChartPeriodSummaryAddIn_Eng.res
 0004:00002d28       $R002028                   10006d28     ChartPeriodSummaryAddIn_Eng.res
 0004:00002e60       $R002160                   10006e60     ChartPeriodSummaryAddIn_Eng.res
 0004:00002e78       $R002178                   10006e78     ChartPeriodSummaryAddIn_Eng.res
 0004:00002fb0       $R0022B0                   10006fb0     ChartPeriodSummaryAddIn_Eng.res
 0004:00002fc8       $R0022C8                   10006fc8     ChartPeriodSummaryAddIn_Eng.res
 0004:00003100       $R002400                   10007100     ChartPeriodSummaryAddIn_Eng.res
 0004:00003118       $R002418                   10007118     ChartPeriodSummaryAddIn_Eng.res
 0004:00003250       $R002550                   10007250     ChartPeriodSummaryAddIn_Eng.res
 0004:00003268       $R002568                   10007268     ChartPeriodSummaryAddIn_Eng.res
 0004:000033a0       $R0026A0                   100073a0     ChartPeriodSummaryAddIn_Eng.res
 0004:000033b8       $R0026B8                   100073b8     ChartPeriodSummaryAddIn_Eng.res
 0004:000034f0       $R0027F0                   100074f0     ChartPeriodSummaryAddIn_Eng.res
 0004:00003508       $R002808                   10007508     ChartPeriodSummaryAddIn_Eng.res
 0004:00003640       $R002940                   10007640     ChartPeriodSummaryAddIn_Eng.res
 0004:00003658       $R002958                   10007658     ChartPeriodSummaryAddIn_Eng.res
 0004:00003790       $R002A90                   10007790     ChartPeriodSummaryAddIn_Eng.res
 0004:000037a8       $R002AA8                   100077a8     ChartPeriodSummaryAddIn_Eng.res
 0004:000038e0       $R002BE0                   100078e0     ChartPeriodSummaryAddIn_Eng.res
 0004:000038f8       $R002BF8                   100078f8     ChartPeriodSummaryAddIn_Eng.res
 0004:000039f0       $R002CF0                   100079f0     ChartPeriodSummaryAddIn_Eng.res
 0004:00003a28       $R002D28                   10007a28     ChartPeriodSummaryAddIn_Eng.res
 0004:00003ae0       $R002DE0                   10007ae0     ChartPeriodSummaryAddIn_Eng.res
 0004:00003c28       $R002F28                   10007c28     ChartPeriodSummaryAddIn_Eng.res
 0004:00003da8       $R0030A8                   10007da8     ChartPeriodSummaryAddIn_Eng.res
 0004:00003f20       $R003220                   10007f20     ChartPeriodSummaryAddIn_Eng.res
 0004:00003f98       $R003298                   10007f98     ChartPeriodSummaryAddIn_Eng.res
 0004:00004000       $R003300                   10008000     ChartPeriodSummaryAddIn_Eng.res
 0004:00004030       $R003330                   10008030     ChartPeriodSummaryAddIn_Eng.res
 0004:00004118       $R003418                   10008118     ChartPeriodSummaryAddIn_Eng.res
 0004:00004430       $R003730                   10008430     ChartPeriodSummaryAddIn_Eng.res
 0004:000044a0       $R0037A0                   100084a0     ChartPeriodSummaryAddIn_Eng.res
 0004:00004678       $R003978                   10008678     ChartPeriodSummaryAddIn_Eng.res
 0004:00004820       $R003B20                   10008820     ChartPeriodSummaryAddIn_Eng.res
 0004:00004b28       $R003E28                   10008b28     ChartPeriodSummaryAddIn_Eng.res
 0004:00004ca0       $R003FA0                   10008ca0     ChartPeriodSummaryAddIn_Eng.res
 0004:00004d50       $R004050                   10008d50     ChartPeriodSummaryAddIn_Eng.res
 0004:00004d78       $R004078                   10008d78     ChartPeriodSummaryAddIn_Eng.res
 0004:00004de0       $R0040E0                   10008de0     ChartPeriodSummaryAddIn_Eng.res
 0004:00005078       $R004378                   10009078     ChartPeriodSummaryAddIn_Eng.res

 Exports

  ordinal    name

        1    ??0CChartPeriodSummaryAddIn_Eng@@QAE@XZ (public: __thiscall CChartPeriodSummaryAddIn_Eng::CChartPeriodSummaryAddIn_Eng(void))
        2    ??4CChartPeriodSummaryAddIn_Eng@@QAEAAV0@$$QAV0@@Z (public: class CChartPeriodSummaryAddIn_Eng & __thiscall CChartPeriodSummaryAddIn_Eng::operator=(class CChartPeriodSummaryAddIn_Eng &&))
        3    ??4CChartPeriodSummaryAddIn_Eng@@QAEAAV0@ABV0@@Z (public: class CChartPeriodSummaryAddIn_Eng & __thiscall CChartPeriodSummaryAddIn_Eng::operator=(class CChartPeriodSummaryAddIn_Eng const &))
        4    ?fnChartPeriodSummaryAddIn_Eng@@YAHXZ (int __cdecl fnChartPeriodSummaryAddIn_Eng(void))
        5    ?nChartPeriodSummaryAddIn_Eng@@3HA (int nChartPeriodSummaryAddIn_Eng)
