 ChartGuideLineAddIn

 Timestamp is 6411a6ba (Wed Mar 15 20:06:34 2023)

 Preferred load address is 10000000

 Start         Length     Name                   Class
 0001:00000000 00000048H .text$mn                CODE
 0002:00000000 00000060H .rdata                  DATA
 0002:00000060 00000134H .edata                  DATA
 0002:00000194 00000020H .rdata$voltmd           DATA
 0002:000001b4 00000128H .rdata$zzzdbg           DATA
 0003:00000000 00000008H .bss                    DATA
 0004:00000000 00000b70H .rsrc$01                DATA
 0004:00000b70 00005608H .rsrc$02                DATA

  Address         Publics by Value              Rva+Base       Lib:Object

 0000:00000000       ___hybrid_auxiliary_iat_copy 00000000     <absolute>
 0000:00000000       ___AbsoluteZero            00000000     <absolute>
 0000:00000000       ___enclave_config          00000000     <absolute>
 0000:00000000       ___arm64x_redirection_metadata_count 00000000     <absolute>
 0000:00000000       ___dynamic_value_reloc_table 00000000     <absolute>
 0000:00000000       ___hybrid_auxiliary_iat    00000000     <absolute>
 0000:00000000       ___guard_check_icall_a64n_fptr 00000000     <absolute>
 0000:00000000       ___arm64x_extra_rfe_table_size 00000000     <absolute>
 0000:00000000       ___hybrid_code_map         00000000     <absolute>
 0000:00000000       ___guard_longjmp_count     00000000     <absolute>
 0000:00000000       ___x64_code_ranges_to_entry_points 00000000     <absolute>
 0000:00000000       ___hybrid_code_map_count   00000000     <absolute>
 0000:00000000       ___guard_eh_cont_count     00000000     <absolute>
 0000:00000000       ___arm64x_redirection_metadata 00000000     <absolute>
 0000:00000000       ___arm64x_extra_rfe_table  00000000     <absolute>
 0000:00000000       ___safe_se_handler_count   00000000     <absolute>
 0000:00000000       ___guard_iat_table         00000000     <absolute>
 0000:00000000       ___guard_longjmp_table     00000000     <absolute>
 0000:00000000       ___arm64x_native_entrypoint 00000000     <absolute>
 0000:00000000       ___safe_se_handler_table   00000000     <absolute>
 0000:00000000       ___guard_fids_count        00000000     <absolute>
 0000:00000000       ___x64_code_ranges_to_entry_points_count 00000000     <absolute>
 0000:00000000       ___guard_iat_count         00000000     <absolute>
 0000:00000000       ___guard_eh_cont_table     00000000     <absolute>
 0000:00000000       ___guard_fids_table        00000000     <absolute>
 0000:00000100       ___guard_flags             00000100     <absolute>
 0001:00000000       ??0CChartGuideLineAddIn_Eng@@QAE@XZ 10001000 f   ChartGuideLineAddIn_Eng.obj
 0001:00000010       ??4CChartGuideLineAddIn_Eng@@QAEAAV0@$$QAV0@@Z 10001010 f i ChartGuideLineAddIn_Eng.obj
 0001:00000020       ??4CChartGuideLineAddIn_Eng@@QAEAAV0@ABV0@@Z 10001020 f i ChartGuideLineAddIn_Eng.obj
 0001:00000030       ?fnChartGuideLineAddIn_Eng@@YAHXZ 10001030 f   ChartGuideLineAddIn_Eng.obj
 0001:00000040       _DllMain@12                10001040 f   ChartGuideLineAddIn_Eng.obj
 0002:00000194       ___volatile_metadata       10002194     <linker-defined>
 0003:00000000       ?nChartGuideLineAddIn_Eng@@3HA 10003000     ChartGuideLineAddIn_Eng.obj
 0003:00000004       ___@@_PchSym_@00@UtrgUhixUrypUrypPwiumUKxwwiumRxhUPlyqUxszigtfrwvormvzwwrmPvmtUhgwzucOlyq@4B2008FD98C1DD4 10003004     StdAfx.obj

 entry point at        0000:00000000

 Static symbols

 0000:ffff5000       .debug$S                   10000000     ChartGuideLineAddIn.exp
 0002:00000060       .edata                     10002060     ChartGuideLineAddIn.exp
 0002:00000088       rgpv                       10002088     ChartGuideLineAddIn.exp
 0002:0000009c       rgszName                   1000209c     ChartGuideLineAddIn.exp
 0002:000000b0       rgwOrd                     100020b0     ChartGuideLineAddIn.exp
 0002:000000ba       szName                     100020ba     ChartGuideLineAddIn.exp
 0002:000000d2       $N00001                    100020d2     ChartGuideLineAddIn.exp
 0002:000000f6       $N00002                    100020f6     ChartGuideLineAddIn.exp
 0002:00000125       $N00003                    10002125     ChartGuideLineAddIn.exp
 0002:00000152       $N00004                    10002152     ChartGuideLineAddIn.exp
 0002:00000174       $N00005                    10002174     ChartGuideLineAddIn.exp
 0004:00000b70       $R000000                   10004b70     ChartGuideLineAddIn_Eng.res
 0004:00000e90       $R000320                   10004e90     ChartGuideLineAddIn_Eng.res
 0004:00001180       $R000610                   10005180     ChartGuideLineAddIn_Eng.res
 0004:00001198       $R000628                   10005198     ChartGuideLineAddIn_Eng.res
 0004:000012d0       $R000760                   100052d0     ChartGuideLineAddIn_Eng.res
 0004:000012e8       $R000778                   100052e8     ChartGuideLineAddIn_Eng.res
 0004:00001618       $R000AA8                   10005618     ChartGuideLineAddIn_Eng.res
 0004:00002818       $R001CA8                   10006818     ChartGuideLineAddIn_Eng.res
 0004:00003770       $R002C00                   10007770     ChartGuideLineAddIn_Eng.res
 0004:000038a8       $R002D38                   100078a8     ChartGuideLineAddIn_Eng.res
 0004:00003960       $R002DF0                   10007960     ChartGuideLineAddIn_Eng.res
 0004:00003988       $R002E18                   10007988     ChartGuideLineAddIn_Eng.res
 0004:00003ac0       $R002F50                   10007ac0     ChartGuideLineAddIn_Eng.res
 0004:00003ad8       $R002F68                   10007ad8     ChartGuideLineAddIn_Eng.res
 0004:00003c10       $R0030A0                   10007c10     ChartGuideLineAddIn_Eng.res
 0004:00003c28       $R0030B8                   10007c28     ChartGuideLineAddIn_Eng.res
 0004:00003d60       $R0031F0                   10007d60     ChartGuideLineAddIn_Eng.res
 0004:00003d78       $R003208                   10007d78     ChartGuideLineAddIn_Eng.res
 0004:00003eb0       $R003340                   10007eb0     ChartGuideLineAddIn_Eng.res
 0004:00003ec8       $R003358                   10007ec8     ChartGuideLineAddIn_Eng.res
 0004:00004000       $R003490                   10008000     ChartGuideLineAddIn_Eng.res
 0004:00004018       $R0034A8                   10008018     ChartGuideLineAddIn_Eng.res
 0004:00004150       $R0035E0                   10008150     ChartGuideLineAddIn_Eng.res
 0004:00004168       $R0035F8                   10008168     ChartGuideLineAddIn_Eng.res
 0004:000042a0       $R003730                   100082a0     ChartGuideLineAddIn_Eng.res
 0004:000042b8       $R003748                   100082b8     ChartGuideLineAddIn_Eng.res
 0004:000043f0       $R003880                   100083f0     ChartGuideLineAddIn_Eng.res
 0004:00004408       $R003898                   10008408     ChartGuideLineAddIn_Eng.res
 0004:00004540       $R0039D0                   10008540     ChartGuideLineAddIn_Eng.res
 0004:00004558       $R0039E8                   10008558     ChartGuideLineAddIn_Eng.res
 0004:00004690       $R003B20                   10008690     ChartGuideLineAddIn_Eng.res
 0004:000046a8       $R003B38                   100086a8     ChartGuideLineAddIn_Eng.res
 0004:000047e0       $R003C70                   100087e0     ChartGuideLineAddIn_Eng.res
 0004:000047f8       $R003C88                   100087f8     ChartGuideLineAddIn_Eng.res
 0004:00004930       $R003DC0                   10008930     ChartGuideLineAddIn_Eng.res
 0004:00004948       $R003DD8                   10008948     ChartGuideLineAddIn_Eng.res
 0004:00004a80       $R003F10                   10008a80     ChartGuideLineAddIn_Eng.res
 0004:00004a98       $R003F28                   10008a98     ChartGuideLineAddIn_Eng.res
 0004:00004bd0       $R004060                   10008bd0     ChartGuideLineAddIn_Eng.res
 0004:00004be8       $R004078                   10008be8     ChartGuideLineAddIn_Eng.res
 0004:00004ce0       $R004170                   10008ce0     ChartGuideLineAddIn_Eng.res
 0004:00004d18       $R0041A8                   10008d18     ChartGuideLineAddIn_Eng.res
 0004:00004dd0       $R004260                   10008dd0     ChartGuideLineAddIn_Eng.res
 0004:00004f18       $R0043A8                   10008f18     ChartGuideLineAddIn_Eng.res
 0004:00004f80       $R004410                   10008f80     ChartGuideLineAddIn_Eng.res
 0004:00004fb0       $R004440                   10008fb0     ChartGuideLineAddIn_Eng.res
 0004:00005098       $R004528                   10009098     ChartGuideLineAddIn_Eng.res
 0004:000053b0       $R004840                   100093b0     ChartGuideLineAddIn_Eng.res
 0004:00005420       $R0048B0                   10009420     ChartGuideLineAddIn_Eng.res
 0004:000055f8       $R004A88                   100095f8     ChartGuideLineAddIn_Eng.res
 0004:000057a0       $R004C30                   100097a0     ChartGuideLineAddIn_Eng.res
 0004:00005aa8       $R004F38                   10009aa8     ChartGuideLineAddIn_Eng.res
 0004:00005c20       $R0050B0                   10009c20     ChartGuideLineAddIn_Eng.res
 0004:00005cd0       $R005160                   10009cd0     ChartGuideLineAddIn_Eng.res
 0004:00005cf8       $R005188                   10009cf8     ChartGuideLineAddIn_Eng.res
 0004:00005d60       $R0051F0                   10009d60     ChartGuideLineAddIn_Eng.res
 0004:00005ff8       $R005488                   10009ff8     ChartGuideLineAddIn_Eng.res

 Exports

  ordinal    name

        1    ??0CChartGuideLineAddIn_Eng@@QAE@XZ (public: __thiscall CChartGuideLineAddIn_Eng::CChartGuideLineAddIn_Eng(void))
        2    ??4CChartGuideLineAddIn_Eng@@QAEAAV0@$$QAV0@@Z (public: class CChartGuideLineAddIn_Eng & __thiscall CChartGuideLineAddIn_Eng::operator=(class CChartGuideLineAddIn_Eng &&))
        3    ??4CChartGuideLineAddIn_Eng@@QAEAAV0@ABV0@@Z (public: class CChartGuideLineAddIn_Eng & __thiscall CChartGuideLineAddIn_Eng::operator=(class CChartGuideLineAddIn_Eng const &))
        4    ?fnChartGuideLineAddIn_Eng@@YAHXZ (int __cdecl fnChartGuideLineAddIn_Eng(void))
        5    ?nChartGuideLineAddIn_Eng@@3HA (int nChartGuideLineAddIn_Eng)
